10:00:06.433 ~~~~~~RESL~~resource: /logging/
10:00:06.438 ~~~~~~RESL~~source:
10:00:06.439 ~~~~~~RESL~~com.smeup.rpgparser.rgpinterop.DirRpgProgramFinder@6b927fb
10:00:06.439 ~~~~~~RESL~~resource: /
10:00:08.990 ~~TEST_06.TEST_06~~~~STMT~~PROGRAM START~~TEST_06.TEST_06
10:00:09.056 ~~TEST_06.TEST_06~~~~DATA~~SENTENCE = N/D~~Lorem ipsum dolor sit amet sed
10:00:09.057 ~~TEST_06.TEST_06~~~~DATA~~WORDCNT = N/D~~0
10:00:09.057 ~~TEST_06.TEST_06~~~~DATA~~WORDINC = N/D~~0
10:00:09.057 ~~TEST_06.TEST_06~~~~DATA~~I = N/D~~0
10:00:09.057 ~~TEST_06.TEST_06~~~~DATA~~J = N/D~~0
10:00:09.057 ~~TEST_06.TEST_06~~~~DATA~~ONE = N/D~~1
10:00:09.058 ~~TEST_06.TEST_06~~~~DATA~~EOF = N/D~~#
10:00:09.058 ~~TEST_06.TEST_06~~~~DATA~~TMP = N/D~~ 
10:00:09.060 ~~TEST_06.TEST_06~~~~DATA~~WORDS = N/D~~Array(128)
10:00:09.061 ~~TEST_06.TEST_06~~~~DATA~~DSP = N/D~~
10:00:09.061 ~~TEST_06.TEST_06~~~~DATA~~U$FUNZ = N/D~~AA
10:00:09.061 ~~TEST_06.TEST_06~~~~DATA~~U$METO = N/D~~'ABCD'
10:00:09.061 ~~TEST_06.TEST_06~~~~DATA~~U$SVARSK = N/D~~1**
10:00:09.062 ~~TEST_06.TEST_06~~21~~STMT~~PARAM~~U$FUNZ~~AA
10:00:09.062 ~~TEST_06.TEST_06~~21~~STMT~~PARAM~~U$METO~~'ABCD'
10:00:09.062 ~~TEST_06.TEST_06~~21~~STMT~~PARAM~~U$SVARSK~~1**
10:00:09.065 ~~TEST_06.TEST_06~~~~DATA~~TMP =  ~~A
10:00:09.065 ~~TEST_06.TEST_06~~26~~STMT~~EVAL TMP = U$FUNZ~~A
10:00:09.069 ~~TEST_06.TEST_06~~~~DATA~~WORDCNT = 0~~0
10:00:09.069 ~~TEST_06.TEST_06~~28~~STMT~~CLEAR~~WORDCNT~~0
10:00:09.069 ~~TEST_06.TEST_06~~~~DATA~~WORDINC = 0~~1
10:00:09.070 ~~TEST_06.TEST_06~~30~~STMT~~MOVE~~ONE TO WORDINC~~1
10:00:09.071 ~~TEST_06.TEST_06~~~~DATA~~I = 0~~1
10:00:09.071 ~~TEST_06.TEST_06~~31~~LOOP~~FOR I = 1 BY WORDINC TO %LEN(SENTENCE) 
10:00:09.072 ~~TEST_06.TEST_06~~31~~STMT~~FOR I = 1 BY WORDINC TO %LEN(SENTENCE)
10:00:09.076 ~~TEST_06.TEST_06~~31~~EXPR~~%LEN(SENTENCE)~~128
10:00:09.077 ~~TEST_06.TEST_06~~33~~EXPR~~%SUBST(SENTENCE : I : 1)~~L
10:00:09.078 ~~TEST_06.TEST_06~~33~~EXPR~~%SUBST(SENTENCE : I : 1) = " "~~false
10:00:09.078 ~~TEST_06.TEST_06~~33~~STMT~~IF %SUBST(SENTENCE : I : 1) = " "~~false
10:00:09.078 ~~TEST_06.TEST_06~~~~EXPR~~I + 1~~2
10:00:09.078 ~~TEST_06.TEST_06~~~~DATA~~J = 0~~2
10:00:09.078 ~~TEST_06.TEST_06~~39~~LOOP~~FOR J = I + 1  TO %LEN(SENTENCE) 
10:00:09.078 ~~TEST_06.TEST_06~~39~~STMT~~FOR J = I + 1  TO %LEN(SENTENCE)
10:00:09.079 ~~TEST_06.TEST_06~~39~~EXPR~~%LEN(SENTENCE)~~128
10:00:09.079 ~~TEST_06.TEST_06~~40~~EXPR~~%SUBST(SENTENCE : J : 1)~~o
10:00:09.079 ~~TEST_06.TEST_06~~40~~EXPR~~%SUBST(SENTENCE : J : 1) = " "~~false
10:00:09.079 ~~TEST_06.TEST_06~~40~~STMT~~IF %SUBST(SENTENCE : J : 1) = " "~~false
10:00:09.079 ~~TEST_06.TEST_06~~~~DATA~~J = 2~~3
10:00:09.079 ~~TEST_06.TEST_06~~39~~EXPR~~%LEN(SENTENCE)~~128
10:00:09.079 ~~TEST_06.TEST_06~~40~~EXPR~~%SUBST(SENTENCE : J : 1)~~r
10:00:09.079 ~~TEST_06.TEST_06~~40~~EXPR~~%SUBST(SENTENCE : J : 1) = " "~~false
10:00:09.079 ~~TEST_06.TEST_06~~40~~STMT~~IF %SUBST(SENTENCE : J : 1) = " "~~false
10:00:09.079 ~~TEST_06.TEST_06~~~~DATA~~J = 3~~4
10:00:09.079 ~~TEST_06.TEST_06~~39~~EXPR~~%LEN(SENTENCE)~~128
10:00:09.079 ~~TEST_06.TEST_06~~40~~EXPR~~%SUBST(SENTENCE : J : 1)~~e
10:00:09.080 ~~TEST_06.TEST_06~~40~~EXPR~~%SUBST(SENTENCE : J : 1) = " "~~false
10:00:09.080 ~~TEST_06.TEST_06~~40~~STMT~~IF %SUBST(SENTENCE : J : 1) = " "~~false
10:00:09.080 ~~TEST_06.TEST_06~~~~DATA~~J = 4~~5
10:00:09.080 ~~TEST_06.TEST_06~~39~~EXPR~~%LEN(SENTENCE)~~128
10:00:09.080 ~~TEST_06.TEST_06~~40~~EXPR~~%SUBST(SENTENCE : J : 1)~~m
10:00:09.080 ~~TEST_06.TEST_06~~40~~EXPR~~%SUBST(SENTENCE : J : 1) = " "~~false
10:00:09.080 ~~TEST_06.TEST_06~~40~~STMT~~IF %SUBST(SENTENCE : J : 1) = " "~~false
10:00:09.080 ~~TEST_06.TEST_06~~~~DATA~~J = 5~~6
10:00:09.081 ~~TEST_06.TEST_06~~39~~EXPR~~%LEN(SENTENCE)~~128
10:00:09.081 ~~TEST_06.TEST_06~~40~~EXPR~~%SUBST(SENTENCE : J : 1)~~ 
10:00:09.081 ~~TEST_06.TEST_06~~40~~EXPR~~%SUBST(SENTENCE : J : 1) = " "~~true
10:00:09.081 ~~TEST_06.TEST_06~~40~~STMT~~IF %SUBST(SENTENCE : J : 1) = " "~~true
10:00:09.083 ~~TEST_06.TEST_06~~42~~STMT~~LEAVE
10:00:09.083 ~~TEST_06.TEST_06~~44~~LOOP~~ENDFOR J ~~4~~iterations
10:00:09.083 ~~TEST_06.TEST_06~~44~~STMT~~ENDFOR J 
10:00:09.083 ~~TEST_06.TEST_06~~44~~PERF~~ENDFOR J ~~5~~ms
10:00:09.083 ~~TEST_06.TEST_06~~45~~EXPR~~J - I~~5
10:00:09.083 ~~TEST_06.TEST_06~~~~DATA~~WORDINC = 1~~5
10:00:09.084 ~~TEST_06.TEST_06~~45~~STMT~~EVAL WORDINC = J - I~~5
10:00:09.084 ~~TEST_06.TEST_06~~46~~EXPR~~WORDCNT + 1~~1
10:00:09.084 ~~TEST_06.TEST_06~~~~DATA~~WORDCNT = 0~~1
10:00:09.084 ~~TEST_06.TEST_06~~46~~STMT~~EVAL WORDCNT = WORDCNT + 1~~1
10:00:09.084 ~~TEST_06.TEST_06~~50~~EXPR~~WORDINC = 5~~true
10:00:09.084 ~~TEST_06.TEST_06~~50~~STMT~~SELECT WHEN~~WORDINC = 5~~(true)
10:00:09.084 ~~TEST_06.TEST_06~~51~~EXPR~~%SUBST(SENTENCE : I : 5)~~Lorem
10:00:09.085 ~~TEST_06.TEST_06~~51~~STMT~~EVAL WORDS(WORDCNT)) = %SUBST(SENTENCE : I : 5)~~Lorem
10:00:09.085 ~~TEST_06.TEST_06~~~~DATA~~I = 1~~6
10:00:09.085 ~~TEST_06.TEST_06~~31~~EXPR~~%LEN(SENTENCE)~~128
10:00:09.085 ~~TEST_06.TEST_06~~33~~EXPR~~%SUBST(SENTENCE : I : 1)~~ 
10:00:09.085 ~~TEST_06.TEST_06~~33~~EXPR~~%SUBST(SENTENCE : I : 1) = " "~~true
10:00:09.085 ~~TEST_06.TEST_06~~33~~STMT~~IF %SUBST(SENTENCE : I : 1) = " "~~true
10:00:09.085 ~~TEST_06.TEST_06~~~~DATA~~WORDINC = 5~~1
10:00:09.085 ~~TEST_06.TEST_06~~34~~STMT~~EVAL WORDINC = 1~~1
10:00:09.086 ~~TEST_06.TEST_06~~36~~STMT~~ITER
10:00:09.086 ~~TEST_06.TEST_06~~~~DATA~~I = 6~~7
10:00:09.086 ~~TEST_06.TEST_06~~31~~EXPR~~%LEN(SENTENCE)~~128
10:00:09.086 ~~TEST_06.TEST_06~~33~~EXPR~~%SUBST(SENTENCE : I : 1)~~i
10:00:09.086 ~~TEST_06.TEST_06~~33~~EXPR~~%SUBST(SENTENCE : I : 1) = " "~~false
10:00:09.086 ~~TEST_06.TEST_06~~33~~STMT~~IF %SUBST(SENTENCE : I : 1) = " "~~false
10:00:09.086 ~~TEST_06.TEST_06~~~~EXPR~~I + 1~~8
10:00:09.086 ~~TEST_06.TEST_06~~~~DATA~~J = 6~~8
10:00:09.086 ~~TEST_06.TEST_06~~39~~LOOP~~FOR J = I + 1  TO %LEN(SENTENCE) 
10:00:09.086 ~~TEST_06.TEST_06~~39~~STMT~~FOR J = I + 1  TO %LEN(SENTENCE)
10:00:09.087 ~~TEST_06.TEST_06~~39~~EXPR~~%LEN(SENTENCE)~~128
10:00:09.087 ~~TEST_06.TEST_06~~40~~EXPR~~%SUBST(SENTENCE : J : 1)~~p
10:00:09.087 ~~TEST_06.TEST_06~~40~~EXPR~~%SUBST(SENTENCE : J : 1) = " "~~false
10:00:09.087 ~~TEST_06.TEST_06~~40~~STMT~~IF %SUBST(SENTENCE : J : 1) = " "~~false
10:00:09.087 ~~TEST_06.TEST_06~~~~DATA~~J = 8~~9
10:00:09.087 ~~TEST_06.TEST_06~~39~~EXPR~~%LEN(SENTENCE)~~128
10:00:09.087 ~~TEST_06.TEST_06~~40~~EXPR~~%SUBST(SENTENCE : J : 1)~~s
10:00:09.087 ~~TEST_06.TEST_06~~40~~EXPR~~%SUBST(SENTENCE : J : 1) = " "~~false
10:00:09.092 ~~TEST_06.TEST_06~~40~~STMT~~IF %SUBST(SENTENCE : J : 1) = " "~~false
10:00:09.092 ~~TEST_06.TEST_06~~~~DATA~~J = 9~~10
10:00:09.092 ~~TEST_06.TEST_06~~39~~EXPR~~%LEN(SENTENCE)~~128
10:00:09.093 ~~TEST_06.TEST_06~~40~~EXPR~~%SUBST(SENTENCE : J : 1)~~u
10:00:09.093 ~~TEST_06.TEST_06~~40~~EXPR~~%SUBST(SENTENCE : J : 1) = " "~~false
10:00:09.093 ~~TEST_06.TEST_06~~40~~STMT~~IF %SUBST(SENTENCE : J : 1) = " "~~false
10:00:09.093 ~~TEST_06.TEST_06~~~~DATA~~J = 10~~11
10:00:09.093 ~~TEST_06.TEST_06~~39~~EXPR~~%LEN(SENTENCE)~~128
10:00:09.093 ~~TEST_06.TEST_06~~40~~EXPR~~%SUBST(SENTENCE : J : 1)~~m
10:00:09.093 ~~TEST_06.TEST_06~~40~~EXPR~~%SUBST(SENTENCE : J : 1) = " "~~false
10:00:09.093 ~~TEST_06.TEST_06~~40~~STMT~~IF %SUBST(SENTENCE : J : 1) = " "~~false
10:00:09.093 ~~TEST_06.TEST_06~~~~DATA~~J = 11~~12
10:00:09.093 ~~TEST_06.TEST_06~~39~~EXPR~~%LEN(SENTENCE)~~128
10:00:09.093 ~~TEST_06.TEST_06~~40~~EXPR~~%SUBST(SENTENCE : J : 1)~~ 
10:00:09.094 ~~TEST_06.TEST_06~~40~~EXPR~~%SUBST(SENTENCE : J : 1) = " "~~true
10:00:09.094 ~~TEST_06.TEST_06~~40~~STMT~~IF %SUBST(SENTENCE : J : 1) = " "~~true
10:00:09.094 ~~TEST_06.TEST_06~~42~~STMT~~LEAVE
10:00:09.094 ~~TEST_06.TEST_06~~44~~LOOP~~ENDFOR J ~~4~~iterations
10:00:09.094 ~~TEST_06.TEST_06~~44~~STMT~~ENDFOR J 
10:00:09.094 ~~TEST_06.TEST_06~~44~~PERF~~ENDFOR J ~~8~~ms
10:00:09.094 ~~TEST_06.TEST_06~~45~~EXPR~~J - I~~5
10:00:09.094 ~~TEST_06.TEST_06~~~~DATA~~WORDINC = 1~~5
10:00:09.094 ~~TEST_06.TEST_06~~45~~STMT~~EVAL WORDINC = J - I~~5
10:00:09.094 ~~TEST_06.TEST_06~~46~~EXPR~~WORDCNT + 1~~2
10:00:09.094 ~~TEST_06.TEST_06~~~~DATA~~WORDCNT = 1~~2
10:00:09.094 ~~TEST_06.TEST_06~~46~~STMT~~EVAL WORDCNT = WORDCNT + 1~~2
10:00:09.094 ~~TEST_06.TEST_06~~50~~EXPR~~WORDINC = 5~~true
10:00:09.095 ~~TEST_06.TEST_06~~50~~STMT~~SELECT WHEN~~WORDINC = 5~~(true)
10:00:09.095 ~~TEST_06.TEST_06~~51~~EXPR~~%SUBST(SENTENCE : I : 5)~~ipsum
10:00:09.095 ~~TEST_06.TEST_06~~51~~STMT~~EVAL WORDS(WORDCNT)) = %SUBST(SENTENCE : I : 5)~~ipsum
10:00:09.095 ~~TEST_06.TEST_06~~~~DATA~~I = 7~~12
10:00:09.095 ~~TEST_06.TEST_06~~31~~EXPR~~%LEN(SENTENCE)~~128
10:00:09.095 ~~TEST_06.TEST_06~~33~~EXPR~~%SUBST(SENTENCE : I : 1)~~ 
10:00:09.095 ~~TEST_06.TEST_06~~33~~EXPR~~%SUBST(SENTENCE : I : 1) = " "~~true
10:00:09.095 ~~TEST_06.TEST_06~~33~~STMT~~IF %SUBST(SENTENCE : I : 1) = " "~~true
10:00:09.095 ~~TEST_06.TEST_06~~~~DATA~~WORDINC = 5~~1
10:00:09.095 ~~TEST_06.TEST_06~~34~~STMT~~EVAL WORDINC = 1~~1
10:00:09.095 ~~TEST_06.TEST_06~~36~~STMT~~ITER
10:00:09.096 ~~TEST_06.TEST_06~~~~DATA~~I = 12~~13
10:00:09.096 ~~TEST_06.TEST_06~~31~~EXPR~~%LEN(SENTENCE)~~128
10:00:09.096 ~~TEST_06.TEST_06~~33~~EXPR~~%SUBST(SENTENCE : I : 1)~~d
10:00:09.096 ~~TEST_06.TEST_06~~33~~EXPR~~%SUBST(SENTENCE : I : 1) = " "~~false
10:00:09.096 ~~TEST_06.TEST_06~~33~~STMT~~IF %SUBST(SENTENCE : I : 1) = " "~~false
10:00:09.096 ~~TEST_06.TEST_06~~~~EXPR~~I + 1~~14
10:00:09.096 ~~TEST_06.TEST_06~~~~DATA~~J = 12~~14
10:00:09.096 ~~TEST_06.TEST_06~~39~~LOOP~~FOR J = I + 1  TO %LEN(SENTENCE) 
10:00:09.096 ~~TEST_06.TEST_06~~39~~STMT~~FOR J = I + 1  TO %LEN(SENTENCE)
10:00:09.096 ~~TEST_06.TEST_06~~39~~EXPR~~%LEN(SENTENCE)~~128
10:00:09.096 ~~TEST_06.TEST_06~~40~~EXPR~~%SUBST(SENTENCE : J : 1)~~o
10:00:09.096 ~~TEST_06.TEST_06~~40~~EXPR~~%SUBST(SENTENCE : J : 1) = " "~~false
10:00:09.096 ~~TEST_06.TEST_06~~40~~STMT~~IF %SUBST(SENTENCE : J : 1) = " "~~false
10:00:09.097 ~~TEST_06.TEST_06~~~~DATA~~J = 14~~15
10:00:09.097 ~~TEST_06.TEST_06~~39~~EXPR~~%LEN(SENTENCE)~~128
10:00:09.097 ~~TEST_06.TEST_06~~40~~EXPR~~%SUBST(SENTENCE : J : 1)~~l
10:00:09.097 ~~TEST_06.TEST_06~~40~~EXPR~~%SUBST(SENTENCE : J : 1) = " "~~false
10:00:09.097 ~~TEST_06.TEST_06~~40~~STMT~~IF %SUBST(SENTENCE : J : 1) = " "~~false
10:00:09.097 ~~TEST_06.TEST_06~~~~DATA~~J = 15~~16
10:00:09.097 ~~TEST_06.TEST_06~~39~~EXPR~~%LEN(SENTENCE)~~128
10:00:09.097 ~~TEST_06.TEST_06~~40~~EXPR~~%SUBST(SENTENCE : J : 1)~~o
10:00:09.097 ~~TEST_06.TEST_06~~40~~EXPR~~%SUBST(SENTENCE : J : 1) = " "~~false
10:00:09.097 ~~TEST_06.TEST_06~~40~~STMT~~IF %SUBST(SENTENCE : J : 1) = " "~~false
10:00:09.097 ~~TEST_06.TEST_06~~~~DATA~~J = 16~~17
10:00:09.097 ~~TEST_06.TEST_06~~39~~EXPR~~%LEN(SENTENCE)~~128
10:00:09.098 ~~TEST_06.TEST_06~~40~~EXPR~~%SUBST(SENTENCE : J : 1)~~r
10:00:09.098 ~~TEST_06.TEST_06~~40~~EXPR~~%SUBST(SENTENCE : J : 1) = " "~~false
10:00:09.098 ~~TEST_06.TEST_06~~40~~STMT~~IF %SUBST(SENTENCE : J : 1) = " "~~false
10:00:09.098 ~~TEST_06.TEST_06~~~~DATA~~J = 17~~18
10:00:09.098 ~~TEST_06.TEST_06~~39~~EXPR~~%LEN(SENTENCE)~~128
10:00:09.098 ~~TEST_06.TEST_06~~40~~EXPR~~%SUBST(SENTENCE : J : 1)~~ 
10:00:09.098 ~~TEST_06.TEST_06~~40~~EXPR~~%SUBST(SENTENCE : J : 1) = " "~~true
10:00:09.098 ~~TEST_06.TEST_06~~40~~STMT~~IF %SUBST(SENTENCE : J : 1) = " "~~true
10:00:09.098 ~~TEST_06.TEST_06~~42~~STMT~~LEAVE
10:00:09.098 ~~TEST_06.TEST_06~~44~~LOOP~~ENDFOR J ~~4~~iterations
10:00:09.098 ~~TEST_06.TEST_06~~44~~STMT~~ENDFOR J 
10:00:09.098 ~~TEST_06.TEST_06~~44~~PERF~~ENDFOR J ~~2~~ms
10:00:09.098 ~~TEST_06.TEST_06~~45~~EXPR~~J - I~~5
10:00:09.098 ~~TEST_06.TEST_06~~~~DATA~~WORDINC = 1~~5
10:00:09.098 ~~TEST_06.TEST_06~~45~~STMT~~EVAL WORDINC = J - I~~5
10:00:09.099 ~~TEST_06.TEST_06~~46~~EXPR~~WORDCNT + 1~~3
10:00:09.099 ~~TEST_06.TEST_06~~~~DATA~~WORDCNT = 2~~3
10:00:09.099 ~~TEST_06.TEST_06~~46~~STMT~~EVAL WORDCNT = WORDCNT + 1~~3
10:00:09.099 ~~TEST_06.TEST_06~~50~~EXPR~~WORDINC = 5~~true
10:00:09.099 ~~TEST_06.TEST_06~~50~~STMT~~SELECT WHEN~~WORDINC = 5~~(true)
10:00:09.099 ~~TEST_06.TEST_06~~51~~EXPR~~%SUBST(SENTENCE : I : 5)~~dolor
10:00:09.099 ~~TEST_06.TEST_06~~51~~STMT~~EVAL WORDS(WORDCNT)) = %SUBST(SENTENCE : I : 5)~~dolor
10:00:09.099 ~~TEST_06.TEST_06~~~~DATA~~I = 13~~18
10:00:09.099 ~~TEST_06.TEST_06~~31~~EXPR~~%LEN(SENTENCE)~~128
10:00:09.099 ~~TEST_06.TEST_06~~33~~EXPR~~%SUBST(SENTENCE : I : 1)~~ 
10:00:09.099 ~~TEST_06.TEST_06~~33~~EXPR~~%SUBST(SENTENCE : I : 1) = " "~~true
10:00:09.100 ~~TEST_06.TEST_06~~33~~STMT~~IF %SUBST(SENTENCE : I : 1) = " "~~true
10:00:09.100 ~~TEST_06.TEST_06~~~~DATA~~WORDINC = 5~~1
10:00:09.100 ~~TEST_06.TEST_06~~34~~STMT~~EVAL WORDINC = 1~~1
10:00:09.100 ~~TEST_06.TEST_06~~36~~STMT~~ITER
10:00:09.100 ~~TEST_06.TEST_06~~~~DATA~~I = 18~~19
10:00:09.100 ~~TEST_06.TEST_06~~31~~EXPR~~%LEN(SENTENCE)~~128
10:00:09.100 ~~TEST_06.TEST_06~~33~~EXPR~~%SUBST(SENTENCE : I : 1)~~s
10:00:09.100 ~~TEST_06.TEST_06~~33~~EXPR~~%SUBST(SENTENCE : I : 1) = " "~~false
10:00:09.100 ~~TEST_06.TEST_06~~33~~STMT~~IF %SUBST(SENTENCE : I : 1) = " "~~false
10:00:09.100 ~~TEST_06.TEST_06~~~~EXPR~~I + 1~~20
10:00:09.101 ~~TEST_06.TEST_06~~~~DATA~~J = 18~~20
10:00:09.101 ~~TEST_06.TEST_06~~39~~LOOP~~FOR J = I + 1  TO %LEN(SENTENCE) 
10:00:09.101 ~~TEST_06.TEST_06~~39~~STMT~~FOR J = I + 1  TO %LEN(SENTENCE)
10:00:09.101 ~~TEST_06.TEST_06~~39~~EXPR~~%LEN(SENTENCE)~~128
10:00:09.101 ~~TEST_06.TEST_06~~40~~EXPR~~%SUBST(SENTENCE : J : 1)~~i
10:00:09.101 ~~TEST_06.TEST_06~~40~~EXPR~~%SUBST(SENTENCE : J : 1) = " "~~false
10:00:09.101 ~~TEST_06.TEST_06~~40~~STMT~~IF %SUBST(SENTENCE : J : 1) = " "~~false
10:00:09.101 ~~TEST_06.TEST_06~~~~DATA~~J = 20~~21
10:00:09.101 ~~TEST_06.TEST_06~~39~~EXPR~~%LEN(SENTENCE)~~128
10:00:09.101 ~~TEST_06.TEST_06~~40~~EXPR~~%SUBST(SENTENCE : J : 1)~~t
10:00:09.101 ~~TEST_06.TEST_06~~40~~EXPR~~%SUBST(SENTENCE : J : 1) = " "~~false
10:00:09.101 ~~TEST_06.TEST_06~~40~~STMT~~IF %SUBST(SENTENCE : J : 1) = " "~~false
10:00:09.101 ~~TEST_06.TEST_06~~~~DATA~~J = 21~~22
10:00:09.101 ~~TEST_06.TEST_06~~39~~EXPR~~%LEN(SENTENCE)~~128
10:00:09.101 ~~TEST_06.TEST_06~~40~~EXPR~~%SUBST(SENTENCE : J : 1)~~ 
10:00:09.102 ~~TEST_06.TEST_06~~40~~EXPR~~%SUBST(SENTENCE : J : 1) = " "~~true
10:00:09.102 ~~TEST_06.TEST_06~~40~~STMT~~IF %SUBST(SENTENCE : J : 1) = " "~~true
10:00:09.102 ~~TEST_06.TEST_06~~42~~STMT~~LEAVE
10:00:09.102 ~~TEST_06.TEST_06~~44~~LOOP~~ENDFOR J ~~2~~iterations
10:00:09.102 ~~TEST_06.TEST_06~~44~~STMT~~ENDFOR J 
10:00:09.102 ~~TEST_06.TEST_06~~44~~PERF~~ENDFOR J ~~2~~ms
10:00:09.102 ~~TEST_06.TEST_06~~45~~EXPR~~J - I~~3
10:00:09.102 ~~TEST_06.TEST_06~~~~DATA~~WORDINC = 1~~3
10:00:09.102 ~~TEST_06.TEST_06~~45~~STMT~~EVAL WORDINC = J - I~~3
10:00:09.102 ~~TEST_06.TEST_06~~46~~EXPR~~WORDCNT + 1~~4
10:00:09.102 ~~TEST_06.TEST_06~~~~DATA~~WORDCNT = 3~~4
10:00:09.102 ~~TEST_06.TEST_06~~46~~STMT~~EVAL WORDCNT = WORDCNT + 1~~4
10:00:09.102 ~~TEST_06.TEST_06~~50~~EXPR~~WORDINC = 5~~false
10:00:09.102 ~~TEST_06.TEST_06~~50~~STMT~~SELECT WHEN~~WORDINC = 5~~(false)
10:00:09.102 ~~TEST_06.TEST_06~~52~~EXPR~~WORDINC = 4~~false
10:00:09.102 ~~TEST_06.TEST_06~~52~~STMT~~SELECT WHEN~~WORDINC = 4~~(false)
10:00:09.103 ~~TEST_06.TEST_06~~54~~EXPR~~WORDINC = 3~~true
10:00:09.103 ~~TEST_06.TEST_06~~54~~STMT~~SELECT WHEN~~WORDINC = 3~~(true)
10:00:09.103 ~~TEST_06.TEST_06~~55~~EXPR~~%SUBST(SENTENCE : I : 3)~~sit
10:00:09.103 ~~TEST_06.TEST_06~~55~~STMT~~EVAL WORDS(WORDCNT)) = %SUBST(SENTENCE : I : 3)~~sit
10:00:09.103 ~~TEST_06.TEST_06~~~~DATA~~I = 19~~22
10:00:09.103 ~~TEST_06.TEST_06~~31~~EXPR~~%LEN(SENTENCE)~~128
10:00:09.103 ~~TEST_06.TEST_06~~33~~EXPR~~%SUBST(SENTENCE : I : 1)~~ 
10:00:09.103 ~~TEST_06.TEST_06~~33~~EXPR~~%SUBST(SENTENCE : I : 1) = " "~~true
10:00:09.104 ~~TEST_06.TEST_06~~33~~STMT~~IF %SUBST(SENTENCE : I : 1) = " "~~true
10:00:09.104 ~~TEST_06.TEST_06~~~~DATA~~WORDINC = 3~~1
10:00:09.104 ~~TEST_06.TEST_06~~34~~STMT~~EVAL WORDINC = 1~~1
10:00:09.104 ~~TEST_06.TEST_06~~36~~STMT~~ITER
10:00:09.104 ~~TEST_06.TEST_06~~~~DATA~~I = 22~~23
10:00:09.104 ~~TEST_06.TEST_06~~31~~EXPR~~%LEN(SENTENCE)~~128
10:00:09.104 ~~TEST_06.TEST_06~~33~~EXPR~~%SUBST(SENTENCE : I : 1)~~a
10:00:09.104 ~~TEST_06.TEST_06~~33~~EXPR~~%SUBST(SENTENCE : I : 1) = " "~~false
10:00:09.105 ~~TEST_06.TEST_06~~33~~STMT~~IF %SUBST(SENTENCE : I : 1) = " "~~false
10:00:09.105 ~~TEST_06.TEST_06~~~~EXPR~~I + 1~~24
10:00:09.105 ~~TEST_06.TEST_06~~~~DATA~~J = 22~~24
10:00:09.105 ~~TEST_06.TEST_06~~39~~LOOP~~FOR J = I + 1  TO %LEN(SENTENCE) 
10:00:09.105 ~~TEST_06.TEST_06~~39~~STMT~~FOR J = I + 1  TO %LEN(SENTENCE)
10:00:09.105 ~~TEST_06.TEST_06~~39~~EXPR~~%LEN(SENTENCE)~~128
10:00:09.105 ~~TEST_06.TEST_06~~40~~EXPR~~%SUBST(SENTENCE : J : 1)~~m
10:00:09.105 ~~TEST_06.TEST_06~~40~~EXPR~~%SUBST(SENTENCE : J : 1) = " "~~false
10:00:09.105 ~~TEST_06.TEST_06~~40~~STMT~~IF %SUBST(SENTENCE : J : 1) = " "~~false
10:00:09.105 ~~TEST_06.TEST_06~~~~DATA~~J = 24~~25
10:00:09.106 ~~TEST_06.TEST_06~~39~~EXPR~~%LEN(SENTENCE)~~128
10:00:09.106 ~~TEST_06.TEST_06~~40~~EXPR~~%SUBST(SENTENCE : J : 1)~~e
10:00:09.106 ~~TEST_06.TEST_06~~40~~EXPR~~%SUBST(SENTENCE : J : 1) = " "~~false
10:00:09.106 ~~TEST_06.TEST_06~~40~~STMT~~IF %SUBST(SENTENCE : J : 1) = " "~~false
10:00:09.106 ~~TEST_06.TEST_06~~~~DATA~~J = 25~~26
10:00:09.106 ~~TEST_06.TEST_06~~39~~EXPR~~%LEN(SENTENCE)~~128
10:00:09.106 ~~TEST_06.TEST_06~~40~~EXPR~~%SUBST(SENTENCE : J : 1)~~t
10:00:09.106 ~~TEST_06.TEST_06~~40~~EXPR~~%SUBST(SENTENCE : J : 1) = " "~~false
10:00:09.106 ~~TEST_06.TEST_06~~40~~STMT~~IF %SUBST(SENTENCE : J : 1) = " "~~false
10:00:09.106 ~~TEST_06.TEST_06~~~~DATA~~J = 26~~27
10:00:09.106 ~~TEST_06.TEST_06~~39~~EXPR~~%LEN(SENTENCE)~~128
10:00:09.106 ~~TEST_06.TEST_06~~40~~EXPR~~%SUBST(SENTENCE : J : 1)~~ 
10:00:09.106 ~~TEST_06.TEST_06~~40~~EXPR~~%SUBST(SENTENCE : J : 1) = " "~~true
10:00:09.106 ~~TEST_06.TEST_06~~40~~STMT~~IF %SUBST(SENTENCE : J : 1) = " "~~true
10:00:09.107 ~~TEST_06.TEST_06~~42~~STMT~~LEAVE
10:00:09.107 ~~TEST_06.TEST_06~~44~~LOOP~~ENDFOR J ~~3~~iterations
10:00:09.107 ~~TEST_06.TEST_06~~44~~STMT~~ENDFOR J 
10:00:09.107 ~~TEST_06.TEST_06~~44~~PERF~~ENDFOR J ~~2~~ms
10:00:09.107 ~~TEST_06.TEST_06~~45~~EXPR~~J - I~~4
10:00:09.107 ~~TEST_06.TEST_06~~~~DATA~~WORDINC = 1~~4
10:00:09.107 ~~TEST_06.TEST_06~~45~~STMT~~EVAL WORDINC = J - I~~4
10:00:09.107 ~~TEST_06.TEST_06~~46~~EXPR~~WORDCNT + 1~~5
10:00:09.107 ~~TEST_06.TEST_06~~~~DATA~~WORDCNT = 4~~5
10:00:09.107 ~~TEST_06.TEST_06~~46~~STMT~~EVAL WORDCNT = WORDCNT + 1~~5
10:00:09.107 ~~TEST_06.TEST_06~~50~~EXPR~~WORDINC = 5~~false
10:00:09.107 ~~TEST_06.TEST_06~~50~~STMT~~SELECT WHEN~~WORDINC = 5~~(false)
10:00:09.107 ~~TEST_06.TEST_06~~52~~EXPR~~WORDINC = 4~~true
10:00:09.107 ~~TEST_06.TEST_06~~52~~STMT~~SELECT WHEN~~WORDINC = 4~~(true)
10:00:09.108 ~~TEST_06.TEST_06~~53~~EXPR~~%SUBST(SENTENCE : I : 4)~~amet
10:00:09.108 ~~TEST_06.TEST_06~~53~~STMT~~EVAL WORDS(WORDCNT)) = %SUBST(SENTENCE : I : 4)~~amet
10:00:09.108 ~~TEST_06.TEST_06~~~~DATA~~I = 23~~27
10:00:09.108 ~~TEST_06.TEST_06~~31~~EXPR~~%LEN(SENTENCE)~~128
10:00:09.108 ~~TEST_06.TEST_06~~33~~EXPR~~%SUBST(SENTENCE : I : 1)~~ 
10:00:09.108 ~~TEST_06.TEST_06~~33~~EXPR~~%SUBST(SENTENCE : I : 1) = " "~~true
10:00:09.108 ~~TEST_06.TEST_06~~33~~STMT~~IF %SUBST(SENTENCE : I : 1) = " "~~true
10:00:09.108 ~~TEST_06.TEST_06~~~~DATA~~WORDINC = 4~~1
10:00:09.108 ~~TEST_06.TEST_06~~34~~STMT~~EVAL WORDINC = 1~~1
10:00:09.108 ~~TEST_06.TEST_06~~36~~STMT~~ITER
10:00:09.108 ~~TEST_06.TEST_06~~~~DATA~~I = 27~~28
10:00:09.108 ~~TEST_06.TEST_06~~31~~EXPR~~%LEN(SENTENCE)~~128
10:00:09.108 ~~TEST_06.TEST_06~~33~~EXPR~~%SUBST(SENTENCE : I : 1)~~s
10:00:09.108 ~~TEST_06.TEST_06~~33~~EXPR~~%SUBST(SENTENCE : I : 1) = " "~~false
10:00:09.109 ~~TEST_06.TEST_06~~33~~STMT~~IF %SUBST(SENTENCE : I : 1) = " "~~false
10:00:09.109 ~~TEST_06.TEST_06~~~~EXPR~~I + 1~~29
10:00:09.109 ~~TEST_06.TEST_06~~~~DATA~~J = 27~~29
10:00:09.109 ~~TEST_06.TEST_06~~39~~LOOP~~FOR J = I + 1  TO %LEN(SENTENCE) 
10:00:09.109 ~~TEST_06.TEST_06~~39~~STMT~~FOR J = I + 1  TO %LEN(SENTENCE)
10:00:09.109 ~~TEST_06.TEST_06~~39~~EXPR~~%LEN(SENTENCE)~~128
10:00:09.109 ~~TEST_06.TEST_06~~40~~EXPR~~%SUBST(SENTENCE : J : 1)~~e
10:00:09.109 ~~TEST_06.TEST_06~~40~~EXPR~~%SUBST(SENTENCE : J : 1) = " "~~false
10:00:09.109 ~~TEST_06.TEST_06~~40~~STMT~~IF %SUBST(SENTENCE : J : 1) = " "~~false
10:00:09.109 ~~TEST_06.TEST_06~~~~DATA~~J = 29~~30
10:00:09.109 ~~TEST_06.TEST_06~~39~~EXPR~~%LEN(SENTENCE)~~128
10:00:09.109 ~~TEST_06.TEST_06~~40~~EXPR~~%SUBST(SENTENCE : J : 1)~~d
10:00:09.110 ~~TEST_06.TEST_06~~40~~EXPR~~%SUBST(SENTENCE : J : 1) = " "~~false
10:00:09.110 ~~TEST_06.TEST_06~~40~~STMT~~IF %SUBST(SENTENCE : J : 1) = " "~~false
10:00:09.110 ~~TEST_06.TEST_06~~~~DATA~~J = 30~~31
10:00:09.110 ~~TEST_06.TEST_06~~39~~EXPR~~%LEN(SENTENCE)~~128
10:00:09.110 ~~TEST_06.TEST_06~~40~~EXPR~~%SUBST(SENTENCE : J : 1)~~
10:00:09.110 ~~TEST_06.TEST_06~~40~~EXPR~~%SUBST(SENTENCE : J : 1) = " "~~true
10:00:09.110 ~~TEST_06.TEST_06~~40~~STMT~~IF %SUBST(SENTENCE : J : 1) = " "~~true
10:00:09.110 ~~TEST_06.TEST_06~~42~~STMT~~LEAVE
10:00:09.110 ~~TEST_06.TEST_06~~44~~LOOP~~ENDFOR J ~~2~~iterations
10:00:09.110 ~~TEST_06.TEST_06~~44~~STMT~~ENDFOR J 
10:00:09.110 ~~TEST_06.TEST_06~~44~~PERF~~ENDFOR J ~~1~~ms
10:00:09.110 ~~TEST_06.TEST_06~~45~~EXPR~~J - I~~3
10:00:09.110 ~~TEST_06.TEST_06~~~~DATA~~WORDINC = 1~~3
10:00:09.110 ~~TEST_06.TEST_06~~45~~STMT~~EVAL WORDINC = J - I~~3
10:00:09.110 ~~TEST_06.TEST_06~~46~~EXPR~~WORDCNT + 1~~6
10:00:09.110 ~~TEST_06.TEST_06~~~~DATA~~WORDCNT = 5~~6
10:00:09.110 ~~TEST_06.TEST_06~~46~~STMT~~EVAL WORDCNT = WORDCNT + 1~~6
10:00:09.110 ~~TEST_06.TEST_06~~50~~EXPR~~WORDINC = 5~~false
10:00:09.110 ~~TEST_06.TEST_06~~50~~STMT~~SELECT WHEN~~WORDINC = 5~~(false)
10:00:09.111 ~~TEST_06.TEST_06~~52~~EXPR~~WORDINC = 4~~false
10:00:09.111 ~~TEST_06.TEST_06~~52~~STMT~~SELECT WHEN~~WORDINC = 4~~(false)
10:00:09.111 ~~TEST_06.TEST_06~~54~~EXPR~~WORDINC = 3~~true
10:00:09.111 ~~TEST_06.TEST_06~~54~~STMT~~SELECT WHEN~~WORDINC = 3~~(true)
10:00:09.111 ~~TEST_06.TEST_06~~55~~EXPR~~%SUBST(SENTENCE : I : 3)~~sed
10:00:09.111 ~~TEST_06.TEST_06~~55~~STMT~~EVAL WORDS(WORDCNT)) = %SUBST(SENTENCE : I : 3)~~sed
10:00:09.111 ~~TEST_06.TEST_06~~~~DATA~~I = 28~~31
10:00:09.111 ~~TEST_06.TEST_06~~31~~EXPR~~%LEN(SENTENCE)~~128
10:00:09.111 ~~TEST_06.TEST_06~~33~~EXPR~~%SUBST(SENTENCE : I : 1)~~
10:00:09.111 ~~TEST_06.TEST_06~~33~~EXPR~~%SUBST(SENTENCE : I : 1) = " "~~true
10:00:09.111 ~~TEST_06.TEST_06~~33~~STMT~~IF %SUBST(SENTENCE : I : 1) = " "~~true
10:00:09.111 ~~TEST_06.TEST_06~~~~DATA~~WORDINC = 3~~1
10:00:09.111 ~~TEST_06.TEST_06~~34~~STMT~~EVAL WORDINC = 1~~1
10:00:09.111 ~~TEST_06.TEST_06~~36~~STMT~~ITER
10:00:09.111 ~~TEST_06.TEST_06~~~~DATA~~I = 31~~32
10:00:09.111 ~~TEST_06.TEST_06~~31~~EXPR~~%LEN(SENTENCE)~~128
10:00:09.111 ~~TEST_06.TEST_06~~33~~EXPR~~%SUBST(SENTENCE : I : 1)~~
10:00:09.111 ~~TEST_06.TEST_06~~33~~EXPR~~%SUBST(SENTENCE : I : 1) = " "~~true
10:00:09.112 ~~TEST_06.TEST_06~~33~~STMT~~IF %SUBST(SENTENCE : I : 1) = " "~~true
10:00:09.112 ~~TEST_06.TEST_06~~~~DATA~~WORDINC = 1~~1
10:00:09.112 ~~TEST_06.TEST_06~~34~~STMT~~EVAL WORDINC = 1~~1
10:00:09.112 ~~TEST_06.TEST_06~~36~~STMT~~ITER
10:00:09.112 ~~TEST_06.TEST_06~~~~DATA~~I = 32~~33
10:00:09.112 ~~TEST_06.TEST_06~~31~~EXPR~~%LEN(SENTENCE)~~128
10:00:09.112 ~~TEST_06.TEST_06~~33~~EXPR~~%SUBST(SENTENCE : I : 1)~~
10:00:09.112 ~~TEST_06.TEST_06~~33~~EXPR~~%SUBST(SENTENCE : I : 1) = " "~~true
10:00:09.112 ~~TEST_06.TEST_06~~33~~STMT~~IF %SUBST(SENTENCE : I : 1) = " "~~true
10:00:09.112 ~~TEST_06.TEST_06~~~~DATA~~WORDINC = 1~~1
10:00:09.112 ~~TEST_06.TEST_06~~34~~STMT~~EVAL WORDINC = 1~~1
10:00:09.112 ~~TEST_06.TEST_06~~36~~STMT~~ITER
10:00:09.112 ~~TEST_06.TEST_06~~~~DATA~~I = 33~~34
10:00:09.112 ~~TEST_06.TEST_06~~31~~EXPR~~%LEN(SENTENCE)~~128
10:00:09.112 ~~TEST_06.TEST_06~~33~~EXPR~~%SUBST(SENTENCE : I : 1)~~
10:00:09.112 ~~TEST_06.TEST_06~~33~~EXPR~~%SUBST(SENTENCE : I : 1) = " "~~true
10:00:09.112 ~~TEST_06.TEST_06~~33~~STMT~~IF %SUBST(SENTENCE : I : 1) = " "~~true
10:00:09.113 ~~TEST_06.TEST_06~~~~DATA~~WORDINC = 1~~1
10:00:09.113 ~~TEST_06.TEST_06~~34~~STMT~~EVAL WORDINC = 1~~1
10:00:09.113 ~~TEST_06.TEST_06~~36~~STMT~~ITER
10:00:09.113 ~~TEST_06.TEST_06~~~~DATA~~I = 34~~35
10:00:09.113 ~~TEST_06.TEST_06~~31~~EXPR~~%LEN(SENTENCE)~~128
10:00:09.113 ~~TEST_06.TEST_06~~33~~EXPR~~%SUBST(SENTENCE : I : 1)~~
10:00:09.113 ~~TEST_06.TEST_06~~33~~EXPR~~%SUBST(SENTENCE : I : 1) = " "~~true
10:00:09.113 ~~TEST_06.TEST_06~~33~~STMT~~IF %SUBST(SENTENCE : I : 1) = " "~~true
10:00:09.113 ~~TEST_06.TEST_06~~~~DATA~~WORDINC = 1~~1
10:00:09.113 ~~TEST_06.TEST_06~~34~~STMT~~EVAL WORDINC = 1~~1
10:00:09.113 ~~TEST_06.TEST_06~~36~~STMT~~ITER
10:00:09.113 ~~TEST_06.TEST_06~~~~DATA~~I = 35~~36
10:00:09.113 ~~TEST_06.TEST_06~~31~~EXPR~~%LEN(SENTENCE)~~128
10:00:09.113 ~~TEST_06.TEST_06~~33~~EXPR~~%SUBST(SENTENCE : I : 1)~~
10:00:09.113 ~~TEST_06.TEST_06~~33~~EXPR~~%SUBST(SENTENCE : I : 1) = " "~~true
10:00:09.113 ~~TEST_06.TEST_06~~33~~STMT~~IF %SUBST(SENTENCE : I : 1) = " "~~true
10:00:09.114 ~~TEST_06.TEST_06~~~~DATA~~WORDINC = 1~~1
10:00:09.114 ~~TEST_06.TEST_06~~34~~STMT~~EVAL WORDINC = 1~~1
10:00:09.114 ~~TEST_06.TEST_06~~36~~STMT~~ITER
10:00:09.114 ~~TEST_06.TEST_06~~~~DATA~~I = 36~~37
10:00:09.114 ~~TEST_06.TEST_06~~31~~EXPR~~%LEN(SENTENCE)~~128
10:00:09.114 ~~TEST_06.TEST_06~~33~~EXPR~~%SUBST(SENTENCE : I : 1)~~
10:00:09.114 ~~TEST_06.TEST_06~~33~~EXPR~~%SUBST(SENTENCE : I : 1) = " "~~true
10:00:09.114 ~~TEST_06.TEST_06~~33~~STMT~~IF %SUBST(SENTENCE : I : 1) = " "~~true
10:00:09.114 ~~TEST_06.TEST_06~~~~DATA~~WORDINC = 1~~1
10:00:09.114 ~~TEST_06.TEST_06~~34~~STMT~~EVAL WORDINC = 1~~1
10:00:09.114 ~~TEST_06.TEST_06~~36~~STMT~~ITER
10:00:09.114 ~~TEST_06.TEST_06~~~~DATA~~I = 37~~38
10:00:09.114 ~~TEST_06.TEST_06~~31~~EXPR~~%LEN(SENTENCE)~~128
10:00:09.114 ~~TEST_06.TEST_06~~33~~EXPR~~%SUBST(SENTENCE : I : 1)~~
10:00:09.114 ~~TEST_06.TEST_06~~33~~EXPR~~%SUBST(SENTENCE : I : 1) = " "~~true
10:00:09.114 ~~TEST_06.TEST_06~~33~~STMT~~IF %SUBST(SENTENCE : I : 1) = " "~~true
10:00:09.114 ~~TEST_06.TEST_06~~~~DATA~~WORDINC = 1~~1
10:00:09.114 ~~TEST_06.TEST_06~~34~~STMT~~EVAL WORDINC = 1~~1
10:00:09.114 ~~TEST_06.TEST_06~~36~~STMT~~ITER
10:00:09.115 ~~TEST_06.TEST_06~~~~DATA~~I = 38~~39
10:00:09.115 ~~TEST_06.TEST_06~~31~~EXPR~~%LEN(SENTENCE)~~128
10:00:09.115 ~~TEST_06.TEST_06~~33~~EXPR~~%SUBST(SENTENCE : I : 1)~~
10:00:09.115 ~~TEST_06.TEST_06~~33~~EXPR~~%SUBST(SENTENCE : I : 1) = " "~~true
10:00:09.115 ~~TEST_06.TEST_06~~33~~STMT~~IF %SUBST(SENTENCE : I : 1) = " "~~true
10:00:09.115 ~~TEST_06.TEST_06~~~~DATA~~WORDINC = 1~~1
10:00:09.115 ~~TEST_06.TEST_06~~34~~STMT~~EVAL WORDINC = 1~~1
10:00:09.115 ~~TEST_06.TEST_06~~36~~STMT~~ITER
10:00:09.115 ~~TEST_06.TEST_06~~~~DATA~~I = 39~~40
10:00:09.115 ~~TEST_06.TEST_06~~31~~EXPR~~%LEN(SENTENCE)~~128
10:00:09.115 ~~TEST_06.TEST_06~~33~~EXPR~~%SUBST(SENTENCE : I : 1)~~
10:00:09.115 ~~TEST_06.TEST_06~~33~~EXPR~~%SUBST(SENTENCE : I : 1) = " "~~true
10:00:09.115 ~~TEST_06.TEST_06~~33~~STMT~~IF %SUBST(SENTENCE : I : 1) = " "~~true
10:00:09.115 ~~TEST_06.TEST_06~~~~DATA~~WORDINC = 1~~1
10:00:09.115 ~~TEST_06.TEST_06~~34~~STMT~~EVAL WORDINC = 1~~1
10:00:09.116 ~~TEST_06.TEST_06~~36~~STMT~~ITER
10:00:09.116 ~~TEST_06.TEST_06~~~~DATA~~I = 40~~41
10:00:09.116 ~~TEST_06.TEST_06~~31~~EXPR~~%LEN(SENTENCE)~~128
10:00:09.116 ~~TEST_06.TEST_06~~33~~EXPR~~%SUBST(SENTENCE : I : 1)~~
10:00:09.116 ~~TEST_06.TEST_06~~33~~EXPR~~%SUBST(SENTENCE : I : 1) = " "~~true
10:00:09.116 ~~TEST_06.TEST_06~~33~~STMT~~IF %SUBST(SENTENCE : I : 1) = " "~~true
10:00:09.116 ~~TEST_06.TEST_06~~~~DATA~~WORDINC = 1~~1
10:00:09.116 ~~TEST_06.TEST_06~~34~~STMT~~EVAL WORDINC = 1~~1
10:00:09.116 ~~TEST_06.TEST_06~~36~~STMT~~ITER
10:00:09.116 ~~TEST_06.TEST_06~~~~DATA~~I = 41~~42
10:00:09.116 ~~TEST_06.TEST_06~~31~~EXPR~~%LEN(SENTENCE)~~128
10:00:09.116 ~~TEST_06.TEST_06~~33~~EXPR~~%SUBST(SENTENCE : I : 1)~~
10:00:09.116 ~~TEST_06.TEST_06~~33~~EXPR~~%SUBST(SENTENCE : I : 1) = " "~~true
10:00:09.116 ~~TEST_06.TEST_06~~33~~STMT~~IF %SUBST(SENTENCE : I : 1) = " "~~true
10:00:09.116 ~~TEST_06.TEST_06~~~~DATA~~WORDINC = 1~~1
10:00:09.116 ~~TEST_06.TEST_06~~34~~STMT~~EVAL WORDINC = 1~~1
10:00:09.116 ~~TEST_06.TEST_06~~36~~STMT~~ITER
10:00:09.116 ~~TEST_06.TEST_06~~~~DATA~~I = 42~~43
10:00:09.117 ~~TEST_06.TEST_06~~31~~EXPR~~%LEN(SENTENCE)~~128
10:00:09.117 ~~TEST_06.TEST_06~~33~~EXPR~~%SUBST(SENTENCE : I : 1)~~
10:00:09.117 ~~TEST_06.TEST_06~~33~~EXPR~~%SUBST(SENTENCE : I : 1) = " "~~true
10:00:09.117 ~~TEST_06.TEST_06~~33~~STMT~~IF %SUBST(SENTENCE : I : 1) = " "~~true
10:00:09.117 ~~TEST_06.TEST_06~~~~DATA~~WORDINC = 1~~1
10:00:09.117 ~~TEST_06.TEST_06~~34~~STMT~~EVAL WORDINC = 1~~1
10:00:09.117 ~~TEST_06.TEST_06~~36~~STMT~~ITER
10:00:09.117 ~~TEST_06.TEST_06~~~~DATA~~I = 43~~44
10:00:09.117 ~~TEST_06.TEST_06~~31~~EXPR~~%LEN(SENTENCE)~~128
10:00:09.117 ~~TEST_06.TEST_06~~33~~EXPR~~%SUBST(SENTENCE : I : 1)~~
10:00:09.117 ~~TEST_06.TEST_06~~33~~EXPR~~%SUBST(SENTENCE : I : 1) = " "~~true
10:00:09.117 ~~TEST_06.TEST_06~~33~~STMT~~IF %SUBST(SENTENCE : I : 1) = " "~~true
10:00:09.117 ~~TEST_06.TEST_06~~~~DATA~~WORDINC = 1~~1
10:00:09.117 ~~TEST_06.TEST_06~~34~~STMT~~EVAL WORDINC = 1~~1
10:00:09.117 ~~TEST_06.TEST_06~~36~~STMT~~ITER
10:00:09.117 ~~TEST_06.TEST_06~~~~DATA~~I = 44~~45
10:00:09.117 ~~TEST_06.TEST_06~~31~~EXPR~~%LEN(SENTENCE)~~128
10:00:09.117 ~~TEST_06.TEST_06~~33~~EXPR~~%SUBST(SENTENCE : I : 1)~~
10:00:09.118 ~~TEST_06.TEST_06~~33~~EXPR~~%SUBST(SENTENCE : I : 1) = " "~~true
10:00:09.118 ~~TEST_06.TEST_06~~33~~STMT~~IF %SUBST(SENTENCE : I : 1) = " "~~true
10:00:09.118 ~~TEST_06.TEST_06~~~~DATA~~WORDINC = 1~~1
10:00:09.118 ~~TEST_06.TEST_06~~34~~STMT~~EVAL WORDINC = 1~~1
10:00:09.118 ~~TEST_06.TEST_06~~36~~STMT~~ITER
10:00:09.118 ~~TEST_06.TEST_06~~~~DATA~~I = 45~~46
10:00:09.118 ~~TEST_06.TEST_06~~31~~EXPR~~%LEN(SENTENCE)~~128
10:00:09.118 ~~TEST_06.TEST_06~~33~~EXPR~~%SUBST(SENTENCE : I : 1)~~
10:00:09.118 ~~TEST_06.TEST_06~~33~~EXPR~~%SUBST(SENTENCE : I : 1) = " "~~true
10:00:09.118 ~~TEST_06.TEST_06~~33~~STMT~~IF %SUBST(SENTENCE : I : 1) = " "~~true
10:00:09.118 ~~TEST_06.TEST_06~~~~DATA~~WORDINC = 1~~1
10:00:09.118 ~~TEST_06.TEST_06~~34~~STMT~~EVAL WORDINC = 1~~1
10:00:09.118 ~~TEST_06.TEST_06~~36~~STMT~~ITER
10:00:09.118 ~~TEST_06.TEST_06~~~~DATA~~I = 46~~47
10:00:09.118 ~~TEST_06.TEST_06~~31~~EXPR~~%LEN(SENTENCE)~~128
10:00:09.118 ~~TEST_06.TEST_06~~33~~EXPR~~%SUBST(SENTENCE : I : 1)~~
10:00:09.118 ~~TEST_06.TEST_06~~33~~EXPR~~%SUBST(SENTENCE : I : 1) = " "~~true
10:00:09.119 ~~TEST_06.TEST_06~~33~~STMT~~IF %SUBST(SENTENCE : I : 1) = " "~~true
10:00:09.119 ~~TEST_06.TEST_06~~~~DATA~~WORDINC = 1~~1
10:00:09.119 ~~TEST_06.TEST_06~~34~~STMT~~EVAL WORDINC = 1~~1
10:00:09.119 ~~TEST_06.TEST_06~~36~~STMT~~ITER
10:00:09.119 ~~TEST_06.TEST_06~~~~DATA~~I = 47~~48
10:00:09.119 ~~TEST_06.TEST_06~~31~~EXPR~~%LEN(SENTENCE)~~128
10:00:09.119 ~~TEST_06.TEST_06~~33~~EXPR~~%SUBST(SENTENCE : I : 1)~~
10:00:09.119 ~~TEST_06.TEST_06~~33~~EXPR~~%SUBST(SENTENCE : I : 1) = " "~~true
10:00:09.119 ~~TEST_06.TEST_06~~33~~STMT~~IF %SUBST(SENTENCE : I : 1) = " "~~true
10:00:09.119 ~~TEST_06.TEST_06~~~~DATA~~WORDINC = 1~~1
10:00:09.119 ~~TEST_06.TEST_06~~34~~STMT~~EVAL WORDINC = 1~~1
10:00:09.119 ~~TEST_06.TEST_06~~36~~STMT~~ITER
10:00:09.119 ~~TEST_06.TEST_06~~~~DATA~~I = 48~~49
10:00:09.119 ~~TEST_06.TEST_06~~31~~EXPR~~%LEN(SENTENCE)~~128
10:00:09.120 ~~TEST_06.TEST_06~~33~~EXPR~~%SUBST(SENTENCE : I : 1)~~
10:00:09.120 ~~TEST_06.TEST_06~~33~~EXPR~~%SUBST(SENTENCE : I : 1) = " "~~true
10:00:09.120 ~~TEST_06.TEST_06~~33~~STMT~~IF %SUBST(SENTENCE : I : 1) = " "~~true
10:00:09.120 ~~TEST_06.TEST_06~~~~DATA~~WORDINC = 1~~1
10:00:09.120 ~~TEST_06.TEST_06~~34~~STMT~~EVAL WORDINC = 1~~1
10:00:09.120 ~~TEST_06.TEST_06~~36~~STMT~~ITER
10:00:09.120 ~~TEST_06.TEST_06~~~~DATA~~I = 49~~50
10:00:09.120 ~~TEST_06.TEST_06~~31~~EXPR~~%LEN(SENTENCE)~~128
10:00:09.120 ~~TEST_06.TEST_06~~33~~EXPR~~%SUBST(SENTENCE : I : 1)~~
10:00:09.120 ~~TEST_06.TEST_06~~33~~EXPR~~%SUBST(SENTENCE : I : 1) = " "~~true
10:00:09.120 ~~TEST_06.TEST_06~~33~~STMT~~IF %SUBST(SENTENCE : I : 1) = " "~~true
10:00:09.120 ~~TEST_06.TEST_06~~~~DATA~~WORDINC = 1~~1
10:00:09.120 ~~TEST_06.TEST_06~~34~~STMT~~EVAL WORDINC = 1~~1
10:00:09.120 ~~TEST_06.TEST_06~~36~~STMT~~ITER
10:00:09.120 ~~TEST_06.TEST_06~~~~DATA~~I = 50~~51
10:00:09.120 ~~TEST_06.TEST_06~~31~~EXPR~~%LEN(SENTENCE)~~128
10:00:09.121 ~~TEST_06.TEST_06~~33~~EXPR~~%SUBST(SENTENCE : I : 1)~~
10:00:09.121 ~~TEST_06.TEST_06~~33~~EXPR~~%SUBST(SENTENCE : I : 1) = " "~~true
10:00:09.121 ~~TEST_06.TEST_06~~33~~STMT~~IF %SUBST(SENTENCE : I : 1) = " "~~true
10:00:09.121 ~~TEST_06.TEST_06~~~~DATA~~WORDINC = 1~~1
10:00:09.121 ~~TEST_06.TEST_06~~34~~STMT~~EVAL WORDINC = 1~~1
10:00:09.121 ~~TEST_06.TEST_06~~36~~STMT~~ITER
10:00:09.121 ~~TEST_06.TEST_06~~~~DATA~~I = 51~~52
10:00:09.121 ~~TEST_06.TEST_06~~31~~EXPR~~%LEN(SENTENCE)~~128
10:00:09.121 ~~TEST_06.TEST_06~~33~~EXPR~~%SUBST(SENTENCE : I : 1)~~
10:00:09.121 ~~TEST_06.TEST_06~~33~~EXPR~~%SUBST(SENTENCE : I : 1) = " "~~true
10:00:09.121 ~~TEST_06.TEST_06~~33~~STMT~~IF %SUBST(SENTENCE : I : 1) = " "~~true
10:00:09.121 ~~TEST_06.TEST_06~~~~DATA~~WORDINC = 1~~1
10:00:09.121 ~~TEST_06.TEST_06~~34~~STMT~~EVAL WORDINC = 1~~1
10:00:09.121 ~~TEST_06.TEST_06~~36~~STMT~~ITER
10:00:09.122 ~~TEST_06.TEST_06~~~~DATA~~I = 52~~53
10:00:09.122 ~~TEST_06.TEST_06~~31~~EXPR~~%LEN(SENTENCE)~~128
10:00:09.122 ~~TEST_06.TEST_06~~33~~EXPR~~%SUBST(SENTENCE : I : 1)~~
10:00:09.122 ~~TEST_06.TEST_06~~33~~EXPR~~%SUBST(SENTENCE : I : 1) = " "~~true
10:00:09.122 ~~TEST_06.TEST_06~~33~~STMT~~IF %SUBST(SENTENCE : I : 1) = " "~~true
10:00:09.122 ~~TEST_06.TEST_06~~~~DATA~~WORDINC = 1~~1
10:00:09.122 ~~TEST_06.TEST_06~~34~~STMT~~EVAL WORDINC = 1~~1
10:00:09.122 ~~TEST_06.TEST_06~~36~~STMT~~ITER
10:00:09.122 ~~TEST_06.TEST_06~~~~DATA~~I = 53~~54
10:00:09.122 ~~TEST_06.TEST_06~~31~~EXPR~~%LEN(SENTENCE)~~128
10:00:09.122 ~~TEST_06.TEST_06~~33~~EXPR~~%SUBST(SENTENCE : I : 1)~~
10:00:09.122 ~~TEST_06.TEST_06~~33~~EXPR~~%SUBST(SENTENCE : I : 1) = " "~~true
10:00:09.122 ~~TEST_06.TEST_06~~33~~STMT~~IF %SUBST(SENTENCE : I : 1) = " "~~true
10:00:09.122 ~~TEST_06.TEST_06~~~~DATA~~WORDINC = 1~~1
10:00:09.123 ~~TEST_06.TEST_06~~34~~STMT~~EVAL WORDINC = 1~~1
10:00:09.123 ~~TEST_06.TEST_06~~36~~STMT~~ITER
10:00:09.123 ~~TEST_06.TEST_06~~~~DATA~~I = 54~~55
10:00:09.123 ~~TEST_06.TEST_06~~31~~EXPR~~%LEN(SENTENCE)~~128
10:00:09.123 ~~TEST_06.TEST_06~~33~~EXPR~~%SUBST(SENTENCE : I : 1)~~
10:00:09.123 ~~TEST_06.TEST_06~~33~~EXPR~~%SUBST(SENTENCE : I : 1) = " "~~true
10:00:09.123 ~~TEST_06.TEST_06~~33~~STMT~~IF %SUBST(SENTENCE : I : 1) = " "~~true
10:00:09.123 ~~TEST_06.TEST_06~~~~DATA~~WORDINC = 1~~1
10:00:09.123 ~~TEST_06.TEST_06~~34~~STMT~~EVAL WORDINC = 1~~1
10:00:09.123 ~~TEST_06.TEST_06~~36~~STMT~~ITER
10:00:09.123 ~~TEST_06.TEST_06~~~~DATA~~I = 55~~56
10:00:09.123 ~~TEST_06.TEST_06~~31~~EXPR~~%LEN(SENTENCE)~~128
10:00:09.123 ~~TEST_06.TEST_06~~33~~EXPR~~%SUBST(SENTENCE : I : 1)~~
10:00:09.123 ~~TEST_06.TEST_06~~33~~EXPR~~%SUBST(SENTENCE : I : 1) = " "~~true
10:00:09.123 ~~TEST_06.TEST_06~~33~~STMT~~IF %SUBST(SENTENCE : I : 1) = " "~~true
10:00:09.123 ~~TEST_06.TEST_06~~~~DATA~~WORDINC = 1~~1
10:00:09.123 ~~TEST_06.TEST_06~~34~~STMT~~EVAL WORDINC = 1~~1
10:00:09.123 ~~TEST_06.TEST_06~~36~~STMT~~ITER
10:00:09.124 ~~TEST_06.TEST_06~~~~DATA~~I = 56~~57
10:00:09.124 ~~TEST_06.TEST_06~~31~~EXPR~~%LEN(SENTENCE)~~128
10:00:09.124 ~~TEST_06.TEST_06~~33~~EXPR~~%SUBST(SENTENCE : I : 1)~~
10:00:09.124 ~~TEST_06.TEST_06~~33~~EXPR~~%SUBST(SENTENCE : I : 1) = " "~~true
10:00:09.124 ~~TEST_06.TEST_06~~33~~STMT~~IF %SUBST(SENTENCE : I : 1) = " "~~true
10:00:09.124 ~~TEST_06.TEST_06~~~~DATA~~WORDINC = 1~~1
10:00:09.124 ~~TEST_06.TEST_06~~34~~STMT~~EVAL WORDINC = 1~~1
10:00:09.124 ~~TEST_06.TEST_06~~36~~STMT~~ITER
10:00:09.124 ~~TEST_06.TEST_06~~~~DATA~~I = 57~~58
10:00:09.124 ~~TEST_06.TEST_06~~31~~EXPR~~%LEN(SENTENCE)~~128
10:00:09.124 ~~TEST_06.TEST_06~~33~~EXPR~~%SUBST(SENTENCE : I : 1)~~
10:00:09.124 ~~TEST_06.TEST_06~~33~~EXPR~~%SUBST(SENTENCE : I : 1) = " "~~true
10:00:09.124 ~~TEST_06.TEST_06~~33~~STMT~~IF %SUBST(SENTENCE : I : 1) = " "~~true
10:00:09.124 ~~TEST_06.TEST_06~~~~DATA~~WORDINC = 1~~1
10:00:09.124 ~~TEST_06.TEST_06~~34~~STMT~~EVAL WORDINC = 1~~1
10:00:09.124 ~~TEST_06.TEST_06~~36~~STMT~~ITER
10:00:09.124 ~~TEST_06.TEST_06~~~~DATA~~I = 58~~59
10:00:09.125 ~~TEST_06.TEST_06~~31~~EXPR~~%LEN(SENTENCE)~~128
10:00:09.125 ~~TEST_06.TEST_06~~33~~EXPR~~%SUBST(SENTENCE : I : 1)~~
10:00:09.125 ~~TEST_06.TEST_06~~33~~EXPR~~%SUBST(SENTENCE : I : 1) = " "~~true
10:00:09.125 ~~TEST_06.TEST_06~~33~~STMT~~IF %SUBST(SENTENCE : I : 1) = " "~~true
10:00:09.125 ~~TEST_06.TEST_06~~~~DATA~~WORDINC = 1~~1
10:00:09.125 ~~TEST_06.TEST_06~~34~~STMT~~EVAL WORDINC = 1~~1
10:00:09.125 ~~TEST_06.TEST_06~~36~~STMT~~ITER
10:00:09.125 ~~TEST_06.TEST_06~~~~DATA~~I = 59~~60
10:00:09.125 ~~TEST_06.TEST_06~~31~~EXPR~~%LEN(SENTENCE)~~128
10:00:09.125 ~~TEST_06.TEST_06~~33~~EXPR~~%SUBST(SENTENCE : I : 1)~~
10:00:09.125 ~~TEST_06.TEST_06~~33~~EXPR~~%SUBST(SENTENCE : I : 1) = " "~~true
10:00:09.125 ~~TEST_06.TEST_06~~33~~STMT~~IF %SUBST(SENTENCE : I : 1) = " "~~true
10:00:09.125 ~~TEST_06.TEST_06~~~~DATA~~WORDINC = 1~~1
10:00:09.125 ~~TEST_06.TEST_06~~34~~STMT~~EVAL WORDINC = 1~~1
10:00:09.125 ~~TEST_06.TEST_06~~36~~STMT~~ITER
10:00:09.125 ~~TEST_06.TEST_06~~~~DATA~~I = 60~~61
10:00:09.125 ~~TEST_06.TEST_06~~31~~EXPR~~%LEN(SENTENCE)~~128
10:00:09.126 ~~TEST_06.TEST_06~~33~~EXPR~~%SUBST(SENTENCE : I : 1)~~
10:00:09.126 ~~TEST_06.TEST_06~~33~~EXPR~~%SUBST(SENTENCE : I : 1) = " "~~true
10:00:09.126 ~~TEST_06.TEST_06~~33~~STMT~~IF %SUBST(SENTENCE : I : 1) = " "~~true
10:00:09.126 ~~TEST_06.TEST_06~~~~DATA~~WORDINC = 1~~1
10:00:09.126 ~~TEST_06.TEST_06~~34~~STMT~~EVAL WORDINC = 1~~1
10:00:09.126 ~~TEST_06.TEST_06~~36~~STMT~~ITER
10:00:09.126 ~~TEST_06.TEST_06~~~~DATA~~I = 61~~62
10:00:09.126 ~~TEST_06.TEST_06~~31~~EXPR~~%LEN(SENTENCE)~~128
10:00:09.126 ~~TEST_06.TEST_06~~33~~EXPR~~%SUBST(SENTENCE : I : 1)~~
10:00:09.126 ~~TEST_06.TEST_06~~33~~EXPR~~%SUBST(SENTENCE : I : 1) = " "~~true
10:00:09.126 ~~TEST_06.TEST_06~~33~~STMT~~IF %SUBST(SENTENCE : I : 1) = " "~~true
10:00:09.126 ~~TEST_06.TEST_06~~~~DATA~~WORDINC = 1~~1
10:00:09.126 ~~TEST_06.TEST_06~~34~~STMT~~EVAL WORDINC = 1~~1
10:00:09.126 ~~TEST_06.TEST_06~~36~~STMT~~ITER
10:00:09.126 ~~TEST_06.TEST_06~~~~DATA~~I = 62~~63
10:00:09.126 ~~TEST_06.TEST_06~~31~~EXPR~~%LEN(SENTENCE)~~128
10:00:09.127 ~~TEST_06.TEST_06~~33~~EXPR~~%SUBST(SENTENCE : I : 1)~~
10:00:09.127 ~~TEST_06.TEST_06~~33~~EXPR~~%SUBST(SENTENCE : I : 1) = " "~~true
10:00:09.127 ~~TEST_06.TEST_06~~33~~STMT~~IF %SUBST(SENTENCE : I : 1) = " "~~true
10:00:09.127 ~~TEST_06.TEST_06~~~~DATA~~WORDINC = 1~~1
10:00:09.127 ~~TEST_06.TEST_06~~34~~STMT~~EVAL WORDINC = 1~~1
10:00:09.127 ~~TEST_06.TEST_06~~36~~STMT~~ITER
10:00:09.127 ~~TEST_06.TEST_06~~~~DATA~~I = 63~~64
10:00:09.127 ~~TEST_06.TEST_06~~31~~EXPR~~%LEN(SENTENCE)~~128
10:00:09.127 ~~TEST_06.TEST_06~~33~~EXPR~~%SUBST(SENTENCE : I : 1)~~
10:00:09.127 ~~TEST_06.TEST_06~~33~~EXPR~~%SUBST(SENTENCE : I : 1) = " "~~true
10:00:09.127 ~~TEST_06.TEST_06~~33~~STMT~~IF %SUBST(SENTENCE : I : 1) = " "~~true
10:00:09.127 ~~TEST_06.TEST_06~~~~DATA~~WORDINC = 1~~1
10:00:09.127 ~~TEST_06.TEST_06~~34~~STMT~~EVAL WORDINC = 1~~1
10:00:09.127 ~~TEST_06.TEST_06~~36~~STMT~~ITER
10:00:09.127 ~~TEST_06.TEST_06~~~~DATA~~I = 64~~65
10:00:09.127 ~~TEST_06.TEST_06~~31~~EXPR~~%LEN(SENTENCE)~~128
10:00:09.127 ~~TEST_06.TEST_06~~33~~EXPR~~%SUBST(SENTENCE : I : 1)~~
10:00:09.128 ~~TEST_06.TEST_06~~33~~EXPR~~%SUBST(SENTENCE : I : 1) = " "~~true
10:00:09.128 ~~TEST_06.TEST_06~~33~~STMT~~IF %SUBST(SENTENCE : I : 1) = " "~~true
10:00:09.128 ~~TEST_06.TEST_06~~~~DATA~~WORDINC = 1~~1
10:00:09.128 ~~TEST_06.TEST_06~~34~~STMT~~EVAL WORDINC = 1~~1
10:00:09.128 ~~TEST_06.TEST_06~~36~~STMT~~ITER
10:00:09.128 ~~TEST_06.TEST_06~~~~DATA~~I = 65~~66
10:00:09.128 ~~TEST_06.TEST_06~~31~~EXPR~~%LEN(SENTENCE)~~128
10:00:09.128 ~~TEST_06.TEST_06~~33~~EXPR~~%SUBST(SENTENCE : I : 1)~~
10:00:09.128 ~~TEST_06.TEST_06~~33~~EXPR~~%SUBST(SENTENCE : I : 1) = " "~~true
10:00:09.128 ~~TEST_06.TEST_06~~33~~STMT~~IF %SUBST(SENTENCE : I : 1) = " "~~true
10:00:09.128 ~~TEST_06.TEST_06~~~~DATA~~WORDINC = 1~~1
10:00:09.128 ~~TEST_06.TEST_06~~34~~STMT~~EVAL WORDINC = 1~~1
10:00:09.128 ~~TEST_06.TEST_06~~36~~STMT~~ITER
10:00:09.128 ~~TEST_06.TEST_06~~~~DATA~~I = 66~~67
10:00:09.128 ~~TEST_06.TEST_06~~31~~EXPR~~%LEN(SENTENCE)~~128
10:00:09.129 ~~TEST_06.TEST_06~~33~~EXPR~~%SUBST(SENTENCE : I : 1)~~
10:00:09.129 ~~TEST_06.TEST_06~~33~~EXPR~~%SUBST(SENTENCE : I : 1) = " "~~true
10:00:09.129 ~~TEST_06.TEST_06~~33~~STMT~~IF %SUBST(SENTENCE : I : 1) = " "~~true
10:00:09.129 ~~TEST_06.TEST_06~~~~DATA~~WORDINC = 1~~1
10:00:09.129 ~~TEST_06.TEST_06~~34~~STMT~~EVAL WORDINC = 1~~1
10:00:09.129 ~~TEST_06.TEST_06~~36~~STMT~~ITER
10:00:09.129 ~~TEST_06.TEST_06~~~~DATA~~I = 67~~68
10:00:09.129 ~~TEST_06.TEST_06~~31~~EXPR~~%LEN(SENTENCE)~~128
10:00:09.129 ~~TEST_06.TEST_06~~33~~EXPR~~%SUBST(SENTENCE : I : 1)~~
10:00:09.129 ~~TEST_06.TEST_06~~33~~EXPR~~%SUBST(SENTENCE : I : 1) = " "~~true
10:00:09.129 ~~TEST_06.TEST_06~~33~~STMT~~IF %SUBST(SENTENCE : I : 1) = " "~~true
10:00:09.129 ~~TEST_06.TEST_06~~~~DATA~~WORDINC = 1~~1
10:00:09.129 ~~TEST_06.TEST_06~~34~~STMT~~EVAL WORDINC = 1~~1
10:00:09.129 ~~TEST_06.TEST_06~~36~~STMT~~ITER
10:00:09.129 ~~TEST_06.TEST_06~~~~DATA~~I = 68~~69
10:00:09.129 ~~TEST_06.TEST_06~~31~~EXPR~~%LEN(SENTENCE)~~128
10:00:09.129 ~~TEST_06.TEST_06~~33~~EXPR~~%SUBST(SENTENCE : I : 1)~~
10:00:09.129 ~~TEST_06.TEST_06~~33~~EXPR~~%SUBST(SENTENCE : I : 1) = " "~~true
10:00:09.130 ~~TEST_06.TEST_06~~33~~STMT~~IF %SUBST(SENTENCE : I : 1) = " "~~true
10:00:09.130 ~~TEST_06.TEST_06~~~~DATA~~WORDINC = 1~~1
10:00:09.130 ~~TEST_06.TEST_06~~34~~STMT~~EVAL WORDINC = 1~~1
10:00:09.130 ~~TEST_06.TEST_06~~36~~STMT~~ITER
10:00:09.130 ~~TEST_06.TEST_06~~~~DATA~~I = 69~~70
10:00:09.130 ~~TEST_06.TEST_06~~31~~EXPR~~%LEN(SENTENCE)~~128
10:00:09.130 ~~TEST_06.TEST_06~~33~~EXPR~~%SUBST(SENTENCE : I : 1)~~
10:00:09.130 ~~TEST_06.TEST_06~~33~~EXPR~~%SUBST(SENTENCE : I : 1) = " "~~true
10:00:09.130 ~~TEST_06.TEST_06~~33~~STMT~~IF %SUBST(SENTENCE : I : 1) = " "~~true
10:00:09.130 ~~TEST_06.TEST_06~~~~DATA~~WORDINC = 1~~1
10:00:09.130 ~~TEST_06.TEST_06~~34~~STMT~~EVAL WORDINC = 1~~1
10:00:09.130 ~~TEST_06.TEST_06~~36~~STMT~~ITER
10:00:09.130 ~~TEST_06.TEST_06~~~~DATA~~I = 70~~71
10:00:09.130 ~~TEST_06.TEST_06~~31~~EXPR~~%LEN(SENTENCE)~~128
10:00:09.130 ~~TEST_06.TEST_06~~33~~EXPR~~%SUBST(SENTENCE : I : 1)~~
10:00:09.130 ~~TEST_06.TEST_06~~33~~EXPR~~%SUBST(SENTENCE : I : 1) = " "~~true
10:00:09.130 ~~TEST_06.TEST_06~~33~~STMT~~IF %SUBST(SENTENCE : I : 1) = " "~~true
10:00:09.131 ~~TEST_06.TEST_06~~~~DATA~~WORDINC = 1~~1
10:00:09.131 ~~TEST_06.TEST_06~~34~~STMT~~EVAL WORDINC = 1~~1
10:00:09.131 ~~TEST_06.TEST_06~~36~~STMT~~ITER
10:00:09.131 ~~TEST_06.TEST_06~~~~DATA~~I = 71~~72
10:00:09.131 ~~TEST_06.TEST_06~~31~~EXPR~~%LEN(SENTENCE)~~128
10:00:09.131 ~~TEST_06.TEST_06~~33~~EXPR~~%SUBST(SENTENCE : I : 1)~~
10:00:09.131 ~~TEST_06.TEST_06~~33~~EXPR~~%SUBST(SENTENCE : I : 1) = " "~~true
10:00:09.131 ~~TEST_06.TEST_06~~33~~STMT~~IF %SUBST(SENTENCE : I : 1) = " "~~true
10:00:09.131 ~~TEST_06.TEST_06~~~~DATA~~WORDINC = 1~~1
10:00:09.131 ~~TEST_06.TEST_06~~34~~STMT~~EVAL WORDINC = 1~~1
10:00:09.131 ~~TEST_06.TEST_06~~36~~STMT~~ITER
10:00:09.131 ~~TEST_06.TEST_06~~~~DATA~~I = 72~~73
10:00:09.131 ~~TEST_06.TEST_06~~31~~EXPR~~%LEN(SENTENCE)~~128
10:00:09.131 ~~TEST_06.TEST_06~~33~~EXPR~~%SUBST(SENTENCE : I : 1)~~
10:00:09.131 ~~TEST_06.TEST_06~~33~~EXPR~~%SUBST(SENTENCE : I : 1) = " "~~true
10:00:09.131 ~~TEST_06.TEST_06~~33~~STMT~~IF %SUBST(SENTENCE : I : 1) = " "~~true
10:00:09.131 ~~TEST_06.TEST_06~~~~DATA~~WORDINC = 1~~1
10:00:09.131 ~~TEST_06.TEST_06~~34~~STMT~~EVAL WORDINC = 1~~1
10:00:09.132 ~~TEST_06.TEST_06~~36~~STMT~~ITER
10:00:09.132 ~~TEST_06.TEST_06~~~~DATA~~I = 73~~74
10:00:09.132 ~~TEST_06.TEST_06~~31~~EXPR~~%LEN(SENTENCE)~~128
10:00:09.132 ~~TEST_06.TEST_06~~33~~EXPR~~%SUBST(SENTENCE : I : 1)~~
10:00:09.132 ~~TEST_06.TEST_06~~33~~EXPR~~%SUBST(SENTENCE : I : 1) = " "~~true
10:00:09.132 ~~TEST_06.TEST_06~~33~~STMT~~IF %SUBST(SENTENCE : I : 1) = " "~~true
10:00:09.132 ~~TEST_06.TEST_06~~~~DATA~~WORDINC = 1~~1
10:00:09.132 ~~TEST_06.TEST_06~~34~~STMT~~EVAL WORDINC = 1~~1
10:00:09.132 ~~TEST_06.TEST_06~~36~~STMT~~ITER
10:00:09.132 ~~TEST_06.TEST_06~~~~DATA~~I = 74~~75
10:00:09.132 ~~TEST_06.TEST_06~~31~~EXPR~~%LEN(SENTENCE)~~128
10:00:09.132 ~~TEST_06.TEST_06~~33~~EXPR~~%SUBST(SENTENCE : I : 1)~~
10:00:09.132 ~~TEST_06.TEST_06~~33~~EXPR~~%SUBST(SENTENCE : I : 1) = " "~~true
10:00:09.132 ~~TEST_06.TEST_06~~33~~STMT~~IF %SUBST(SENTENCE : I : 1) = " "~~true
10:00:09.133 ~~TEST_06.TEST_06~~~~DATA~~WORDINC = 1~~1
10:00:09.133 ~~TEST_06.TEST_06~~34~~STMT~~EVAL WORDINC = 1~~1
10:00:09.133 ~~TEST_06.TEST_06~~36~~STMT~~ITER
10:00:09.133 ~~TEST_06.TEST_06~~~~DATA~~I = 75~~76
10:00:09.133 ~~TEST_06.TEST_06~~31~~EXPR~~%LEN(SENTENCE)~~128
10:00:09.133 ~~TEST_06.TEST_06~~33~~EXPR~~%SUBST(SENTENCE : I : 1)~~
10:00:09.133 ~~TEST_06.TEST_06~~33~~EXPR~~%SUBST(SENTENCE : I : 1) = " "~~true
10:00:09.133 ~~TEST_06.TEST_06~~33~~STMT~~IF %SUBST(SENTENCE : I : 1) = " "~~true
10:00:09.133 ~~TEST_06.TEST_06~~~~DATA~~WORDINC = 1~~1
10:00:09.133 ~~TEST_06.TEST_06~~34~~STMT~~EVAL WORDINC = 1~~1
10:00:09.133 ~~TEST_06.TEST_06~~36~~STMT~~ITER
10:00:09.133 ~~TEST_06.TEST_06~~~~DATA~~I = 76~~77
10:00:09.133 ~~TEST_06.TEST_06~~31~~EXPR~~%LEN(SENTENCE)~~128
10:00:09.133 ~~TEST_06.TEST_06~~33~~EXPR~~%SUBST(SENTENCE : I : 1)~~
10:00:09.134 ~~TEST_06.TEST_06~~33~~EXPR~~%SUBST(SENTENCE : I : 1) = " "~~true
10:00:09.134 ~~TEST_06.TEST_06~~33~~STMT~~IF %SUBST(SENTENCE : I : 1) = " "~~true
10:00:09.134 ~~TEST_06.TEST_06~~~~DATA~~WORDINC = 1~~1
10:00:09.134 ~~TEST_06.TEST_06~~34~~STMT~~EVAL WORDINC = 1~~1
10:00:09.134 ~~TEST_06.TEST_06~~36~~STMT~~ITER
10:00:09.134 ~~TEST_06.TEST_06~~~~DATA~~I = 77~~78
10:00:09.134 ~~TEST_06.TEST_06~~31~~EXPR~~%LEN(SENTENCE)~~128
10:00:09.134 ~~TEST_06.TEST_06~~33~~EXPR~~%SUBST(SENTENCE : I : 1)~~
10:00:09.134 ~~TEST_06.TEST_06~~33~~EXPR~~%SUBST(SENTENCE : I : 1) = " "~~true
10:00:09.134 ~~TEST_06.TEST_06~~33~~STMT~~IF %SUBST(SENTENCE : I : 1) = " "~~true
10:00:09.134 ~~TEST_06.TEST_06~~~~DATA~~WORDINC = 1~~1
10:00:09.134 ~~TEST_06.TEST_06~~34~~STMT~~EVAL WORDINC = 1~~1
10:00:09.134 ~~TEST_06.TEST_06~~36~~STMT~~ITER
10:00:09.134 ~~TEST_06.TEST_06~~~~DATA~~I = 78~~79
10:00:09.134 ~~TEST_06.TEST_06~~31~~EXPR~~%LEN(SENTENCE)~~128
10:00:09.134 ~~TEST_06.TEST_06~~33~~EXPR~~%SUBST(SENTENCE : I : 1)~~
10:00:09.134 ~~TEST_06.TEST_06~~33~~EXPR~~%SUBST(SENTENCE : I : 1) = " "~~true
10:00:09.135 ~~TEST_06.TEST_06~~33~~STMT~~IF %SUBST(SENTENCE : I : 1) = " "~~true
10:00:09.135 ~~TEST_06.TEST_06~~~~DATA~~WORDINC = 1~~1
10:00:09.135 ~~TEST_06.TEST_06~~34~~STMT~~EVAL WORDINC = 1~~1
10:00:09.135 ~~TEST_06.TEST_06~~36~~STMT~~ITER
10:00:09.135 ~~TEST_06.TEST_06~~~~DATA~~I = 79~~80
10:00:09.135 ~~TEST_06.TEST_06~~31~~EXPR~~%LEN(SENTENCE)~~128
10:00:09.135 ~~TEST_06.TEST_06~~33~~EXPR~~%SUBST(SENTENCE : I : 1)~~
10:00:09.135 ~~TEST_06.TEST_06~~33~~EXPR~~%SUBST(SENTENCE : I : 1) = " "~~true
10:00:09.135 ~~TEST_06.TEST_06~~33~~STMT~~IF %SUBST(SENTENCE : I : 1) = " "~~true
10:00:09.135 ~~TEST_06.TEST_06~~~~DATA~~WORDINC = 1~~1
10:00:09.135 ~~TEST_06.TEST_06~~34~~STMT~~EVAL WORDINC = 1~~1
10:00:09.135 ~~TEST_06.TEST_06~~36~~STMT~~ITER
10:00:09.135 ~~TEST_06.TEST_06~~~~DATA~~I = 80~~81
10:00:09.135 ~~TEST_06.TEST_06~~31~~EXPR~~%LEN(SENTENCE)~~128
10:00:09.135 ~~TEST_06.TEST_06~~33~~EXPR~~%SUBST(SENTENCE : I : 1)~~
10:00:09.135 ~~TEST_06.TEST_06~~33~~EXPR~~%SUBST(SENTENCE : I : 1) = " "~~true
10:00:09.136 ~~TEST_06.TEST_06~~33~~STMT~~IF %SUBST(SENTENCE : I : 1) = " "~~true
10:00:09.136 ~~TEST_06.TEST_06~~~~DATA~~WORDINC = 1~~1
10:00:09.136 ~~TEST_06.TEST_06~~34~~STMT~~EVAL WORDINC = 1~~1
10:00:09.136 ~~TEST_06.TEST_06~~36~~STMT~~ITER
10:00:09.136 ~~TEST_06.TEST_06~~~~DATA~~I = 81~~82
10:00:09.136 ~~TEST_06.TEST_06~~31~~EXPR~~%LEN(SENTENCE)~~128
10:00:09.136 ~~TEST_06.TEST_06~~33~~EXPR~~%SUBST(SENTENCE : I : 1)~~
10:00:09.136 ~~TEST_06.TEST_06~~33~~EXPR~~%SUBST(SENTENCE : I : 1) = " "~~true
10:00:09.136 ~~TEST_06.TEST_06~~33~~STMT~~IF %SUBST(SENTENCE : I : 1) = " "~~true
10:00:09.136 ~~TEST_06.TEST_06~~~~DATA~~WORDINC = 1~~1
10:00:09.136 ~~TEST_06.TEST_06~~34~~STMT~~EVAL WORDINC = 1~~1
10:00:09.136 ~~TEST_06.TEST_06~~36~~STMT~~ITER
10:00:09.136 ~~TEST_06.TEST_06~~~~DATA~~I = 82~~83
10:00:09.136 ~~TEST_06.TEST_06~~31~~EXPR~~%LEN(SENTENCE)~~128
10:00:09.136 ~~TEST_06.TEST_06~~33~~EXPR~~%SUBST(SENTENCE : I : 1)~~
10:00:09.136 ~~TEST_06.TEST_06~~33~~EXPR~~%SUBST(SENTENCE : I : 1) = " "~~true
10:00:09.136 ~~TEST_06.TEST_06~~33~~STMT~~IF %SUBST(SENTENCE : I : 1) = " "~~true
10:00:09.137 ~~TEST_06.TEST_06~~~~DATA~~WORDINC = 1~~1
10:00:09.137 ~~TEST_06.TEST_06~~34~~STMT~~EVAL WORDINC = 1~~1
10:00:09.137 ~~TEST_06.TEST_06~~36~~STMT~~ITER
10:00:09.137 ~~TEST_06.TEST_06~~~~DATA~~I = 83~~84
10:00:09.137 ~~TEST_06.TEST_06~~31~~EXPR~~%LEN(SENTENCE)~~128
10:00:09.137 ~~TEST_06.TEST_06~~33~~EXPR~~%SUBST(SENTENCE : I : 1)~~
10:00:09.137 ~~TEST_06.TEST_06~~33~~EXPR~~%SUBST(SENTENCE : I : 1) = " "~~true
10:00:09.137 ~~TEST_06.TEST_06~~33~~STMT~~IF %SUBST(SENTENCE : I : 1) = " "~~true
10:00:09.137 ~~TEST_06.TEST_06~~~~DATA~~WORDINC = 1~~1
10:00:09.137 ~~TEST_06.TEST_06~~34~~STMT~~EVAL WORDINC = 1~~1
10:00:09.137 ~~TEST_06.TEST_06~~36~~STMT~~ITER
10:00:09.137 ~~TEST_06.TEST_06~~~~DATA~~I = 84~~85
10:00:09.137 ~~TEST_06.TEST_06~~31~~EXPR~~%LEN(SENTENCE)~~128
10:00:09.137 ~~TEST_06.TEST_06~~33~~EXPR~~%SUBST(SENTENCE : I : 1)~~
10:00:09.137 ~~TEST_06.TEST_06~~33~~EXPR~~%SUBST(SENTENCE : I : 1) = " "~~true
10:00:09.138 ~~TEST_06.TEST_06~~33~~STMT~~IF %SUBST(SENTENCE : I : 1) = " "~~true
10:00:09.138 ~~TEST_06.TEST_06~~~~DATA~~WORDINC = 1~~1
10:00:09.138 ~~TEST_06.TEST_06~~34~~STMT~~EVAL WORDINC = 1~~1
10:00:09.138 ~~TEST_06.TEST_06~~36~~STMT~~ITER
10:00:09.138 ~~TEST_06.TEST_06~~~~DATA~~I = 85~~86
10:00:09.138 ~~TEST_06.TEST_06~~31~~EXPR~~%LEN(SENTENCE)~~128
10:00:09.138 ~~TEST_06.TEST_06~~33~~EXPR~~%SUBST(SENTENCE : I : 1)~~
10:00:09.139 ~~TEST_06.TEST_06~~33~~EXPR~~%SUBST(SENTENCE : I : 1) = " "~~true
10:00:09.139 ~~TEST_06.TEST_06~~33~~STMT~~IF %SUBST(SENTENCE : I : 1) = " "~~true
10:00:09.139 ~~TEST_06.TEST_06~~~~DATA~~WORDINC = 1~~1
10:00:09.139 ~~TEST_06.TEST_06~~34~~STMT~~EVAL WORDINC = 1~~1
10:00:09.139 ~~TEST_06.TEST_06~~36~~STMT~~ITER
10:00:09.139 ~~TEST_06.TEST_06~~~~DATA~~I = 86~~87
10:00:09.139 ~~TEST_06.TEST_06~~31~~EXPR~~%LEN(SENTENCE)~~128
10:00:09.139 ~~TEST_06.TEST_06~~33~~EXPR~~%SUBST(SENTENCE : I : 1)~~
10:00:09.139 ~~TEST_06.TEST_06~~33~~EXPR~~%SUBST(SENTENCE : I : 1) = " "~~true
10:00:09.139 ~~TEST_06.TEST_06~~33~~STMT~~IF %SUBST(SENTENCE : I : 1) = " "~~true
10:00:09.139 ~~TEST_06.TEST_06~~~~DATA~~WORDINC = 1~~1
10:00:09.139 ~~TEST_06.TEST_06~~34~~STMT~~EVAL WORDINC = 1~~1
10:00:09.140 ~~TEST_06.TEST_06~~36~~STMT~~ITER
10:00:09.140 ~~TEST_06.TEST_06~~~~DATA~~I = 87~~88
10:00:09.140 ~~TEST_06.TEST_06~~31~~EXPR~~%LEN(SENTENCE)~~128
10:00:09.140 ~~TEST_06.TEST_06~~33~~EXPR~~%SUBST(SENTENCE : I : 1)~~
10:00:09.140 ~~TEST_06.TEST_06~~33~~EXPR~~%SUBST(SENTENCE : I : 1) = " "~~true
10:00:09.140 ~~TEST_06.TEST_06~~33~~STMT~~IF %SUBST(SENTENCE : I : 1) = " "~~true
10:00:09.140 ~~TEST_06.TEST_06~~~~DATA~~WORDINC = 1~~1
10:00:09.140 ~~TEST_06.TEST_06~~34~~STMT~~EVAL WORDINC = 1~~1
10:00:09.140 ~~TEST_06.TEST_06~~36~~STMT~~ITER
10:00:09.140 ~~TEST_06.TEST_06~~~~DATA~~I = 88~~89
10:00:09.140 ~~TEST_06.TEST_06~~31~~EXPR~~%LEN(SENTENCE)~~128
10:00:09.140 ~~TEST_06.TEST_06~~33~~EXPR~~%SUBST(SENTENCE : I : 1)~~
10:00:09.141 ~~TEST_06.TEST_06~~33~~EXPR~~%SUBST(SENTENCE : I : 1) = " "~~true
10:00:09.141 ~~TEST_06.TEST_06~~33~~STMT~~IF %SUBST(SENTENCE : I : 1) = " "~~true
10:00:09.141 ~~TEST_06.TEST_06~~~~DATA~~WORDINC = 1~~1
10:00:09.141 ~~TEST_06.TEST_06~~34~~STMT~~EVAL WORDINC = 1~~1
10:00:09.141 ~~TEST_06.TEST_06~~36~~STMT~~ITER
10:00:09.141 ~~TEST_06.TEST_06~~~~DATA~~I = 89~~90
10:00:09.141 ~~TEST_06.TEST_06~~31~~EXPR~~%LEN(SENTENCE)~~128
10:00:09.141 ~~TEST_06.TEST_06~~33~~EXPR~~%SUBST(SENTENCE : I : 1)~~
10:00:09.141 ~~TEST_06.TEST_06~~33~~EXPR~~%SUBST(SENTENCE : I : 1) = " "~~true
10:00:09.141 ~~TEST_06.TEST_06~~33~~STMT~~IF %SUBST(SENTENCE : I : 1) = " "~~true
10:00:09.141 ~~TEST_06.TEST_06~~~~DATA~~WORDINC = 1~~1
10:00:09.141 ~~TEST_06.TEST_06~~34~~STMT~~EVAL WORDINC = 1~~1
10:00:09.141 ~~TEST_06.TEST_06~~36~~STMT~~ITER
10:00:09.141 ~~TEST_06.TEST_06~~~~DATA~~I = 90~~91
10:00:09.142 ~~TEST_06.TEST_06~~31~~EXPR~~%LEN(SENTENCE)~~128
10:00:09.142 ~~TEST_06.TEST_06~~33~~EXPR~~%SUBST(SENTENCE : I : 1)~~
10:00:09.142 ~~TEST_06.TEST_06~~33~~EXPR~~%SUBST(SENTENCE : I : 1) = " "~~true
10:00:09.142 ~~TEST_06.TEST_06~~33~~STMT~~IF %SUBST(SENTENCE : I : 1) = " "~~true
10:00:09.142 ~~TEST_06.TEST_06~~~~DATA~~WORDINC = 1~~1
10:00:09.142 ~~TEST_06.TEST_06~~34~~STMT~~EVAL WORDINC = 1~~1
10:00:09.142 ~~TEST_06.TEST_06~~36~~STMT~~ITER
10:00:09.142 ~~TEST_06.TEST_06~~~~DATA~~I = 91~~92
10:00:09.142 ~~TEST_06.TEST_06~~31~~EXPR~~%LEN(SENTENCE)~~128
10:00:09.142 ~~TEST_06.TEST_06~~33~~EXPR~~%SUBST(SENTENCE : I : 1)~~
10:00:09.142 ~~TEST_06.TEST_06~~33~~EXPR~~%SUBST(SENTENCE : I : 1) = " "~~true
10:00:09.143 ~~TEST_06.TEST_06~~33~~STMT~~IF %SUBST(SENTENCE : I : 1) = " "~~true
10:00:09.143 ~~TEST_06.TEST_06~~~~DATA~~WORDINC = 1~~1
10:00:09.143 ~~TEST_06.TEST_06~~34~~STMT~~EVAL WORDINC = 1~~1
10:00:09.143 ~~TEST_06.TEST_06~~36~~STMT~~ITER
10:00:09.143 ~~TEST_06.TEST_06~~~~DATA~~I = 92~~93
10:00:09.143 ~~TEST_06.TEST_06~~31~~EXPR~~%LEN(SENTENCE)~~128
10:00:09.143 ~~TEST_06.TEST_06~~33~~EXPR~~%SUBST(SENTENCE : I : 1)~~
10:00:09.143 ~~TEST_06.TEST_06~~33~~EXPR~~%SUBST(SENTENCE : I : 1) = " "~~true
10:00:09.143 ~~TEST_06.TEST_06~~33~~STMT~~IF %SUBST(SENTENCE : I : 1) = " "~~true
10:00:09.143 ~~TEST_06.TEST_06~~~~DATA~~WORDINC = 1~~1
10:00:09.143 ~~TEST_06.TEST_06~~34~~STMT~~EVAL WORDINC = 1~~1
10:00:09.143 ~~TEST_06.TEST_06~~36~~STMT~~ITER
10:00:09.143 ~~TEST_06.TEST_06~~~~DATA~~I = 93~~94
10:00:09.144 ~~TEST_06.TEST_06~~31~~EXPR~~%LEN(SENTENCE)~~128
10:00:09.144 ~~TEST_06.TEST_06~~33~~EXPR~~%SUBST(SENTENCE : I : 1)~~
10:00:09.144 ~~TEST_06.TEST_06~~33~~EXPR~~%SUBST(SENTENCE : I : 1) = " "~~true
10:00:09.144 ~~TEST_06.TEST_06~~33~~STMT~~IF %SUBST(SENTENCE : I : 1) = " "~~true
10:00:09.144 ~~TEST_06.TEST_06~~~~DATA~~WORDINC = 1~~1
10:00:09.144 ~~TEST_06.TEST_06~~34~~STMT~~EVAL WORDINC = 1~~1
10:00:09.144 ~~TEST_06.TEST_06~~36~~STMT~~ITER
10:00:09.144 ~~TEST_06.TEST_06~~~~DATA~~I = 94~~95
10:00:09.144 ~~TEST_06.TEST_06~~31~~EXPR~~%LEN(SENTENCE)~~128
10:00:09.144 ~~TEST_06.TEST_06~~33~~EXPR~~%SUBST(SENTENCE : I : 1)~~
10:00:09.144 ~~TEST_06.TEST_06~~33~~EXPR~~%SUBST(SENTENCE : I : 1) = " "~~true
10:00:09.144 ~~TEST_06.TEST_06~~33~~STMT~~IF %SUBST(SENTENCE : I : 1) = " "~~true
10:00:09.144 ~~TEST_06.TEST_06~~~~DATA~~WORDINC = 1~~1
10:00:09.145 ~~TEST_06.TEST_06~~34~~STMT~~EVAL WORDINC = 1~~1
10:00:09.145 ~~TEST_06.TEST_06~~36~~STMT~~ITER
10:00:09.145 ~~TEST_06.TEST_06~~~~DATA~~I = 95~~96
10:00:09.145 ~~TEST_06.TEST_06~~31~~EXPR~~%LEN(SENTENCE)~~128
10:00:09.145 ~~TEST_06.TEST_06~~33~~EXPR~~%SUBST(SENTENCE : I : 1)~~
10:00:09.145 ~~TEST_06.TEST_06~~33~~EXPR~~%SUBST(SENTENCE : I : 1) = " "~~true
10:00:09.145 ~~TEST_06.TEST_06~~33~~STMT~~IF %SUBST(SENTENCE : I : 1) = " "~~true
10:00:09.145 ~~TEST_06.TEST_06~~~~DATA~~WORDINC = 1~~1
10:00:09.145 ~~TEST_06.TEST_06~~34~~STMT~~EVAL WORDINC = 1~~1
10:00:09.145 ~~TEST_06.TEST_06~~36~~STMT~~ITER
10:00:09.145 ~~TEST_06.TEST_06~~~~DATA~~I = 96~~97
10:00:09.145 ~~TEST_06.TEST_06~~31~~EXPR~~%LEN(SENTENCE)~~128
10:00:09.145 ~~TEST_06.TEST_06~~33~~EXPR~~%SUBST(SENTENCE : I : 1)~~
10:00:09.146 ~~TEST_06.TEST_06~~33~~EXPR~~%SUBST(SENTENCE : I : 1) = " "~~true
10:00:09.146 ~~TEST_06.TEST_06~~33~~STMT~~IF %SUBST(SENTENCE : I : 1) = " "~~true
10:00:09.146 ~~TEST_06.TEST_06~~~~DATA~~WORDINC = 1~~1
10:00:09.146 ~~TEST_06.TEST_06~~34~~STMT~~EVAL WORDINC = 1~~1
10:00:09.146 ~~TEST_06.TEST_06~~36~~STMT~~ITER
10:00:09.146 ~~TEST_06.TEST_06~~~~DATA~~I = 97~~98
10:00:09.146 ~~TEST_06.TEST_06~~31~~EXPR~~%LEN(SENTENCE)~~128
10:00:09.146 ~~TEST_06.TEST_06~~33~~EXPR~~%SUBST(SENTENCE : I : 1)~~
10:00:09.146 ~~TEST_06.TEST_06~~33~~EXPR~~%SUBST(SENTENCE : I : 1) = " "~~true
10:00:09.146 ~~TEST_06.TEST_06~~33~~STMT~~IF %SUBST(SENTENCE : I : 1) = " "~~true
10:00:09.146 ~~TEST_06.TEST_06~~~~DATA~~WORDINC = 1~~1
10:00:09.146 ~~TEST_06.TEST_06~~34~~STMT~~EVAL WORDINC = 1~~1
10:00:09.146 ~~TEST_06.TEST_06~~36~~STMT~~ITER
10:00:09.146 ~~TEST_06.TEST_06~~~~DATA~~I = 98~~99
10:00:09.147 ~~TEST_06.TEST_06~~31~~EXPR~~%LEN(SENTENCE)~~128
10:00:09.147 ~~TEST_06.TEST_06~~33~~EXPR~~%SUBST(SENTENCE : I : 1)~~
10:00:09.147 ~~TEST_06.TEST_06~~33~~EXPR~~%SUBST(SENTENCE : I : 1) = " "~~true
10:00:09.147 ~~TEST_06.TEST_06~~33~~STMT~~IF %SUBST(SENTENCE : I : 1) = " "~~true
10:00:09.147 ~~TEST_06.TEST_06~~~~DATA~~WORDINC = 1~~1
10:00:09.147 ~~TEST_06.TEST_06~~34~~STMT~~EVAL WORDINC = 1~~1
10:00:09.147 ~~TEST_06.TEST_06~~36~~STMT~~ITER
10:00:09.147 ~~TEST_06.TEST_06~~~~DATA~~I = 99~~100
10:00:09.147 ~~TEST_06.TEST_06~~31~~EXPR~~%LEN(SENTENCE)~~128
10:00:09.147 ~~TEST_06.TEST_06~~33~~EXPR~~%SUBST(SENTENCE : I : 1)~~
10:00:09.147 ~~TEST_06.TEST_06~~33~~EXPR~~%SUBST(SENTENCE : I : 1) = " "~~true
10:00:09.147 ~~TEST_06.TEST_06~~33~~STMT~~IF %SUBST(SENTENCE : I : 1) = " "~~true
10:00:09.147 ~~TEST_06.TEST_06~~~~DATA~~WORDINC = 1~~1
10:00:09.147 ~~TEST_06.TEST_06~~34~~STMT~~EVAL WORDINC = 1~~1
10:00:09.148 ~~TEST_06.TEST_06~~36~~STMT~~ITER
10:00:09.148 ~~TEST_06.TEST_06~~~~DATA~~I = 100~~101
10:00:09.148 ~~TEST_06.TEST_06~~31~~EXPR~~%LEN(SENTENCE)~~128
10:00:09.148 ~~TEST_06.TEST_06~~33~~EXPR~~%SUBST(SENTENCE : I : 1)~~
10:00:09.148 ~~TEST_06.TEST_06~~33~~EXPR~~%SUBST(SENTENCE : I : 1) = " "~~true
10:00:09.148 ~~TEST_06.TEST_06~~33~~STMT~~IF %SUBST(SENTENCE : I : 1) = " "~~true
10:00:09.148 ~~TEST_06.TEST_06~~~~DATA~~WORDINC = 1~~1
10:00:09.148 ~~TEST_06.TEST_06~~34~~STMT~~EVAL WORDINC = 1~~1
10:00:09.148 ~~TEST_06.TEST_06~~36~~STMT~~ITER
10:00:09.148 ~~TEST_06.TEST_06~~~~DATA~~I = 101~~102
10:00:09.148 ~~TEST_06.TEST_06~~31~~EXPR~~%LEN(SENTENCE)~~128
10:00:09.148 ~~TEST_06.TEST_06~~33~~EXPR~~%SUBST(SENTENCE : I : 1)~~
10:00:09.148 ~~TEST_06.TEST_06~~33~~EXPR~~%SUBST(SENTENCE : I : 1) = " "~~true
10:00:09.148 ~~TEST_06.TEST_06~~33~~STMT~~IF %SUBST(SENTENCE : I : 1) = " "~~true
10:00:09.148 ~~TEST_06.TEST_06~~~~DATA~~WORDINC = 1~~1
10:00:09.148 ~~TEST_06.TEST_06~~34~~STMT~~EVAL WORDINC = 1~~1
10:00:09.149 ~~TEST_06.TEST_06~~36~~STMT~~ITER
10:00:09.149 ~~TEST_06.TEST_06~~~~DATA~~I = 102~~103
10:00:09.149 ~~TEST_06.TEST_06~~31~~EXPR~~%LEN(SENTENCE)~~128
10:00:09.149 ~~TEST_06.TEST_06~~33~~EXPR~~%SUBST(SENTENCE : I : 1)~~
10:00:09.149 ~~TEST_06.TEST_06~~33~~EXPR~~%SUBST(SENTENCE : I : 1) = " "~~true
10:00:09.149 ~~TEST_06.TEST_06~~33~~STMT~~IF %SUBST(SENTENCE : I : 1) = " "~~true
10:00:09.149 ~~TEST_06.TEST_06~~~~DATA~~WORDINC = 1~~1
10:00:09.149 ~~TEST_06.TEST_06~~34~~STMT~~EVAL WORDINC = 1~~1
10:00:09.149 ~~TEST_06.TEST_06~~36~~STMT~~ITER
10:00:09.149 ~~TEST_06.TEST_06~~~~DATA~~I = 103~~104
10:00:09.149 ~~TEST_06.TEST_06~~31~~EXPR~~%LEN(SENTENCE)~~128
10:00:09.149 ~~TEST_06.TEST_06~~33~~EXPR~~%SUBST(SENTENCE : I : 1)~~
10:00:09.149 ~~TEST_06.TEST_06~~33~~EXPR~~%SUBST(SENTENCE : I : 1) = " "~~true
10:00:09.149 ~~TEST_06.TEST_06~~33~~STMT~~IF %SUBST(SENTENCE : I : 1) = " "~~true
10:00:09.149 ~~TEST_06.TEST_06~~~~DATA~~WORDINC = 1~~1
10:00:09.149 ~~TEST_06.TEST_06~~34~~STMT~~EVAL WORDINC = 1~~1
10:00:09.150 ~~TEST_06.TEST_06~~36~~STMT~~ITER
10:00:09.150 ~~TEST_06.TEST_06~~~~DATA~~I = 104~~105
10:00:09.150 ~~TEST_06.TEST_06~~31~~EXPR~~%LEN(SENTENCE)~~128
10:00:09.150 ~~TEST_06.TEST_06~~33~~EXPR~~%SUBST(SENTENCE : I : 1)~~
10:00:09.150 ~~TEST_06.TEST_06~~33~~EXPR~~%SUBST(SENTENCE : I : 1) = " "~~true
10:00:09.150 ~~TEST_06.TEST_06~~33~~STMT~~IF %SUBST(SENTENCE : I : 1) = " "~~true
10:00:09.150 ~~TEST_06.TEST_06~~~~DATA~~WORDINC = 1~~1
10:00:09.150 ~~TEST_06.TEST_06~~34~~STMT~~EVAL WORDINC = 1~~1
10:00:09.150 ~~TEST_06.TEST_06~~36~~STMT~~ITER
10:00:09.150 ~~TEST_06.TEST_06~~~~DATA~~I = 105~~106
10:00:09.150 ~~TEST_06.TEST_06~~31~~EXPR~~%LEN(SENTENCE)~~128
10:00:09.150 ~~TEST_06.TEST_06~~33~~EXPR~~%SUBST(SENTENCE : I : 1)~~
10:00:09.151 ~~TEST_06.TEST_06~~33~~EXPR~~%SUBST(SENTENCE : I : 1) = " "~~true
10:00:09.151 ~~TEST_06.TEST_06~~33~~STMT~~IF %SUBST(SENTENCE : I : 1) = " "~~true
10:00:09.151 ~~TEST_06.TEST_06~~~~DATA~~WORDINC = 1~~1
10:00:09.151 ~~TEST_06.TEST_06~~34~~STMT~~EVAL WORDINC = 1~~1
10:00:09.151 ~~TEST_06.TEST_06~~36~~STMT~~ITER
10:00:09.151 ~~TEST_06.TEST_06~~~~DATA~~I = 106~~107
10:00:09.151 ~~TEST_06.TEST_06~~31~~EXPR~~%LEN(SENTENCE)~~128
10:00:09.151 ~~TEST_06.TEST_06~~33~~EXPR~~%SUBST(SENTENCE : I : 1)~~
10:00:09.151 ~~TEST_06.TEST_06~~33~~EXPR~~%SUBST(SENTENCE : I : 1) = " "~~true
10:00:09.151 ~~TEST_06.TEST_06~~33~~STMT~~IF %SUBST(SENTENCE : I : 1) = " "~~true
10:00:09.151 ~~TEST_06.TEST_06~~~~DATA~~WORDINC = 1~~1
10:00:09.151 ~~TEST_06.TEST_06~~34~~STMT~~EVAL WORDINC = 1~~1
10:00:09.151 ~~TEST_06.TEST_06~~36~~STMT~~ITER
10:00:09.151 ~~TEST_06.TEST_06~~~~DATA~~I = 107~~108
10:00:09.152 ~~TEST_06.TEST_06~~31~~EXPR~~%LEN(SENTENCE)~~128
10:00:09.152 ~~TEST_06.TEST_06~~33~~EXPR~~%SUBST(SENTENCE : I : 1)~~
10:00:09.152 ~~TEST_06.TEST_06~~33~~EXPR~~%SUBST(SENTENCE : I : 1) = " "~~true
10:00:09.152 ~~TEST_06.TEST_06~~33~~STMT~~IF %SUBST(SENTENCE : I : 1) = " "~~true
10:00:09.152 ~~TEST_06.TEST_06~~~~DATA~~WORDINC = 1~~1
10:00:09.152 ~~TEST_06.TEST_06~~34~~STMT~~EVAL WORDINC = 1~~1
10:00:09.152 ~~TEST_06.TEST_06~~36~~STMT~~ITER
10:00:09.152 ~~TEST_06.TEST_06~~~~DATA~~I = 108~~109
10:00:09.152 ~~TEST_06.TEST_06~~31~~EXPR~~%LEN(SENTENCE)~~128
10:00:09.152 ~~TEST_06.TEST_06~~33~~EXPR~~%SUBST(SENTENCE : I : 1)~~
10:00:09.152 ~~TEST_06.TEST_06~~33~~EXPR~~%SUBST(SENTENCE : I : 1) = " "~~true
10:00:09.152 ~~TEST_06.TEST_06~~33~~STMT~~IF %SUBST(SENTENCE : I : 1) = " "~~true
10:00:09.152 ~~TEST_06.TEST_06~~~~DATA~~WORDINC = 1~~1
10:00:09.153 ~~TEST_06.TEST_06~~34~~STMT~~EVAL WORDINC = 1~~1
10:00:09.153 ~~TEST_06.TEST_06~~36~~STMT~~ITER
10:00:09.153 ~~TEST_06.TEST_06~~~~DATA~~I = 109~~110
10:00:09.153 ~~TEST_06.TEST_06~~31~~EXPR~~%LEN(SENTENCE)~~128
10:00:09.153 ~~TEST_06.TEST_06~~33~~EXPR~~%SUBST(SENTENCE : I : 1)~~
10:00:09.153 ~~TEST_06.TEST_06~~33~~EXPR~~%SUBST(SENTENCE : I : 1) = " "~~true
10:00:09.153 ~~TEST_06.TEST_06~~33~~STMT~~IF %SUBST(SENTENCE : I : 1) = " "~~true
10:00:09.153 ~~TEST_06.TEST_06~~~~DATA~~WORDINC = 1~~1
10:00:09.153 ~~TEST_06.TEST_06~~34~~STMT~~EVAL WORDINC = 1~~1
10:00:09.153 ~~TEST_06.TEST_06~~36~~STMT~~ITER
10:00:09.153 ~~TEST_06.TEST_06~~~~DATA~~I = 110~~111
10:00:09.153 ~~TEST_06.TEST_06~~31~~EXPR~~%LEN(SENTENCE)~~128
10:00:09.153 ~~TEST_06.TEST_06~~33~~EXPR~~%SUBST(SENTENCE : I : 1)~~
10:00:09.153 ~~TEST_06.TEST_06~~33~~EXPR~~%SUBST(SENTENCE : I : 1) = " "~~true
10:00:09.153 ~~TEST_06.TEST_06~~33~~STMT~~IF %SUBST(SENTENCE : I : 1) = " "~~true
10:00:09.153 ~~TEST_06.TEST_06~~~~DATA~~WORDINC = 1~~1
10:00:09.154 ~~TEST_06.TEST_06~~34~~STMT~~EVAL WORDINC = 1~~1
10:00:09.154 ~~TEST_06.TEST_06~~36~~STMT~~ITER
10:00:09.154 ~~TEST_06.TEST_06~~~~DATA~~I = 111~~112
10:00:09.154 ~~TEST_06.TEST_06~~31~~EXPR~~%LEN(SENTENCE)~~128
10:00:09.154 ~~TEST_06.TEST_06~~33~~EXPR~~%SUBST(SENTENCE : I : 1)~~
10:00:09.154 ~~TEST_06.TEST_06~~33~~EXPR~~%SUBST(SENTENCE : I : 1) = " "~~true
10:00:09.154 ~~TEST_06.TEST_06~~33~~STMT~~IF %SUBST(SENTENCE : I : 1) = " "~~true
10:00:09.154 ~~TEST_06.TEST_06~~~~DATA~~WORDINC = 1~~1
10:00:09.154 ~~TEST_06.TEST_06~~34~~STMT~~EVAL WORDINC = 1~~1
10:00:09.154 ~~TEST_06.TEST_06~~36~~STMT~~ITER
10:00:09.154 ~~TEST_06.TEST_06~~~~DATA~~I = 112~~113
10:00:09.154 ~~TEST_06.TEST_06~~31~~EXPR~~%LEN(SENTENCE)~~128
10:00:09.154 ~~TEST_06.TEST_06~~33~~EXPR~~%SUBST(SENTENCE : I : 1)~~
10:00:09.154 ~~TEST_06.TEST_06~~33~~EXPR~~%SUBST(SENTENCE : I : 1) = " "~~true
10:00:09.154 ~~TEST_06.TEST_06~~33~~STMT~~IF %SUBST(SENTENCE : I : 1) = " "~~true
10:00:09.154 ~~TEST_06.TEST_06~~~~DATA~~WORDINC = 1~~1
10:00:09.154 ~~TEST_06.TEST_06~~34~~STMT~~EVAL WORDINC = 1~~1
10:00:09.154 ~~TEST_06.TEST_06~~36~~STMT~~ITER
10:00:09.154 ~~TEST_06.TEST_06~~~~DATA~~I = 113~~114
10:00:09.154 ~~TEST_06.TEST_06~~31~~EXPR~~%LEN(SENTENCE)~~128
10:00:09.155 ~~TEST_06.TEST_06~~33~~EXPR~~%SUBST(SENTENCE : I : 1)~~
10:00:09.155 ~~TEST_06.TEST_06~~33~~EXPR~~%SUBST(SENTENCE : I : 1) = " "~~true
10:00:09.155 ~~TEST_06.TEST_06~~33~~STMT~~IF %SUBST(SENTENCE : I : 1) = " "~~true
10:00:09.155 ~~TEST_06.TEST_06~~~~DATA~~WORDINC = 1~~1
10:00:09.155 ~~TEST_06.TEST_06~~34~~STMT~~EVAL WORDINC = 1~~1
10:00:09.155 ~~TEST_06.TEST_06~~36~~STMT~~ITER
10:00:09.155 ~~TEST_06.TEST_06~~~~DATA~~I = 114~~115
10:00:09.155 ~~TEST_06.TEST_06~~31~~EXPR~~%LEN(SENTENCE)~~128
10:00:09.155 ~~TEST_06.TEST_06~~33~~EXPR~~%SUBST(SENTENCE : I : 1)~~
10:00:09.155 ~~TEST_06.TEST_06~~33~~EXPR~~%SUBST(SENTENCE : I : 1) = " "~~true
10:00:09.155 ~~TEST_06.TEST_06~~33~~STMT~~IF %SUBST(SENTENCE : I : 1) = " "~~true
10:00:09.155 ~~TEST_06.TEST_06~~~~DATA~~WORDINC = 1~~1
10:00:09.155 ~~TEST_06.TEST_06~~34~~STMT~~EVAL WORDINC = 1~~1
10:00:09.155 ~~TEST_06.TEST_06~~36~~STMT~~ITER
10:00:09.155 ~~TEST_06.TEST_06~~~~DATA~~I = 115~~116
10:00:09.155 ~~TEST_06.TEST_06~~31~~EXPR~~%LEN(SENTENCE)~~128
10:00:09.155 ~~TEST_06.TEST_06~~33~~EXPR~~%SUBST(SENTENCE : I : 1)~~
10:00:09.156 ~~TEST_06.TEST_06~~33~~EXPR~~%SUBST(SENTENCE : I : 1) = " "~~true
10:00:09.156 ~~TEST_06.TEST_06~~33~~STMT~~IF %SUBST(SENTENCE : I : 1) = " "~~true
10:00:09.156 ~~TEST_06.TEST_06~~~~DATA~~WORDINC = 1~~1
10:00:09.156 ~~TEST_06.TEST_06~~34~~STMT~~EVAL WORDINC = 1~~1
10:00:09.156 ~~TEST_06.TEST_06~~36~~STMT~~ITER
10:00:09.156 ~~TEST_06.TEST_06~~~~DATA~~I = 116~~117
10:00:09.156 ~~TEST_06.TEST_06~~31~~EXPR~~%LEN(SENTENCE)~~128
10:00:09.156 ~~TEST_06.TEST_06~~33~~EXPR~~%SUBST(SENTENCE : I : 1)~~
10:00:09.156 ~~TEST_06.TEST_06~~33~~EXPR~~%SUBST(SENTENCE : I : 1) = " "~~true
10:00:09.156 ~~TEST_06.TEST_06~~33~~STMT~~IF %SUBST(SENTENCE : I : 1) = " "~~true
10:00:09.156 ~~TEST_06.TEST_06~~~~DATA~~WORDINC = 1~~1
10:00:09.156 ~~TEST_06.TEST_06~~34~~STMT~~EVAL WORDINC = 1~~1
10:00:09.156 ~~TEST_06.TEST_06~~36~~STMT~~ITER
10:00:09.156 ~~TEST_06.TEST_06~~~~DATA~~I = 117~~118
10:00:09.156 ~~TEST_06.TEST_06~~31~~EXPR~~%LEN(SENTENCE)~~128
10:00:09.156 ~~TEST_06.TEST_06~~33~~EXPR~~%SUBST(SENTENCE : I : 1)~~
10:00:09.156 ~~TEST_06.TEST_06~~33~~EXPR~~%SUBST(SENTENCE : I : 1) = " "~~true
10:00:09.156 ~~TEST_06.TEST_06~~33~~STMT~~IF %SUBST(SENTENCE : I : 1) = " "~~true
10:00:09.157 ~~TEST_06.TEST_06~~~~DATA~~WORDINC = 1~~1
10:00:09.157 ~~TEST_06.TEST_06~~34~~STMT~~EVAL WORDINC = 1~~1
10:00:09.157 ~~TEST_06.TEST_06~~36~~STMT~~ITER
10:00:09.157 ~~TEST_06.TEST_06~~~~DATA~~I = 118~~119
10:00:09.157 ~~TEST_06.TEST_06~~31~~EXPR~~%LEN(SENTENCE)~~128
10:00:09.157 ~~TEST_06.TEST_06~~33~~EXPR~~%SUBST(SENTENCE : I : 1)~~
10:00:09.157 ~~TEST_06.TEST_06~~33~~EXPR~~%SUBST(SENTENCE : I : 1) = " "~~true
10:00:09.157 ~~TEST_06.TEST_06~~33~~STMT~~IF %SUBST(SENTENCE : I : 1) = " "~~true
10:00:09.157 ~~TEST_06.TEST_06~~~~DATA~~WORDINC = 1~~1
10:00:09.157 ~~TEST_06.TEST_06~~34~~STMT~~EVAL WORDINC = 1~~1
10:00:09.157 ~~TEST_06.TEST_06~~36~~STMT~~ITER
10:00:09.157 ~~TEST_06.TEST_06~~~~DATA~~I = 119~~120
10:00:09.157 ~~TEST_06.TEST_06~~31~~EXPR~~%LEN(SENTENCE)~~128
10:00:09.157 ~~TEST_06.TEST_06~~33~~EXPR~~%SUBST(SENTENCE : I : 1)~~
10:00:09.157 ~~TEST_06.TEST_06~~33~~EXPR~~%SUBST(SENTENCE : I : 1) = " "~~true
10:00:09.157 ~~TEST_06.TEST_06~~33~~STMT~~IF %SUBST(SENTENCE : I : 1) = " "~~true
10:00:09.157 ~~TEST_06.TEST_06~~~~DATA~~WORDINC = 1~~1
10:00:09.157 ~~TEST_06.TEST_06~~34~~STMT~~EVAL WORDINC = 1~~1
10:00:09.157 ~~TEST_06.TEST_06~~36~~STMT~~ITER
10:00:09.157 ~~TEST_06.TEST_06~~~~DATA~~I = 120~~121
10:00:09.157 ~~TEST_06.TEST_06~~31~~EXPR~~%LEN(SENTENCE)~~128
10:00:09.158 ~~TEST_06.TEST_06~~33~~EXPR~~%SUBST(SENTENCE : I : 1)~~
10:00:09.158 ~~TEST_06.TEST_06~~33~~EXPR~~%SUBST(SENTENCE : I : 1) = " "~~true
10:00:09.158 ~~TEST_06.TEST_06~~33~~STMT~~IF %SUBST(SENTENCE : I : 1) = " "~~true
10:00:09.158 ~~TEST_06.TEST_06~~~~DATA~~WORDINC = 1~~1
10:00:09.158 ~~TEST_06.TEST_06~~34~~STMT~~EVAL WORDINC = 1~~1
10:00:09.158 ~~TEST_06.TEST_06~~36~~STMT~~ITER
10:00:09.158 ~~TEST_06.TEST_06~~~~DATA~~I = 121~~122
10:00:09.158 ~~TEST_06.TEST_06~~31~~EXPR~~%LEN(SENTENCE)~~128
10:00:09.158 ~~TEST_06.TEST_06~~33~~EXPR~~%SUBST(SENTENCE : I : 1)~~
10:00:09.158 ~~TEST_06.TEST_06~~33~~EXPR~~%SUBST(SENTENCE : I : 1) = " "~~true
10:00:09.158 ~~TEST_06.TEST_06~~33~~STMT~~IF %SUBST(SENTENCE : I : 1) = " "~~true
10:00:09.158 ~~TEST_06.TEST_06~~~~DATA~~WORDINC = 1~~1
10:00:09.158 ~~TEST_06.TEST_06~~34~~STMT~~EVAL WORDINC = 1~~1
10:00:09.158 ~~TEST_06.TEST_06~~36~~STMT~~ITER
10:00:09.158 ~~TEST_06.TEST_06~~~~DATA~~I = 122~~123
10:00:09.158 ~~TEST_06.TEST_06~~31~~EXPR~~%LEN(SENTENCE)~~128
10:00:09.158 ~~TEST_06.TEST_06~~33~~EXPR~~%SUBST(SENTENCE : I : 1)~~
10:00:09.158 ~~TEST_06.TEST_06~~33~~EXPR~~%SUBST(SENTENCE : I : 1) = " "~~true
10:00:09.159 ~~TEST_06.TEST_06~~33~~STMT~~IF %SUBST(SENTENCE : I : 1) = " "~~true
10:00:09.159 ~~TEST_06.TEST_06~~~~DATA~~WORDINC = 1~~1
10:00:09.159 ~~TEST_06.TEST_06~~34~~STMT~~EVAL WORDINC = 1~~1
10:00:09.159 ~~TEST_06.TEST_06~~36~~STMT~~ITER
10:00:09.159 ~~TEST_06.TEST_06~~~~DATA~~I = 123~~124
10:00:09.159 ~~TEST_06.TEST_06~~31~~EXPR~~%LEN(SENTENCE)~~128
10:00:09.159 ~~TEST_06.TEST_06~~33~~EXPR~~%SUBST(SENTENCE : I : 1)~~
10:00:09.159 ~~TEST_06.TEST_06~~33~~EXPR~~%SUBST(SENTENCE : I : 1) = " "~~true
10:00:09.159 ~~TEST_06.TEST_06~~33~~STMT~~IF %SUBST(SENTENCE : I : 1) = " "~~true
10:00:09.159 ~~TEST_06.TEST_06~~~~DATA~~WORDINC = 1~~1
10:00:09.159 ~~TEST_06.TEST_06~~34~~STMT~~EVAL WORDINC = 1~~1
10:00:09.159 ~~TEST_06.TEST_06~~36~~STMT~~ITER
10:00:09.159 ~~TEST_06.TEST_06~~~~DATA~~I = 124~~125
10:00:09.159 ~~TEST_06.TEST_06~~31~~EXPR~~%LEN(SENTENCE)~~128
10:00:09.159 ~~TEST_06.TEST_06~~33~~EXPR~~%SUBST(SENTENCE : I : 1)~~
10:00:09.159 ~~TEST_06.TEST_06~~33~~EXPR~~%SUBST(SENTENCE : I : 1) = " "~~true
10:00:09.159 ~~TEST_06.TEST_06~~33~~STMT~~IF %SUBST(SENTENCE : I : 1) = " "~~true
10:00:09.159 ~~TEST_06.TEST_06~~~~DATA~~WORDINC = 1~~1
10:00:09.159 ~~TEST_06.TEST_06~~34~~STMT~~EVAL WORDINC = 1~~1
10:00:09.159 ~~TEST_06.TEST_06~~36~~STMT~~ITER
10:00:09.160 ~~TEST_06.TEST_06~~~~DATA~~I = 125~~126
10:00:09.160 ~~TEST_06.TEST_06~~31~~EXPR~~%LEN(SENTENCE)~~128
10:00:09.160 ~~TEST_06.TEST_06~~33~~EXPR~~%SUBST(SENTENCE : I : 1)~~
10:00:09.160 ~~TEST_06.TEST_06~~33~~EXPR~~%SUBST(SENTENCE : I : 1) = " "~~true
10:00:09.160 ~~TEST_06.TEST_06~~33~~STMT~~IF %SUBST(SENTENCE : I : 1) = " "~~true
10:00:09.160 ~~TEST_06.TEST_06~~~~DATA~~WORDINC = 1~~1
10:00:09.160 ~~TEST_06.TEST_06~~34~~STMT~~EVAL WORDINC = 1~~1
10:00:09.160 ~~TEST_06.TEST_06~~36~~STMT~~ITER
10:00:09.160 ~~TEST_06.TEST_06~~~~DATA~~I = 126~~127
10:00:09.160 ~~TEST_06.TEST_06~~31~~EXPR~~%LEN(SENTENCE)~~128
10:00:09.160 ~~TEST_06.TEST_06~~33~~EXPR~~%SUBST(SENTENCE : I : 1)~~
10:00:09.160 ~~TEST_06.TEST_06~~33~~EXPR~~%SUBST(SENTENCE : I : 1) = " "~~true
10:00:09.160 ~~TEST_06.TEST_06~~33~~STMT~~IF %SUBST(SENTENCE : I : 1) = " "~~true
10:00:09.160 ~~TEST_06.TEST_06~~~~DATA~~WORDINC = 1~~1
10:00:09.160 ~~TEST_06.TEST_06~~34~~STMT~~EVAL WORDINC = 1~~1
10:00:09.160 ~~TEST_06.TEST_06~~36~~STMT~~ITER
10:00:09.160 ~~TEST_06.TEST_06~~~~DATA~~I = 127~~128
10:00:09.160 ~~TEST_06.TEST_06~~31~~EXPR~~%LEN(SENTENCE)~~128
10:00:09.161 ~~TEST_06.TEST_06~~33~~EXPR~~%SUBST(SENTENCE : I : 1)~~
10:00:09.161 ~~TEST_06.TEST_06~~33~~EXPR~~%SUBST(SENTENCE : I : 1) = " "~~true
10:00:09.161 ~~TEST_06.TEST_06~~33~~STMT~~IF %SUBST(SENTENCE : I : 1) = " "~~true
10:00:09.161 ~~TEST_06.TEST_06~~~~DATA~~WORDINC = 1~~1
10:00:09.161 ~~TEST_06.TEST_06~~34~~STMT~~EVAL WORDINC = 1~~1
10:00:09.161 ~~TEST_06.TEST_06~~36~~STMT~~ITER
10:00:09.161 ~~TEST_06.TEST_06~~~~DATA~~I = 128~~129
10:00:09.161 ~~TEST_06.TEST_06~~31~~EXPR~~%LEN(SENTENCE)~~128
10:00:09.161 ~~TEST_06.TEST_06~~61~~LOOP~~ENDFOR I ~~109~~iterations
10:00:09.161 ~~TEST_06.TEST_06~~61~~STMT~~ENDFOR I 
10:00:09.161 ~~TEST_06.TEST_06~~61~~PERF~~ENDFOR I ~~90~~ms
10:00:09.161 ~~TEST_06.TEST_06~~~~DATA~~TMP = A~~#
10:00:09.161 ~~TEST_06.TEST_06~~64~~STMT~~MOVE~~EOF TO TMP~~#
10:00:09.161 ~~TEST_06.TEST_06~~66~~EXPR~~WORDCNT + 1~~7
10:00:09.161 ~~TEST_06.TEST_06~~66~~STMT~~EVAL WORDS(WORDCNT + 1)) = TMP~~#
10:00:09.162 ~~TEST_06.TEST_06~~72~~STMT~~SUBROUTINE ~~PRINT
10:00:09.162 ~~TEST_06.TEST_06~~72~~RESL~~SUBROUTINE START~~PRINT
10:00:09.162 ~~TEST_06.TEST_06~~~~DATA~~I = 129~~1
10:00:09.162 ~~TEST_06.TEST_06~~73~~LOOP~~FOR I = 1  TO %ELEM(WORDS) 
10:00:09.162 ~~TEST_06.TEST_06~~73~~STMT~~FOR I = 1  TO %ELEM(WORDS)
10:00:09.162 ~~TEST_06.TEST_06~~73~~EXPR~~%ELEM(WORDS)~~128
10:00:09.166 ~~TEST_06.TEST_06~~74~~EXPR~~WORDS(I))~~Lorem
10:00:09.166 ~~TEST_06.TEST_06~~74~~EXPR~~%TRIM(WORDS(I)) : 1)~~Lorem
10:00:09.166 ~~TEST_06.TEST_06~~74~~EXPR~~%TRIM(WORDS(I)) : 1) = EOF~~false
10:00:09.166 ~~TEST_06.TEST_06~~74~~STMT~~IF %TRIM(WORDS(I)) : 1) = EOF~~false
10:00:09.166 ~~TEST_06.TEST_06~~77~~EXPR~~%CHAR(I)~~1
10:00:09.166 ~~TEST_06.TEST_06~~~~EXPR~~%CHAR(I) + " - "~~1 - 
10:00:09.166 ~~TEST_06.TEST_06~~77~~EXPR~~WORDS(I))~~Lorem
10:00:09.166 ~~TEST_06.TEST_06~~77~~EXPR~~%CHAR(I) + " - " + WORDS(I))~~1 - Lorem
10:00:09.166 ~~TEST_06.TEST_06~~~~DATA~~DSP = ~~1 - Lorem
10:00:09.167 ~~TEST_06.TEST_06~~77~~STMT~~EVAL DSP = %CHAR(I) + " - " + WORDS(I))~~1 - Lorem
10:00:09.167 ~~TEST_06.TEST_06~~~~DATA~~I = 1~~2
10:00:09.167 ~~TEST_06.TEST_06~~73~~EXPR~~%ELEM(WORDS)~~128
10:00:09.167 ~~TEST_06.TEST_06~~74~~EXPR~~WORDS(I))~~ipsum
10:00:09.167 ~~TEST_06.TEST_06~~74~~EXPR~~%TRIM(WORDS(I)) : 1)~~ipsum
10:00:09.167 ~~TEST_06.TEST_06~~74~~EXPR~~%TRIM(WORDS(I)) : 1) = EOF~~false
10:00:09.167 ~~TEST_06.TEST_06~~74~~STMT~~IF %TRIM(WORDS(I)) : 1) = EOF~~false
10:00:09.167 ~~TEST_06.TEST_06~~77~~EXPR~~%CHAR(I)~~2
10:00:09.167 ~~TEST_06.TEST_06~~~~EXPR~~%CHAR(I) + " - "~~2 - 
10:00:09.167 ~~TEST_06.TEST_06~~77~~EXPR~~WORDS(I))~~ipsum
10:00:09.167 ~~TEST_06.TEST_06~~77~~EXPR~~%CHAR(I) + " - " + WORDS(I))~~2 - ipsum
10:00:09.168 ~~TEST_06.TEST_06~~~~DATA~~DSP = 1 - Lorem~~2 - ipsum
10:00:09.168 ~~TEST_06.TEST_06~~77~~STMT~~EVAL DSP = %CHAR(I) + " - " + WORDS(I))~~2 - ipsum
10:00:09.168 ~~TEST_06.TEST_06~~~~DATA~~I = 2~~3
10:00:09.168 ~~TEST_06.TEST_06~~73~~EXPR~~%ELEM(WORDS)~~128
10:00:09.168 ~~TEST_06.TEST_06~~74~~EXPR~~WORDS(I))~~dolor
10:00:09.168 ~~TEST_06.TEST_06~~74~~EXPR~~%TRIM(WORDS(I)) : 1)~~dolor
10:00:09.168 ~~TEST_06.TEST_06~~74~~EXPR~~%TRIM(WORDS(I)) : 1) = EOF~~false
10:00:09.168 ~~TEST_06.TEST_06~~74~~STMT~~IF %TRIM(WORDS(I)) : 1) = EOF~~false
10:00:09.168 ~~TEST_06.TEST_06~~77~~EXPR~~%CHAR(I)~~3
10:00:09.168 ~~TEST_06.TEST_06~~~~EXPR~~%CHAR(I) + " - "~~3 - 
10:00:09.168 ~~TEST_06.TEST_06~~77~~EXPR~~WORDS(I))~~dolor
10:00:09.168 ~~TEST_06.TEST_06~~77~~EXPR~~%CHAR(I) + " - " + WORDS(I))~~3 - dolor
10:00:09.168 ~~TEST_06.TEST_06~~~~DATA~~DSP = 2 - ipsum~~3 - dolor
10:00:09.168 ~~TEST_06.TEST_06~~77~~STMT~~EVAL DSP = %CHAR(I) + " - " + WORDS(I))~~3 - dolor
10:00:09.169 ~~TEST_06.TEST_06~~~~DATA~~I = 3~~4
10:00:09.169 ~~TEST_06.TEST_06~~73~~EXPR~~%ELEM(WORDS)~~128
10:00:09.169 ~~TEST_06.TEST_06~~74~~EXPR~~WORDS(I))~~sit
10:00:09.169 ~~TEST_06.TEST_06~~74~~EXPR~~%TRIM(WORDS(I)) : 1)~~sit
10:00:09.169 ~~TEST_06.TEST_06~~74~~EXPR~~%TRIM(WORDS(I)) : 1) = EOF~~false
10:00:09.169 ~~TEST_06.TEST_06~~74~~STMT~~IF %TRIM(WORDS(I)) : 1) = EOF~~false
10:00:09.169 ~~TEST_06.TEST_06~~77~~EXPR~~%CHAR(I)~~4
10:00:09.169 ~~TEST_06.TEST_06~~~~EXPR~~%CHAR(I) + " - "~~4 - 
10:00:09.169 ~~TEST_06.TEST_06~~77~~EXPR~~WORDS(I))~~sit
10:00:09.169 ~~TEST_06.TEST_06~~77~~EXPR~~%CHAR(I) + " - " + WORDS(I))~~4 - sit
10:00:09.169 ~~TEST_06.TEST_06~~~~DATA~~DSP = 3 - dolor~~4 - sit
10:00:09.169 ~~TEST_06.TEST_06~~77~~STMT~~EVAL DSP = %CHAR(I) + " - " + WORDS(I))~~4 - sit
10:00:09.169 ~~TEST_06.TEST_06~~~~DATA~~I = 4~~5
10:00:09.169 ~~TEST_06.TEST_06~~73~~EXPR~~%ELEM(WORDS)~~128
10:00:09.169 ~~TEST_06.TEST_06~~74~~EXPR~~WORDS(I))~~amet
10:00:09.169 ~~TEST_06.TEST_06~~74~~EXPR~~%TRIM(WORDS(I)) : 1)~~amet
10:00:09.170 ~~TEST_06.TEST_06~~74~~EXPR~~%TRIM(WORDS(I)) : 1) = EOF~~false
10:00:09.170 ~~TEST_06.TEST_06~~74~~STMT~~IF %TRIM(WORDS(I)) : 1) = EOF~~false
10:00:09.170 ~~TEST_06.TEST_06~~77~~EXPR~~%CHAR(I)~~5
10:00:09.170 ~~TEST_06.TEST_06~~~~EXPR~~%CHAR(I) + " - "~~5 - 
10:00:09.170 ~~TEST_06.TEST_06~~77~~EXPR~~WORDS(I))~~amet
10:00:09.170 ~~TEST_06.TEST_06~~77~~EXPR~~%CHAR(I) + " - " + WORDS(I))~~5 - amet
10:00:09.170 ~~TEST_06.TEST_06~~~~DATA~~DSP = 4 - sit~~5 - amet
10:00:09.170 ~~TEST_06.TEST_06~~77~~STMT~~EVAL DSP = %CHAR(I) + " - " + WORDS(I))~~5 - amet
10:00:09.170 ~~TEST_06.TEST_06~~~~DATA~~I = 5~~6
10:00:09.170 ~~TEST_06.TEST_06~~73~~EXPR~~%ELEM(WORDS)~~128
10:00:09.170 ~~TEST_06.TEST_06~~74~~EXPR~~WORDS(I))~~sed
10:00:09.171 ~~TEST_06.TEST_06~~74~~EXPR~~%TRIM(WORDS(I)) : 1)~~sed
10:00:09.171 ~~TEST_06.TEST_06~~74~~EXPR~~%TRIM(WORDS(I)) : 1) = EOF~~false
10:00:09.171 ~~TEST_06.TEST_06~~74~~STMT~~IF %TRIM(WORDS(I)) : 1) = EOF~~false
10:00:09.171 ~~TEST_06.TEST_06~~77~~EXPR~~%CHAR(I)~~6
10:00:09.171 ~~TEST_06.TEST_06~~~~EXPR~~%CHAR(I) + " - "~~6 - 
10:00:09.171 ~~TEST_06.TEST_06~~77~~EXPR~~WORDS(I))~~sed
10:00:09.171 ~~TEST_06.TEST_06~~77~~EXPR~~%CHAR(I) + " - " + WORDS(I))~~6 - sed
10:00:09.171 ~~TEST_06.TEST_06~~~~DATA~~DSP = 5 - amet~~6 - sed
10:00:09.171 ~~TEST_06.TEST_06~~77~~STMT~~EVAL DSP = %CHAR(I) + " - " + WORDS(I))~~6 - sed
10:00:09.171 ~~TEST_06.TEST_06~~~~DATA~~I = 6~~7
10:00:09.171 ~~TEST_06.TEST_06~~73~~EXPR~~%ELEM(WORDS)~~128
10:00:09.171 ~~TEST_06.TEST_06~~74~~EXPR~~WORDS(I))~~#
10:00:09.171 ~~TEST_06.TEST_06~~74~~EXPR~~%TRIM(WORDS(I)) : 1)~~#
10:00:09.171 ~~TEST_06.TEST_06~~74~~EXPR~~%TRIM(WORDS(I)) : 1) = EOF~~true
10:00:09.171 ~~TEST_06.TEST_06~~74~~STMT~~IF %TRIM(WORDS(I)) : 1) = EOF~~true
10:00:09.171 ~~TEST_06.TEST_06~~75~~STMT~~LEAVE
10:00:09.172 ~~TEST_06.TEST_06~~79~~LOOP~~ENDFOR I ~~6~~iterations
10:00:09.172 ~~TEST_06.TEST_06~~79~~STMT~~ENDFOR I 
10:00:09.172 ~~TEST_06.TEST_06~~79~~PERF~~ENDFOR I ~~10~~ms
10:00:09.172 ~~TEST_06.TEST_06~~80~~STMT~~SUBROUTINE END~~PRINT
10:00:09.172 ~~TEST_06.TEST_06~~80~~PERF~~SUBROUTINE END~~PRINT~~10~~ms
10:00:09.172 ~~TEST_06.TEST_06~~~~STMT~~PROGRAM END~~TEST_06.TEST_06
10:00:09.172 ~~TEST_06.TEST_06~~~~PERF~~END TEST_06.TEST_06~~182~~ms
10:04:24.064 ~~~~~~RESL~~resource: /logging/
10:04:24.083 ~~~~~~RESL~~source:
10:04:24.086 ~~~~~~RESL~~com.smeup.rpgparser.rgpinterop.DirRpgProgramFinder@2427e004
10:04:24.089 ~~~~~~RESL~~resource: /
10:12:08.424 ~~~~~~RESL~~resource: /logging/
10:12:08.436 ~~~~~~RESL~~source:
10:12:08.437 ~~~~~~RESL~~com.smeup.rpgparser.rgpinterop.DirRpgProgramFinder@6548bb7d
10:12:08.440 ~~~~~~RESL~~resource: /
10:13:23.532 ~~~~~~RESL~~resource: /logging/
10:13:23.536 ~~~~~~RESL~~source:
10:13:23.537 ~~~~~~RESL~~com.smeup.rpgparser.rgpinterop.DirRpgProgramFinder@6b927fb
10:13:23.538 ~~~~~~RESL~~resource: /
10:13:25.926 ~~TEST_06.TEST_06~~~~STMT~~PROGRAM START~~TEST_06.TEST_06
10:13:26.010 ~~TEST_06.TEST_06~~~~DATA~~SENTENCE = N/D~~Lorem ipsum dolor sit amet sed
10:13:26.011 ~~TEST_06.TEST_06~~~~DATA~~WORDCNT = N/D~~0
10:13:26.011 ~~TEST_06.TEST_06~~~~DATA~~WORDINC = N/D~~0
10:13:26.011 ~~TEST_06.TEST_06~~~~DATA~~I = N/D~~0
10:13:26.011 ~~TEST_06.TEST_06~~~~DATA~~J = N/D~~0
10:13:26.011 ~~TEST_06.TEST_06~~~~DATA~~ONE = N/D~~1
10:13:26.011 ~~TEST_06.TEST_06~~~~DATA~~EOF = N/D~~#
10:13:26.011 ~~TEST_06.TEST_06~~~~DATA~~TMP = N/D~~ 
10:13:26.015 ~~TEST_06.TEST_06~~~~DATA~~WORDS = N/D~~Array(128)
10:13:26.016 ~~TEST_06.TEST_06~~~~DATA~~DSP = N/D~~
10:13:26.016 ~~TEST_06.TEST_06~~~~DATA~~U$FUNZ = N/D~~AA
10:13:26.016 ~~TEST_06.TEST_06~~~~DATA~~U$METO = N/D~~'ABCD'
10:13:26.016 ~~TEST_06.TEST_06~~~~DATA~~U$SVARSK = N/D~~1**
10:13:26.018 ~~TEST_06.TEST_06~~21~~STMT~~PARAM~~U$FUNZ~~AA
10:13:26.018 ~~TEST_06.TEST_06~~21~~STMT~~PARAM~~U$METO~~'ABCD'
10:13:26.018 ~~TEST_06.TEST_06~~21~~STMT~~PARAM~~U$SVARSK~~1**
10:13:26.021 ~~TEST_06.TEST_06~~~~DATA~~TMP =  ~~A
10:13:26.021 ~~TEST_06.TEST_06~~26~~STMT~~EVAL TMP = U$FUNZ~~A
10:13:26.027 ~~TEST_06.TEST_06~~~~DATA~~WORDCNT = 0~~0
10:13:26.027 ~~TEST_06.TEST_06~~28~~STMT~~CLEAR~~WORDCNT~~0
10:13:26.028 ~~TEST_06.TEST_06~~~~DATA~~WORDINC = 0~~1
10:13:26.028 ~~TEST_06.TEST_06~~30~~STMT~~MOVE~~ONE TO WORDINC~~1
10:13:26.031 ~~TEST_06.TEST_06~~~~DATA~~I = 0~~1
10:13:26.031 ~~TEST_06.TEST_06~~31~~LOOP~~FOR I = 1 BY WORDINC TO %LEN(SENTENCE) 
10:13:26.031 ~~TEST_06.TEST_06~~31~~STMT~~FOR I = 1 BY WORDINC TO %LEN(SENTENCE)
10:13:26.036 ~~TEST_06.TEST_06~~31~~EXPR~~%LEN(SENTENCE)~~128
10:13:26.037 ~~TEST_06.TEST_06~~33~~EXPR~~%SUBST(SENTENCE : I : 1)~~L
10:13:26.039 ~~TEST_06.TEST_06~~33~~EXPR~~%SUBST(SENTENCE : I : 1) = " "~~false
10:13:26.039 ~~TEST_06.TEST_06~~33~~STMT~~IF %SUBST(SENTENCE : I : 1) = " "~~false
10:13:26.039 ~~TEST_06.TEST_06~~~~EXPR~~I + 1~~2
10:13:26.039 ~~TEST_06.TEST_06~~~~DATA~~J = 0~~2
10:13:26.039 ~~TEST_06.TEST_06~~39~~LOOP~~FOR J = I + 1  TO %LEN(SENTENCE) 
10:13:26.039 ~~TEST_06.TEST_06~~39~~STMT~~FOR J = I + 1  TO %LEN(SENTENCE)
10:13:26.039 ~~TEST_06.TEST_06~~39~~EXPR~~%LEN(SENTENCE)~~128
10:13:26.039 ~~TEST_06.TEST_06~~40~~EXPR~~%SUBST(SENTENCE : J : 1)~~o
10:13:26.039 ~~TEST_06.TEST_06~~40~~EXPR~~%SUBST(SENTENCE : J : 1) = " "~~false
10:13:26.039 ~~TEST_06.TEST_06~~40~~STMT~~IF %SUBST(SENTENCE : J : 1) = " "~~false
10:13:26.040 ~~TEST_06.TEST_06~~~~DATA~~J = 2~~3
10:13:26.040 ~~TEST_06.TEST_06~~39~~EXPR~~%LEN(SENTENCE)~~128
10:13:26.040 ~~TEST_06.TEST_06~~40~~EXPR~~%SUBST(SENTENCE : J : 1)~~r
10:13:26.040 ~~TEST_06.TEST_06~~40~~EXPR~~%SUBST(SENTENCE : J : 1) = " "~~false
10:13:26.040 ~~TEST_06.TEST_06~~40~~STMT~~IF %SUBST(SENTENCE : J : 1) = " "~~false
10:13:26.040 ~~TEST_06.TEST_06~~~~DATA~~J = 3~~4
10:13:26.040 ~~TEST_06.TEST_06~~39~~EXPR~~%LEN(SENTENCE)~~128
10:13:26.040 ~~TEST_06.TEST_06~~40~~EXPR~~%SUBST(SENTENCE : J : 1)~~e
10:13:26.040 ~~TEST_06.TEST_06~~40~~EXPR~~%SUBST(SENTENCE : J : 1) = " "~~false
10:13:26.040 ~~TEST_06.TEST_06~~40~~STMT~~IF %SUBST(SENTENCE : J : 1) = " "~~false
10:13:26.040 ~~TEST_06.TEST_06~~~~DATA~~J = 4~~5
10:13:26.041 ~~TEST_06.TEST_06~~39~~EXPR~~%LEN(SENTENCE)~~128
10:13:26.041 ~~TEST_06.TEST_06~~40~~EXPR~~%SUBST(SENTENCE : J : 1)~~m
10:13:26.041 ~~TEST_06.TEST_06~~40~~EXPR~~%SUBST(SENTENCE : J : 1) = " "~~false
10:13:26.041 ~~TEST_06.TEST_06~~40~~STMT~~IF %SUBST(SENTENCE : J : 1) = " "~~false
10:13:26.041 ~~TEST_06.TEST_06~~~~DATA~~J = 5~~6
10:13:26.041 ~~TEST_06.TEST_06~~39~~EXPR~~%LEN(SENTENCE)~~128
10:13:26.041 ~~TEST_06.TEST_06~~40~~EXPR~~%SUBST(SENTENCE : J : 1)~~ 
10:13:26.041 ~~TEST_06.TEST_06~~40~~EXPR~~%SUBST(SENTENCE : J : 1) = " "~~true
10:13:26.041 ~~TEST_06.TEST_06~~40~~STMT~~IF %SUBST(SENTENCE : J : 1) = " "~~true
10:13:26.043 ~~TEST_06.TEST_06~~42~~STMT~~LEAVE
10:13:26.044 ~~TEST_06.TEST_06~~44~~LOOP~~ENDFOR J ~~4~~iterations
10:13:26.044 ~~TEST_06.TEST_06~~44~~STMT~~ENDFOR J 
10:13:26.044 ~~TEST_06.TEST_06~~44~~PERF~~ENDFOR J ~~5~~ms
10:13:26.044 ~~TEST_06.TEST_06~~45~~EXPR~~J - I~~5
10:13:26.044 ~~TEST_06.TEST_06~~~~DATA~~WORDINC = 1~~5
10:13:26.044 ~~TEST_06.TEST_06~~45~~STMT~~EVAL WORDINC = J - I~~5
10:13:26.044 ~~TEST_06.TEST_06~~46~~EXPR~~WORDCNT + 1~~1
10:13:26.044 ~~TEST_06.TEST_06~~~~DATA~~WORDCNT = 0~~1
10:13:26.044 ~~TEST_06.TEST_06~~46~~STMT~~EVAL WORDCNT = WORDCNT + 1~~1
10:13:26.044 ~~TEST_06.TEST_06~~50~~EXPR~~WORDINC = 5~~true
10:13:26.045 ~~TEST_06.TEST_06~~50~~STMT~~SELECT WHEN~~WORDINC = 5~~(true)
10:13:26.045 ~~TEST_06.TEST_06~~51~~EXPR~~%SUBST(SENTENCE : I : 5)~~Lorem
10:13:26.046 ~~TEST_06.TEST_06~~51~~STMT~~EVAL WORDS(WORDCNT)) = %SUBST(SENTENCE : I : 5)~~Lorem
10:13:26.046 ~~TEST_06.TEST_06~~~~DATA~~I = 1~~6
10:13:26.046 ~~TEST_06.TEST_06~~31~~EXPR~~%LEN(SENTENCE)~~128
10:13:26.046 ~~TEST_06.TEST_06~~33~~EXPR~~%SUBST(SENTENCE : I : 1)~~ 
10:13:26.046 ~~TEST_06.TEST_06~~33~~EXPR~~%SUBST(SENTENCE : I : 1) = " "~~true
10:13:26.046 ~~TEST_06.TEST_06~~33~~STMT~~IF %SUBST(SENTENCE : I : 1) = " "~~true
10:13:26.046 ~~TEST_06.TEST_06~~~~DATA~~WORDINC = 5~~1
10:13:26.046 ~~TEST_06.TEST_06~~34~~STMT~~EVAL WORDINC = 1~~1
10:13:26.046 ~~TEST_06.TEST_06~~36~~STMT~~ITER
10:13:26.046 ~~TEST_06.TEST_06~~~~DATA~~I = 6~~7
10:13:26.047 ~~TEST_06.TEST_06~~31~~EXPR~~%LEN(SENTENCE)~~128
10:13:26.047 ~~TEST_06.TEST_06~~33~~EXPR~~%SUBST(SENTENCE : I : 1)~~i
10:13:26.047 ~~TEST_06.TEST_06~~33~~EXPR~~%SUBST(SENTENCE : I : 1) = " "~~false
10:13:26.047 ~~TEST_06.TEST_06~~33~~STMT~~IF %SUBST(SENTENCE : I : 1) = " "~~false
10:13:26.047 ~~TEST_06.TEST_06~~~~EXPR~~I + 1~~8
10:13:26.047 ~~TEST_06.TEST_06~~~~DATA~~J = 6~~8
10:13:26.047 ~~TEST_06.TEST_06~~39~~LOOP~~FOR J = I + 1  TO %LEN(SENTENCE) 
10:13:26.047 ~~TEST_06.TEST_06~~39~~STMT~~FOR J = I + 1  TO %LEN(SENTENCE)
10:13:26.047 ~~TEST_06.TEST_06~~39~~EXPR~~%LEN(SENTENCE)~~128
10:13:26.047 ~~TEST_06.TEST_06~~40~~EXPR~~%SUBST(SENTENCE : J : 1)~~p
10:13:26.047 ~~TEST_06.TEST_06~~40~~EXPR~~%SUBST(SENTENCE : J : 1) = " "~~false
10:13:26.048 ~~TEST_06.TEST_06~~40~~STMT~~IF %SUBST(SENTENCE : J : 1) = " "~~false
10:13:26.048 ~~TEST_06.TEST_06~~~~DATA~~J = 8~~9
10:13:26.048 ~~TEST_06.TEST_06~~39~~EXPR~~%LEN(SENTENCE)~~128
10:13:26.048 ~~TEST_06.TEST_06~~40~~EXPR~~%SUBST(SENTENCE : J : 1)~~s
10:13:26.054 ~~TEST_06.TEST_06~~40~~EXPR~~%SUBST(SENTENCE : J : 1) = " "~~false
10:13:26.054 ~~TEST_06.TEST_06~~40~~STMT~~IF %SUBST(SENTENCE : J : 1) = " "~~false
10:13:26.054 ~~TEST_06.TEST_06~~~~DATA~~J = 9~~10
10:13:26.054 ~~TEST_06.TEST_06~~39~~EXPR~~%LEN(SENTENCE)~~128
10:13:26.054 ~~TEST_06.TEST_06~~40~~EXPR~~%SUBST(SENTENCE : J : 1)~~u
10:13:26.054 ~~TEST_06.TEST_06~~40~~EXPR~~%SUBST(SENTENCE : J : 1) = " "~~false
10:13:26.055 ~~TEST_06.TEST_06~~40~~STMT~~IF %SUBST(SENTENCE : J : 1) = " "~~false
10:13:26.055 ~~TEST_06.TEST_06~~~~DATA~~J = 10~~11
10:13:26.055 ~~TEST_06.TEST_06~~39~~EXPR~~%LEN(SENTENCE)~~128
10:13:26.055 ~~TEST_06.TEST_06~~40~~EXPR~~%SUBST(SENTENCE : J : 1)~~m
10:13:26.055 ~~TEST_06.TEST_06~~40~~EXPR~~%SUBST(SENTENCE : J : 1) = " "~~false
10:13:26.055 ~~TEST_06.TEST_06~~40~~STMT~~IF %SUBST(SENTENCE : J : 1) = " "~~false
10:13:26.055 ~~TEST_06.TEST_06~~~~DATA~~J = 11~~12
10:13:26.055 ~~TEST_06.TEST_06~~39~~EXPR~~%LEN(SENTENCE)~~128
10:13:26.055 ~~TEST_06.TEST_06~~40~~EXPR~~%SUBST(SENTENCE : J : 1)~~ 
10:13:26.055 ~~TEST_06.TEST_06~~40~~EXPR~~%SUBST(SENTENCE : J : 1) = " "~~true
10:13:26.055 ~~TEST_06.TEST_06~~40~~STMT~~IF %SUBST(SENTENCE : J : 1) = " "~~true
10:13:26.056 ~~TEST_06.TEST_06~~42~~STMT~~LEAVE
10:13:26.056 ~~TEST_06.TEST_06~~44~~LOOP~~ENDFOR J ~~4~~iterations
10:13:26.056 ~~TEST_06.TEST_06~~44~~STMT~~ENDFOR J 
10:13:26.056 ~~TEST_06.TEST_06~~44~~PERF~~ENDFOR J ~~9~~ms
10:13:26.056 ~~TEST_06.TEST_06~~45~~EXPR~~J - I~~5
10:13:26.056 ~~TEST_06.TEST_06~~~~DATA~~WORDINC = 1~~5
10:13:26.056 ~~TEST_06.TEST_06~~45~~STMT~~EVAL WORDINC = J - I~~5
10:13:26.056 ~~TEST_06.TEST_06~~46~~EXPR~~WORDCNT + 1~~2
10:13:26.056 ~~TEST_06.TEST_06~~~~DATA~~WORDCNT = 1~~2
10:13:26.056 ~~TEST_06.TEST_06~~46~~STMT~~EVAL WORDCNT = WORDCNT + 1~~2
10:13:26.056 ~~TEST_06.TEST_06~~50~~EXPR~~WORDINC = 5~~true
10:13:26.056 ~~TEST_06.TEST_06~~50~~STMT~~SELECT WHEN~~WORDINC = 5~~(true)
10:13:26.057 ~~TEST_06.TEST_06~~51~~EXPR~~%SUBST(SENTENCE : I : 5)~~ipsum
10:13:26.057 ~~TEST_06.TEST_06~~51~~STMT~~EVAL WORDS(WORDCNT)) = %SUBST(SENTENCE : I : 5)~~ipsum
10:13:26.057 ~~TEST_06.TEST_06~~~~DATA~~I = 7~~12
10:13:26.057 ~~TEST_06.TEST_06~~31~~EXPR~~%LEN(SENTENCE)~~128
10:13:26.057 ~~TEST_06.TEST_06~~33~~EXPR~~%SUBST(SENTENCE : I : 1)~~ 
10:13:26.057 ~~TEST_06.TEST_06~~33~~EXPR~~%SUBST(SENTENCE : I : 1) = " "~~true
10:13:26.057 ~~TEST_06.TEST_06~~33~~STMT~~IF %SUBST(SENTENCE : I : 1) = " "~~true
10:13:26.057 ~~TEST_06.TEST_06~~~~DATA~~WORDINC = 5~~1
10:13:26.057 ~~TEST_06.TEST_06~~34~~STMT~~EVAL WORDINC = 1~~1
10:13:26.057 ~~TEST_06.TEST_06~~36~~STMT~~ITER
10:13:26.057 ~~TEST_06.TEST_06~~~~DATA~~I = 12~~13
10:13:26.057 ~~TEST_06.TEST_06~~31~~EXPR~~%LEN(SENTENCE)~~128
10:13:26.058 ~~TEST_06.TEST_06~~33~~EXPR~~%SUBST(SENTENCE : I : 1)~~d
10:13:26.058 ~~TEST_06.TEST_06~~33~~EXPR~~%SUBST(SENTENCE : I : 1) = " "~~false
10:13:26.058 ~~TEST_06.TEST_06~~33~~STMT~~IF %SUBST(SENTENCE : I : 1) = " "~~false
10:13:26.058 ~~TEST_06.TEST_06~~~~EXPR~~I + 1~~14
10:13:26.058 ~~TEST_06.TEST_06~~~~DATA~~J = 12~~14
10:13:26.058 ~~TEST_06.TEST_06~~39~~LOOP~~FOR J = I + 1  TO %LEN(SENTENCE) 
10:13:26.058 ~~TEST_06.TEST_06~~39~~STMT~~FOR J = I + 1  TO %LEN(SENTENCE)
10:13:26.058 ~~TEST_06.TEST_06~~39~~EXPR~~%LEN(SENTENCE)~~128
10:13:26.058 ~~TEST_06.TEST_06~~40~~EXPR~~%SUBST(SENTENCE : J : 1)~~o
10:13:26.058 ~~TEST_06.TEST_06~~40~~EXPR~~%SUBST(SENTENCE : J : 1) = " "~~false
10:13:26.058 ~~TEST_06.TEST_06~~40~~STMT~~IF %SUBST(SENTENCE : J : 1) = " "~~false
10:13:26.058 ~~TEST_06.TEST_06~~~~DATA~~J = 14~~15
10:13:26.058 ~~TEST_06.TEST_06~~39~~EXPR~~%LEN(SENTENCE)~~128
10:13:26.059 ~~TEST_06.TEST_06~~40~~EXPR~~%SUBST(SENTENCE : J : 1)~~l
10:13:26.059 ~~TEST_06.TEST_06~~40~~EXPR~~%SUBST(SENTENCE : J : 1) = " "~~false
10:13:26.059 ~~TEST_06.TEST_06~~40~~STMT~~IF %SUBST(SENTENCE : J : 1) = " "~~false
10:13:26.059 ~~TEST_06.TEST_06~~~~DATA~~J = 15~~16
10:13:26.059 ~~TEST_06.TEST_06~~39~~EXPR~~%LEN(SENTENCE)~~128
10:13:26.059 ~~TEST_06.TEST_06~~40~~EXPR~~%SUBST(SENTENCE : J : 1)~~o
10:13:26.059 ~~TEST_06.TEST_06~~40~~EXPR~~%SUBST(SENTENCE : J : 1) = " "~~false
10:13:26.059 ~~TEST_06.TEST_06~~40~~STMT~~IF %SUBST(SENTENCE : J : 1) = " "~~false
10:13:26.059 ~~TEST_06.TEST_06~~~~DATA~~J = 16~~17
10:13:26.059 ~~TEST_06.TEST_06~~39~~EXPR~~%LEN(SENTENCE)~~128
10:13:26.059 ~~TEST_06.TEST_06~~40~~EXPR~~%SUBST(SENTENCE : J : 1)~~r
10:13:26.059 ~~TEST_06.TEST_06~~40~~EXPR~~%SUBST(SENTENCE : J : 1) = " "~~false
10:13:26.060 ~~TEST_06.TEST_06~~40~~STMT~~IF %SUBST(SENTENCE : J : 1) = " "~~false
10:13:26.060 ~~TEST_06.TEST_06~~~~DATA~~J = 17~~18
10:13:26.060 ~~TEST_06.TEST_06~~39~~EXPR~~%LEN(SENTENCE)~~128
10:13:26.060 ~~TEST_06.TEST_06~~40~~EXPR~~%SUBST(SENTENCE : J : 1)~~ 
10:13:26.060 ~~TEST_06.TEST_06~~40~~EXPR~~%SUBST(SENTENCE : J : 1) = " "~~true
10:13:26.060 ~~TEST_06.TEST_06~~40~~STMT~~IF %SUBST(SENTENCE : J : 1) = " "~~true
10:13:26.060 ~~TEST_06.TEST_06~~42~~STMT~~LEAVE
10:13:26.060 ~~TEST_06.TEST_06~~44~~LOOP~~ENDFOR J ~~4~~iterations
10:13:26.060 ~~TEST_06.TEST_06~~44~~STMT~~ENDFOR J 
10:13:26.060 ~~TEST_06.TEST_06~~44~~PERF~~ENDFOR J ~~2~~ms
10:13:26.060 ~~TEST_06.TEST_06~~45~~EXPR~~J - I~~5
10:13:26.060 ~~TEST_06.TEST_06~~~~DATA~~WORDINC = 1~~5
10:13:26.060 ~~TEST_06.TEST_06~~45~~STMT~~EVAL WORDINC = J - I~~5
10:13:26.060 ~~TEST_06.TEST_06~~46~~EXPR~~WORDCNT + 1~~3
10:13:26.061 ~~TEST_06.TEST_06~~~~DATA~~WORDCNT = 2~~3
10:13:26.061 ~~TEST_06.TEST_06~~46~~STMT~~EVAL WORDCNT = WORDCNT + 1~~3
10:13:26.061 ~~TEST_06.TEST_06~~50~~EXPR~~WORDINC = 5~~true
10:13:26.061 ~~TEST_06.TEST_06~~50~~STMT~~SELECT WHEN~~WORDINC = 5~~(true)
10:13:26.061 ~~TEST_06.TEST_06~~51~~EXPR~~%SUBST(SENTENCE : I : 5)~~dolor
10:13:26.061 ~~TEST_06.TEST_06~~51~~STMT~~EVAL WORDS(WORDCNT)) = %SUBST(SENTENCE : I : 5)~~dolor
10:13:26.061 ~~TEST_06.TEST_06~~~~DATA~~I = 13~~18
10:13:26.061 ~~TEST_06.TEST_06~~31~~EXPR~~%LEN(SENTENCE)~~128
10:13:26.061 ~~TEST_06.TEST_06~~33~~EXPR~~%SUBST(SENTENCE : I : 1)~~ 
10:13:26.061 ~~TEST_06.TEST_06~~33~~EXPR~~%SUBST(SENTENCE : I : 1) = " "~~true
10:13:26.061 ~~TEST_06.TEST_06~~33~~STMT~~IF %SUBST(SENTENCE : I : 1) = " "~~true
10:13:26.061 ~~TEST_06.TEST_06~~~~DATA~~WORDINC = 5~~1
10:13:26.061 ~~TEST_06.TEST_06~~34~~STMT~~EVAL WORDINC = 1~~1
10:13:26.062 ~~TEST_06.TEST_06~~36~~STMT~~ITER
10:13:26.062 ~~TEST_06.TEST_06~~~~DATA~~I = 18~~19
10:13:26.062 ~~TEST_06.TEST_06~~31~~EXPR~~%LEN(SENTENCE)~~128
10:13:26.062 ~~TEST_06.TEST_06~~33~~EXPR~~%SUBST(SENTENCE : I : 1)~~s
10:13:26.062 ~~TEST_06.TEST_06~~33~~EXPR~~%SUBST(SENTENCE : I : 1) = " "~~false
10:13:26.062 ~~TEST_06.TEST_06~~33~~STMT~~IF %SUBST(SENTENCE : I : 1) = " "~~false
10:13:26.062 ~~TEST_06.TEST_06~~~~EXPR~~I + 1~~20
10:13:26.062 ~~TEST_06.TEST_06~~~~DATA~~J = 18~~20
10:13:26.062 ~~TEST_06.TEST_06~~39~~LOOP~~FOR J = I + 1  TO %LEN(SENTENCE) 
10:13:26.062 ~~TEST_06.TEST_06~~39~~STMT~~FOR J = I + 1  TO %LEN(SENTENCE)
10:13:26.062 ~~TEST_06.TEST_06~~39~~EXPR~~%LEN(SENTENCE)~~128
10:13:26.062 ~~TEST_06.TEST_06~~40~~EXPR~~%SUBST(SENTENCE : J : 1)~~i
10:13:26.063 ~~TEST_06.TEST_06~~40~~EXPR~~%SUBST(SENTENCE : J : 1) = " "~~false
10:13:26.063 ~~TEST_06.TEST_06~~40~~STMT~~IF %SUBST(SENTENCE : J : 1) = " "~~false
10:13:26.063 ~~TEST_06.TEST_06~~~~DATA~~J = 20~~21
10:13:26.063 ~~TEST_06.TEST_06~~39~~EXPR~~%LEN(SENTENCE)~~128
10:13:26.063 ~~TEST_06.TEST_06~~40~~EXPR~~%SUBST(SENTENCE : J : 1)~~t
10:13:26.063 ~~TEST_06.TEST_06~~40~~EXPR~~%SUBST(SENTENCE : J : 1) = " "~~false
10:13:26.063 ~~TEST_06.TEST_06~~40~~STMT~~IF %SUBST(SENTENCE : J : 1) = " "~~false
10:13:26.063 ~~TEST_06.TEST_06~~~~DATA~~J = 21~~22
10:13:26.063 ~~TEST_06.TEST_06~~39~~EXPR~~%LEN(SENTENCE)~~128
10:13:26.063 ~~TEST_06.TEST_06~~40~~EXPR~~%SUBST(SENTENCE : J : 1)~~ 
10:13:26.063 ~~TEST_06.TEST_06~~40~~EXPR~~%SUBST(SENTENCE : J : 1) = " "~~true
10:13:26.063 ~~TEST_06.TEST_06~~40~~STMT~~IF %SUBST(SENTENCE : J : 1) = " "~~true
10:13:26.063 ~~TEST_06.TEST_06~~42~~STMT~~LEAVE
10:13:26.064 ~~TEST_06.TEST_06~~44~~LOOP~~ENDFOR J ~~2~~iterations
10:13:26.064 ~~TEST_06.TEST_06~~44~~STMT~~ENDFOR J 
10:13:26.064 ~~TEST_06.TEST_06~~44~~PERF~~ENDFOR J ~~2~~ms
10:13:26.064 ~~TEST_06.TEST_06~~45~~EXPR~~J - I~~3
10:13:26.064 ~~TEST_06.TEST_06~~~~DATA~~WORDINC = 1~~3
10:13:26.064 ~~TEST_06.TEST_06~~45~~STMT~~EVAL WORDINC = J - I~~3
10:13:26.064 ~~TEST_06.TEST_06~~46~~EXPR~~WORDCNT + 1~~4
10:13:26.064 ~~TEST_06.TEST_06~~~~DATA~~WORDCNT = 3~~4
10:13:26.064 ~~TEST_06.TEST_06~~46~~STMT~~EVAL WORDCNT = WORDCNT + 1~~4
10:13:26.064 ~~TEST_06.TEST_06~~50~~EXPR~~WORDINC = 5~~false
10:13:26.064 ~~TEST_06.TEST_06~~50~~STMT~~SELECT WHEN~~WORDINC = 5~~(false)
10:13:26.064 ~~TEST_06.TEST_06~~52~~EXPR~~WORDINC = 4~~false
10:13:26.064 ~~TEST_06.TEST_06~~52~~STMT~~SELECT WHEN~~WORDINC = 4~~(false)
10:13:26.064 ~~TEST_06.TEST_06~~54~~EXPR~~WORDINC = 3~~true
10:13:26.064 ~~TEST_06.TEST_06~~54~~STMT~~SELECT WHEN~~WORDINC = 3~~(true)
10:13:26.065 ~~TEST_06.TEST_06~~55~~EXPR~~%SUBST(SENTENCE : I : 3)~~sit
10:13:26.065 ~~TEST_06.TEST_06~~55~~STMT~~EVAL WORDS(WORDCNT)) = %SUBST(SENTENCE : I : 3)~~sit
10:13:26.065 ~~TEST_06.TEST_06~~~~DATA~~I = 19~~22
10:13:26.065 ~~TEST_06.TEST_06~~31~~EXPR~~%LEN(SENTENCE)~~128
10:13:26.065 ~~TEST_06.TEST_06~~33~~EXPR~~%SUBST(SENTENCE : I : 1)~~ 
10:13:26.065 ~~TEST_06.TEST_06~~33~~EXPR~~%SUBST(SENTENCE : I : 1) = " "~~true
10:13:26.065 ~~TEST_06.TEST_06~~33~~STMT~~IF %SUBST(SENTENCE : I : 1) = " "~~true
10:13:26.065 ~~TEST_06.TEST_06~~~~DATA~~WORDINC = 3~~1
10:13:26.065 ~~TEST_06.TEST_06~~34~~STMT~~EVAL WORDINC = 1~~1
10:13:26.065 ~~TEST_06.TEST_06~~36~~STMT~~ITER
10:13:26.065 ~~TEST_06.TEST_06~~~~DATA~~I = 22~~23
10:13:26.065 ~~TEST_06.TEST_06~~31~~EXPR~~%LEN(SENTENCE)~~128
10:13:26.066 ~~TEST_06.TEST_06~~33~~EXPR~~%SUBST(SENTENCE : I : 1)~~a
10:13:26.066 ~~TEST_06.TEST_06~~33~~EXPR~~%SUBST(SENTENCE : I : 1) = " "~~false
10:13:26.066 ~~TEST_06.TEST_06~~33~~STMT~~IF %SUBST(SENTENCE : I : 1) = " "~~false
10:13:26.066 ~~TEST_06.TEST_06~~~~EXPR~~I + 1~~24
10:13:26.066 ~~TEST_06.TEST_06~~~~DATA~~J = 22~~24
10:13:26.066 ~~TEST_06.TEST_06~~39~~LOOP~~FOR J = I + 1  TO %LEN(SENTENCE) 
10:13:26.066 ~~TEST_06.TEST_06~~39~~STMT~~FOR J = I + 1  TO %LEN(SENTENCE)
10:13:26.066 ~~TEST_06.TEST_06~~39~~EXPR~~%LEN(SENTENCE)~~128
10:13:26.066 ~~TEST_06.TEST_06~~40~~EXPR~~%SUBST(SENTENCE : J : 1)~~m
10:13:26.066 ~~TEST_06.TEST_06~~40~~EXPR~~%SUBST(SENTENCE : J : 1) = " "~~false
10:13:26.066 ~~TEST_06.TEST_06~~40~~STMT~~IF %SUBST(SENTENCE : J : 1) = " "~~false
10:13:26.066 ~~TEST_06.TEST_06~~~~DATA~~J = 24~~25
10:13:26.067 ~~TEST_06.TEST_06~~39~~EXPR~~%LEN(SENTENCE)~~128
10:13:26.067 ~~TEST_06.TEST_06~~40~~EXPR~~%SUBST(SENTENCE : J : 1)~~e
10:13:26.067 ~~TEST_06.TEST_06~~40~~EXPR~~%SUBST(SENTENCE : J : 1) = " "~~false
10:13:26.067 ~~TEST_06.TEST_06~~40~~STMT~~IF %SUBST(SENTENCE : J : 1) = " "~~false
10:13:26.067 ~~TEST_06.TEST_06~~~~DATA~~J = 25~~26
10:13:26.067 ~~TEST_06.TEST_06~~39~~EXPR~~%LEN(SENTENCE)~~128
10:13:26.067 ~~TEST_06.TEST_06~~40~~EXPR~~%SUBST(SENTENCE : J : 1)~~t
10:13:26.067 ~~TEST_06.TEST_06~~40~~EXPR~~%SUBST(SENTENCE : J : 1) = " "~~false
10:13:26.067 ~~TEST_06.TEST_06~~40~~STMT~~IF %SUBST(SENTENCE : J : 1) = " "~~false
10:13:26.067 ~~TEST_06.TEST_06~~~~DATA~~J = 26~~27
10:13:26.067 ~~TEST_06.TEST_06~~39~~EXPR~~%LEN(SENTENCE)~~128
10:13:26.067 ~~TEST_06.TEST_06~~40~~EXPR~~%SUBST(SENTENCE : J : 1)~~ 
10:13:26.067 ~~TEST_06.TEST_06~~40~~EXPR~~%SUBST(SENTENCE : J : 1) = " "~~true
10:13:26.067 ~~TEST_06.TEST_06~~40~~STMT~~IF %SUBST(SENTENCE : J : 1) = " "~~true
10:13:26.067 ~~TEST_06.TEST_06~~42~~STMT~~LEAVE
10:13:26.068 ~~TEST_06.TEST_06~~44~~LOOP~~ENDFOR J ~~3~~iterations
10:13:26.068 ~~TEST_06.TEST_06~~44~~STMT~~ENDFOR J 
10:13:26.068 ~~TEST_06.TEST_06~~44~~PERF~~ENDFOR J ~~2~~ms
10:13:26.068 ~~TEST_06.TEST_06~~45~~EXPR~~J - I~~4
10:13:26.068 ~~TEST_06.TEST_06~~~~DATA~~WORDINC = 1~~4
10:13:26.068 ~~TEST_06.TEST_06~~45~~STMT~~EVAL WORDINC = J - I~~4
10:13:26.068 ~~TEST_06.TEST_06~~46~~EXPR~~WORDCNT + 1~~5
10:13:26.068 ~~TEST_06.TEST_06~~~~DATA~~WORDCNT = 4~~5
10:13:26.068 ~~TEST_06.TEST_06~~46~~STMT~~EVAL WORDCNT = WORDCNT + 1~~5
10:13:26.068 ~~TEST_06.TEST_06~~50~~EXPR~~WORDINC = 5~~false
10:13:26.068 ~~TEST_06.TEST_06~~50~~STMT~~SELECT WHEN~~WORDINC = 5~~(false)
10:13:26.068 ~~TEST_06.TEST_06~~52~~EXPR~~WORDINC = 4~~true
10:13:26.068 ~~TEST_06.TEST_06~~52~~STMT~~SELECT WHEN~~WORDINC = 4~~(true)
10:13:26.068 ~~TEST_06.TEST_06~~53~~EXPR~~%SUBST(SENTENCE : I : 4)~~amet
10:13:26.069 ~~TEST_06.TEST_06~~53~~STMT~~EVAL WORDS(WORDCNT)) = %SUBST(SENTENCE : I : 4)~~amet
10:13:26.069 ~~TEST_06.TEST_06~~~~DATA~~I = 23~~27
10:13:26.069 ~~TEST_06.TEST_06~~31~~EXPR~~%LEN(SENTENCE)~~128
10:13:26.069 ~~TEST_06.TEST_06~~33~~EXPR~~%SUBST(SENTENCE : I : 1)~~ 
10:13:26.069 ~~TEST_06.TEST_06~~33~~EXPR~~%SUBST(SENTENCE : I : 1) = " "~~true
10:13:26.069 ~~TEST_06.TEST_06~~33~~STMT~~IF %SUBST(SENTENCE : I : 1) = " "~~true
10:13:26.069 ~~TEST_06.TEST_06~~~~DATA~~WORDINC = 4~~1
10:13:26.069 ~~TEST_06.TEST_06~~34~~STMT~~EVAL WORDINC = 1~~1
10:13:26.069 ~~TEST_06.TEST_06~~36~~STMT~~ITER
10:13:26.070 ~~TEST_06.TEST_06~~~~DATA~~I = 27~~28
10:13:26.070 ~~TEST_06.TEST_06~~31~~EXPR~~%LEN(SENTENCE)~~128
10:13:26.070 ~~TEST_06.TEST_06~~33~~EXPR~~%SUBST(SENTENCE : I : 1)~~s
10:13:26.070 ~~TEST_06.TEST_06~~33~~EXPR~~%SUBST(SENTENCE : I : 1) = " "~~false
10:13:26.070 ~~TEST_06.TEST_06~~33~~STMT~~IF %SUBST(SENTENCE : I : 1) = " "~~false
10:13:26.070 ~~TEST_06.TEST_06~~~~EXPR~~I + 1~~29
10:13:26.070 ~~TEST_06.TEST_06~~~~DATA~~J = 27~~29
10:13:26.070 ~~TEST_06.TEST_06~~39~~LOOP~~FOR J = I + 1  TO %LEN(SENTENCE) 
10:13:26.070 ~~TEST_06.TEST_06~~39~~STMT~~FOR J = I + 1  TO %LEN(SENTENCE)
10:13:26.070 ~~TEST_06.TEST_06~~39~~EXPR~~%LEN(SENTENCE)~~128
10:13:26.071 ~~TEST_06.TEST_06~~40~~EXPR~~%SUBST(SENTENCE : J : 1)~~e
10:13:26.071 ~~TEST_06.TEST_06~~40~~EXPR~~%SUBST(SENTENCE : J : 1) = " "~~false
10:13:26.071 ~~TEST_06.TEST_06~~40~~STMT~~IF %SUBST(SENTENCE : J : 1) = " "~~false
10:13:26.071 ~~TEST_06.TEST_06~~~~DATA~~J = 29~~30
10:13:26.071 ~~TEST_06.TEST_06~~39~~EXPR~~%LEN(SENTENCE)~~128
10:13:26.071 ~~TEST_06.TEST_06~~40~~EXPR~~%SUBST(SENTENCE : J : 1)~~d
10:13:26.071 ~~TEST_06.TEST_06~~40~~EXPR~~%SUBST(SENTENCE : J : 1) = " "~~false
10:13:26.071 ~~TEST_06.TEST_06~~40~~STMT~~IF %SUBST(SENTENCE : J : 1) = " "~~false
10:13:26.071 ~~TEST_06.TEST_06~~~~DATA~~J = 30~~31
10:13:26.071 ~~TEST_06.TEST_06~~39~~EXPR~~%LEN(SENTENCE)~~128
10:13:26.072 ~~TEST_06.TEST_06~~40~~EXPR~~%SUBST(SENTENCE : J : 1)~~
10:13:26.072 ~~TEST_06.TEST_06~~40~~EXPR~~%SUBST(SENTENCE : J : 1) = " "~~true
10:13:26.072 ~~TEST_06.TEST_06~~40~~STMT~~IF %SUBST(SENTENCE : J : 1) = " "~~true
10:13:26.072 ~~TEST_06.TEST_06~~42~~STMT~~LEAVE
10:13:26.072 ~~TEST_06.TEST_06~~44~~LOOP~~ENDFOR J ~~2~~iterations
10:13:26.072 ~~TEST_06.TEST_06~~44~~STMT~~ENDFOR J 
10:13:26.072 ~~TEST_06.TEST_06~~44~~PERF~~ENDFOR J ~~2~~ms
10:13:26.072 ~~TEST_06.TEST_06~~45~~EXPR~~J - I~~3
10:13:26.072 ~~TEST_06.TEST_06~~~~DATA~~WORDINC = 1~~3
10:13:26.072 ~~TEST_06.TEST_06~~45~~STMT~~EVAL WORDINC = J - I~~3
10:13:26.072 ~~TEST_06.TEST_06~~46~~EXPR~~WORDCNT + 1~~6
10:13:26.072 ~~TEST_06.TEST_06~~~~DATA~~WORDCNT = 5~~6
10:13:26.072 ~~TEST_06.TEST_06~~46~~STMT~~EVAL WORDCNT = WORDCNT + 1~~6
10:13:26.073 ~~TEST_06.TEST_06~~50~~EXPR~~WORDINC = 5~~false
10:13:26.073 ~~TEST_06.TEST_06~~50~~STMT~~SELECT WHEN~~WORDINC = 5~~(false)
10:13:26.073 ~~TEST_06.TEST_06~~52~~EXPR~~WORDINC = 4~~false
10:13:26.073 ~~TEST_06.TEST_06~~52~~STMT~~SELECT WHEN~~WORDINC = 4~~(false)
10:13:26.073 ~~TEST_06.TEST_06~~54~~EXPR~~WORDINC = 3~~true
10:13:26.073 ~~TEST_06.TEST_06~~54~~STMT~~SELECT WHEN~~WORDINC = 3~~(true)
10:13:26.073 ~~TEST_06.TEST_06~~55~~EXPR~~%SUBST(SENTENCE : I : 3)~~sed
10:13:26.073 ~~TEST_06.TEST_06~~55~~STMT~~EVAL WORDS(WORDCNT)) = %SUBST(SENTENCE : I : 3)~~sed
10:13:26.073 ~~TEST_06.TEST_06~~~~DATA~~I = 28~~31
10:13:26.073 ~~TEST_06.TEST_06~~31~~EXPR~~%LEN(SENTENCE)~~128
10:13:26.073 ~~TEST_06.TEST_06~~33~~EXPR~~%SUBST(SENTENCE : I : 1)~~
10:13:26.073 ~~TEST_06.TEST_06~~33~~EXPR~~%SUBST(SENTENCE : I : 1) = " "~~true
10:13:26.073 ~~TEST_06.TEST_06~~33~~STMT~~IF %SUBST(SENTENCE : I : 1) = " "~~true
10:13:26.073 ~~TEST_06.TEST_06~~~~DATA~~WORDINC = 3~~1
10:13:26.073 ~~TEST_06.TEST_06~~34~~STMT~~EVAL WORDINC = 1~~1
10:13:26.073 ~~TEST_06.TEST_06~~36~~STMT~~ITER
10:13:26.073 ~~TEST_06.TEST_06~~~~DATA~~I = 31~~32
10:13:26.073 ~~TEST_06.TEST_06~~31~~EXPR~~%LEN(SENTENCE)~~128
10:13:26.073 ~~TEST_06.TEST_06~~33~~EXPR~~%SUBST(SENTENCE : I : 1)~~
10:13:26.073 ~~TEST_06.TEST_06~~33~~EXPR~~%SUBST(SENTENCE : I : 1) = " "~~true
10:13:26.073 ~~TEST_06.TEST_06~~33~~STMT~~IF %SUBST(SENTENCE : I : 1) = " "~~true
10:13:26.073 ~~TEST_06.TEST_06~~~~DATA~~WORDINC = 1~~1
10:13:26.073 ~~TEST_06.TEST_06~~34~~STMT~~EVAL WORDINC = 1~~1
10:13:26.073 ~~TEST_06.TEST_06~~36~~STMT~~ITER
10:13:26.074 ~~TEST_06.TEST_06~~~~DATA~~I = 32~~33
10:13:26.074 ~~TEST_06.TEST_06~~31~~EXPR~~%LEN(SENTENCE)~~128
10:13:26.074 ~~TEST_06.TEST_06~~33~~EXPR~~%SUBST(SENTENCE : I : 1)~~
10:13:26.074 ~~TEST_06.TEST_06~~33~~EXPR~~%SUBST(SENTENCE : I : 1) = " "~~true
10:13:26.074 ~~TEST_06.TEST_06~~33~~STMT~~IF %SUBST(SENTENCE : I : 1) = " "~~true
10:13:26.074 ~~TEST_06.TEST_06~~~~DATA~~WORDINC = 1~~1
10:13:26.074 ~~TEST_06.TEST_06~~34~~STMT~~EVAL WORDINC = 1~~1
10:13:26.074 ~~TEST_06.TEST_06~~36~~STMT~~ITER
10:13:26.074 ~~TEST_06.TEST_06~~~~DATA~~I = 33~~34
10:13:26.074 ~~TEST_06.TEST_06~~31~~EXPR~~%LEN(SENTENCE)~~128
10:13:26.074 ~~TEST_06.TEST_06~~33~~EXPR~~%SUBST(SENTENCE : I : 1)~~
10:13:26.074 ~~TEST_06.TEST_06~~33~~EXPR~~%SUBST(SENTENCE : I : 1) = " "~~true
10:13:26.074 ~~TEST_06.TEST_06~~33~~STMT~~IF %SUBST(SENTENCE : I : 1) = " "~~true
10:13:26.075 ~~TEST_06.TEST_06~~~~DATA~~WORDINC = 1~~1
10:13:26.075 ~~TEST_06.TEST_06~~34~~STMT~~EVAL WORDINC = 1~~1
10:13:26.075 ~~TEST_06.TEST_06~~36~~STMT~~ITER
10:13:26.075 ~~TEST_06.TEST_06~~~~DATA~~I = 34~~35
10:13:26.075 ~~TEST_06.TEST_06~~31~~EXPR~~%LEN(SENTENCE)~~128
10:13:26.075 ~~TEST_06.TEST_06~~33~~EXPR~~%SUBST(SENTENCE : I : 1)~~
10:13:26.075 ~~TEST_06.TEST_06~~33~~EXPR~~%SUBST(SENTENCE : I : 1) = " "~~true
10:13:26.075 ~~TEST_06.TEST_06~~33~~STMT~~IF %SUBST(SENTENCE : I : 1) = " "~~true
10:13:26.075 ~~TEST_06.TEST_06~~~~DATA~~WORDINC = 1~~1
10:13:26.075 ~~TEST_06.TEST_06~~34~~STMT~~EVAL WORDINC = 1~~1
10:13:26.075 ~~TEST_06.TEST_06~~36~~STMT~~ITER
10:13:26.075 ~~TEST_06.TEST_06~~~~DATA~~I = 35~~36
10:13:26.075 ~~TEST_06.TEST_06~~31~~EXPR~~%LEN(SENTENCE)~~128
10:13:26.075 ~~TEST_06.TEST_06~~33~~EXPR~~%SUBST(SENTENCE : I : 1)~~
10:13:26.075 ~~TEST_06.TEST_06~~33~~EXPR~~%SUBST(SENTENCE : I : 1) = " "~~true
10:13:26.075 ~~TEST_06.TEST_06~~33~~STMT~~IF %SUBST(SENTENCE : I : 1) = " "~~true
10:13:26.076 ~~TEST_06.TEST_06~~~~DATA~~WORDINC = 1~~1
10:13:26.076 ~~TEST_06.TEST_06~~34~~STMT~~EVAL WORDINC = 1~~1
10:13:26.076 ~~TEST_06.TEST_06~~36~~STMT~~ITER
10:13:26.076 ~~TEST_06.TEST_06~~~~DATA~~I = 36~~37
10:13:26.076 ~~TEST_06.TEST_06~~31~~EXPR~~%LEN(SENTENCE)~~128
10:13:26.076 ~~TEST_06.TEST_06~~33~~EXPR~~%SUBST(SENTENCE : I : 1)~~
10:13:26.076 ~~TEST_06.TEST_06~~33~~EXPR~~%SUBST(SENTENCE : I : 1) = " "~~true
10:13:26.076 ~~TEST_06.TEST_06~~33~~STMT~~IF %SUBST(SENTENCE : I : 1) = " "~~true
10:13:26.076 ~~TEST_06.TEST_06~~~~DATA~~WORDINC = 1~~1
10:13:26.076 ~~TEST_06.TEST_06~~34~~STMT~~EVAL WORDINC = 1~~1
10:13:26.076 ~~TEST_06.TEST_06~~36~~STMT~~ITER
10:13:26.076 ~~TEST_06.TEST_06~~~~DATA~~I = 37~~38
10:13:26.076 ~~TEST_06.TEST_06~~31~~EXPR~~%LEN(SENTENCE)~~128
10:13:26.077 ~~TEST_06.TEST_06~~33~~EXPR~~%SUBST(SENTENCE : I : 1)~~
10:13:26.077 ~~TEST_06.TEST_06~~33~~EXPR~~%SUBST(SENTENCE : I : 1) = " "~~true
10:13:26.077 ~~TEST_06.TEST_06~~33~~STMT~~IF %SUBST(SENTENCE : I : 1) = " "~~true
10:13:26.077 ~~TEST_06.TEST_06~~~~DATA~~WORDINC = 1~~1
10:13:26.077 ~~TEST_06.TEST_06~~34~~STMT~~EVAL WORDINC = 1~~1
10:13:26.077 ~~TEST_06.TEST_06~~36~~STMT~~ITER
10:13:26.077 ~~TEST_06.TEST_06~~~~DATA~~I = 38~~39
10:13:26.077 ~~TEST_06.TEST_06~~31~~EXPR~~%LEN(SENTENCE)~~128
10:13:26.077 ~~TEST_06.TEST_06~~33~~EXPR~~%SUBST(SENTENCE : I : 1)~~
10:13:26.077 ~~TEST_06.TEST_06~~33~~EXPR~~%SUBST(SENTENCE : I : 1) = " "~~true
10:13:26.077 ~~TEST_06.TEST_06~~33~~STMT~~IF %SUBST(SENTENCE : I : 1) = " "~~true
10:13:26.077 ~~TEST_06.TEST_06~~~~DATA~~WORDINC = 1~~1
10:13:26.077 ~~TEST_06.TEST_06~~34~~STMT~~EVAL WORDINC = 1~~1
10:13:26.077 ~~TEST_06.TEST_06~~36~~STMT~~ITER
10:13:26.077 ~~TEST_06.TEST_06~~~~DATA~~I = 39~~40
10:13:26.077 ~~TEST_06.TEST_06~~31~~EXPR~~%LEN(SENTENCE)~~128
10:13:26.078 ~~TEST_06.TEST_06~~33~~EXPR~~%SUBST(SENTENCE : I : 1)~~
10:13:26.078 ~~TEST_06.TEST_06~~33~~EXPR~~%SUBST(SENTENCE : I : 1) = " "~~true
10:13:26.078 ~~TEST_06.TEST_06~~33~~STMT~~IF %SUBST(SENTENCE : I : 1) = " "~~true
10:13:26.078 ~~TEST_06.TEST_06~~~~DATA~~WORDINC = 1~~1
10:13:26.078 ~~TEST_06.TEST_06~~34~~STMT~~EVAL WORDINC = 1~~1
10:13:26.078 ~~TEST_06.TEST_06~~36~~STMT~~ITER
10:13:26.078 ~~TEST_06.TEST_06~~~~DATA~~I = 40~~41
10:13:26.078 ~~TEST_06.TEST_06~~31~~EXPR~~%LEN(SENTENCE)~~128
10:13:26.078 ~~TEST_06.TEST_06~~33~~EXPR~~%SUBST(SENTENCE : I : 1)~~
10:13:26.078 ~~TEST_06.TEST_06~~33~~EXPR~~%SUBST(SENTENCE : I : 1) = " "~~true
10:13:26.079 ~~TEST_06.TEST_06~~33~~STMT~~IF %SUBST(SENTENCE : I : 1) = " "~~true
10:13:26.079 ~~TEST_06.TEST_06~~~~DATA~~WORDINC = 1~~1
10:13:26.079 ~~TEST_06.TEST_06~~34~~STMT~~EVAL WORDINC = 1~~1
10:13:26.079 ~~TEST_06.TEST_06~~36~~STMT~~ITER
10:13:26.079 ~~TEST_06.TEST_06~~~~DATA~~I = 41~~42
10:13:26.079 ~~TEST_06.TEST_06~~31~~EXPR~~%LEN(SENTENCE)~~128
10:13:26.079 ~~TEST_06.TEST_06~~33~~EXPR~~%SUBST(SENTENCE : I : 1)~~
10:13:26.079 ~~TEST_06.TEST_06~~33~~EXPR~~%SUBST(SENTENCE : I : 1) = " "~~true
10:13:26.079 ~~TEST_06.TEST_06~~33~~STMT~~IF %SUBST(SENTENCE : I : 1) = " "~~true
10:13:26.079 ~~TEST_06.TEST_06~~~~DATA~~WORDINC = 1~~1
10:13:26.079 ~~TEST_06.TEST_06~~34~~STMT~~EVAL WORDINC = 1~~1
10:13:26.079 ~~TEST_06.TEST_06~~36~~STMT~~ITER
10:13:26.079 ~~TEST_06.TEST_06~~~~DATA~~I = 42~~43
10:13:26.079 ~~TEST_06.TEST_06~~31~~EXPR~~%LEN(SENTENCE)~~128
10:13:26.080 ~~TEST_06.TEST_06~~33~~EXPR~~%SUBST(SENTENCE : I : 1)~~
10:13:26.080 ~~TEST_06.TEST_06~~33~~EXPR~~%SUBST(SENTENCE : I : 1) = " "~~true
10:13:26.080 ~~TEST_06.TEST_06~~33~~STMT~~IF %SUBST(SENTENCE : I : 1) = " "~~true
10:13:26.080 ~~TEST_06.TEST_06~~~~DATA~~WORDINC = 1~~1
10:13:26.080 ~~TEST_06.TEST_06~~34~~STMT~~EVAL WORDINC = 1~~1
10:13:26.080 ~~TEST_06.TEST_06~~36~~STMT~~ITER
10:13:26.080 ~~TEST_06.TEST_06~~~~DATA~~I = 43~~44
10:13:26.080 ~~TEST_06.TEST_06~~31~~EXPR~~%LEN(SENTENCE)~~128
10:13:26.080 ~~TEST_06.TEST_06~~33~~EXPR~~%SUBST(SENTENCE : I : 1)~~
10:13:26.080 ~~TEST_06.TEST_06~~33~~EXPR~~%SUBST(SENTENCE : I : 1) = " "~~true
10:13:26.080 ~~TEST_06.TEST_06~~33~~STMT~~IF %SUBST(SENTENCE : I : 1) = " "~~true
10:13:26.080 ~~TEST_06.TEST_06~~~~DATA~~WORDINC = 1~~1
10:13:26.080 ~~TEST_06.TEST_06~~34~~STMT~~EVAL WORDINC = 1~~1
10:13:26.080 ~~TEST_06.TEST_06~~36~~STMT~~ITER
10:13:26.080 ~~TEST_06.TEST_06~~~~DATA~~I = 44~~45
10:13:26.081 ~~TEST_06.TEST_06~~31~~EXPR~~%LEN(SENTENCE)~~128
10:13:26.081 ~~TEST_06.TEST_06~~33~~EXPR~~%SUBST(SENTENCE : I : 1)~~
10:13:26.081 ~~TEST_06.TEST_06~~33~~EXPR~~%SUBST(SENTENCE : I : 1) = " "~~true
10:13:26.081 ~~TEST_06.TEST_06~~33~~STMT~~IF %SUBST(SENTENCE : I : 1) = " "~~true
10:13:26.081 ~~TEST_06.TEST_06~~~~DATA~~WORDINC = 1~~1
10:13:26.081 ~~TEST_06.TEST_06~~34~~STMT~~EVAL WORDINC = 1~~1
10:13:26.081 ~~TEST_06.TEST_06~~36~~STMT~~ITER
10:13:26.081 ~~TEST_06.TEST_06~~~~DATA~~I = 45~~46
10:13:26.081 ~~TEST_06.TEST_06~~31~~EXPR~~%LEN(SENTENCE)~~128
10:13:26.081 ~~TEST_06.TEST_06~~33~~EXPR~~%SUBST(SENTENCE : I : 1)~~
10:13:26.081 ~~TEST_06.TEST_06~~33~~EXPR~~%SUBST(SENTENCE : I : 1) = " "~~true
10:13:26.081 ~~TEST_06.TEST_06~~33~~STMT~~IF %SUBST(SENTENCE : I : 1) = " "~~true
10:13:26.081 ~~TEST_06.TEST_06~~~~DATA~~WORDINC = 1~~1
10:13:26.081 ~~TEST_06.TEST_06~~34~~STMT~~EVAL WORDINC = 1~~1
10:13:26.081 ~~TEST_06.TEST_06~~36~~STMT~~ITER
10:13:26.082 ~~TEST_06.TEST_06~~~~DATA~~I = 46~~47
10:13:26.082 ~~TEST_06.TEST_06~~31~~EXPR~~%LEN(SENTENCE)~~128
10:13:26.082 ~~TEST_06.TEST_06~~33~~EXPR~~%SUBST(SENTENCE : I : 1)~~
10:13:26.082 ~~TEST_06.TEST_06~~33~~EXPR~~%SUBST(SENTENCE : I : 1) = " "~~true
10:13:26.082 ~~TEST_06.TEST_06~~33~~STMT~~IF %SUBST(SENTENCE : I : 1) = " "~~true
10:13:26.082 ~~TEST_06.TEST_06~~~~DATA~~WORDINC = 1~~1
10:13:26.082 ~~TEST_06.TEST_06~~34~~STMT~~EVAL WORDINC = 1~~1
10:13:26.082 ~~TEST_06.TEST_06~~36~~STMT~~ITER
10:13:26.082 ~~TEST_06.TEST_06~~~~DATA~~I = 47~~48
10:13:26.082 ~~TEST_06.TEST_06~~31~~EXPR~~%LEN(SENTENCE)~~128
10:13:26.082 ~~TEST_06.TEST_06~~33~~EXPR~~%SUBST(SENTENCE : I : 1)~~
10:13:26.082 ~~TEST_06.TEST_06~~33~~EXPR~~%SUBST(SENTENCE : I : 1) = " "~~true
10:13:26.082 ~~TEST_06.TEST_06~~33~~STMT~~IF %SUBST(SENTENCE : I : 1) = " "~~true
10:13:26.082 ~~TEST_06.TEST_06~~~~DATA~~WORDINC = 1~~1
10:13:26.082 ~~TEST_06.TEST_06~~34~~STMT~~EVAL WORDINC = 1~~1
10:13:26.083 ~~TEST_06.TEST_06~~36~~STMT~~ITER
10:13:26.083 ~~TEST_06.TEST_06~~~~DATA~~I = 48~~49
10:13:26.083 ~~TEST_06.TEST_06~~31~~EXPR~~%LEN(SENTENCE)~~128
10:13:26.083 ~~TEST_06.TEST_06~~33~~EXPR~~%SUBST(SENTENCE : I : 1)~~
10:13:26.083 ~~TEST_06.TEST_06~~33~~EXPR~~%SUBST(SENTENCE : I : 1) = " "~~true
10:13:26.083 ~~TEST_06.TEST_06~~33~~STMT~~IF %SUBST(SENTENCE : I : 1) = " "~~true
10:13:26.083 ~~TEST_06.TEST_06~~~~DATA~~WORDINC = 1~~1
10:13:26.083 ~~TEST_06.TEST_06~~34~~STMT~~EVAL WORDINC = 1~~1
10:13:26.083 ~~TEST_06.TEST_06~~36~~STMT~~ITER
10:13:26.083 ~~TEST_06.TEST_06~~~~DATA~~I = 49~~50
10:13:26.083 ~~TEST_06.TEST_06~~31~~EXPR~~%LEN(SENTENCE)~~128
10:13:26.083 ~~TEST_06.TEST_06~~33~~EXPR~~%SUBST(SENTENCE : I : 1)~~
10:13:26.083 ~~TEST_06.TEST_06~~33~~EXPR~~%SUBST(SENTENCE : I : 1) = " "~~true
10:13:26.084 ~~TEST_06.TEST_06~~33~~STMT~~IF %SUBST(SENTENCE : I : 1) = " "~~true
10:13:26.084 ~~TEST_06.TEST_06~~~~DATA~~WORDINC = 1~~1
10:13:26.084 ~~TEST_06.TEST_06~~34~~STMT~~EVAL WORDINC = 1~~1
10:13:26.084 ~~TEST_06.TEST_06~~36~~STMT~~ITER
10:13:26.084 ~~TEST_06.TEST_06~~~~DATA~~I = 50~~51
10:13:26.084 ~~TEST_06.TEST_06~~31~~EXPR~~%LEN(SENTENCE)~~128
10:13:26.084 ~~TEST_06.TEST_06~~33~~EXPR~~%SUBST(SENTENCE : I : 1)~~
10:13:26.084 ~~TEST_06.TEST_06~~33~~EXPR~~%SUBST(SENTENCE : I : 1) = " "~~true
10:13:26.084 ~~TEST_06.TEST_06~~33~~STMT~~IF %SUBST(SENTENCE : I : 1) = " "~~true
10:13:26.084 ~~TEST_06.TEST_06~~~~DATA~~WORDINC = 1~~1
10:13:26.084 ~~TEST_06.TEST_06~~34~~STMT~~EVAL WORDINC = 1~~1
10:13:26.084 ~~TEST_06.TEST_06~~36~~STMT~~ITER
10:13:26.084 ~~TEST_06.TEST_06~~~~DATA~~I = 51~~52
10:13:26.084 ~~TEST_06.TEST_06~~31~~EXPR~~%LEN(SENTENCE)~~128
10:13:26.084 ~~TEST_06.TEST_06~~33~~EXPR~~%SUBST(SENTENCE : I : 1)~~
10:13:26.085 ~~TEST_06.TEST_06~~33~~EXPR~~%SUBST(SENTENCE : I : 1) = " "~~true
10:13:26.085 ~~TEST_06.TEST_06~~33~~STMT~~IF %SUBST(SENTENCE : I : 1) = " "~~true
10:13:26.085 ~~TEST_06.TEST_06~~~~DATA~~WORDINC = 1~~1
10:13:26.085 ~~TEST_06.TEST_06~~34~~STMT~~EVAL WORDINC = 1~~1
10:13:26.085 ~~TEST_06.TEST_06~~36~~STMT~~ITER
10:13:26.085 ~~TEST_06.TEST_06~~~~DATA~~I = 52~~53
10:13:26.085 ~~TEST_06.TEST_06~~31~~EXPR~~%LEN(SENTENCE)~~128
10:13:26.085 ~~TEST_06.TEST_06~~33~~EXPR~~%SUBST(SENTENCE : I : 1)~~
10:13:26.086 ~~TEST_06.TEST_06~~33~~EXPR~~%SUBST(SENTENCE : I : 1) = " "~~true
10:13:26.086 ~~TEST_06.TEST_06~~33~~STMT~~IF %SUBST(SENTENCE : I : 1) = " "~~true
10:13:26.086 ~~TEST_06.TEST_06~~~~DATA~~WORDINC = 1~~1
10:13:26.086 ~~TEST_06.TEST_06~~34~~STMT~~EVAL WORDINC = 1~~1
10:13:26.086 ~~TEST_06.TEST_06~~36~~STMT~~ITER
10:13:26.086 ~~TEST_06.TEST_06~~~~DATA~~I = 53~~54
10:13:26.086 ~~TEST_06.TEST_06~~31~~EXPR~~%LEN(SENTENCE)~~128
10:13:26.086 ~~TEST_06.TEST_06~~33~~EXPR~~%SUBST(SENTENCE : I : 1)~~
10:13:26.086 ~~TEST_06.TEST_06~~33~~EXPR~~%SUBST(SENTENCE : I : 1) = " "~~true
10:13:26.086 ~~TEST_06.TEST_06~~33~~STMT~~IF %SUBST(SENTENCE : I : 1) = " "~~true
10:13:26.086 ~~TEST_06.TEST_06~~~~DATA~~WORDINC = 1~~1
10:13:26.086 ~~TEST_06.TEST_06~~34~~STMT~~EVAL WORDINC = 1~~1
10:13:26.086 ~~TEST_06.TEST_06~~36~~STMT~~ITER
10:13:26.086 ~~TEST_06.TEST_06~~~~DATA~~I = 54~~55
10:13:26.086 ~~TEST_06.TEST_06~~31~~EXPR~~%LEN(SENTENCE)~~128
10:13:26.087 ~~TEST_06.TEST_06~~33~~EXPR~~%SUBST(SENTENCE : I : 1)~~
10:13:26.087 ~~TEST_06.TEST_06~~33~~EXPR~~%SUBST(SENTENCE : I : 1) = " "~~true
10:13:26.087 ~~TEST_06.TEST_06~~33~~STMT~~IF %SUBST(SENTENCE : I : 1) = " "~~true
10:13:26.087 ~~TEST_06.TEST_06~~~~DATA~~WORDINC = 1~~1
10:13:26.087 ~~TEST_06.TEST_06~~34~~STMT~~EVAL WORDINC = 1~~1
10:13:26.087 ~~TEST_06.TEST_06~~36~~STMT~~ITER
10:13:26.087 ~~TEST_06.TEST_06~~~~DATA~~I = 55~~56
10:13:26.087 ~~TEST_06.TEST_06~~31~~EXPR~~%LEN(SENTENCE)~~128
10:13:26.087 ~~TEST_06.TEST_06~~33~~EXPR~~%SUBST(SENTENCE : I : 1)~~
10:13:26.087 ~~TEST_06.TEST_06~~33~~EXPR~~%SUBST(SENTENCE : I : 1) = " "~~true
10:13:26.087 ~~TEST_06.TEST_06~~33~~STMT~~IF %SUBST(SENTENCE : I : 1) = " "~~true
10:13:26.087 ~~TEST_06.TEST_06~~~~DATA~~WORDINC = 1~~1
10:13:26.087 ~~TEST_06.TEST_06~~34~~STMT~~EVAL WORDINC = 1~~1
10:13:26.087 ~~TEST_06.TEST_06~~36~~STMT~~ITER
10:13:26.087 ~~TEST_06.TEST_06~~~~DATA~~I = 56~~57
10:13:26.088 ~~TEST_06.TEST_06~~31~~EXPR~~%LEN(SENTENCE)~~128
10:13:26.088 ~~TEST_06.TEST_06~~33~~EXPR~~%SUBST(SENTENCE : I : 1)~~
10:13:26.088 ~~TEST_06.TEST_06~~33~~EXPR~~%SUBST(SENTENCE : I : 1) = " "~~true
10:13:26.088 ~~TEST_06.TEST_06~~33~~STMT~~IF %SUBST(SENTENCE : I : 1) = " "~~true
10:13:26.088 ~~TEST_06.TEST_06~~~~DATA~~WORDINC = 1~~1
10:13:26.088 ~~TEST_06.TEST_06~~34~~STMT~~EVAL WORDINC = 1~~1
10:13:26.088 ~~TEST_06.TEST_06~~36~~STMT~~ITER
10:13:26.088 ~~TEST_06.TEST_06~~~~DATA~~I = 57~~58
10:13:26.088 ~~TEST_06.TEST_06~~31~~EXPR~~%LEN(SENTENCE)~~128
10:13:26.088 ~~TEST_06.TEST_06~~33~~EXPR~~%SUBST(SENTENCE : I : 1)~~
10:13:26.088 ~~TEST_06.TEST_06~~33~~EXPR~~%SUBST(SENTENCE : I : 1) = " "~~true
10:13:26.088 ~~TEST_06.TEST_06~~33~~STMT~~IF %SUBST(SENTENCE : I : 1) = " "~~true
10:13:26.088 ~~TEST_06.TEST_06~~~~DATA~~WORDINC = 1~~1
10:13:26.088 ~~TEST_06.TEST_06~~34~~STMT~~EVAL WORDINC = 1~~1
10:13:26.089 ~~TEST_06.TEST_06~~36~~STMT~~ITER
10:13:26.089 ~~TEST_06.TEST_06~~~~DATA~~I = 58~~59
10:13:26.089 ~~TEST_06.TEST_06~~31~~EXPR~~%LEN(SENTENCE)~~128
10:13:26.089 ~~TEST_06.TEST_06~~33~~EXPR~~%SUBST(SENTENCE : I : 1)~~
10:13:26.089 ~~TEST_06.TEST_06~~33~~EXPR~~%SUBST(SENTENCE : I : 1) = " "~~true
10:13:26.089 ~~TEST_06.TEST_06~~33~~STMT~~IF %SUBST(SENTENCE : I : 1) = " "~~true
10:13:26.089 ~~TEST_06.TEST_06~~~~DATA~~WORDINC = 1~~1
10:13:26.089 ~~TEST_06.TEST_06~~34~~STMT~~EVAL WORDINC = 1~~1
10:13:26.089 ~~TEST_06.TEST_06~~36~~STMT~~ITER
10:13:26.089 ~~TEST_06.TEST_06~~~~DATA~~I = 59~~60
10:13:26.089 ~~TEST_06.TEST_06~~31~~EXPR~~%LEN(SENTENCE)~~128
10:13:26.089 ~~TEST_06.TEST_06~~33~~EXPR~~%SUBST(SENTENCE : I : 1)~~
10:13:26.089 ~~TEST_06.TEST_06~~33~~EXPR~~%SUBST(SENTENCE : I : 1) = " "~~true
10:13:26.089 ~~TEST_06.TEST_06~~33~~STMT~~IF %SUBST(SENTENCE : I : 1) = " "~~true
10:13:26.090 ~~TEST_06.TEST_06~~~~DATA~~WORDINC = 1~~1
10:13:26.090 ~~TEST_06.TEST_06~~34~~STMT~~EVAL WORDINC = 1~~1
10:13:26.090 ~~TEST_06.TEST_06~~36~~STMT~~ITER
10:13:26.090 ~~TEST_06.TEST_06~~~~DATA~~I = 60~~61
10:13:26.090 ~~TEST_06.TEST_06~~31~~EXPR~~%LEN(SENTENCE)~~128
10:13:26.090 ~~TEST_06.TEST_06~~33~~EXPR~~%SUBST(SENTENCE : I : 1)~~
10:13:26.090 ~~TEST_06.TEST_06~~33~~EXPR~~%SUBST(SENTENCE : I : 1) = " "~~true
10:13:26.090 ~~TEST_06.TEST_06~~33~~STMT~~IF %SUBST(SENTENCE : I : 1) = " "~~true
10:13:26.090 ~~TEST_06.TEST_06~~~~DATA~~WORDINC = 1~~1
10:13:26.090 ~~TEST_06.TEST_06~~34~~STMT~~EVAL WORDINC = 1~~1
10:13:26.090 ~~TEST_06.TEST_06~~36~~STMT~~ITER
10:13:26.090 ~~TEST_06.TEST_06~~~~DATA~~I = 61~~62
10:13:26.090 ~~TEST_06.TEST_06~~31~~EXPR~~%LEN(SENTENCE)~~128
10:13:26.090 ~~TEST_06.TEST_06~~33~~EXPR~~%SUBST(SENTENCE : I : 1)~~
10:13:26.091 ~~TEST_06.TEST_06~~33~~EXPR~~%SUBST(SENTENCE : I : 1) = " "~~true
10:13:26.091 ~~TEST_06.TEST_06~~33~~STMT~~IF %SUBST(SENTENCE : I : 1) = " "~~true
10:13:26.091 ~~TEST_06.TEST_06~~~~DATA~~WORDINC = 1~~1
10:13:26.091 ~~TEST_06.TEST_06~~34~~STMT~~EVAL WORDINC = 1~~1
10:13:26.091 ~~TEST_06.TEST_06~~36~~STMT~~ITER
10:13:26.091 ~~TEST_06.TEST_06~~~~DATA~~I = 62~~63
10:13:26.091 ~~TEST_06.TEST_06~~31~~EXPR~~%LEN(SENTENCE)~~128
10:13:26.091 ~~TEST_06.TEST_06~~33~~EXPR~~%SUBST(SENTENCE : I : 1)~~
10:13:26.091 ~~TEST_06.TEST_06~~33~~EXPR~~%SUBST(SENTENCE : I : 1) = " "~~true
10:13:26.091 ~~TEST_06.TEST_06~~33~~STMT~~IF %SUBST(SENTENCE : I : 1) = " "~~true
10:13:26.091 ~~TEST_06.TEST_06~~~~DATA~~WORDINC = 1~~1
10:13:26.091 ~~TEST_06.TEST_06~~34~~STMT~~EVAL WORDINC = 1~~1
10:13:26.091 ~~TEST_06.TEST_06~~36~~STMT~~ITER
10:13:26.091 ~~TEST_06.TEST_06~~~~DATA~~I = 63~~64
10:13:26.092 ~~TEST_06.TEST_06~~31~~EXPR~~%LEN(SENTENCE)~~128
10:13:26.092 ~~TEST_06.TEST_06~~33~~EXPR~~%SUBST(SENTENCE : I : 1)~~
10:13:26.092 ~~TEST_06.TEST_06~~33~~EXPR~~%SUBST(SENTENCE : I : 1) = " "~~true
10:13:26.092 ~~TEST_06.TEST_06~~33~~STMT~~IF %SUBST(SENTENCE : I : 1) = " "~~true
10:13:26.092 ~~TEST_06.TEST_06~~~~DATA~~WORDINC = 1~~1
10:13:26.092 ~~TEST_06.TEST_06~~34~~STMT~~EVAL WORDINC = 1~~1
10:13:26.092 ~~TEST_06.TEST_06~~36~~STMT~~ITER
10:13:26.092 ~~TEST_06.TEST_06~~~~DATA~~I = 64~~65
10:13:26.092 ~~TEST_06.TEST_06~~31~~EXPR~~%LEN(SENTENCE)~~128
10:13:26.092 ~~TEST_06.TEST_06~~33~~EXPR~~%SUBST(SENTENCE : I : 1)~~
10:13:26.092 ~~TEST_06.TEST_06~~33~~EXPR~~%SUBST(SENTENCE : I : 1) = " "~~true
10:13:26.092 ~~TEST_06.TEST_06~~33~~STMT~~IF %SUBST(SENTENCE : I : 1) = " "~~true
10:13:26.092 ~~TEST_06.TEST_06~~~~DATA~~WORDINC = 1~~1
10:13:26.092 ~~TEST_06.TEST_06~~34~~STMT~~EVAL WORDINC = 1~~1
10:13:26.092 ~~TEST_06.TEST_06~~36~~STMT~~ITER
10:13:26.093 ~~TEST_06.TEST_06~~~~DATA~~I = 65~~66
10:13:26.093 ~~TEST_06.TEST_06~~31~~EXPR~~%LEN(SENTENCE)~~128
10:13:26.093 ~~TEST_06.TEST_06~~33~~EXPR~~%SUBST(SENTENCE : I : 1)~~
10:13:26.093 ~~TEST_06.TEST_06~~33~~EXPR~~%SUBST(SENTENCE : I : 1) = " "~~true
10:13:26.093 ~~TEST_06.TEST_06~~33~~STMT~~IF %SUBST(SENTENCE : I : 1) = " "~~true
10:13:26.093 ~~TEST_06.TEST_06~~~~DATA~~WORDINC = 1~~1
10:13:26.093 ~~TEST_06.TEST_06~~34~~STMT~~EVAL WORDINC = 1~~1
10:13:26.093 ~~TEST_06.TEST_06~~36~~STMT~~ITER
10:13:26.093 ~~TEST_06.TEST_06~~~~DATA~~I = 66~~67
10:13:26.093 ~~TEST_06.TEST_06~~31~~EXPR~~%LEN(SENTENCE)~~128
10:13:26.093 ~~TEST_06.TEST_06~~33~~EXPR~~%SUBST(SENTENCE : I : 1)~~
10:13:26.093 ~~TEST_06.TEST_06~~33~~EXPR~~%SUBST(SENTENCE : I : 1) = " "~~true
10:13:26.093 ~~TEST_06.TEST_06~~33~~STMT~~IF %SUBST(SENTENCE : I : 1) = " "~~true
10:13:26.094 ~~TEST_06.TEST_06~~~~DATA~~WORDINC = 1~~1
10:13:26.094 ~~TEST_06.TEST_06~~34~~STMT~~EVAL WORDINC = 1~~1
10:13:26.094 ~~TEST_06.TEST_06~~36~~STMT~~ITER
10:13:26.094 ~~TEST_06.TEST_06~~~~DATA~~I = 67~~68
10:13:26.094 ~~TEST_06.TEST_06~~31~~EXPR~~%LEN(SENTENCE)~~128
10:13:26.094 ~~TEST_06.TEST_06~~33~~EXPR~~%SUBST(SENTENCE : I : 1)~~
10:13:26.094 ~~TEST_06.TEST_06~~33~~EXPR~~%SUBST(SENTENCE : I : 1) = " "~~true
10:13:26.094 ~~TEST_06.TEST_06~~33~~STMT~~IF %SUBST(SENTENCE : I : 1) = " "~~true
10:13:26.094 ~~TEST_06.TEST_06~~~~DATA~~WORDINC = 1~~1
10:13:26.094 ~~TEST_06.TEST_06~~34~~STMT~~EVAL WORDINC = 1~~1
10:13:26.094 ~~TEST_06.TEST_06~~36~~STMT~~ITER
10:13:26.094 ~~TEST_06.TEST_06~~~~DATA~~I = 68~~69
10:13:26.094 ~~TEST_06.TEST_06~~31~~EXPR~~%LEN(SENTENCE)~~128
10:13:26.094 ~~TEST_06.TEST_06~~33~~EXPR~~%SUBST(SENTENCE : I : 1)~~
10:13:26.094 ~~TEST_06.TEST_06~~33~~EXPR~~%SUBST(SENTENCE : I : 1) = " "~~true
10:13:26.095 ~~TEST_06.TEST_06~~33~~STMT~~IF %SUBST(SENTENCE : I : 1) = " "~~true
10:13:26.095 ~~TEST_06.TEST_06~~~~DATA~~WORDINC = 1~~1
10:13:26.095 ~~TEST_06.TEST_06~~34~~STMT~~EVAL WORDINC = 1~~1
10:13:26.095 ~~TEST_06.TEST_06~~36~~STMT~~ITER
10:13:26.095 ~~TEST_06.TEST_06~~~~DATA~~I = 69~~70
10:13:26.095 ~~TEST_06.TEST_06~~31~~EXPR~~%LEN(SENTENCE)~~128
10:13:26.095 ~~TEST_06.TEST_06~~33~~EXPR~~%SUBST(SENTENCE : I : 1)~~
10:13:26.095 ~~TEST_06.TEST_06~~33~~EXPR~~%SUBST(SENTENCE : I : 1) = " "~~true
10:13:26.095 ~~TEST_06.TEST_06~~33~~STMT~~IF %SUBST(SENTENCE : I : 1) = " "~~true
10:13:26.095 ~~TEST_06.TEST_06~~~~DATA~~WORDINC = 1~~1
10:13:26.095 ~~TEST_06.TEST_06~~34~~STMT~~EVAL WORDINC = 1~~1
10:13:26.095 ~~TEST_06.TEST_06~~36~~STMT~~ITER
10:13:26.095 ~~TEST_06.TEST_06~~~~DATA~~I = 70~~71
10:13:26.095 ~~TEST_06.TEST_06~~31~~EXPR~~%LEN(SENTENCE)~~128
10:13:26.095 ~~TEST_06.TEST_06~~33~~EXPR~~%SUBST(SENTENCE : I : 1)~~
10:13:26.096 ~~TEST_06.TEST_06~~33~~EXPR~~%SUBST(SENTENCE : I : 1) = " "~~true
10:13:26.096 ~~TEST_06.TEST_06~~33~~STMT~~IF %SUBST(SENTENCE : I : 1) = " "~~true
10:13:26.096 ~~TEST_06.TEST_06~~~~DATA~~WORDINC = 1~~1
10:13:26.096 ~~TEST_06.TEST_06~~34~~STMT~~EVAL WORDINC = 1~~1
10:13:26.096 ~~TEST_06.TEST_06~~36~~STMT~~ITER
10:13:26.096 ~~TEST_06.TEST_06~~~~DATA~~I = 71~~72
10:13:26.096 ~~TEST_06.TEST_06~~31~~EXPR~~%LEN(SENTENCE)~~128
10:13:26.096 ~~TEST_06.TEST_06~~33~~EXPR~~%SUBST(SENTENCE : I : 1)~~
10:13:26.096 ~~TEST_06.TEST_06~~33~~EXPR~~%SUBST(SENTENCE : I : 1) = " "~~true
10:13:26.096 ~~TEST_06.TEST_06~~33~~STMT~~IF %SUBST(SENTENCE : I : 1) = " "~~true
10:13:26.096 ~~TEST_06.TEST_06~~~~DATA~~WORDINC = 1~~1
10:13:26.096 ~~TEST_06.TEST_06~~34~~STMT~~EVAL WORDINC = 1~~1
10:13:26.096 ~~TEST_06.TEST_06~~36~~STMT~~ITER
10:13:26.096 ~~TEST_06.TEST_06~~~~DATA~~I = 72~~73
10:13:26.096 ~~TEST_06.TEST_06~~31~~EXPR~~%LEN(SENTENCE)~~128
10:13:26.097 ~~TEST_06.TEST_06~~33~~EXPR~~%SUBST(SENTENCE : I : 1)~~
10:13:26.097 ~~TEST_06.TEST_06~~33~~EXPR~~%SUBST(SENTENCE : I : 1) = " "~~true
10:13:26.097 ~~TEST_06.TEST_06~~33~~STMT~~IF %SUBST(SENTENCE : I : 1) = " "~~true
10:13:26.097 ~~TEST_06.TEST_06~~~~DATA~~WORDINC = 1~~1
10:13:26.097 ~~TEST_06.TEST_06~~34~~STMT~~EVAL WORDINC = 1~~1
10:13:26.097 ~~TEST_06.TEST_06~~36~~STMT~~ITER
10:13:26.097 ~~TEST_06.TEST_06~~~~DATA~~I = 73~~74
10:13:26.097 ~~TEST_06.TEST_06~~31~~EXPR~~%LEN(SENTENCE)~~128
10:13:26.097 ~~TEST_06.TEST_06~~33~~EXPR~~%SUBST(SENTENCE : I : 1)~~
10:13:26.097 ~~TEST_06.TEST_06~~33~~EXPR~~%SUBST(SENTENCE : I : 1) = " "~~true
10:13:26.097 ~~TEST_06.TEST_06~~33~~STMT~~IF %SUBST(SENTENCE : I : 1) = " "~~true
10:13:26.098 ~~TEST_06.TEST_06~~~~DATA~~WORDINC = 1~~1
10:13:26.098 ~~TEST_06.TEST_06~~34~~STMT~~EVAL WORDINC = 1~~1
10:13:26.098 ~~TEST_06.TEST_06~~36~~STMT~~ITER
10:13:26.098 ~~TEST_06.TEST_06~~~~DATA~~I = 74~~75
10:13:26.098 ~~TEST_06.TEST_06~~31~~EXPR~~%LEN(SENTENCE)~~128
10:13:26.098 ~~TEST_06.TEST_06~~33~~EXPR~~%SUBST(SENTENCE : I : 1)~~
10:13:26.098 ~~TEST_06.TEST_06~~33~~EXPR~~%SUBST(SENTENCE : I : 1) = " "~~true
10:13:26.098 ~~TEST_06.TEST_06~~33~~STMT~~IF %SUBST(SENTENCE : I : 1) = " "~~true
10:13:26.098 ~~TEST_06.TEST_06~~~~DATA~~WORDINC = 1~~1
10:13:26.098 ~~TEST_06.TEST_06~~34~~STMT~~EVAL WORDINC = 1~~1
10:13:26.098 ~~TEST_06.TEST_06~~36~~STMT~~ITER
10:13:26.098 ~~TEST_06.TEST_06~~~~DATA~~I = 75~~76
10:13:26.098 ~~TEST_06.TEST_06~~31~~EXPR~~%LEN(SENTENCE)~~128
10:13:26.098 ~~TEST_06.TEST_06~~33~~EXPR~~%SUBST(SENTENCE : I : 1)~~
10:13:26.099 ~~TEST_06.TEST_06~~33~~EXPR~~%SUBST(SENTENCE : I : 1) = " "~~true
10:13:26.099 ~~TEST_06.TEST_06~~33~~STMT~~IF %SUBST(SENTENCE : I : 1) = " "~~true
10:13:26.099 ~~TEST_06.TEST_06~~~~DATA~~WORDINC = 1~~1
10:13:26.099 ~~TEST_06.TEST_06~~34~~STMT~~EVAL WORDINC = 1~~1
10:13:26.099 ~~TEST_06.TEST_06~~36~~STMT~~ITER
10:13:26.099 ~~TEST_06.TEST_06~~~~DATA~~I = 76~~77
10:13:26.099 ~~TEST_06.TEST_06~~31~~EXPR~~%LEN(SENTENCE)~~128
10:13:26.099 ~~TEST_06.TEST_06~~33~~EXPR~~%SUBST(SENTENCE : I : 1)~~
10:13:26.099 ~~TEST_06.TEST_06~~33~~EXPR~~%SUBST(SENTENCE : I : 1) = " "~~true
10:13:26.099 ~~TEST_06.TEST_06~~33~~STMT~~IF %SUBST(SENTENCE : I : 1) = " "~~true
10:13:26.099 ~~TEST_06.TEST_06~~~~DATA~~WORDINC = 1~~1
10:13:26.099 ~~TEST_06.TEST_06~~34~~STMT~~EVAL WORDINC = 1~~1
10:13:26.099 ~~TEST_06.TEST_06~~36~~STMT~~ITER
10:13:26.099 ~~TEST_06.TEST_06~~~~DATA~~I = 77~~78
10:13:26.100 ~~TEST_06.TEST_06~~31~~EXPR~~%LEN(SENTENCE)~~128
10:13:26.100 ~~TEST_06.TEST_06~~33~~EXPR~~%SUBST(SENTENCE : I : 1)~~
10:13:26.100 ~~TEST_06.TEST_06~~33~~EXPR~~%SUBST(SENTENCE : I : 1) = " "~~true
10:13:26.100 ~~TEST_06.TEST_06~~33~~STMT~~IF %SUBST(SENTENCE : I : 1) = " "~~true
10:13:26.100 ~~TEST_06.TEST_06~~~~DATA~~WORDINC = 1~~1
10:13:26.100 ~~TEST_06.TEST_06~~34~~STMT~~EVAL WORDINC = 1~~1
10:13:26.100 ~~TEST_06.TEST_06~~36~~STMT~~ITER
10:13:26.100 ~~TEST_06.TEST_06~~~~DATA~~I = 78~~79
10:13:26.100 ~~TEST_06.TEST_06~~31~~EXPR~~%LEN(SENTENCE)~~128
10:13:26.100 ~~TEST_06.TEST_06~~33~~EXPR~~%SUBST(SENTENCE : I : 1)~~
10:13:26.100 ~~TEST_06.TEST_06~~33~~EXPR~~%SUBST(SENTENCE : I : 1) = " "~~true
10:13:26.100 ~~TEST_06.TEST_06~~33~~STMT~~IF %SUBST(SENTENCE : I : 1) = " "~~true
10:13:26.100 ~~TEST_06.TEST_06~~~~DATA~~WORDINC = 1~~1
10:13:26.100 ~~TEST_06.TEST_06~~34~~STMT~~EVAL WORDINC = 1~~1
10:13:26.100 ~~TEST_06.TEST_06~~36~~STMT~~ITER
10:13:26.101 ~~TEST_06.TEST_06~~~~DATA~~I = 79~~80
10:13:26.101 ~~TEST_06.TEST_06~~31~~EXPR~~%LEN(SENTENCE)~~128
10:13:26.101 ~~TEST_06.TEST_06~~33~~EXPR~~%SUBST(SENTENCE : I : 1)~~
10:13:26.101 ~~TEST_06.TEST_06~~33~~EXPR~~%SUBST(SENTENCE : I : 1) = " "~~true
10:13:26.101 ~~TEST_06.TEST_06~~33~~STMT~~IF %SUBST(SENTENCE : I : 1) = " "~~true
10:13:26.101 ~~TEST_06.TEST_06~~~~DATA~~WORDINC = 1~~1
10:13:26.101 ~~TEST_06.TEST_06~~34~~STMT~~EVAL WORDINC = 1~~1
10:13:26.101 ~~TEST_06.TEST_06~~36~~STMT~~ITER
10:13:26.101 ~~TEST_06.TEST_06~~~~DATA~~I = 80~~81
10:13:26.101 ~~TEST_06.TEST_06~~31~~EXPR~~%LEN(SENTENCE)~~128
10:13:26.101 ~~TEST_06.TEST_06~~33~~EXPR~~%SUBST(SENTENCE : I : 1)~~
10:13:26.101 ~~TEST_06.TEST_06~~33~~EXPR~~%SUBST(SENTENCE : I : 1) = " "~~true
10:13:26.101 ~~TEST_06.TEST_06~~33~~STMT~~IF %SUBST(SENTENCE : I : 1) = " "~~true
10:13:26.102 ~~TEST_06.TEST_06~~~~DATA~~WORDINC = 1~~1
10:13:26.102 ~~TEST_06.TEST_06~~34~~STMT~~EVAL WORDINC = 1~~1
10:13:26.102 ~~TEST_06.TEST_06~~36~~STMT~~ITER
10:13:26.102 ~~TEST_06.TEST_06~~~~DATA~~I = 81~~82
10:13:26.102 ~~TEST_06.TEST_06~~31~~EXPR~~%LEN(SENTENCE)~~128
10:13:26.102 ~~TEST_06.TEST_06~~33~~EXPR~~%SUBST(SENTENCE : I : 1)~~
10:13:26.102 ~~TEST_06.TEST_06~~33~~EXPR~~%SUBST(SENTENCE : I : 1) = " "~~true
10:13:26.102 ~~TEST_06.TEST_06~~33~~STMT~~IF %SUBST(SENTENCE : I : 1) = " "~~true
10:13:26.102 ~~TEST_06.TEST_06~~~~DATA~~WORDINC = 1~~1
10:13:26.102 ~~TEST_06.TEST_06~~34~~STMT~~EVAL WORDINC = 1~~1
10:13:26.102 ~~TEST_06.TEST_06~~36~~STMT~~ITER
10:13:26.102 ~~TEST_06.TEST_06~~~~DATA~~I = 82~~83
10:13:26.102 ~~TEST_06.TEST_06~~31~~EXPR~~%LEN(SENTENCE)~~128
10:13:26.102 ~~TEST_06.TEST_06~~33~~EXPR~~%SUBST(SENTENCE : I : 1)~~
10:13:26.102 ~~TEST_06.TEST_06~~33~~EXPR~~%SUBST(SENTENCE : I : 1) = " "~~true
10:13:26.103 ~~TEST_06.TEST_06~~33~~STMT~~IF %SUBST(SENTENCE : I : 1) = " "~~true
10:13:26.103 ~~TEST_06.TEST_06~~~~DATA~~WORDINC = 1~~1
10:13:26.103 ~~TEST_06.TEST_06~~34~~STMT~~EVAL WORDINC = 1~~1
10:13:26.103 ~~TEST_06.TEST_06~~36~~STMT~~ITER
10:13:26.103 ~~TEST_06.TEST_06~~~~DATA~~I = 83~~84
10:13:26.103 ~~TEST_06.TEST_06~~31~~EXPR~~%LEN(SENTENCE)~~128
10:13:26.103 ~~TEST_06.TEST_06~~33~~EXPR~~%SUBST(SENTENCE : I : 1)~~
10:13:26.103 ~~TEST_06.TEST_06~~33~~EXPR~~%SUBST(SENTENCE : I : 1) = " "~~true
10:13:26.103 ~~TEST_06.TEST_06~~33~~STMT~~IF %SUBST(SENTENCE : I : 1) = " "~~true
10:13:26.103 ~~TEST_06.TEST_06~~~~DATA~~WORDINC = 1~~1
10:13:26.103 ~~TEST_06.TEST_06~~34~~STMT~~EVAL WORDINC = 1~~1
10:13:26.103 ~~TEST_06.TEST_06~~36~~STMT~~ITER
10:13:26.103 ~~TEST_06.TEST_06~~~~DATA~~I = 84~~85
10:13:26.103 ~~TEST_06.TEST_06~~31~~EXPR~~%LEN(SENTENCE)~~128
10:13:26.104 ~~TEST_06.TEST_06~~33~~EXPR~~%SUBST(SENTENCE : I : 1)~~
10:13:26.104 ~~TEST_06.TEST_06~~33~~EXPR~~%SUBST(SENTENCE : I : 1) = " "~~true
10:13:26.104 ~~TEST_06.TEST_06~~33~~STMT~~IF %SUBST(SENTENCE : I : 1) = " "~~true
10:13:26.104 ~~TEST_06.TEST_06~~~~DATA~~WORDINC = 1~~1
10:13:26.104 ~~TEST_06.TEST_06~~34~~STMT~~EVAL WORDINC = 1~~1
10:13:26.104 ~~TEST_06.TEST_06~~36~~STMT~~ITER
10:13:26.104 ~~TEST_06.TEST_06~~~~DATA~~I = 85~~86
10:13:26.104 ~~TEST_06.TEST_06~~31~~EXPR~~%LEN(SENTENCE)~~128
10:13:26.104 ~~TEST_06.TEST_06~~33~~EXPR~~%SUBST(SENTENCE : I : 1)~~
10:13:26.104 ~~TEST_06.TEST_06~~33~~EXPR~~%SUBST(SENTENCE : I : 1) = " "~~true
10:13:26.104 ~~TEST_06.TEST_06~~33~~STMT~~IF %SUBST(SENTENCE : I : 1) = " "~~true
10:13:26.104 ~~TEST_06.TEST_06~~~~DATA~~WORDINC = 1~~1
10:13:26.104 ~~TEST_06.TEST_06~~34~~STMT~~EVAL WORDINC = 1~~1
10:13:26.104 ~~TEST_06.TEST_06~~36~~STMT~~ITER
10:13:26.104 ~~TEST_06.TEST_06~~~~DATA~~I = 86~~87
10:13:26.105 ~~TEST_06.TEST_06~~31~~EXPR~~%LEN(SENTENCE)~~128
10:13:26.105 ~~TEST_06.TEST_06~~33~~EXPR~~%SUBST(SENTENCE : I : 1)~~
10:13:26.105 ~~TEST_06.TEST_06~~33~~EXPR~~%SUBST(SENTENCE : I : 1) = " "~~true
10:13:26.105 ~~TEST_06.TEST_06~~33~~STMT~~IF %SUBST(SENTENCE : I : 1) = " "~~true
10:13:26.105 ~~TEST_06.TEST_06~~~~DATA~~WORDINC = 1~~1
10:13:26.105 ~~TEST_06.TEST_06~~34~~STMT~~EVAL WORDINC = 1~~1
10:13:26.105 ~~TEST_06.TEST_06~~36~~STMT~~ITER
10:13:26.105 ~~TEST_06.TEST_06~~~~DATA~~I = 87~~88
10:13:26.105 ~~TEST_06.TEST_06~~31~~EXPR~~%LEN(SENTENCE)~~128
10:13:26.105 ~~TEST_06.TEST_06~~33~~EXPR~~%SUBST(SENTENCE : I : 1)~~
10:13:26.105 ~~TEST_06.TEST_06~~33~~EXPR~~%SUBST(SENTENCE : I : 1) = " "~~true
10:13:26.105 ~~TEST_06.TEST_06~~33~~STMT~~IF %SUBST(SENTENCE : I : 1) = " "~~true
10:13:26.105 ~~TEST_06.TEST_06~~~~DATA~~WORDINC = 1~~1
10:13:26.105 ~~TEST_06.TEST_06~~34~~STMT~~EVAL WORDINC = 1~~1
10:13:26.105 ~~TEST_06.TEST_06~~36~~STMT~~ITER
10:13:26.106 ~~TEST_06.TEST_06~~~~DATA~~I = 88~~89
10:13:26.106 ~~TEST_06.TEST_06~~31~~EXPR~~%LEN(SENTENCE)~~128
10:13:26.106 ~~TEST_06.TEST_06~~33~~EXPR~~%SUBST(SENTENCE : I : 1)~~
10:13:26.106 ~~TEST_06.TEST_06~~33~~EXPR~~%SUBST(SENTENCE : I : 1) = " "~~true
10:13:26.106 ~~TEST_06.TEST_06~~33~~STMT~~IF %SUBST(SENTENCE : I : 1) = " "~~true
10:13:26.106 ~~TEST_06.TEST_06~~~~DATA~~WORDINC = 1~~1
10:13:26.106 ~~TEST_06.TEST_06~~34~~STMT~~EVAL WORDINC = 1~~1
10:13:26.106 ~~TEST_06.TEST_06~~36~~STMT~~ITER
10:13:26.106 ~~TEST_06.TEST_06~~~~DATA~~I = 89~~90
10:13:26.106 ~~TEST_06.TEST_06~~31~~EXPR~~%LEN(SENTENCE)~~128
10:13:26.106 ~~TEST_06.TEST_06~~33~~EXPR~~%SUBST(SENTENCE : I : 1)~~
10:13:26.106 ~~TEST_06.TEST_06~~33~~EXPR~~%SUBST(SENTENCE : I : 1) = " "~~true
10:13:26.106 ~~TEST_06.TEST_06~~33~~STMT~~IF %SUBST(SENTENCE : I : 1) = " "~~true
10:13:26.106 ~~TEST_06.TEST_06~~~~DATA~~WORDINC = 1~~1
10:13:26.106 ~~TEST_06.TEST_06~~34~~STMT~~EVAL WORDINC = 1~~1
10:13:26.106 ~~TEST_06.TEST_06~~36~~STMT~~ITER
10:13:26.107 ~~TEST_06.TEST_06~~~~DATA~~I = 90~~91
10:13:26.107 ~~TEST_06.TEST_06~~31~~EXPR~~%LEN(SENTENCE)~~128
10:13:26.107 ~~TEST_06.TEST_06~~33~~EXPR~~%SUBST(SENTENCE : I : 1)~~
10:13:26.107 ~~TEST_06.TEST_06~~33~~EXPR~~%SUBST(SENTENCE : I : 1) = " "~~true
10:13:26.107 ~~TEST_06.TEST_06~~33~~STMT~~IF %SUBST(SENTENCE : I : 1) = " "~~true
10:13:26.107 ~~TEST_06.TEST_06~~~~DATA~~WORDINC = 1~~1
10:13:26.107 ~~TEST_06.TEST_06~~34~~STMT~~EVAL WORDINC = 1~~1
10:13:26.107 ~~TEST_06.TEST_06~~36~~STMT~~ITER
10:13:26.107 ~~TEST_06.TEST_06~~~~DATA~~I = 91~~92
10:13:26.107 ~~TEST_06.TEST_06~~31~~EXPR~~%LEN(SENTENCE)~~128
10:13:26.107 ~~TEST_06.TEST_06~~33~~EXPR~~%SUBST(SENTENCE : I : 1)~~
10:13:26.107 ~~TEST_06.TEST_06~~33~~EXPR~~%SUBST(SENTENCE : I : 1) = " "~~true
10:13:26.107 ~~TEST_06.TEST_06~~33~~STMT~~IF %SUBST(SENTENCE : I : 1) = " "~~true
10:13:26.107 ~~TEST_06.TEST_06~~~~DATA~~WORDINC = 1~~1
10:13:26.108 ~~TEST_06.TEST_06~~34~~STMT~~EVAL WORDINC = 1~~1
10:13:26.108 ~~TEST_06.TEST_06~~36~~STMT~~ITER
10:13:26.108 ~~TEST_06.TEST_06~~~~DATA~~I = 92~~93
10:13:26.108 ~~TEST_06.TEST_06~~31~~EXPR~~%LEN(SENTENCE)~~128
10:13:26.108 ~~TEST_06.TEST_06~~33~~EXPR~~%SUBST(SENTENCE : I : 1)~~
10:13:26.108 ~~TEST_06.TEST_06~~33~~EXPR~~%SUBST(SENTENCE : I : 1) = " "~~true
10:13:26.108 ~~TEST_06.TEST_06~~33~~STMT~~IF %SUBST(SENTENCE : I : 1) = " "~~true
10:13:26.108 ~~TEST_06.TEST_06~~~~DATA~~WORDINC = 1~~1
10:13:26.108 ~~TEST_06.TEST_06~~34~~STMT~~EVAL WORDINC = 1~~1
10:13:26.108 ~~TEST_06.TEST_06~~36~~STMT~~ITER
10:13:26.108 ~~TEST_06.TEST_06~~~~DATA~~I = 93~~94
10:13:26.108 ~~TEST_06.TEST_06~~31~~EXPR~~%LEN(SENTENCE)~~128
10:13:26.108 ~~TEST_06.TEST_06~~33~~EXPR~~%SUBST(SENTENCE : I : 1)~~
10:13:26.108 ~~TEST_06.TEST_06~~33~~EXPR~~%SUBST(SENTENCE : I : 1) = " "~~true
10:13:26.108 ~~TEST_06.TEST_06~~33~~STMT~~IF %SUBST(SENTENCE : I : 1) = " "~~true
10:13:26.109 ~~TEST_06.TEST_06~~~~DATA~~WORDINC = 1~~1
10:13:26.109 ~~TEST_06.TEST_06~~34~~STMT~~EVAL WORDINC = 1~~1
10:13:26.109 ~~TEST_06.TEST_06~~36~~STMT~~ITER
10:13:26.109 ~~TEST_06.TEST_06~~~~DATA~~I = 94~~95
10:13:26.109 ~~TEST_06.TEST_06~~31~~EXPR~~%LEN(SENTENCE)~~128
10:13:26.109 ~~TEST_06.TEST_06~~33~~EXPR~~%SUBST(SENTENCE : I : 1)~~
10:13:26.109 ~~TEST_06.TEST_06~~33~~EXPR~~%SUBST(SENTENCE : I : 1) = " "~~true
10:13:26.109 ~~TEST_06.TEST_06~~33~~STMT~~IF %SUBST(SENTENCE : I : 1) = " "~~true
10:13:26.109 ~~TEST_06.TEST_06~~~~DATA~~WORDINC = 1~~1
10:13:26.109 ~~TEST_06.TEST_06~~34~~STMT~~EVAL WORDINC = 1~~1
10:13:26.109 ~~TEST_06.TEST_06~~36~~STMT~~ITER
10:13:26.109 ~~TEST_06.TEST_06~~~~DATA~~I = 95~~96
10:13:26.109 ~~TEST_06.TEST_06~~31~~EXPR~~%LEN(SENTENCE)~~128
10:13:26.109 ~~TEST_06.TEST_06~~33~~EXPR~~%SUBST(SENTENCE : I : 1)~~
10:13:26.109 ~~TEST_06.TEST_06~~33~~EXPR~~%SUBST(SENTENCE : I : 1) = " "~~true
10:13:26.110 ~~TEST_06.TEST_06~~33~~STMT~~IF %SUBST(SENTENCE : I : 1) = " "~~true
10:13:26.110 ~~TEST_06.TEST_06~~~~DATA~~WORDINC = 1~~1
10:13:26.110 ~~TEST_06.TEST_06~~34~~STMT~~EVAL WORDINC = 1~~1
10:13:26.110 ~~TEST_06.TEST_06~~36~~STMT~~ITER
10:13:26.110 ~~TEST_06.TEST_06~~~~DATA~~I = 96~~97
10:13:26.110 ~~TEST_06.TEST_06~~31~~EXPR~~%LEN(SENTENCE)~~128
10:13:26.110 ~~TEST_06.TEST_06~~33~~EXPR~~%SUBST(SENTENCE : I : 1)~~
10:13:26.110 ~~TEST_06.TEST_06~~33~~EXPR~~%SUBST(SENTENCE : I : 1) = " "~~true
10:13:26.110 ~~TEST_06.TEST_06~~33~~STMT~~IF %SUBST(SENTENCE : I : 1) = " "~~true
10:13:26.110 ~~TEST_06.TEST_06~~~~DATA~~WORDINC = 1~~1
10:13:26.110 ~~TEST_06.TEST_06~~34~~STMT~~EVAL WORDINC = 1~~1
10:13:26.110 ~~TEST_06.TEST_06~~36~~STMT~~ITER
10:13:26.110 ~~TEST_06.TEST_06~~~~DATA~~I = 97~~98
10:13:26.110 ~~TEST_06.TEST_06~~31~~EXPR~~%LEN(SENTENCE)~~128
10:13:26.110 ~~TEST_06.TEST_06~~33~~EXPR~~%SUBST(SENTENCE : I : 1)~~
10:13:26.110 ~~TEST_06.TEST_06~~33~~EXPR~~%SUBST(SENTENCE : I : 1) = " "~~true
10:13:26.111 ~~TEST_06.TEST_06~~33~~STMT~~IF %SUBST(SENTENCE : I : 1) = " "~~true
10:13:26.111 ~~TEST_06.TEST_06~~~~DATA~~WORDINC = 1~~1
10:13:26.111 ~~TEST_06.TEST_06~~34~~STMT~~EVAL WORDINC = 1~~1
10:13:26.111 ~~TEST_06.TEST_06~~36~~STMT~~ITER
10:13:26.111 ~~TEST_06.TEST_06~~~~DATA~~I = 98~~99
10:13:26.111 ~~TEST_06.TEST_06~~31~~EXPR~~%LEN(SENTENCE)~~128
10:13:26.111 ~~TEST_06.TEST_06~~33~~EXPR~~%SUBST(SENTENCE : I : 1)~~
10:13:26.111 ~~TEST_06.TEST_06~~33~~EXPR~~%SUBST(SENTENCE : I : 1) = " "~~true
10:13:26.111 ~~TEST_06.TEST_06~~33~~STMT~~IF %SUBST(SENTENCE : I : 1) = " "~~true
10:13:26.111 ~~TEST_06.TEST_06~~~~DATA~~WORDINC = 1~~1
10:13:26.111 ~~TEST_06.TEST_06~~34~~STMT~~EVAL WORDINC = 1~~1
10:13:26.111 ~~TEST_06.TEST_06~~36~~STMT~~ITER
10:13:26.111 ~~TEST_06.TEST_06~~~~DATA~~I = 99~~100
10:13:26.112 ~~TEST_06.TEST_06~~31~~EXPR~~%LEN(SENTENCE)~~128
10:13:26.112 ~~TEST_06.TEST_06~~33~~EXPR~~%SUBST(SENTENCE : I : 1)~~
10:13:26.112 ~~TEST_06.TEST_06~~33~~EXPR~~%SUBST(SENTENCE : I : 1) = " "~~true
10:13:26.112 ~~TEST_06.TEST_06~~33~~STMT~~IF %SUBST(SENTENCE : I : 1) = " "~~true
10:13:26.112 ~~TEST_06.TEST_06~~~~DATA~~WORDINC = 1~~1
10:13:26.112 ~~TEST_06.TEST_06~~34~~STMT~~EVAL WORDINC = 1~~1
10:13:26.112 ~~TEST_06.TEST_06~~36~~STMT~~ITER
10:13:26.112 ~~TEST_06.TEST_06~~~~DATA~~I = 100~~101
10:13:26.112 ~~TEST_06.TEST_06~~31~~EXPR~~%LEN(SENTENCE)~~128
10:13:26.112 ~~TEST_06.TEST_06~~33~~EXPR~~%SUBST(SENTENCE : I : 1)~~
10:13:26.112 ~~TEST_06.TEST_06~~33~~EXPR~~%SUBST(SENTENCE : I : 1) = " "~~true
10:13:26.112 ~~TEST_06.TEST_06~~33~~STMT~~IF %SUBST(SENTENCE : I : 1) = " "~~true
10:13:26.112 ~~TEST_06.TEST_06~~~~DATA~~WORDINC = 1~~1
10:13:26.112 ~~TEST_06.TEST_06~~34~~STMT~~EVAL WORDINC = 1~~1
10:13:26.112 ~~TEST_06.TEST_06~~36~~STMT~~ITER
10:13:26.113 ~~TEST_06.TEST_06~~~~DATA~~I = 101~~102
10:13:26.113 ~~TEST_06.TEST_06~~31~~EXPR~~%LEN(SENTENCE)~~128
10:13:26.113 ~~TEST_06.TEST_06~~33~~EXPR~~%SUBST(SENTENCE : I : 1)~~
10:13:26.113 ~~TEST_06.TEST_06~~33~~EXPR~~%SUBST(SENTENCE : I : 1) = " "~~true
10:13:26.113 ~~TEST_06.TEST_06~~33~~STMT~~IF %SUBST(SENTENCE : I : 1) = " "~~true
10:13:26.113 ~~TEST_06.TEST_06~~~~DATA~~WORDINC = 1~~1
10:13:26.113 ~~TEST_06.TEST_06~~34~~STMT~~EVAL WORDINC = 1~~1
10:13:26.113 ~~TEST_06.TEST_06~~36~~STMT~~ITER
10:13:26.113 ~~TEST_06.TEST_06~~~~DATA~~I = 102~~103
10:13:26.113 ~~TEST_06.TEST_06~~31~~EXPR~~%LEN(SENTENCE)~~128
10:13:26.113 ~~TEST_06.TEST_06~~33~~EXPR~~%SUBST(SENTENCE : I : 1)~~
10:13:26.113 ~~TEST_06.TEST_06~~33~~EXPR~~%SUBST(SENTENCE : I : 1) = " "~~true
10:13:26.113 ~~TEST_06.TEST_06~~33~~STMT~~IF %SUBST(SENTENCE : I : 1) = " "~~true
10:13:26.113 ~~TEST_06.TEST_06~~~~DATA~~WORDINC = 1~~1
10:13:26.113 ~~TEST_06.TEST_06~~34~~STMT~~EVAL WORDINC = 1~~1
10:13:26.114 ~~TEST_06.TEST_06~~36~~STMT~~ITER
10:13:26.114 ~~TEST_06.TEST_06~~~~DATA~~I = 103~~104
10:13:26.114 ~~TEST_06.TEST_06~~31~~EXPR~~%LEN(SENTENCE)~~128
10:13:26.114 ~~TEST_06.TEST_06~~33~~EXPR~~%SUBST(SENTENCE : I : 1)~~
10:13:26.114 ~~TEST_06.TEST_06~~33~~EXPR~~%SUBST(SENTENCE : I : 1) = " "~~true
10:13:26.114 ~~TEST_06.TEST_06~~33~~STMT~~IF %SUBST(SENTENCE : I : 1) = " "~~true
10:13:26.114 ~~TEST_06.TEST_06~~~~DATA~~WORDINC = 1~~1
10:13:26.114 ~~TEST_06.TEST_06~~34~~STMT~~EVAL WORDINC = 1~~1
10:13:26.114 ~~TEST_06.TEST_06~~36~~STMT~~ITER
10:13:26.114 ~~TEST_06.TEST_06~~~~DATA~~I = 104~~105
10:13:26.114 ~~TEST_06.TEST_06~~31~~EXPR~~%LEN(SENTENCE)~~128
10:13:26.114 ~~TEST_06.TEST_06~~33~~EXPR~~%SUBST(SENTENCE : I : 1)~~
10:13:26.114 ~~TEST_06.TEST_06~~33~~EXPR~~%SUBST(SENTENCE : I : 1) = " "~~true
10:13:26.114 ~~TEST_06.TEST_06~~33~~STMT~~IF %SUBST(SENTENCE : I : 1) = " "~~true
10:13:26.114 ~~TEST_06.TEST_06~~~~DATA~~WORDINC = 1~~1
10:13:26.114 ~~TEST_06.TEST_06~~34~~STMT~~EVAL WORDINC = 1~~1
10:13:26.115 ~~TEST_06.TEST_06~~36~~STMT~~ITER
10:13:26.115 ~~TEST_06.TEST_06~~~~DATA~~I = 105~~106
10:13:26.115 ~~TEST_06.TEST_06~~31~~EXPR~~%LEN(SENTENCE)~~128
10:13:26.115 ~~TEST_06.TEST_06~~33~~EXPR~~%SUBST(SENTENCE : I : 1)~~
10:13:26.115 ~~TEST_06.TEST_06~~33~~EXPR~~%SUBST(SENTENCE : I : 1) = " "~~true
10:13:26.115 ~~TEST_06.TEST_06~~33~~STMT~~IF %SUBST(SENTENCE : I : 1) = " "~~true
10:13:26.115 ~~TEST_06.TEST_06~~~~DATA~~WORDINC = 1~~1
10:13:26.115 ~~TEST_06.TEST_06~~34~~STMT~~EVAL WORDINC = 1~~1
10:13:26.115 ~~TEST_06.TEST_06~~36~~STMT~~ITER
10:13:26.115 ~~TEST_06.TEST_06~~~~DATA~~I = 106~~107
10:13:26.115 ~~TEST_06.TEST_06~~31~~EXPR~~%LEN(SENTENCE)~~128
10:13:26.115 ~~TEST_06.TEST_06~~33~~EXPR~~%SUBST(SENTENCE : I : 1)~~
10:13:26.115 ~~TEST_06.TEST_06~~33~~EXPR~~%SUBST(SENTENCE : I : 1) = " "~~true
10:13:26.115 ~~TEST_06.TEST_06~~33~~STMT~~IF %SUBST(SENTENCE : I : 1) = " "~~true
10:13:26.115 ~~TEST_06.TEST_06~~~~DATA~~WORDINC = 1~~1
10:13:26.116 ~~TEST_06.TEST_06~~34~~STMT~~EVAL WORDINC = 1~~1
10:13:26.116 ~~TEST_06.TEST_06~~36~~STMT~~ITER
10:13:26.116 ~~TEST_06.TEST_06~~~~DATA~~I = 107~~108
10:13:26.116 ~~TEST_06.TEST_06~~31~~EXPR~~%LEN(SENTENCE)~~128
10:13:26.116 ~~TEST_06.TEST_06~~33~~EXPR~~%SUBST(SENTENCE : I : 1)~~
10:13:26.116 ~~TEST_06.TEST_06~~33~~EXPR~~%SUBST(SENTENCE : I : 1) = " "~~true
10:13:26.116 ~~TEST_06.TEST_06~~33~~STMT~~IF %SUBST(SENTENCE : I : 1) = " "~~true
10:13:26.116 ~~TEST_06.TEST_06~~~~DATA~~WORDINC = 1~~1
10:13:26.116 ~~TEST_06.TEST_06~~34~~STMT~~EVAL WORDINC = 1~~1
10:13:26.116 ~~TEST_06.TEST_06~~36~~STMT~~ITER
10:13:26.116 ~~TEST_06.TEST_06~~~~DATA~~I = 108~~109
10:13:26.116 ~~TEST_06.TEST_06~~31~~EXPR~~%LEN(SENTENCE)~~128
10:13:26.117 ~~TEST_06.TEST_06~~33~~EXPR~~%SUBST(SENTENCE : I : 1)~~
10:13:26.117 ~~TEST_06.TEST_06~~33~~EXPR~~%SUBST(SENTENCE : I : 1) = " "~~true
10:13:26.117 ~~TEST_06.TEST_06~~33~~STMT~~IF %SUBST(SENTENCE : I : 1) = " "~~true
10:13:26.117 ~~TEST_06.TEST_06~~~~DATA~~WORDINC = 1~~1
10:13:26.117 ~~TEST_06.TEST_06~~34~~STMT~~EVAL WORDINC = 1~~1
10:13:26.117 ~~TEST_06.TEST_06~~36~~STMT~~ITER
10:13:26.117 ~~TEST_06.TEST_06~~~~DATA~~I = 109~~110
10:13:26.117 ~~TEST_06.TEST_06~~31~~EXPR~~%LEN(SENTENCE)~~128
10:13:26.117 ~~TEST_06.TEST_06~~33~~EXPR~~%SUBST(SENTENCE : I : 1)~~
10:13:26.117 ~~TEST_06.TEST_06~~33~~EXPR~~%SUBST(SENTENCE : I : 1) = " "~~true
10:13:26.117 ~~TEST_06.TEST_06~~33~~STMT~~IF %SUBST(SENTENCE : I : 1) = " "~~true
10:13:26.117 ~~TEST_06.TEST_06~~~~DATA~~WORDINC = 1~~1
10:13:26.117 ~~TEST_06.TEST_06~~34~~STMT~~EVAL WORDINC = 1~~1
10:13:26.117 ~~TEST_06.TEST_06~~36~~STMT~~ITER
10:13:26.117 ~~TEST_06.TEST_06~~~~DATA~~I = 110~~111
10:13:26.117 ~~TEST_06.TEST_06~~31~~EXPR~~%LEN(SENTENCE)~~128
10:13:26.118 ~~TEST_06.TEST_06~~33~~EXPR~~%SUBST(SENTENCE : I : 1)~~
10:13:26.118 ~~TEST_06.TEST_06~~33~~EXPR~~%SUBST(SENTENCE : I : 1) = " "~~true
10:13:26.118 ~~TEST_06.TEST_06~~33~~STMT~~IF %SUBST(SENTENCE : I : 1) = " "~~true
10:13:26.118 ~~TEST_06.TEST_06~~~~DATA~~WORDINC = 1~~1
10:13:26.118 ~~TEST_06.TEST_06~~34~~STMT~~EVAL WORDINC = 1~~1
10:13:26.118 ~~TEST_06.TEST_06~~36~~STMT~~ITER
10:13:26.118 ~~TEST_06.TEST_06~~~~DATA~~I = 111~~112
10:13:26.118 ~~TEST_06.TEST_06~~31~~EXPR~~%LEN(SENTENCE)~~128
10:13:26.118 ~~TEST_06.TEST_06~~33~~EXPR~~%SUBST(SENTENCE : I : 1)~~
10:13:26.118 ~~TEST_06.TEST_06~~33~~EXPR~~%SUBST(SENTENCE : I : 1) = " "~~true
10:13:26.118 ~~TEST_06.TEST_06~~33~~STMT~~IF %SUBST(SENTENCE : I : 1) = " "~~true
10:13:26.118 ~~TEST_06.TEST_06~~~~DATA~~WORDINC = 1~~1
10:13:26.118 ~~TEST_06.TEST_06~~34~~STMT~~EVAL WORDINC = 1~~1
10:13:26.118 ~~TEST_06.TEST_06~~36~~STMT~~ITER
10:13:26.118 ~~TEST_06.TEST_06~~~~DATA~~I = 112~~113
10:13:26.118 ~~TEST_06.TEST_06~~31~~EXPR~~%LEN(SENTENCE)~~128
10:13:26.119 ~~TEST_06.TEST_06~~33~~EXPR~~%SUBST(SENTENCE : I : 1)~~
10:13:26.119 ~~TEST_06.TEST_06~~33~~EXPR~~%SUBST(SENTENCE : I : 1) = " "~~true
10:13:26.119 ~~TEST_06.TEST_06~~33~~STMT~~IF %SUBST(SENTENCE : I : 1) = " "~~true
10:13:26.119 ~~TEST_06.TEST_06~~~~DATA~~WORDINC = 1~~1
10:13:26.119 ~~TEST_06.TEST_06~~34~~STMT~~EVAL WORDINC = 1~~1
10:13:26.119 ~~TEST_06.TEST_06~~36~~STMT~~ITER
10:13:26.119 ~~TEST_06.TEST_06~~~~DATA~~I = 113~~114
10:13:26.119 ~~TEST_06.TEST_06~~31~~EXPR~~%LEN(SENTENCE)~~128
10:13:26.119 ~~TEST_06.TEST_06~~33~~EXPR~~%SUBST(SENTENCE : I : 1)~~
10:13:26.119 ~~TEST_06.TEST_06~~33~~EXPR~~%SUBST(SENTENCE : I : 1) = " "~~true
10:13:26.119 ~~TEST_06.TEST_06~~33~~STMT~~IF %SUBST(SENTENCE : I : 1) = " "~~true
10:13:26.119 ~~TEST_06.TEST_06~~~~DATA~~WORDINC = 1~~1
10:13:26.120 ~~TEST_06.TEST_06~~34~~STMT~~EVAL WORDINC = 1~~1
10:13:26.120 ~~TEST_06.TEST_06~~36~~STMT~~ITER
10:13:26.120 ~~TEST_06.TEST_06~~~~DATA~~I = 114~~115
10:13:26.120 ~~TEST_06.TEST_06~~31~~EXPR~~%LEN(SENTENCE)~~128
10:13:26.120 ~~TEST_06.TEST_06~~33~~EXPR~~%SUBST(SENTENCE : I : 1)~~
10:13:26.120 ~~TEST_06.TEST_06~~33~~EXPR~~%SUBST(SENTENCE : I : 1) = " "~~true
10:13:26.120 ~~TEST_06.TEST_06~~33~~STMT~~IF %SUBST(SENTENCE : I : 1) = " "~~true
10:13:26.120 ~~TEST_06.TEST_06~~~~DATA~~WORDINC = 1~~1
10:13:26.120 ~~TEST_06.TEST_06~~34~~STMT~~EVAL WORDINC = 1~~1
10:13:26.120 ~~TEST_06.TEST_06~~36~~STMT~~ITER
10:13:26.120 ~~TEST_06.TEST_06~~~~DATA~~I = 115~~116
10:13:26.120 ~~TEST_06.TEST_06~~31~~EXPR~~%LEN(SENTENCE)~~128
10:13:26.120 ~~TEST_06.TEST_06~~33~~EXPR~~%SUBST(SENTENCE : I : 1)~~
10:13:26.120 ~~TEST_06.TEST_06~~33~~EXPR~~%SUBST(SENTENCE : I : 1) = " "~~true
10:13:26.120 ~~TEST_06.TEST_06~~33~~STMT~~IF %SUBST(SENTENCE : I : 1) = " "~~true
10:13:26.121 ~~TEST_06.TEST_06~~~~DATA~~WORDINC = 1~~1
10:13:26.121 ~~TEST_06.TEST_06~~34~~STMT~~EVAL WORDINC = 1~~1
10:13:26.121 ~~TEST_06.TEST_06~~36~~STMT~~ITER
10:13:26.121 ~~TEST_06.TEST_06~~~~DATA~~I = 116~~117
10:13:26.121 ~~TEST_06.TEST_06~~31~~EXPR~~%LEN(SENTENCE)~~128
10:13:26.121 ~~TEST_06.TEST_06~~33~~EXPR~~%SUBST(SENTENCE : I : 1)~~
10:13:26.121 ~~TEST_06.TEST_06~~33~~EXPR~~%SUBST(SENTENCE : I : 1) = " "~~true
10:13:26.121 ~~TEST_06.TEST_06~~33~~STMT~~IF %SUBST(SENTENCE : I : 1) = " "~~true
10:13:26.121 ~~TEST_06.TEST_06~~~~DATA~~WORDINC = 1~~1
10:13:26.121 ~~TEST_06.TEST_06~~34~~STMT~~EVAL WORDINC = 1~~1
10:13:26.121 ~~TEST_06.TEST_06~~36~~STMT~~ITER
10:13:26.121 ~~TEST_06.TEST_06~~~~DATA~~I = 117~~118
10:13:26.121 ~~TEST_06.TEST_06~~31~~EXPR~~%LEN(SENTENCE)~~128
10:13:26.121 ~~TEST_06.TEST_06~~33~~EXPR~~%SUBST(SENTENCE : I : 1)~~
10:13:26.122 ~~TEST_06.TEST_06~~33~~EXPR~~%SUBST(SENTENCE : I : 1) = " "~~true
10:13:26.122 ~~TEST_06.TEST_06~~33~~STMT~~IF %SUBST(SENTENCE : I : 1) = " "~~true
10:13:26.122 ~~TEST_06.TEST_06~~~~DATA~~WORDINC = 1~~1
10:13:26.122 ~~TEST_06.TEST_06~~34~~STMT~~EVAL WORDINC = 1~~1
10:13:26.122 ~~TEST_06.TEST_06~~36~~STMT~~ITER
10:13:26.122 ~~TEST_06.TEST_06~~~~DATA~~I = 118~~119
10:13:26.122 ~~TEST_06.TEST_06~~31~~EXPR~~%LEN(SENTENCE)~~128
10:13:26.122 ~~TEST_06.TEST_06~~33~~EXPR~~%SUBST(SENTENCE : I : 1)~~
10:13:26.122 ~~TEST_06.TEST_06~~33~~EXPR~~%SUBST(SENTENCE : I : 1) = " "~~true
10:13:26.122 ~~TEST_06.TEST_06~~33~~STMT~~IF %SUBST(SENTENCE : I : 1) = " "~~true
10:13:26.122 ~~TEST_06.TEST_06~~~~DATA~~WORDINC = 1~~1
10:13:26.122 ~~TEST_06.TEST_06~~34~~STMT~~EVAL WORDINC = 1~~1
10:13:26.122 ~~TEST_06.TEST_06~~36~~STMT~~ITER
10:13:26.123 ~~TEST_06.TEST_06~~~~DATA~~I = 119~~120
10:13:26.123 ~~TEST_06.TEST_06~~31~~EXPR~~%LEN(SENTENCE)~~128
10:13:26.123 ~~TEST_06.TEST_06~~33~~EXPR~~%SUBST(SENTENCE : I : 1)~~
10:13:26.123 ~~TEST_06.TEST_06~~33~~EXPR~~%SUBST(SENTENCE : I : 1) = " "~~true
10:13:26.123 ~~TEST_06.TEST_06~~33~~STMT~~IF %SUBST(SENTENCE : I : 1) = " "~~true
10:13:26.123 ~~TEST_06.TEST_06~~~~DATA~~WORDINC = 1~~1
10:13:26.123 ~~TEST_06.TEST_06~~34~~STMT~~EVAL WORDINC = 1~~1
10:13:26.123 ~~TEST_06.TEST_06~~36~~STMT~~ITER
10:13:26.123 ~~TEST_06.TEST_06~~~~DATA~~I = 120~~121
10:13:26.123 ~~TEST_06.TEST_06~~31~~EXPR~~%LEN(SENTENCE)~~128
10:13:26.123 ~~TEST_06.TEST_06~~33~~EXPR~~%SUBST(SENTENCE : I : 1)~~
10:13:26.123 ~~TEST_06.TEST_06~~33~~EXPR~~%SUBST(SENTENCE : I : 1) = " "~~true
10:13:26.123 ~~TEST_06.TEST_06~~33~~STMT~~IF %SUBST(SENTENCE : I : 1) = " "~~true
10:13:26.123 ~~TEST_06.TEST_06~~~~DATA~~WORDINC = 1~~1
10:13:26.124 ~~TEST_06.TEST_06~~34~~STMT~~EVAL WORDINC = 1~~1
10:13:26.124 ~~TEST_06.TEST_06~~36~~STMT~~ITER
10:13:26.124 ~~TEST_06.TEST_06~~~~DATA~~I = 121~~122
10:13:26.124 ~~TEST_06.TEST_06~~31~~EXPR~~%LEN(SENTENCE)~~128
10:13:26.124 ~~TEST_06.TEST_06~~33~~EXPR~~%SUBST(SENTENCE : I : 1)~~
10:13:26.124 ~~TEST_06.TEST_06~~33~~EXPR~~%SUBST(SENTENCE : I : 1) = " "~~true
10:13:26.124 ~~TEST_06.TEST_06~~33~~STMT~~IF %SUBST(SENTENCE : I : 1) = " "~~true
10:13:26.124 ~~TEST_06.TEST_06~~~~DATA~~WORDINC = 1~~1
10:13:26.124 ~~TEST_06.TEST_06~~34~~STMT~~EVAL WORDINC = 1~~1
10:13:26.124 ~~TEST_06.TEST_06~~36~~STMT~~ITER
10:13:26.124 ~~TEST_06.TEST_06~~~~DATA~~I = 122~~123
10:13:26.124 ~~TEST_06.TEST_06~~31~~EXPR~~%LEN(SENTENCE)~~128
10:13:26.124 ~~TEST_06.TEST_06~~33~~EXPR~~%SUBST(SENTENCE : I : 1)~~
10:13:26.124 ~~TEST_06.TEST_06~~33~~EXPR~~%SUBST(SENTENCE : I : 1) = " "~~true
10:13:26.124 ~~TEST_06.TEST_06~~33~~STMT~~IF %SUBST(SENTENCE : I : 1) = " "~~true
10:13:26.124 ~~TEST_06.TEST_06~~~~DATA~~WORDINC = 1~~1
10:13:26.125 ~~TEST_06.TEST_06~~34~~STMT~~EVAL WORDINC = 1~~1
10:13:26.125 ~~TEST_06.TEST_06~~36~~STMT~~ITER
10:13:26.125 ~~TEST_06.TEST_06~~~~DATA~~I = 123~~124
10:13:26.125 ~~TEST_06.TEST_06~~31~~EXPR~~%LEN(SENTENCE)~~128
10:13:26.125 ~~TEST_06.TEST_06~~33~~EXPR~~%SUBST(SENTENCE : I : 1)~~
10:13:26.125 ~~TEST_06.TEST_06~~33~~EXPR~~%SUBST(SENTENCE : I : 1) = " "~~true
10:13:26.125 ~~TEST_06.TEST_06~~33~~STMT~~IF %SUBST(SENTENCE : I : 1) = " "~~true
10:13:26.125 ~~TEST_06.TEST_06~~~~DATA~~WORDINC = 1~~1
10:13:26.125 ~~TEST_06.TEST_06~~34~~STMT~~EVAL WORDINC = 1~~1
10:13:26.125 ~~TEST_06.TEST_06~~36~~STMT~~ITER
10:13:26.125 ~~TEST_06.TEST_06~~~~DATA~~I = 124~~125
10:13:26.125 ~~TEST_06.TEST_06~~31~~EXPR~~%LEN(SENTENCE)~~128
10:13:26.125 ~~TEST_06.TEST_06~~33~~EXPR~~%SUBST(SENTENCE : I : 1)~~
10:13:26.125 ~~TEST_06.TEST_06~~33~~EXPR~~%SUBST(SENTENCE : I : 1) = " "~~true
10:13:26.125 ~~TEST_06.TEST_06~~33~~STMT~~IF %SUBST(SENTENCE : I : 1) = " "~~true
10:13:26.125 ~~TEST_06.TEST_06~~~~DATA~~WORDINC = 1~~1
10:13:26.125 ~~TEST_06.TEST_06~~34~~STMT~~EVAL WORDINC = 1~~1
10:13:26.125 ~~TEST_06.TEST_06~~36~~STMT~~ITER
10:13:26.126 ~~TEST_06.TEST_06~~~~DATA~~I = 125~~126
10:13:26.126 ~~TEST_06.TEST_06~~31~~EXPR~~%LEN(SENTENCE)~~128
10:13:26.126 ~~TEST_06.TEST_06~~33~~EXPR~~%SUBST(SENTENCE : I : 1)~~
10:13:26.126 ~~TEST_06.TEST_06~~33~~EXPR~~%SUBST(SENTENCE : I : 1) = " "~~true
10:13:26.126 ~~TEST_06.TEST_06~~33~~STMT~~IF %SUBST(SENTENCE : I : 1) = " "~~true
10:13:26.126 ~~TEST_06.TEST_06~~~~DATA~~WORDINC = 1~~1
10:13:26.126 ~~TEST_06.TEST_06~~34~~STMT~~EVAL WORDINC = 1~~1
10:13:26.126 ~~TEST_06.TEST_06~~36~~STMT~~ITER
10:13:26.126 ~~TEST_06.TEST_06~~~~DATA~~I = 126~~127
10:13:26.126 ~~TEST_06.TEST_06~~31~~EXPR~~%LEN(SENTENCE)~~128
10:13:26.126 ~~TEST_06.TEST_06~~33~~EXPR~~%SUBST(SENTENCE : I : 1)~~
10:13:26.126 ~~TEST_06.TEST_06~~33~~EXPR~~%SUBST(SENTENCE : I : 1) = " "~~true
10:13:26.126 ~~TEST_06.TEST_06~~33~~STMT~~IF %SUBST(SENTENCE : I : 1) = " "~~true
10:13:26.126 ~~TEST_06.TEST_06~~~~DATA~~WORDINC = 1~~1
10:13:26.126 ~~TEST_06.TEST_06~~34~~STMT~~EVAL WORDINC = 1~~1
10:13:26.127 ~~TEST_06.TEST_06~~36~~STMT~~ITER
10:13:26.127 ~~TEST_06.TEST_06~~~~DATA~~I = 127~~128
10:13:26.127 ~~TEST_06.TEST_06~~31~~EXPR~~%LEN(SENTENCE)~~128
10:13:26.127 ~~TEST_06.TEST_06~~33~~EXPR~~%SUBST(SENTENCE : I : 1)~~
10:13:26.127 ~~TEST_06.TEST_06~~33~~EXPR~~%SUBST(SENTENCE : I : 1) = " "~~true
10:13:26.127 ~~TEST_06.TEST_06~~33~~STMT~~IF %SUBST(SENTENCE : I : 1) = " "~~true
10:13:26.127 ~~TEST_06.TEST_06~~~~DATA~~WORDINC = 1~~1
10:13:26.127 ~~TEST_06.TEST_06~~34~~STMT~~EVAL WORDINC = 1~~1
10:13:26.127 ~~TEST_06.TEST_06~~36~~STMT~~ITER
10:13:26.127 ~~TEST_06.TEST_06~~~~DATA~~I = 128~~129
10:13:26.127 ~~TEST_06.TEST_06~~31~~EXPR~~%LEN(SENTENCE)~~128
10:13:26.127 ~~TEST_06.TEST_06~~61~~LOOP~~ENDFOR I ~~109~~iterations
10:13:26.127 ~~TEST_06.TEST_06~~61~~STMT~~ENDFOR I 
10:13:26.127 ~~TEST_06.TEST_06~~61~~PERF~~ENDFOR I ~~96~~ms
10:13:26.128 ~~TEST_06.TEST_06~~~~DATA~~TMP = A~~#
10:13:26.128 ~~TEST_06.TEST_06~~64~~STMT~~MOVE~~EOF TO TMP~~#
10:13:26.128 ~~TEST_06.TEST_06~~66~~EXPR~~WORDCNT + 1~~7
10:13:26.128 ~~TEST_06.TEST_06~~66~~STMT~~EVAL WORDS(WORDCNT + 1)) = TMP~~#
10:13:26.128 ~~TEST_06.TEST_06~~72~~STMT~~SUBROUTINE ~~PRINT
10:13:26.128 ~~TEST_06.TEST_06~~72~~RESL~~SUBROUTINE START~~PRINT
10:13:26.128 ~~TEST_06.TEST_06~~~~DATA~~I = 129~~1
10:13:26.128 ~~TEST_06.TEST_06~~73~~LOOP~~FOR I = 1  TO %ELEM(WORDS) 
10:13:26.128 ~~TEST_06.TEST_06~~73~~STMT~~FOR I = 1  TO %ELEM(WORDS)
10:13:26.128 ~~TEST_06.TEST_06~~73~~EXPR~~%ELEM(WORDS)~~128
10:13:26.133 ~~TEST_06.TEST_06~~74~~EXPR~~WORDS(I))~~Lorem
10:13:26.133 ~~TEST_06.TEST_06~~74~~EXPR~~%TRIM(WORDS(I)) : 1)~~Lorem
10:13:26.133 ~~TEST_06.TEST_06~~74~~EXPR~~%TRIM(WORDS(I)) : 1) = EOF~~false
10:13:26.133 ~~TEST_06.TEST_06~~74~~STMT~~IF %TRIM(WORDS(I)) : 1) = EOF~~false
10:13:26.133 ~~TEST_06.TEST_06~~77~~EXPR~~%CHAR(I)~~1
10:13:26.134 ~~TEST_06.TEST_06~~~~EXPR~~%CHAR(I) + " - "~~1 - 
10:13:26.134 ~~TEST_06.TEST_06~~77~~EXPR~~WORDS(I))~~Lorem
10:13:26.134 ~~TEST_06.TEST_06~~77~~EXPR~~%CHAR(I) + " - " + WORDS(I))~~1 - Lorem
10:13:26.134 ~~TEST_06.TEST_06~~~~DATA~~DSP = ~~1 - Lorem
10:13:26.134 ~~TEST_06.TEST_06~~77~~STMT~~EVAL DSP = %CHAR(I) + " - " + WORDS(I))~~1 - Lorem
10:13:26.134 ~~TEST_06.TEST_06~~~~DATA~~I = 1~~2
10:13:26.134 ~~TEST_06.TEST_06~~73~~EXPR~~%ELEM(WORDS)~~128
10:13:26.134 ~~TEST_06.TEST_06~~74~~EXPR~~WORDS(I))~~ipsum
10:13:26.134 ~~TEST_06.TEST_06~~74~~EXPR~~%TRIM(WORDS(I)) : 1)~~ipsum
10:13:26.134 ~~TEST_06.TEST_06~~74~~EXPR~~%TRIM(WORDS(I)) : 1) = EOF~~false
10:13:26.134 ~~TEST_06.TEST_06~~74~~STMT~~IF %TRIM(WORDS(I)) : 1) = EOF~~false
10:13:26.135 ~~TEST_06.TEST_06~~77~~EXPR~~%CHAR(I)~~2
10:13:26.135 ~~TEST_06.TEST_06~~~~EXPR~~%CHAR(I) + " - "~~2 - 
10:13:26.135 ~~TEST_06.TEST_06~~77~~EXPR~~WORDS(I))~~ipsum
10:13:26.135 ~~TEST_06.TEST_06~~77~~EXPR~~%CHAR(I) + " - " + WORDS(I))~~2 - ipsum
10:13:26.135 ~~TEST_06.TEST_06~~~~DATA~~DSP = 1 - Lorem~~2 - ipsum
10:13:26.135 ~~TEST_06.TEST_06~~77~~STMT~~EVAL DSP = %CHAR(I) + " - " + WORDS(I))~~2 - ipsum
10:13:26.135 ~~TEST_06.TEST_06~~~~DATA~~I = 2~~3
10:13:26.135 ~~TEST_06.TEST_06~~73~~EXPR~~%ELEM(WORDS)~~128
10:13:26.135 ~~TEST_06.TEST_06~~74~~EXPR~~WORDS(I))~~dolor
10:13:26.135 ~~TEST_06.TEST_06~~74~~EXPR~~%TRIM(WORDS(I)) : 1)~~dolor
10:13:26.135 ~~TEST_06.TEST_06~~74~~EXPR~~%TRIM(WORDS(I)) : 1) = EOF~~false
10:13:26.135 ~~TEST_06.TEST_06~~74~~STMT~~IF %TRIM(WORDS(I)) : 1) = EOF~~false
10:13:26.136 ~~TEST_06.TEST_06~~77~~EXPR~~%CHAR(I)~~3
10:13:26.136 ~~TEST_06.TEST_06~~~~EXPR~~%CHAR(I) + " - "~~3 - 
10:13:26.136 ~~TEST_06.TEST_06~~77~~EXPR~~WORDS(I))~~dolor
10:13:26.136 ~~TEST_06.TEST_06~~77~~EXPR~~%CHAR(I) + " - " + WORDS(I))~~3 - dolor
10:13:26.136 ~~TEST_06.TEST_06~~~~DATA~~DSP = 2 - ipsum~~3 - dolor
10:13:26.136 ~~TEST_06.TEST_06~~77~~STMT~~EVAL DSP = %CHAR(I) + " - " + WORDS(I))~~3 - dolor
10:13:26.136 ~~TEST_06.TEST_06~~~~DATA~~I = 3~~4
10:13:26.136 ~~TEST_06.TEST_06~~73~~EXPR~~%ELEM(WORDS)~~128
10:13:26.136 ~~TEST_06.TEST_06~~74~~EXPR~~WORDS(I))~~sit
10:13:26.136 ~~TEST_06.TEST_06~~74~~EXPR~~%TRIM(WORDS(I)) : 1)~~sit
10:13:26.136 ~~TEST_06.TEST_06~~74~~EXPR~~%TRIM(WORDS(I)) : 1) = EOF~~false
10:13:26.137 ~~TEST_06.TEST_06~~74~~STMT~~IF %TRIM(WORDS(I)) : 1) = EOF~~false
10:13:26.137 ~~TEST_06.TEST_06~~77~~EXPR~~%CHAR(I)~~4
10:13:26.137 ~~TEST_06.TEST_06~~~~EXPR~~%CHAR(I) + " - "~~4 - 
10:13:26.137 ~~TEST_06.TEST_06~~77~~EXPR~~WORDS(I))~~sit
10:13:26.137 ~~TEST_06.TEST_06~~77~~EXPR~~%CHAR(I) + " - " + WORDS(I))~~4 - sit
10:13:26.137 ~~TEST_06.TEST_06~~~~DATA~~DSP = 3 - dolor~~4 - sit
10:13:26.137 ~~TEST_06.TEST_06~~77~~STMT~~EVAL DSP = %CHAR(I) + " - " + WORDS(I))~~4 - sit
10:13:26.137 ~~TEST_06.TEST_06~~~~DATA~~I = 4~~5
10:13:26.137 ~~TEST_06.TEST_06~~73~~EXPR~~%ELEM(WORDS)~~128
10:13:26.137 ~~TEST_06.TEST_06~~74~~EXPR~~WORDS(I))~~amet
10:13:26.137 ~~TEST_06.TEST_06~~74~~EXPR~~%TRIM(WORDS(I)) : 1)~~amet
10:13:26.137 ~~TEST_06.TEST_06~~74~~EXPR~~%TRIM(WORDS(I)) : 1) = EOF~~false
10:13:26.137 ~~TEST_06.TEST_06~~74~~STMT~~IF %TRIM(WORDS(I)) : 1) = EOF~~false
10:13:26.137 ~~TEST_06.TEST_06~~77~~EXPR~~%CHAR(I)~~5
10:13:26.138 ~~TEST_06.TEST_06~~~~EXPR~~%CHAR(I) + " - "~~5 - 
10:13:26.138 ~~TEST_06.TEST_06~~77~~EXPR~~WORDS(I))~~amet
10:13:26.138 ~~TEST_06.TEST_06~~77~~EXPR~~%CHAR(I) + " - " + WORDS(I))~~5 - amet
10:13:26.138 ~~TEST_06.TEST_06~~~~DATA~~DSP = 4 - sit~~5 - amet
10:13:26.138 ~~TEST_06.TEST_06~~77~~STMT~~EVAL DSP = %CHAR(I) + " - " + WORDS(I))~~5 - amet
10:13:26.138 ~~TEST_06.TEST_06~~~~DATA~~I = 5~~6
10:13:26.138 ~~TEST_06.TEST_06~~73~~EXPR~~%ELEM(WORDS)~~128
10:13:26.138 ~~TEST_06.TEST_06~~74~~EXPR~~WORDS(I))~~sed
10:13:26.138 ~~TEST_06.TEST_06~~74~~EXPR~~%TRIM(WORDS(I)) : 1)~~sed
10:13:26.139 ~~TEST_06.TEST_06~~74~~EXPR~~%TRIM(WORDS(I)) : 1) = EOF~~false
10:13:26.139 ~~TEST_06.TEST_06~~74~~STMT~~IF %TRIM(WORDS(I)) : 1) = EOF~~false
10:13:26.139 ~~TEST_06.TEST_06~~77~~EXPR~~%CHAR(I)~~6
10:13:26.139 ~~TEST_06.TEST_06~~~~EXPR~~%CHAR(I) + " - "~~6 - 
10:13:26.139 ~~TEST_06.TEST_06~~77~~EXPR~~WORDS(I))~~sed
10:13:26.139 ~~TEST_06.TEST_06~~77~~EXPR~~%CHAR(I) + " - " + WORDS(I))~~6 - sed
10:13:26.139 ~~TEST_06.TEST_06~~~~DATA~~DSP = 5 - amet~~6 - sed
10:13:26.139 ~~TEST_06.TEST_06~~77~~STMT~~EVAL DSP = %CHAR(I) + " - " + WORDS(I))~~6 - sed
10:13:26.139 ~~TEST_06.TEST_06~~~~DATA~~I = 6~~7
10:13:26.139 ~~TEST_06.TEST_06~~73~~EXPR~~%ELEM(WORDS)~~128
10:13:26.139 ~~TEST_06.TEST_06~~74~~EXPR~~WORDS(I))~~#
10:13:26.139 ~~TEST_06.TEST_06~~74~~EXPR~~%TRIM(WORDS(I)) : 1)~~#
10:13:26.139 ~~TEST_06.TEST_06~~74~~EXPR~~%TRIM(WORDS(I)) : 1) = EOF~~true
10:13:26.139 ~~TEST_06.TEST_06~~74~~STMT~~IF %TRIM(WORDS(I)) : 1) = EOF~~true
10:13:26.140 ~~TEST_06.TEST_06~~75~~STMT~~LEAVE
10:13:26.140 ~~TEST_06.TEST_06~~79~~LOOP~~ENDFOR I ~~6~~iterations
10:13:26.140 ~~TEST_06.TEST_06~~79~~STMT~~ENDFOR I 
10:13:26.140 ~~TEST_06.TEST_06~~79~~PERF~~ENDFOR I ~~12~~ms
10:13:26.140 ~~TEST_06.TEST_06~~80~~STMT~~SUBROUTINE END~~PRINT
10:13:26.140 ~~TEST_06.TEST_06~~80~~PERF~~SUBROUTINE END~~PRINT~~12~~ms
10:13:26.140 ~~TEST_06.TEST_06~~~~STMT~~PROGRAM END~~TEST_06.TEST_06
10:13:26.140 ~~TEST_06.TEST_06~~~~PERF~~END TEST_06.TEST_06~~214~~ms
10:13:51.539 ~~~~~~RESL~~resource: /logging/
10:13:51.544 ~~~~~~RESL~~source:
10:13:51.545 ~~~~~~RESL~~com.smeup.rpgparser.rgpinterop.DirRpgProgramFinder@6b927fb
10:13:51.546 ~~~~~~RESL~~resource: /
10:13:54.302 ~~TEST_06.TEST_06~~~~STMT~~PROGRAM START~~TEST_06.TEST_06
10:13:54.376 ~~TEST_06.TEST_06~~~~DATA~~SENTENCE = N/D~~Lorem ipsum dolor sit amet sed
10:13:54.377 ~~TEST_06.TEST_06~~~~DATA~~WORDCNT = N/D~~0
10:13:54.377 ~~TEST_06.TEST_06~~~~DATA~~WORDINC = N/D~~0
10:13:54.377 ~~TEST_06.TEST_06~~~~DATA~~I = N/D~~0
10:13:54.377 ~~TEST_06.TEST_06~~~~DATA~~J = N/D~~0
10:13:54.377 ~~TEST_06.TEST_06~~~~DATA~~ONE = N/D~~1
10:13:54.377 ~~TEST_06.TEST_06~~~~DATA~~EOF = N/D~~#
10:13:54.377 ~~TEST_06.TEST_06~~~~DATA~~TMP = N/D~~ 
10:13:54.381 ~~TEST_06.TEST_06~~~~DATA~~WORDS = N/D~~Array(128)
10:13:54.381 ~~TEST_06.TEST_06~~~~DATA~~DSP = N/D~~
10:13:54.381 ~~TEST_06.TEST_06~~~~DATA~~U$FUNZ = N/D~~AA
10:13:54.381 ~~TEST_06.TEST_06~~~~DATA~~U$METO = N/D~~'ABCD'
10:13:54.381 ~~TEST_06.TEST_06~~~~DATA~~U$SVARSK = N/D~~1**
10:13:54.382 ~~TEST_06.TEST_06~~21~~STMT~~PARAM~~U$FUNZ~~AA
10:13:54.383 ~~TEST_06.TEST_06~~21~~STMT~~PARAM~~U$METO~~'ABCD'
10:13:54.383 ~~TEST_06.TEST_06~~21~~STMT~~PARAM~~U$SVARSK~~1**
10:13:54.385 ~~TEST_06.TEST_06~~~~DATA~~TMP =  ~~A
10:13:54.385 ~~TEST_06.TEST_06~~26~~STMT~~EVAL TMP = U$FUNZ~~A
10:13:54.389 ~~TEST_06.TEST_06~~~~DATA~~WORDCNT = 0~~0
10:13:54.389 ~~TEST_06.TEST_06~~28~~STMT~~CLEAR~~WORDCNT~~0
10:13:54.390 ~~TEST_06.TEST_06~~~~DATA~~WORDINC = 0~~1
10:13:54.390 ~~TEST_06.TEST_06~~30~~STMT~~MOVE~~ONE TO WORDINC~~1
10:13:54.392 ~~TEST_06.TEST_06~~~~DATA~~I = 0~~1
10:13:54.392 ~~TEST_06.TEST_06~~31~~LOOP~~FOR I = 1 BY WORDINC TO %LEN(SENTENCE) 
10:13:54.392 ~~TEST_06.TEST_06~~31~~STMT~~FOR I = 1 BY WORDINC TO %LEN(SENTENCE)
10:13:54.397 ~~TEST_06.TEST_06~~31~~EXPR~~%LEN(SENTENCE)~~128
10:13:54.398 ~~TEST_06.TEST_06~~33~~EXPR~~%SUBST(SENTENCE : I : 1)~~L
10:13:54.399 ~~TEST_06.TEST_06~~33~~EXPR~~%SUBST(SENTENCE : I : 1) = " "~~false
10:13:54.399 ~~TEST_06.TEST_06~~33~~STMT~~IF %SUBST(SENTENCE : I : 1) = " "~~false
10:13:54.399 ~~TEST_06.TEST_06~~~~EXPR~~I + 1~~2
10:13:54.399 ~~TEST_06.TEST_06~~~~DATA~~J = 0~~2
10:13:54.400 ~~TEST_06.TEST_06~~39~~LOOP~~FOR J = I + 1  TO %LEN(SENTENCE) 
10:13:54.400 ~~TEST_06.TEST_06~~39~~STMT~~FOR J = I + 1  TO %LEN(SENTENCE)
10:13:54.400 ~~TEST_06.TEST_06~~39~~EXPR~~%LEN(SENTENCE)~~128
10:13:54.400 ~~TEST_06.TEST_06~~40~~EXPR~~%SUBST(SENTENCE : J : 1)~~o
10:13:54.400 ~~TEST_06.TEST_06~~40~~EXPR~~%SUBST(SENTENCE : J : 1) = " "~~false
10:13:54.400 ~~TEST_06.TEST_06~~40~~STMT~~IF %SUBST(SENTENCE : J : 1) = " "~~false
10:13:54.400 ~~TEST_06.TEST_06~~~~DATA~~J = 2~~3
10:13:54.400 ~~TEST_06.TEST_06~~39~~EXPR~~%LEN(SENTENCE)~~128
10:13:54.401 ~~TEST_06.TEST_06~~40~~EXPR~~%SUBST(SENTENCE : J : 1)~~r
10:13:54.401 ~~TEST_06.TEST_06~~40~~EXPR~~%SUBST(SENTENCE : J : 1) = " "~~false
10:13:54.401 ~~TEST_06.TEST_06~~40~~STMT~~IF %SUBST(SENTENCE : J : 1) = " "~~false
10:13:54.401 ~~TEST_06.TEST_06~~~~DATA~~J = 3~~4
10:13:54.401 ~~TEST_06.TEST_06~~39~~EXPR~~%LEN(SENTENCE)~~128
10:13:54.401 ~~TEST_06.TEST_06~~40~~EXPR~~%SUBST(SENTENCE : J : 1)~~e
10:13:54.401 ~~TEST_06.TEST_06~~40~~EXPR~~%SUBST(SENTENCE : J : 1) = " "~~false
10:13:54.401 ~~TEST_06.TEST_06~~40~~STMT~~IF %SUBST(SENTENCE : J : 1) = " "~~false
10:13:54.401 ~~TEST_06.TEST_06~~~~DATA~~J = 4~~5
10:13:54.401 ~~TEST_06.TEST_06~~39~~EXPR~~%LEN(SENTENCE)~~128
10:13:54.401 ~~TEST_06.TEST_06~~40~~EXPR~~%SUBST(SENTENCE : J : 1)~~m
10:13:54.402 ~~TEST_06.TEST_06~~40~~EXPR~~%SUBST(SENTENCE : J : 1) = " "~~false
10:13:54.402 ~~TEST_06.TEST_06~~40~~STMT~~IF %SUBST(SENTENCE : J : 1) = " "~~false
10:13:54.402 ~~TEST_06.TEST_06~~~~DATA~~J = 5~~6
10:13:54.402 ~~TEST_06.TEST_06~~39~~EXPR~~%LEN(SENTENCE)~~128
10:13:54.402 ~~TEST_06.TEST_06~~40~~EXPR~~%SUBST(SENTENCE : J : 1)~~ 
10:13:54.402 ~~TEST_06.TEST_06~~40~~EXPR~~%SUBST(SENTENCE : J : 1) = " "~~true
10:13:54.402 ~~TEST_06.TEST_06~~40~~STMT~~IF %SUBST(SENTENCE : J : 1) = " "~~true
10:13:54.404 ~~TEST_06.TEST_06~~42~~STMT~~LEAVE
10:13:54.405 ~~TEST_06.TEST_06~~44~~LOOP~~ENDFOR J ~~4~~iterations
10:13:54.405 ~~TEST_06.TEST_06~~44~~STMT~~ENDFOR J 
10:13:54.405 ~~TEST_06.TEST_06~~44~~PERF~~ENDFOR J ~~5~~ms
10:13:54.405 ~~TEST_06.TEST_06~~45~~EXPR~~J - I~~5
10:13:54.405 ~~TEST_06.TEST_06~~~~DATA~~WORDINC = 1~~5
10:13:54.405 ~~TEST_06.TEST_06~~45~~STMT~~EVAL WORDINC = J - I~~5
10:13:54.405 ~~TEST_06.TEST_06~~46~~EXPR~~WORDCNT + 1~~1
10:13:54.405 ~~TEST_06.TEST_06~~~~DATA~~WORDCNT = 0~~1
10:13:54.405 ~~TEST_06.TEST_06~~46~~STMT~~EVAL WORDCNT = WORDCNT + 1~~1
10:13:54.405 ~~TEST_06.TEST_06~~50~~EXPR~~WORDINC = 5~~true
10:13:54.406 ~~TEST_06.TEST_06~~50~~STMT~~SELECT WHEN~~WORDINC = 5~~(true)
10:13:54.406 ~~TEST_06.TEST_06~~51~~EXPR~~%SUBST(SENTENCE : I : 5)~~Lorem
10:13:54.407 ~~TEST_06.TEST_06~~51~~STMT~~EVAL WORDS(WORDCNT)) = %SUBST(SENTENCE : I : 5)~~Lorem
10:13:54.407 ~~TEST_06.TEST_06~~~~DATA~~I = 1~~6
10:13:54.407 ~~TEST_06.TEST_06~~31~~EXPR~~%LEN(SENTENCE)~~128
10:13:54.407 ~~TEST_06.TEST_06~~33~~EXPR~~%SUBST(SENTENCE : I : 1)~~ 
10:13:54.407 ~~TEST_06.TEST_06~~33~~EXPR~~%SUBST(SENTENCE : I : 1) = " "~~true
10:13:54.407 ~~TEST_06.TEST_06~~33~~STMT~~IF %SUBST(SENTENCE : I : 1) = " "~~true
10:13:54.407 ~~TEST_06.TEST_06~~~~DATA~~WORDINC = 5~~1
10:13:54.407 ~~TEST_06.TEST_06~~34~~STMT~~EVAL WORDINC = 1~~1
10:13:54.407 ~~TEST_06.TEST_06~~36~~STMT~~ITER
10:13:54.407 ~~TEST_06.TEST_06~~~~DATA~~I = 6~~7
10:13:54.408 ~~TEST_06.TEST_06~~31~~EXPR~~%LEN(SENTENCE)~~128
10:13:54.408 ~~TEST_06.TEST_06~~33~~EXPR~~%SUBST(SENTENCE : I : 1)~~i
10:13:54.408 ~~TEST_06.TEST_06~~33~~EXPR~~%SUBST(SENTENCE : I : 1) = " "~~false
10:13:54.408 ~~TEST_06.TEST_06~~33~~STMT~~IF %SUBST(SENTENCE : I : 1) = " "~~false
10:13:54.408 ~~TEST_06.TEST_06~~~~EXPR~~I + 1~~8
10:13:54.408 ~~TEST_06.TEST_06~~~~DATA~~J = 6~~8
10:13:54.408 ~~TEST_06.TEST_06~~39~~LOOP~~FOR J = I + 1  TO %LEN(SENTENCE) 
10:13:54.408 ~~TEST_06.TEST_06~~39~~STMT~~FOR J = I + 1  TO %LEN(SENTENCE)
10:13:54.408 ~~TEST_06.TEST_06~~39~~EXPR~~%LEN(SENTENCE)~~128
10:13:54.408 ~~TEST_06.TEST_06~~40~~EXPR~~%SUBST(SENTENCE : J : 1)~~p
10:13:54.409 ~~TEST_06.TEST_06~~40~~EXPR~~%SUBST(SENTENCE : J : 1) = " "~~false
10:13:54.409 ~~TEST_06.TEST_06~~40~~STMT~~IF %SUBST(SENTENCE : J : 1) = " "~~false
10:13:54.409 ~~TEST_06.TEST_06~~~~DATA~~J = 8~~9
10:13:54.409 ~~TEST_06.TEST_06~~39~~EXPR~~%LEN(SENTENCE)~~128
10:13:54.409 ~~TEST_06.TEST_06~~40~~EXPR~~%SUBST(SENTENCE : J : 1)~~s
10:13:54.415 ~~TEST_06.TEST_06~~40~~EXPR~~%SUBST(SENTENCE : J : 1) = " "~~false
10:13:54.415 ~~TEST_06.TEST_06~~40~~STMT~~IF %SUBST(SENTENCE : J : 1) = " "~~false
10:13:54.415 ~~TEST_06.TEST_06~~~~DATA~~J = 9~~10
10:13:54.415 ~~TEST_06.TEST_06~~39~~EXPR~~%LEN(SENTENCE)~~128
10:13:54.415 ~~TEST_06.TEST_06~~40~~EXPR~~%SUBST(SENTENCE : J : 1)~~u
10:13:54.415 ~~TEST_06.TEST_06~~40~~EXPR~~%SUBST(SENTENCE : J : 1) = " "~~false
10:13:54.415 ~~TEST_06.TEST_06~~40~~STMT~~IF %SUBST(SENTENCE : J : 1) = " "~~false
10:13:54.416 ~~TEST_06.TEST_06~~~~DATA~~J = 10~~11
10:13:54.416 ~~TEST_06.TEST_06~~39~~EXPR~~%LEN(SENTENCE)~~128
10:13:54.416 ~~TEST_06.TEST_06~~40~~EXPR~~%SUBST(SENTENCE : J : 1)~~m
10:13:54.416 ~~TEST_06.TEST_06~~40~~EXPR~~%SUBST(SENTENCE : J : 1) = " "~~false
10:13:54.416 ~~TEST_06.TEST_06~~40~~STMT~~IF %SUBST(SENTENCE : J : 1) = " "~~false
10:13:54.416 ~~TEST_06.TEST_06~~~~DATA~~J = 11~~12
10:13:54.416 ~~TEST_06.TEST_06~~39~~EXPR~~%LEN(SENTENCE)~~128
10:13:54.416 ~~TEST_06.TEST_06~~40~~EXPR~~%SUBST(SENTENCE : J : 1)~~ 
10:13:54.416 ~~TEST_06.TEST_06~~40~~EXPR~~%SUBST(SENTENCE : J : 1) = " "~~true
10:13:54.416 ~~TEST_06.TEST_06~~40~~STMT~~IF %SUBST(SENTENCE : J : 1) = " "~~true
10:13:54.416 ~~TEST_06.TEST_06~~42~~STMT~~LEAVE
10:13:54.416 ~~TEST_06.TEST_06~~44~~LOOP~~ENDFOR J ~~4~~iterations
10:13:54.417 ~~TEST_06.TEST_06~~44~~STMT~~ENDFOR J 
10:13:54.417 ~~TEST_06.TEST_06~~44~~PERF~~ENDFOR J ~~8~~ms
10:13:54.417 ~~TEST_06.TEST_06~~45~~EXPR~~J - I~~5
10:13:54.417 ~~TEST_06.TEST_06~~~~DATA~~WORDINC = 1~~5
10:13:54.417 ~~TEST_06.TEST_06~~45~~STMT~~EVAL WORDINC = J - I~~5
10:13:54.417 ~~TEST_06.TEST_06~~46~~EXPR~~WORDCNT + 1~~2
10:13:54.417 ~~TEST_06.TEST_06~~~~DATA~~WORDCNT = 1~~2
10:13:54.417 ~~TEST_06.TEST_06~~46~~STMT~~EVAL WORDCNT = WORDCNT + 1~~2
10:13:54.417 ~~TEST_06.TEST_06~~50~~EXPR~~WORDINC = 5~~true
10:13:54.417 ~~TEST_06.TEST_06~~50~~STMT~~SELECT WHEN~~WORDINC = 5~~(true)
10:13:54.417 ~~TEST_06.TEST_06~~51~~EXPR~~%SUBST(SENTENCE : I : 5)~~ipsum
10:13:54.418 ~~TEST_06.TEST_06~~51~~STMT~~EVAL WORDS(WORDCNT)) = %SUBST(SENTENCE : I : 5)~~ipsum
10:13:54.418 ~~TEST_06.TEST_06~~~~DATA~~I = 7~~12
10:13:54.418 ~~TEST_06.TEST_06~~31~~EXPR~~%LEN(SENTENCE)~~128
10:13:54.418 ~~TEST_06.TEST_06~~33~~EXPR~~%SUBST(SENTENCE : I : 1)~~ 
10:13:54.418 ~~TEST_06.TEST_06~~33~~EXPR~~%SUBST(SENTENCE : I : 1) = " "~~true
10:13:54.418 ~~TEST_06.TEST_06~~33~~STMT~~IF %SUBST(SENTENCE : I : 1) = " "~~true
10:13:54.418 ~~TEST_06.TEST_06~~~~DATA~~WORDINC = 5~~1
10:13:54.418 ~~TEST_06.TEST_06~~34~~STMT~~EVAL WORDINC = 1~~1
10:13:54.418 ~~TEST_06.TEST_06~~36~~STMT~~ITER
10:13:54.418 ~~TEST_06.TEST_06~~~~DATA~~I = 12~~13
10:13:54.418 ~~TEST_06.TEST_06~~31~~EXPR~~%LEN(SENTENCE)~~128
10:13:54.419 ~~TEST_06.TEST_06~~33~~EXPR~~%SUBST(SENTENCE : I : 1)~~d
10:13:54.419 ~~TEST_06.TEST_06~~33~~EXPR~~%SUBST(SENTENCE : I : 1) = " "~~false
10:13:54.419 ~~TEST_06.TEST_06~~33~~STMT~~IF %SUBST(SENTENCE : I : 1) = " "~~false
10:13:54.419 ~~TEST_06.TEST_06~~~~EXPR~~I + 1~~14
10:13:54.419 ~~TEST_06.TEST_06~~~~DATA~~J = 12~~14
10:13:54.419 ~~TEST_06.TEST_06~~39~~LOOP~~FOR J = I + 1  TO %LEN(SENTENCE) 
10:13:54.419 ~~TEST_06.TEST_06~~39~~STMT~~FOR J = I + 1  TO %LEN(SENTENCE)
10:13:54.419 ~~TEST_06.TEST_06~~39~~EXPR~~%LEN(SENTENCE)~~128
10:13:54.419 ~~TEST_06.TEST_06~~40~~EXPR~~%SUBST(SENTENCE : J : 1)~~o
10:13:54.419 ~~TEST_06.TEST_06~~40~~EXPR~~%SUBST(SENTENCE : J : 1) = " "~~false
10:13:54.419 ~~TEST_06.TEST_06~~40~~STMT~~IF %SUBST(SENTENCE : J : 1) = " "~~false
10:13:54.419 ~~TEST_06.TEST_06~~~~DATA~~J = 14~~15
10:13:54.419 ~~TEST_06.TEST_06~~39~~EXPR~~%LEN(SENTENCE)~~128
10:13:54.420 ~~TEST_06.TEST_06~~40~~EXPR~~%SUBST(SENTENCE : J : 1)~~l
10:13:54.420 ~~TEST_06.TEST_06~~40~~EXPR~~%SUBST(SENTENCE : J : 1) = " "~~false
10:13:54.420 ~~TEST_06.TEST_06~~40~~STMT~~IF %SUBST(SENTENCE : J : 1) = " "~~false
10:13:54.420 ~~TEST_06.TEST_06~~~~DATA~~J = 15~~16
10:13:54.420 ~~TEST_06.TEST_06~~39~~EXPR~~%LEN(SENTENCE)~~128
10:13:54.420 ~~TEST_06.TEST_06~~40~~EXPR~~%SUBST(SENTENCE : J : 1)~~o
10:13:54.420 ~~TEST_06.TEST_06~~40~~EXPR~~%SUBST(SENTENCE : J : 1) = " "~~false
10:13:54.420 ~~TEST_06.TEST_06~~40~~STMT~~IF %SUBST(SENTENCE : J : 1) = " "~~false
10:13:54.420 ~~TEST_06.TEST_06~~~~DATA~~J = 16~~17
10:13:54.420 ~~TEST_06.TEST_06~~39~~EXPR~~%LEN(SENTENCE)~~128
10:13:54.420 ~~TEST_06.TEST_06~~40~~EXPR~~%SUBST(SENTENCE : J : 1)~~r
10:13:54.420 ~~TEST_06.TEST_06~~40~~EXPR~~%SUBST(SENTENCE : J : 1) = " "~~false
10:13:54.420 ~~TEST_06.TEST_06~~40~~STMT~~IF %SUBST(SENTENCE : J : 1) = " "~~false
10:13:54.421 ~~TEST_06.TEST_06~~~~DATA~~J = 17~~18
10:13:54.421 ~~TEST_06.TEST_06~~39~~EXPR~~%LEN(SENTENCE)~~128
10:13:54.421 ~~TEST_06.TEST_06~~40~~EXPR~~%SUBST(SENTENCE : J : 1)~~ 
10:13:54.421 ~~TEST_06.TEST_06~~40~~EXPR~~%SUBST(SENTENCE : J : 1) = " "~~true
10:13:54.421 ~~TEST_06.TEST_06~~40~~STMT~~IF %SUBST(SENTENCE : J : 1) = " "~~true
10:13:54.421 ~~TEST_06.TEST_06~~42~~STMT~~LEAVE
10:13:54.421 ~~TEST_06.TEST_06~~44~~LOOP~~ENDFOR J ~~4~~iterations
10:13:54.421 ~~TEST_06.TEST_06~~44~~STMT~~ENDFOR J 
10:13:54.421 ~~TEST_06.TEST_06~~44~~PERF~~ENDFOR J ~~2~~ms
10:13:54.421 ~~TEST_06.TEST_06~~45~~EXPR~~J - I~~5
10:13:54.421 ~~TEST_06.TEST_06~~~~DATA~~WORDINC = 1~~5
10:13:54.421 ~~TEST_06.TEST_06~~45~~STMT~~EVAL WORDINC = J - I~~5
10:13:54.421 ~~TEST_06.TEST_06~~46~~EXPR~~WORDCNT + 1~~3
10:13:54.421 ~~TEST_06.TEST_06~~~~DATA~~WORDCNT = 2~~3
10:13:54.421 ~~TEST_06.TEST_06~~46~~STMT~~EVAL WORDCNT = WORDCNT + 1~~3
10:13:54.422 ~~TEST_06.TEST_06~~50~~EXPR~~WORDINC = 5~~true
10:13:54.422 ~~TEST_06.TEST_06~~50~~STMT~~SELECT WHEN~~WORDINC = 5~~(true)
10:13:54.422 ~~TEST_06.TEST_06~~51~~EXPR~~%SUBST(SENTENCE : I : 5)~~dolor
10:13:54.422 ~~TEST_06.TEST_06~~51~~STMT~~EVAL WORDS(WORDCNT)) = %SUBST(SENTENCE : I : 5)~~dolor
10:13:54.422 ~~TEST_06.TEST_06~~~~DATA~~I = 13~~18
10:13:54.422 ~~TEST_06.TEST_06~~31~~EXPR~~%LEN(SENTENCE)~~128
10:13:54.422 ~~TEST_06.TEST_06~~33~~EXPR~~%SUBST(SENTENCE : I : 1)~~ 
10:13:54.422 ~~TEST_06.TEST_06~~33~~EXPR~~%SUBST(SENTENCE : I : 1) = " "~~true
10:13:54.422 ~~TEST_06.TEST_06~~33~~STMT~~IF %SUBST(SENTENCE : I : 1) = " "~~true
10:13:54.422 ~~TEST_06.TEST_06~~~~DATA~~WORDINC = 5~~1
10:13:54.422 ~~TEST_06.TEST_06~~34~~STMT~~EVAL WORDINC = 1~~1
10:13:54.423 ~~TEST_06.TEST_06~~36~~STMT~~ITER
10:13:54.423 ~~TEST_06.TEST_06~~~~DATA~~I = 18~~19
10:13:54.423 ~~TEST_06.TEST_06~~31~~EXPR~~%LEN(SENTENCE)~~128
10:13:54.423 ~~TEST_06.TEST_06~~33~~EXPR~~%SUBST(SENTENCE : I : 1)~~s
10:13:54.423 ~~TEST_06.TEST_06~~33~~EXPR~~%SUBST(SENTENCE : I : 1) = " "~~false
10:13:54.423 ~~TEST_06.TEST_06~~33~~STMT~~IF %SUBST(SENTENCE : I : 1) = " "~~false
10:13:54.423 ~~TEST_06.TEST_06~~~~EXPR~~I + 1~~20
10:13:54.423 ~~TEST_06.TEST_06~~~~DATA~~J = 18~~20
10:13:54.423 ~~TEST_06.TEST_06~~39~~LOOP~~FOR J = I + 1  TO %LEN(SENTENCE) 
10:13:54.423 ~~TEST_06.TEST_06~~39~~STMT~~FOR J = I + 1  TO %LEN(SENTENCE)
10:13:54.423 ~~TEST_06.TEST_06~~39~~EXPR~~%LEN(SENTENCE)~~128
10:13:54.423 ~~TEST_06.TEST_06~~40~~EXPR~~%SUBST(SENTENCE : J : 1)~~i
10:13:54.423 ~~TEST_06.TEST_06~~40~~EXPR~~%SUBST(SENTENCE : J : 1) = " "~~false
10:13:54.424 ~~TEST_06.TEST_06~~40~~STMT~~IF %SUBST(SENTENCE : J : 1) = " "~~false
10:13:54.424 ~~TEST_06.TEST_06~~~~DATA~~J = 20~~21
10:13:54.424 ~~TEST_06.TEST_06~~39~~EXPR~~%LEN(SENTENCE)~~128
10:13:54.424 ~~TEST_06.TEST_06~~40~~EXPR~~%SUBST(SENTENCE : J : 1)~~t
10:13:54.424 ~~TEST_06.TEST_06~~40~~EXPR~~%SUBST(SENTENCE : J : 1) = " "~~false
10:13:54.424 ~~TEST_06.TEST_06~~40~~STMT~~IF %SUBST(SENTENCE : J : 1) = " "~~false
10:13:54.424 ~~TEST_06.TEST_06~~~~DATA~~J = 21~~22
10:13:54.424 ~~TEST_06.TEST_06~~39~~EXPR~~%LEN(SENTENCE)~~128
10:13:54.424 ~~TEST_06.TEST_06~~40~~EXPR~~%SUBST(SENTENCE : J : 1)~~ 
10:13:54.424 ~~TEST_06.TEST_06~~40~~EXPR~~%SUBST(SENTENCE : J : 1) = " "~~true
10:13:54.424 ~~TEST_06.TEST_06~~40~~STMT~~IF %SUBST(SENTENCE : J : 1) = " "~~true
10:13:54.424 ~~TEST_06.TEST_06~~42~~STMT~~LEAVE
10:13:54.425 ~~TEST_06.TEST_06~~44~~LOOP~~ENDFOR J ~~2~~iterations
10:13:54.425 ~~TEST_06.TEST_06~~44~~STMT~~ENDFOR J 
10:13:54.425 ~~TEST_06.TEST_06~~44~~PERF~~ENDFOR J ~~2~~ms
10:13:54.425 ~~TEST_06.TEST_06~~45~~EXPR~~J - I~~3
10:13:54.425 ~~TEST_06.TEST_06~~~~DATA~~WORDINC = 1~~3
10:13:54.425 ~~TEST_06.TEST_06~~45~~STMT~~EVAL WORDINC = J - I~~3
10:13:54.425 ~~TEST_06.TEST_06~~46~~EXPR~~WORDCNT + 1~~4
10:13:54.425 ~~TEST_06.TEST_06~~~~DATA~~WORDCNT = 3~~4
10:13:54.425 ~~TEST_06.TEST_06~~46~~STMT~~EVAL WORDCNT = WORDCNT + 1~~4
10:13:54.425 ~~TEST_06.TEST_06~~50~~EXPR~~WORDINC = 5~~false
10:13:54.425 ~~TEST_06.TEST_06~~50~~STMT~~SELECT WHEN~~WORDINC = 5~~(false)
10:13:54.425 ~~TEST_06.TEST_06~~52~~EXPR~~WORDINC = 4~~false
10:13:54.425 ~~TEST_06.TEST_06~~52~~STMT~~SELECT WHEN~~WORDINC = 4~~(false)
10:13:54.425 ~~TEST_06.TEST_06~~54~~EXPR~~WORDINC = 3~~true
10:13:54.425 ~~TEST_06.TEST_06~~54~~STMT~~SELECT WHEN~~WORDINC = 3~~(true)
10:13:54.426 ~~TEST_06.TEST_06~~55~~EXPR~~%SUBST(SENTENCE : I : 3)~~sit
10:13:54.426 ~~TEST_06.TEST_06~~55~~STMT~~EVAL WORDS(WORDCNT)) = %SUBST(SENTENCE : I : 3)~~sit
10:13:54.426 ~~TEST_06.TEST_06~~~~DATA~~I = 19~~22
10:13:54.426 ~~TEST_06.TEST_06~~31~~EXPR~~%LEN(SENTENCE)~~128
10:13:54.426 ~~TEST_06.TEST_06~~33~~EXPR~~%SUBST(SENTENCE : I : 1)~~ 
10:13:54.426 ~~TEST_06.TEST_06~~33~~EXPR~~%SUBST(SENTENCE : I : 1) = " "~~true
10:13:54.426 ~~TEST_06.TEST_06~~33~~STMT~~IF %SUBST(SENTENCE : I : 1) = " "~~true
10:13:54.426 ~~TEST_06.TEST_06~~~~DATA~~WORDINC = 3~~1
10:13:54.426 ~~TEST_06.TEST_06~~34~~STMT~~EVAL WORDINC = 1~~1
10:13:54.426 ~~TEST_06.TEST_06~~36~~STMT~~ITER
10:13:54.426 ~~TEST_06.TEST_06~~~~DATA~~I = 22~~23
10:13:54.426 ~~TEST_06.TEST_06~~31~~EXPR~~%LEN(SENTENCE)~~128
10:13:54.427 ~~TEST_06.TEST_06~~33~~EXPR~~%SUBST(SENTENCE : I : 1)~~a
10:13:54.427 ~~TEST_06.TEST_06~~33~~EXPR~~%SUBST(SENTENCE : I : 1) = " "~~false
10:13:54.427 ~~TEST_06.TEST_06~~33~~STMT~~IF %SUBST(SENTENCE : I : 1) = " "~~false
10:13:54.427 ~~TEST_06.TEST_06~~~~EXPR~~I + 1~~24
10:13:54.427 ~~TEST_06.TEST_06~~~~DATA~~J = 22~~24
10:13:54.427 ~~TEST_06.TEST_06~~39~~LOOP~~FOR J = I + 1  TO %LEN(SENTENCE) 
10:13:54.427 ~~TEST_06.TEST_06~~39~~STMT~~FOR J = I + 1  TO %LEN(SENTENCE)
10:13:54.427 ~~TEST_06.TEST_06~~39~~EXPR~~%LEN(SENTENCE)~~128
10:13:54.427 ~~TEST_06.TEST_06~~40~~EXPR~~%SUBST(SENTENCE : J : 1)~~m
10:13:54.427 ~~TEST_06.TEST_06~~40~~EXPR~~%SUBST(SENTENCE : J : 1) = " "~~false
10:13:54.427 ~~TEST_06.TEST_06~~40~~STMT~~IF %SUBST(SENTENCE : J : 1) = " "~~false
10:13:54.427 ~~TEST_06.TEST_06~~~~DATA~~J = 24~~25
10:13:54.428 ~~TEST_06.TEST_06~~39~~EXPR~~%LEN(SENTENCE)~~128
10:13:54.428 ~~TEST_06.TEST_06~~40~~EXPR~~%SUBST(SENTENCE : J : 1)~~e
10:13:54.428 ~~TEST_06.TEST_06~~40~~EXPR~~%SUBST(SENTENCE : J : 1) = " "~~false
10:13:54.428 ~~TEST_06.TEST_06~~40~~STMT~~IF %SUBST(SENTENCE : J : 1) = " "~~false
10:13:54.428 ~~TEST_06.TEST_06~~~~DATA~~J = 25~~26
10:13:54.428 ~~TEST_06.TEST_06~~39~~EXPR~~%LEN(SENTENCE)~~128
10:13:54.428 ~~TEST_06.TEST_06~~40~~EXPR~~%SUBST(SENTENCE : J : 1)~~t
10:13:54.428 ~~TEST_06.TEST_06~~40~~EXPR~~%SUBST(SENTENCE : J : 1) = " "~~false
10:13:54.428 ~~TEST_06.TEST_06~~40~~STMT~~IF %SUBST(SENTENCE : J : 1) = " "~~false
10:13:54.428 ~~TEST_06.TEST_06~~~~DATA~~J = 26~~27
10:13:54.428 ~~TEST_06.TEST_06~~39~~EXPR~~%LEN(SENTENCE)~~128
10:13:54.428 ~~TEST_06.TEST_06~~40~~EXPR~~%SUBST(SENTENCE : J : 1)~~ 
10:13:54.428 ~~TEST_06.TEST_06~~40~~EXPR~~%SUBST(SENTENCE : J : 1) = " "~~true
10:13:54.428 ~~TEST_06.TEST_06~~40~~STMT~~IF %SUBST(SENTENCE : J : 1) = " "~~true
10:13:54.429 ~~TEST_06.TEST_06~~42~~STMT~~LEAVE
10:13:54.429 ~~TEST_06.TEST_06~~44~~LOOP~~ENDFOR J ~~3~~iterations
10:13:54.429 ~~TEST_06.TEST_06~~44~~STMT~~ENDFOR J 
10:13:54.429 ~~TEST_06.TEST_06~~44~~PERF~~ENDFOR J ~~2~~ms
10:13:54.429 ~~TEST_06.TEST_06~~45~~EXPR~~J - I~~4
10:13:54.429 ~~TEST_06.TEST_06~~~~DATA~~WORDINC = 1~~4
10:13:54.429 ~~TEST_06.TEST_06~~45~~STMT~~EVAL WORDINC = J - I~~4
10:13:54.429 ~~TEST_06.TEST_06~~46~~EXPR~~WORDCNT + 1~~5
10:13:54.429 ~~TEST_06.TEST_06~~~~DATA~~WORDCNT = 4~~5
10:13:54.429 ~~TEST_06.TEST_06~~46~~STMT~~EVAL WORDCNT = WORDCNT + 1~~5
10:13:54.429 ~~TEST_06.TEST_06~~50~~EXPR~~WORDINC = 5~~false
10:13:54.429 ~~TEST_06.TEST_06~~50~~STMT~~SELECT WHEN~~WORDINC = 5~~(false)
10:13:54.429 ~~TEST_06.TEST_06~~52~~EXPR~~WORDINC = 4~~true
10:13:54.429 ~~TEST_06.TEST_06~~52~~STMT~~SELECT WHEN~~WORDINC = 4~~(true)
10:13:54.430 ~~TEST_06.TEST_06~~53~~EXPR~~%SUBST(SENTENCE : I : 4)~~amet
10:13:54.430 ~~TEST_06.TEST_06~~53~~STMT~~EVAL WORDS(WORDCNT)) = %SUBST(SENTENCE : I : 4)~~amet
10:13:54.430 ~~TEST_06.TEST_06~~~~DATA~~I = 23~~27
10:13:54.430 ~~TEST_06.TEST_06~~31~~EXPR~~%LEN(SENTENCE)~~128
10:13:54.430 ~~TEST_06.TEST_06~~33~~EXPR~~%SUBST(SENTENCE : I : 1)~~ 
10:13:54.430 ~~TEST_06.TEST_06~~33~~EXPR~~%SUBST(SENTENCE : I : 1) = " "~~true
10:13:54.430 ~~TEST_06.TEST_06~~33~~STMT~~IF %SUBST(SENTENCE : I : 1) = " "~~true
10:13:54.430 ~~TEST_06.TEST_06~~~~DATA~~WORDINC = 4~~1
10:13:54.430 ~~TEST_06.TEST_06~~34~~STMT~~EVAL WORDINC = 1~~1
10:13:54.430 ~~TEST_06.TEST_06~~36~~STMT~~ITER
10:13:54.430 ~~TEST_06.TEST_06~~~~DATA~~I = 27~~28
10:13:54.430 ~~TEST_06.TEST_06~~31~~EXPR~~%LEN(SENTENCE)~~128
10:13:54.430 ~~TEST_06.TEST_06~~33~~EXPR~~%SUBST(SENTENCE : I : 1)~~s
10:13:54.431 ~~TEST_06.TEST_06~~33~~EXPR~~%SUBST(SENTENCE : I : 1) = " "~~false
10:13:54.431 ~~TEST_06.TEST_06~~33~~STMT~~IF %SUBST(SENTENCE : I : 1) = " "~~false
10:13:54.431 ~~TEST_06.TEST_06~~~~EXPR~~I + 1~~29
10:13:54.431 ~~TEST_06.TEST_06~~~~DATA~~J = 27~~29
10:13:54.431 ~~TEST_06.TEST_06~~39~~LOOP~~FOR J = I + 1  TO %LEN(SENTENCE) 
10:13:54.431 ~~TEST_06.TEST_06~~39~~STMT~~FOR J = I + 1  TO %LEN(SENTENCE)
10:13:54.431 ~~TEST_06.TEST_06~~39~~EXPR~~%LEN(SENTENCE)~~128
10:13:54.431 ~~TEST_06.TEST_06~~40~~EXPR~~%SUBST(SENTENCE : J : 1)~~e
10:13:54.431 ~~TEST_06.TEST_06~~40~~EXPR~~%SUBST(SENTENCE : J : 1) = " "~~false
10:13:54.431 ~~TEST_06.TEST_06~~40~~STMT~~IF %SUBST(SENTENCE : J : 1) = " "~~false
10:13:54.431 ~~TEST_06.TEST_06~~~~DATA~~J = 29~~30
10:13:54.431 ~~TEST_06.TEST_06~~39~~EXPR~~%LEN(SENTENCE)~~128
10:13:54.432 ~~TEST_06.TEST_06~~40~~EXPR~~%SUBST(SENTENCE : J : 1)~~d
10:13:54.432 ~~TEST_06.TEST_06~~40~~EXPR~~%SUBST(SENTENCE : J : 1) = " "~~false
10:13:54.432 ~~TEST_06.TEST_06~~40~~STMT~~IF %SUBST(SENTENCE : J : 1) = " "~~false
10:13:54.432 ~~TEST_06.TEST_06~~~~DATA~~J = 30~~31
10:13:54.432 ~~TEST_06.TEST_06~~39~~EXPR~~%LEN(SENTENCE)~~128
10:13:54.432 ~~TEST_06.TEST_06~~40~~EXPR~~%SUBST(SENTENCE : J : 1)~~
10:13:54.432 ~~TEST_06.TEST_06~~40~~EXPR~~%SUBST(SENTENCE : J : 1) = " "~~true
10:13:54.432 ~~TEST_06.TEST_06~~40~~STMT~~IF %SUBST(SENTENCE : J : 1) = " "~~true
10:13:54.432 ~~TEST_06.TEST_06~~42~~STMT~~LEAVE
10:13:54.432 ~~TEST_06.TEST_06~~44~~LOOP~~ENDFOR J ~~2~~iterations
10:13:54.432 ~~TEST_06.TEST_06~~44~~STMT~~ENDFOR J 
10:13:54.432 ~~TEST_06.TEST_06~~44~~PERF~~ENDFOR J ~~1~~ms
10:13:54.432 ~~TEST_06.TEST_06~~45~~EXPR~~J - I~~3
10:13:54.433 ~~TEST_06.TEST_06~~~~DATA~~WORDINC = 1~~3
10:13:54.433 ~~TEST_06.TEST_06~~45~~STMT~~EVAL WORDINC = J - I~~3
10:13:54.433 ~~TEST_06.TEST_06~~46~~EXPR~~WORDCNT + 1~~6
10:13:54.433 ~~TEST_06.TEST_06~~~~DATA~~WORDCNT = 5~~6
10:13:54.433 ~~TEST_06.TEST_06~~46~~STMT~~EVAL WORDCNT = WORDCNT + 1~~6
10:13:54.433 ~~TEST_06.TEST_06~~50~~EXPR~~WORDINC = 5~~false
10:13:54.433 ~~TEST_06.TEST_06~~50~~STMT~~SELECT WHEN~~WORDINC = 5~~(false)
10:13:54.433 ~~TEST_06.TEST_06~~52~~EXPR~~WORDINC = 4~~false
10:13:54.433 ~~TEST_06.TEST_06~~52~~STMT~~SELECT WHEN~~WORDINC = 4~~(false)
10:13:54.433 ~~TEST_06.TEST_06~~54~~EXPR~~WORDINC = 3~~true
10:13:54.433 ~~TEST_06.TEST_06~~54~~STMT~~SELECT WHEN~~WORDINC = 3~~(true)
10:13:54.434 ~~TEST_06.TEST_06~~55~~EXPR~~%SUBST(SENTENCE : I : 3)~~sed
10:13:54.434 ~~TEST_06.TEST_06~~55~~STMT~~EVAL WORDS(WORDCNT)) = %SUBST(SENTENCE : I : 3)~~sed
10:13:54.434 ~~TEST_06.TEST_06~~~~DATA~~I = 28~~31
10:13:54.434 ~~TEST_06.TEST_06~~31~~EXPR~~%LEN(SENTENCE)~~128
10:13:54.434 ~~TEST_06.TEST_06~~33~~EXPR~~%SUBST(SENTENCE : I : 1)~~
10:13:54.434 ~~TEST_06.TEST_06~~33~~EXPR~~%SUBST(SENTENCE : I : 1) = " "~~true
10:13:54.434 ~~TEST_06.TEST_06~~33~~STMT~~IF %SUBST(SENTENCE : I : 1) = " "~~true
10:13:54.434 ~~TEST_06.TEST_06~~~~DATA~~WORDINC = 3~~1
10:13:54.434 ~~TEST_06.TEST_06~~34~~STMT~~EVAL WORDINC = 1~~1
10:13:54.434 ~~TEST_06.TEST_06~~36~~STMT~~ITER
10:13:54.435 ~~TEST_06.TEST_06~~~~DATA~~I = 31~~32
10:13:54.435 ~~TEST_06.TEST_06~~31~~EXPR~~%LEN(SENTENCE)~~128
10:13:54.435 ~~TEST_06.TEST_06~~33~~EXPR~~%SUBST(SENTENCE : I : 1)~~
10:13:54.435 ~~TEST_06.TEST_06~~33~~EXPR~~%SUBST(SENTENCE : I : 1) = " "~~true
10:13:54.435 ~~TEST_06.TEST_06~~33~~STMT~~IF %SUBST(SENTENCE : I : 1) = " "~~true
10:13:54.435 ~~TEST_06.TEST_06~~~~DATA~~WORDINC = 1~~1
10:13:54.435 ~~TEST_06.TEST_06~~34~~STMT~~EVAL WORDINC = 1~~1
10:13:54.435 ~~TEST_06.TEST_06~~36~~STMT~~ITER
10:13:54.435 ~~TEST_06.TEST_06~~~~DATA~~I = 32~~33
10:13:54.435 ~~TEST_06.TEST_06~~31~~EXPR~~%LEN(SENTENCE)~~128
10:13:54.435 ~~TEST_06.TEST_06~~33~~EXPR~~%SUBST(SENTENCE : I : 1)~~
10:13:54.436 ~~TEST_06.TEST_06~~33~~EXPR~~%SUBST(SENTENCE : I : 1) = " "~~true
10:13:54.436 ~~TEST_06.TEST_06~~33~~STMT~~IF %SUBST(SENTENCE : I : 1) = " "~~true
10:13:54.436 ~~TEST_06.TEST_06~~~~DATA~~WORDINC = 1~~1
10:13:54.436 ~~TEST_06.TEST_06~~34~~STMT~~EVAL WORDINC = 1~~1
10:13:54.436 ~~TEST_06.TEST_06~~36~~STMT~~ITER
10:13:54.436 ~~TEST_06.TEST_06~~~~DATA~~I = 33~~34
10:13:54.436 ~~TEST_06.TEST_06~~31~~EXPR~~%LEN(SENTENCE)~~128
10:13:54.436 ~~TEST_06.TEST_06~~33~~EXPR~~%SUBST(SENTENCE : I : 1)~~
10:13:54.436 ~~TEST_06.TEST_06~~33~~EXPR~~%SUBST(SENTENCE : I : 1) = " "~~true
10:13:54.436 ~~TEST_06.TEST_06~~33~~STMT~~IF %SUBST(SENTENCE : I : 1) = " "~~true
10:13:54.436 ~~TEST_06.TEST_06~~~~DATA~~WORDINC = 1~~1
10:13:54.436 ~~TEST_06.TEST_06~~34~~STMT~~EVAL WORDINC = 1~~1
10:13:54.436 ~~TEST_06.TEST_06~~36~~STMT~~ITER
10:13:54.436 ~~TEST_06.TEST_06~~~~DATA~~I = 34~~35
10:13:54.437 ~~TEST_06.TEST_06~~31~~EXPR~~%LEN(SENTENCE)~~128
10:13:54.437 ~~TEST_06.TEST_06~~33~~EXPR~~%SUBST(SENTENCE : I : 1)~~
10:13:54.437 ~~TEST_06.TEST_06~~33~~EXPR~~%SUBST(SENTENCE : I : 1) = " "~~true
10:13:54.437 ~~TEST_06.TEST_06~~33~~STMT~~IF %SUBST(SENTENCE : I : 1) = " "~~true
10:13:54.437 ~~TEST_06.TEST_06~~~~DATA~~WORDINC = 1~~1
10:13:54.437 ~~TEST_06.TEST_06~~34~~STMT~~EVAL WORDINC = 1~~1
10:13:54.437 ~~TEST_06.TEST_06~~36~~STMT~~ITER
10:13:54.437 ~~TEST_06.TEST_06~~~~DATA~~I = 35~~36
10:13:54.437 ~~TEST_06.TEST_06~~31~~EXPR~~%LEN(SENTENCE)~~128
10:13:54.438 ~~TEST_06.TEST_06~~33~~EXPR~~%SUBST(SENTENCE : I : 1)~~
10:13:54.438 ~~TEST_06.TEST_06~~33~~EXPR~~%SUBST(SENTENCE : I : 1) = " "~~true
10:13:54.438 ~~TEST_06.TEST_06~~33~~STMT~~IF %SUBST(SENTENCE : I : 1) = " "~~true
10:13:54.438 ~~TEST_06.TEST_06~~~~DATA~~WORDINC = 1~~1
10:13:54.438 ~~TEST_06.TEST_06~~34~~STMT~~EVAL WORDINC = 1~~1
10:13:54.438 ~~TEST_06.TEST_06~~36~~STMT~~ITER
10:13:54.439 ~~TEST_06.TEST_06~~~~DATA~~I = 36~~37
10:13:54.439 ~~TEST_06.TEST_06~~31~~EXPR~~%LEN(SENTENCE)~~128
10:13:54.439 ~~TEST_06.TEST_06~~33~~EXPR~~%SUBST(SENTENCE : I : 1)~~
10:13:54.439 ~~TEST_06.TEST_06~~33~~EXPR~~%SUBST(SENTENCE : I : 1) = " "~~true
10:13:54.439 ~~TEST_06.TEST_06~~33~~STMT~~IF %SUBST(SENTENCE : I : 1) = " "~~true
10:13:54.439 ~~TEST_06.TEST_06~~~~DATA~~WORDINC = 1~~1
10:13:54.439 ~~TEST_06.TEST_06~~34~~STMT~~EVAL WORDINC = 1~~1
10:13:54.439 ~~TEST_06.TEST_06~~36~~STMT~~ITER
10:13:54.439 ~~TEST_06.TEST_06~~~~DATA~~I = 37~~38
10:13:54.439 ~~TEST_06.TEST_06~~31~~EXPR~~%LEN(SENTENCE)~~128
10:13:54.439 ~~TEST_06.TEST_06~~33~~EXPR~~%SUBST(SENTENCE : I : 1)~~
10:13:54.440 ~~TEST_06.TEST_06~~33~~EXPR~~%SUBST(SENTENCE : I : 1) = " "~~true
10:13:54.440 ~~TEST_06.TEST_06~~33~~STMT~~IF %SUBST(SENTENCE : I : 1) = " "~~true
10:13:54.440 ~~TEST_06.TEST_06~~~~DATA~~WORDINC = 1~~1
10:13:54.440 ~~TEST_06.TEST_06~~34~~STMT~~EVAL WORDINC = 1~~1
10:13:54.440 ~~TEST_06.TEST_06~~36~~STMT~~ITER
10:13:54.440 ~~TEST_06.TEST_06~~~~DATA~~I = 38~~39
10:13:54.440 ~~TEST_06.TEST_06~~31~~EXPR~~%LEN(SENTENCE)~~128
10:13:54.440 ~~TEST_06.TEST_06~~33~~EXPR~~%SUBST(SENTENCE : I : 1)~~
10:13:54.440 ~~TEST_06.TEST_06~~33~~EXPR~~%SUBST(SENTENCE : I : 1) = " "~~true
10:13:54.440 ~~TEST_06.TEST_06~~33~~STMT~~IF %SUBST(SENTENCE : I : 1) = " "~~true
10:13:54.440 ~~TEST_06.TEST_06~~~~DATA~~WORDINC = 1~~1
10:13:54.440 ~~TEST_06.TEST_06~~34~~STMT~~EVAL WORDINC = 1~~1
10:13:54.440 ~~TEST_06.TEST_06~~36~~STMT~~ITER
10:13:54.440 ~~TEST_06.TEST_06~~~~DATA~~I = 39~~40
10:13:54.441 ~~TEST_06.TEST_06~~31~~EXPR~~%LEN(SENTENCE)~~128
10:13:54.441 ~~TEST_06.TEST_06~~33~~EXPR~~%SUBST(SENTENCE : I : 1)~~
10:13:54.441 ~~TEST_06.TEST_06~~33~~EXPR~~%SUBST(SENTENCE : I : 1) = " "~~true
10:13:54.441 ~~TEST_06.TEST_06~~33~~STMT~~IF %SUBST(SENTENCE : I : 1) = " "~~true
10:13:54.441 ~~TEST_06.TEST_06~~~~DATA~~WORDINC = 1~~1
10:13:54.441 ~~TEST_06.TEST_06~~34~~STMT~~EVAL WORDINC = 1~~1
10:13:54.441 ~~TEST_06.TEST_06~~36~~STMT~~ITER
10:13:54.441 ~~TEST_06.TEST_06~~~~DATA~~I = 40~~41
10:13:54.441 ~~TEST_06.TEST_06~~31~~EXPR~~%LEN(SENTENCE)~~128
10:13:54.441 ~~TEST_06.TEST_06~~33~~EXPR~~%SUBST(SENTENCE : I : 1)~~
10:13:54.441 ~~TEST_06.TEST_06~~33~~EXPR~~%SUBST(SENTENCE : I : 1) = " "~~true
10:13:54.441 ~~TEST_06.TEST_06~~33~~STMT~~IF %SUBST(SENTENCE : I : 1) = " "~~true
10:13:54.442 ~~TEST_06.TEST_06~~~~DATA~~WORDINC = 1~~1
10:13:54.442 ~~TEST_06.TEST_06~~34~~STMT~~EVAL WORDINC = 1~~1
10:13:54.442 ~~TEST_06.TEST_06~~36~~STMT~~ITER
10:13:54.442 ~~TEST_06.TEST_06~~~~DATA~~I = 41~~42
10:13:54.442 ~~TEST_06.TEST_06~~31~~EXPR~~%LEN(SENTENCE)~~128
10:13:54.442 ~~TEST_06.TEST_06~~33~~EXPR~~%SUBST(SENTENCE : I : 1)~~
10:13:54.442 ~~TEST_06.TEST_06~~33~~EXPR~~%SUBST(SENTENCE : I : 1) = " "~~true
10:13:54.442 ~~TEST_06.TEST_06~~33~~STMT~~IF %SUBST(SENTENCE : I : 1) = " "~~true
10:13:54.442 ~~TEST_06.TEST_06~~~~DATA~~WORDINC = 1~~1
10:13:54.442 ~~TEST_06.TEST_06~~34~~STMT~~EVAL WORDINC = 1~~1
10:13:54.442 ~~TEST_06.TEST_06~~36~~STMT~~ITER
10:13:54.442 ~~TEST_06.TEST_06~~~~DATA~~I = 42~~43
10:13:54.442 ~~TEST_06.TEST_06~~31~~EXPR~~%LEN(SENTENCE)~~128
10:13:54.442 ~~TEST_06.TEST_06~~33~~EXPR~~%SUBST(SENTENCE : I : 1)~~
10:13:54.443 ~~TEST_06.TEST_06~~33~~EXPR~~%SUBST(SENTENCE : I : 1) = " "~~true
10:13:54.443 ~~TEST_06.TEST_06~~33~~STMT~~IF %SUBST(SENTENCE : I : 1) = " "~~true
10:13:54.443 ~~TEST_06.TEST_06~~~~DATA~~WORDINC = 1~~1
10:13:54.443 ~~TEST_06.TEST_06~~34~~STMT~~EVAL WORDINC = 1~~1
10:13:54.443 ~~TEST_06.TEST_06~~36~~STMT~~ITER
10:13:54.443 ~~TEST_06.TEST_06~~~~DATA~~I = 43~~44
10:13:54.443 ~~TEST_06.TEST_06~~31~~EXPR~~%LEN(SENTENCE)~~128
10:13:54.443 ~~TEST_06.TEST_06~~33~~EXPR~~%SUBST(SENTENCE : I : 1)~~
10:13:54.443 ~~TEST_06.TEST_06~~33~~EXPR~~%SUBST(SENTENCE : I : 1) = " "~~true
10:13:54.443 ~~TEST_06.TEST_06~~33~~STMT~~IF %SUBST(SENTENCE : I : 1) = " "~~true
10:13:54.443 ~~TEST_06.TEST_06~~~~DATA~~WORDINC = 1~~1
10:13:54.443 ~~TEST_06.TEST_06~~34~~STMT~~EVAL WORDINC = 1~~1
10:13:54.443 ~~TEST_06.TEST_06~~36~~STMT~~ITER
10:13:54.443 ~~TEST_06.TEST_06~~~~DATA~~I = 44~~45
10:13:54.444 ~~TEST_06.TEST_06~~31~~EXPR~~%LEN(SENTENCE)~~128
10:13:54.444 ~~TEST_06.TEST_06~~33~~EXPR~~%SUBST(SENTENCE : I : 1)~~
10:13:54.444 ~~TEST_06.TEST_06~~33~~EXPR~~%SUBST(SENTENCE : I : 1) = " "~~true
10:13:54.444 ~~TEST_06.TEST_06~~33~~STMT~~IF %SUBST(SENTENCE : I : 1) = " "~~true
10:13:54.444 ~~TEST_06.TEST_06~~~~DATA~~WORDINC = 1~~1
10:13:54.444 ~~TEST_06.TEST_06~~34~~STMT~~EVAL WORDINC = 1~~1
10:13:54.444 ~~TEST_06.TEST_06~~36~~STMT~~ITER
10:13:54.444 ~~TEST_06.TEST_06~~~~DATA~~I = 45~~46
10:13:54.444 ~~TEST_06.TEST_06~~31~~EXPR~~%LEN(SENTENCE)~~128
10:13:54.444 ~~TEST_06.TEST_06~~33~~EXPR~~%SUBST(SENTENCE : I : 1)~~
10:13:54.444 ~~TEST_06.TEST_06~~33~~EXPR~~%SUBST(SENTENCE : I : 1) = " "~~true
10:13:54.444 ~~TEST_06.TEST_06~~33~~STMT~~IF %SUBST(SENTENCE : I : 1) = " "~~true
10:13:54.444 ~~TEST_06.TEST_06~~~~DATA~~WORDINC = 1~~1
10:13:54.444 ~~TEST_06.TEST_06~~34~~STMT~~EVAL WORDINC = 1~~1
10:13:54.445 ~~TEST_06.TEST_06~~36~~STMT~~ITER
10:13:54.445 ~~TEST_06.TEST_06~~~~DATA~~I = 46~~47
10:13:54.445 ~~TEST_06.TEST_06~~31~~EXPR~~%LEN(SENTENCE)~~128
10:13:54.445 ~~TEST_06.TEST_06~~33~~EXPR~~%SUBST(SENTENCE : I : 1)~~
10:13:54.445 ~~TEST_06.TEST_06~~33~~EXPR~~%SUBST(SENTENCE : I : 1) = " "~~true
10:13:54.445 ~~TEST_06.TEST_06~~33~~STMT~~IF %SUBST(SENTENCE : I : 1) = " "~~true
10:13:54.445 ~~TEST_06.TEST_06~~~~DATA~~WORDINC = 1~~1
10:13:54.445 ~~TEST_06.TEST_06~~34~~STMT~~EVAL WORDINC = 1~~1
10:13:54.445 ~~TEST_06.TEST_06~~36~~STMT~~ITER
10:13:54.446 ~~TEST_06.TEST_06~~~~DATA~~I = 47~~48
10:13:54.446 ~~TEST_06.TEST_06~~31~~EXPR~~%LEN(SENTENCE)~~128
10:13:54.446 ~~TEST_06.TEST_06~~33~~EXPR~~%SUBST(SENTENCE : I : 1)~~
10:13:54.446 ~~TEST_06.TEST_06~~33~~EXPR~~%SUBST(SENTENCE : I : 1) = " "~~true
10:13:54.446 ~~TEST_06.TEST_06~~33~~STMT~~IF %SUBST(SENTENCE : I : 1) = " "~~true
10:13:54.446 ~~TEST_06.TEST_06~~~~DATA~~WORDINC = 1~~1
10:13:54.446 ~~TEST_06.TEST_06~~34~~STMT~~EVAL WORDINC = 1~~1
10:13:54.446 ~~TEST_06.TEST_06~~36~~STMT~~ITER
10:13:54.446 ~~TEST_06.TEST_06~~~~DATA~~I = 48~~49
10:13:54.446 ~~TEST_06.TEST_06~~31~~EXPR~~%LEN(SENTENCE)~~128
10:13:54.446 ~~TEST_06.TEST_06~~33~~EXPR~~%SUBST(SENTENCE : I : 1)~~
10:13:54.446 ~~TEST_06.TEST_06~~33~~EXPR~~%SUBST(SENTENCE : I : 1) = " "~~true
10:13:54.446 ~~TEST_06.TEST_06~~33~~STMT~~IF %SUBST(SENTENCE : I : 1) = " "~~true
10:13:54.446 ~~TEST_06.TEST_06~~~~DATA~~WORDINC = 1~~1
10:13:54.447 ~~TEST_06.TEST_06~~34~~STMT~~EVAL WORDINC = 1~~1
10:13:54.447 ~~TEST_06.TEST_06~~36~~STMT~~ITER
10:13:54.447 ~~TEST_06.TEST_06~~~~DATA~~I = 49~~50
10:13:54.447 ~~TEST_06.TEST_06~~31~~EXPR~~%LEN(SENTENCE)~~128
10:13:54.447 ~~TEST_06.TEST_06~~33~~EXPR~~%SUBST(SENTENCE : I : 1)~~
10:13:54.447 ~~TEST_06.TEST_06~~33~~EXPR~~%SUBST(SENTENCE : I : 1) = " "~~true
10:13:54.447 ~~TEST_06.TEST_06~~33~~STMT~~IF %SUBST(SENTENCE : I : 1) = " "~~true
10:13:54.447 ~~TEST_06.TEST_06~~~~DATA~~WORDINC = 1~~1
10:13:54.447 ~~TEST_06.TEST_06~~34~~STMT~~EVAL WORDINC = 1~~1
10:13:54.447 ~~TEST_06.TEST_06~~36~~STMT~~ITER
10:13:54.447 ~~TEST_06.TEST_06~~~~DATA~~I = 50~~51
10:13:54.447 ~~TEST_06.TEST_06~~31~~EXPR~~%LEN(SENTENCE)~~128
10:13:54.447 ~~TEST_06.TEST_06~~33~~EXPR~~%SUBST(SENTENCE : I : 1)~~
10:13:54.448 ~~TEST_06.TEST_06~~33~~EXPR~~%SUBST(SENTENCE : I : 1) = " "~~true
10:13:54.448 ~~TEST_06.TEST_06~~33~~STMT~~IF %SUBST(SENTENCE : I : 1) = " "~~true
10:13:54.448 ~~TEST_06.TEST_06~~~~DATA~~WORDINC = 1~~1
10:13:54.448 ~~TEST_06.TEST_06~~34~~STMT~~EVAL WORDINC = 1~~1
10:13:54.448 ~~TEST_06.TEST_06~~36~~STMT~~ITER
10:13:54.448 ~~TEST_06.TEST_06~~~~DATA~~I = 51~~52
10:13:54.448 ~~TEST_06.TEST_06~~31~~EXPR~~%LEN(SENTENCE)~~128
10:13:54.448 ~~TEST_06.TEST_06~~33~~EXPR~~%SUBST(SENTENCE : I : 1)~~
10:13:54.448 ~~TEST_06.TEST_06~~33~~EXPR~~%SUBST(SENTENCE : I : 1) = " "~~true
10:13:54.448 ~~TEST_06.TEST_06~~33~~STMT~~IF %SUBST(SENTENCE : I : 1) = " "~~true
10:13:54.448 ~~TEST_06.TEST_06~~~~DATA~~WORDINC = 1~~1
10:13:54.448 ~~TEST_06.TEST_06~~34~~STMT~~EVAL WORDINC = 1~~1
10:13:54.448 ~~TEST_06.TEST_06~~36~~STMT~~ITER
10:13:54.449 ~~TEST_06.TEST_06~~~~DATA~~I = 52~~53
10:13:54.449 ~~TEST_06.TEST_06~~31~~EXPR~~%LEN(SENTENCE)~~128
10:13:54.449 ~~TEST_06.TEST_06~~33~~EXPR~~%SUBST(SENTENCE : I : 1)~~
10:13:54.449 ~~TEST_06.TEST_06~~33~~EXPR~~%SUBST(SENTENCE : I : 1) = " "~~true
10:13:54.449 ~~TEST_06.TEST_06~~33~~STMT~~IF %SUBST(SENTENCE : I : 1) = " "~~true
10:13:54.449 ~~TEST_06.TEST_06~~~~DATA~~WORDINC = 1~~1
10:13:54.449 ~~TEST_06.TEST_06~~34~~STMT~~EVAL WORDINC = 1~~1
10:13:54.449 ~~TEST_06.TEST_06~~36~~STMT~~ITER
10:13:54.449 ~~TEST_06.TEST_06~~~~DATA~~I = 53~~54
10:13:54.449 ~~TEST_06.TEST_06~~31~~EXPR~~%LEN(SENTENCE)~~128
10:13:54.450 ~~TEST_06.TEST_06~~33~~EXPR~~%SUBST(SENTENCE : I : 1)~~
10:13:54.450 ~~TEST_06.TEST_06~~33~~EXPR~~%SUBST(SENTENCE : I : 1) = " "~~true
10:13:54.450 ~~TEST_06.TEST_06~~33~~STMT~~IF %SUBST(SENTENCE : I : 1) = " "~~true
10:13:54.450 ~~TEST_06.TEST_06~~~~DATA~~WORDINC = 1~~1
10:13:54.450 ~~TEST_06.TEST_06~~34~~STMT~~EVAL WORDINC = 1~~1
10:13:54.450 ~~TEST_06.TEST_06~~36~~STMT~~ITER
10:13:54.450 ~~TEST_06.TEST_06~~~~DATA~~I = 54~~55
10:13:54.450 ~~TEST_06.TEST_06~~31~~EXPR~~%LEN(SENTENCE)~~128
10:13:54.450 ~~TEST_06.TEST_06~~33~~EXPR~~%SUBST(SENTENCE : I : 1)~~
10:13:54.450 ~~TEST_06.TEST_06~~33~~EXPR~~%SUBST(SENTENCE : I : 1) = " "~~true
10:13:54.450 ~~TEST_06.TEST_06~~33~~STMT~~IF %SUBST(SENTENCE : I : 1) = " "~~true
10:13:54.450 ~~TEST_06.TEST_06~~~~DATA~~WORDINC = 1~~1
10:13:54.450 ~~TEST_06.TEST_06~~34~~STMT~~EVAL WORDINC = 1~~1
10:13:54.450 ~~TEST_06.TEST_06~~36~~STMT~~ITER
10:13:54.451 ~~TEST_06.TEST_06~~~~DATA~~I = 55~~56
10:13:54.451 ~~TEST_06.TEST_06~~31~~EXPR~~%LEN(SENTENCE)~~128
10:13:54.451 ~~TEST_06.TEST_06~~33~~EXPR~~%SUBST(SENTENCE : I : 1)~~
10:13:54.451 ~~TEST_06.TEST_06~~33~~EXPR~~%SUBST(SENTENCE : I : 1) = " "~~true
10:13:54.451 ~~TEST_06.TEST_06~~33~~STMT~~IF %SUBST(SENTENCE : I : 1) = " "~~true
10:13:54.451 ~~TEST_06.TEST_06~~~~DATA~~WORDINC = 1~~1
10:13:54.451 ~~TEST_06.TEST_06~~34~~STMT~~EVAL WORDINC = 1~~1
10:13:54.451 ~~TEST_06.TEST_06~~36~~STMT~~ITER
10:13:54.451 ~~TEST_06.TEST_06~~~~DATA~~I = 56~~57
10:13:54.451 ~~TEST_06.TEST_06~~31~~EXPR~~%LEN(SENTENCE)~~128
10:13:54.451 ~~TEST_06.TEST_06~~33~~EXPR~~%SUBST(SENTENCE : I : 1)~~
10:13:54.451 ~~TEST_06.TEST_06~~33~~EXPR~~%SUBST(SENTENCE : I : 1) = " "~~true
10:13:54.451 ~~TEST_06.TEST_06~~33~~STMT~~IF %SUBST(SENTENCE : I : 1) = " "~~true
10:13:54.451 ~~TEST_06.TEST_06~~~~DATA~~WORDINC = 1~~1
10:13:54.452 ~~TEST_06.TEST_06~~34~~STMT~~EVAL WORDINC = 1~~1
10:13:54.452 ~~TEST_06.TEST_06~~36~~STMT~~ITER
10:13:54.452 ~~TEST_06.TEST_06~~~~DATA~~I = 57~~58
10:13:54.452 ~~TEST_06.TEST_06~~31~~EXPR~~%LEN(SENTENCE)~~128
10:13:54.452 ~~TEST_06.TEST_06~~33~~EXPR~~%SUBST(SENTENCE : I : 1)~~
10:13:54.452 ~~TEST_06.TEST_06~~33~~EXPR~~%SUBST(SENTENCE : I : 1) = " "~~true
10:13:54.452 ~~TEST_06.TEST_06~~33~~STMT~~IF %SUBST(SENTENCE : I : 1) = " "~~true
10:13:54.452 ~~TEST_06.TEST_06~~~~DATA~~WORDINC = 1~~1
10:13:54.452 ~~TEST_06.TEST_06~~34~~STMT~~EVAL WORDINC = 1~~1
10:13:54.452 ~~TEST_06.TEST_06~~36~~STMT~~ITER
10:13:54.452 ~~TEST_06.TEST_06~~~~DATA~~I = 58~~59
10:13:54.452 ~~TEST_06.TEST_06~~31~~EXPR~~%LEN(SENTENCE)~~128
10:13:54.452 ~~TEST_06.TEST_06~~33~~EXPR~~%SUBST(SENTENCE : I : 1)~~
10:13:54.453 ~~TEST_06.TEST_06~~33~~EXPR~~%SUBST(SENTENCE : I : 1) = " "~~true
10:13:54.453 ~~TEST_06.TEST_06~~33~~STMT~~IF %SUBST(SENTENCE : I : 1) = " "~~true
10:13:54.453 ~~TEST_06.TEST_06~~~~DATA~~WORDINC = 1~~1
10:13:54.453 ~~TEST_06.TEST_06~~34~~STMT~~EVAL WORDINC = 1~~1
10:13:54.453 ~~TEST_06.TEST_06~~36~~STMT~~ITER
10:13:54.453 ~~TEST_06.TEST_06~~~~DATA~~I = 59~~60
10:13:54.453 ~~TEST_06.TEST_06~~31~~EXPR~~%LEN(SENTENCE)~~128
10:13:54.453 ~~TEST_06.TEST_06~~33~~EXPR~~%SUBST(SENTENCE : I : 1)~~
10:13:54.453 ~~TEST_06.TEST_06~~33~~EXPR~~%SUBST(SENTENCE : I : 1) = " "~~true
10:13:54.453 ~~TEST_06.TEST_06~~33~~STMT~~IF %SUBST(SENTENCE : I : 1) = " "~~true
10:13:54.453 ~~TEST_06.TEST_06~~~~DATA~~WORDINC = 1~~1
10:13:54.453 ~~TEST_06.TEST_06~~34~~STMT~~EVAL WORDINC = 1~~1
10:13:54.453 ~~TEST_06.TEST_06~~36~~STMT~~ITER
10:13:54.453 ~~TEST_06.TEST_06~~~~DATA~~I = 60~~61
10:13:54.454 ~~TEST_06.TEST_06~~31~~EXPR~~%LEN(SENTENCE)~~128
10:13:54.454 ~~TEST_06.TEST_06~~33~~EXPR~~%SUBST(SENTENCE : I : 1)~~
10:13:54.454 ~~TEST_06.TEST_06~~33~~EXPR~~%SUBST(SENTENCE : I : 1) = " "~~true
10:13:54.454 ~~TEST_06.TEST_06~~33~~STMT~~IF %SUBST(SENTENCE : I : 1) = " "~~true
10:13:54.454 ~~TEST_06.TEST_06~~~~DATA~~WORDINC = 1~~1
10:13:54.454 ~~TEST_06.TEST_06~~34~~STMT~~EVAL WORDINC = 1~~1
10:13:54.454 ~~TEST_06.TEST_06~~36~~STMT~~ITER
10:13:54.454 ~~TEST_06.TEST_06~~~~DATA~~I = 61~~62
10:13:54.454 ~~TEST_06.TEST_06~~31~~EXPR~~%LEN(SENTENCE)~~128
10:13:54.454 ~~TEST_06.TEST_06~~33~~EXPR~~%SUBST(SENTENCE : I : 1)~~
10:13:54.454 ~~TEST_06.TEST_06~~33~~EXPR~~%SUBST(SENTENCE : I : 1) = " "~~true
10:13:54.454 ~~TEST_06.TEST_06~~33~~STMT~~IF %SUBST(SENTENCE : I : 1) = " "~~true
10:13:54.454 ~~TEST_06.TEST_06~~~~DATA~~WORDINC = 1~~1
10:13:54.454 ~~TEST_06.TEST_06~~34~~STMT~~EVAL WORDINC = 1~~1
10:13:54.455 ~~TEST_06.TEST_06~~36~~STMT~~ITER
10:13:54.455 ~~TEST_06.TEST_06~~~~DATA~~I = 62~~63
10:13:54.455 ~~TEST_06.TEST_06~~31~~EXPR~~%LEN(SENTENCE)~~128
10:13:54.455 ~~TEST_06.TEST_06~~33~~EXPR~~%SUBST(SENTENCE : I : 1)~~
10:13:54.455 ~~TEST_06.TEST_06~~33~~EXPR~~%SUBST(SENTENCE : I : 1) = " "~~true
10:13:54.455 ~~TEST_06.TEST_06~~33~~STMT~~IF %SUBST(SENTENCE : I : 1) = " "~~true
10:13:54.455 ~~TEST_06.TEST_06~~~~DATA~~WORDINC = 1~~1
10:13:54.455 ~~TEST_06.TEST_06~~34~~STMT~~EVAL WORDINC = 1~~1
10:13:54.455 ~~TEST_06.TEST_06~~36~~STMT~~ITER
10:13:54.455 ~~TEST_06.TEST_06~~~~DATA~~I = 63~~64
10:13:54.455 ~~TEST_06.TEST_06~~31~~EXPR~~%LEN(SENTENCE)~~128
10:13:54.456 ~~TEST_06.TEST_06~~33~~EXPR~~%SUBST(SENTENCE : I : 1)~~
10:13:54.456 ~~TEST_06.TEST_06~~33~~EXPR~~%SUBST(SENTENCE : I : 1) = " "~~true
10:13:54.456 ~~TEST_06.TEST_06~~33~~STMT~~IF %SUBST(SENTENCE : I : 1) = " "~~true
10:13:54.456 ~~TEST_06.TEST_06~~~~DATA~~WORDINC = 1~~1
10:13:54.456 ~~TEST_06.TEST_06~~34~~STMT~~EVAL WORDINC = 1~~1
10:13:54.456 ~~TEST_06.TEST_06~~36~~STMT~~ITER
10:13:54.456 ~~TEST_06.TEST_06~~~~DATA~~I = 64~~65
10:13:54.456 ~~TEST_06.TEST_06~~31~~EXPR~~%LEN(SENTENCE)~~128
10:13:54.456 ~~TEST_06.TEST_06~~33~~EXPR~~%SUBST(SENTENCE : I : 1)~~
10:13:54.456 ~~TEST_06.TEST_06~~33~~EXPR~~%SUBST(SENTENCE : I : 1) = " "~~true
10:13:54.456 ~~TEST_06.TEST_06~~33~~STMT~~IF %SUBST(SENTENCE : I : 1) = " "~~true
10:13:54.456 ~~TEST_06.TEST_06~~~~DATA~~WORDINC = 1~~1
10:13:54.456 ~~TEST_06.TEST_06~~34~~STMT~~EVAL WORDINC = 1~~1
10:13:54.456 ~~TEST_06.TEST_06~~36~~STMT~~ITER
10:13:54.457 ~~TEST_06.TEST_06~~~~DATA~~I = 65~~66
10:13:54.457 ~~TEST_06.TEST_06~~31~~EXPR~~%LEN(SENTENCE)~~128
10:13:54.457 ~~TEST_06.TEST_06~~33~~EXPR~~%SUBST(SENTENCE : I : 1)~~
10:13:54.457 ~~TEST_06.TEST_06~~33~~EXPR~~%SUBST(SENTENCE : I : 1) = " "~~true
10:13:54.457 ~~TEST_06.TEST_06~~33~~STMT~~IF %SUBST(SENTENCE : I : 1) = " "~~true
10:13:54.457 ~~TEST_06.TEST_06~~~~DATA~~WORDINC = 1~~1
10:13:54.457 ~~TEST_06.TEST_06~~34~~STMT~~EVAL WORDINC = 1~~1
10:13:54.457 ~~TEST_06.TEST_06~~36~~STMT~~ITER
10:13:54.457 ~~TEST_06.TEST_06~~~~DATA~~I = 66~~67
10:13:54.457 ~~TEST_06.TEST_06~~31~~EXPR~~%LEN(SENTENCE)~~128
10:13:54.457 ~~TEST_06.TEST_06~~33~~EXPR~~%SUBST(SENTENCE : I : 1)~~
10:13:54.458 ~~TEST_06.TEST_06~~33~~EXPR~~%SUBST(SENTENCE : I : 1) = " "~~true
10:13:54.458 ~~TEST_06.TEST_06~~33~~STMT~~IF %SUBST(SENTENCE : I : 1) = " "~~true
10:13:54.458 ~~TEST_06.TEST_06~~~~DATA~~WORDINC = 1~~1
10:13:54.458 ~~TEST_06.TEST_06~~34~~STMT~~EVAL WORDINC = 1~~1
10:13:54.458 ~~TEST_06.TEST_06~~36~~STMT~~ITER
10:13:54.458 ~~TEST_06.TEST_06~~~~DATA~~I = 67~~68
10:13:54.458 ~~TEST_06.TEST_06~~31~~EXPR~~%LEN(SENTENCE)~~128
10:13:54.458 ~~TEST_06.TEST_06~~33~~EXPR~~%SUBST(SENTENCE : I : 1)~~
10:13:54.458 ~~TEST_06.TEST_06~~33~~EXPR~~%SUBST(SENTENCE : I : 1) = " "~~true
10:13:54.458 ~~TEST_06.TEST_06~~33~~STMT~~IF %SUBST(SENTENCE : I : 1) = " "~~true
10:13:54.458 ~~TEST_06.TEST_06~~~~DATA~~WORDINC = 1~~1
10:13:54.458 ~~TEST_06.TEST_06~~34~~STMT~~EVAL WORDINC = 1~~1
10:13:54.459 ~~TEST_06.TEST_06~~36~~STMT~~ITER
10:13:54.459 ~~TEST_06.TEST_06~~~~DATA~~I = 68~~69
10:13:54.459 ~~TEST_06.TEST_06~~31~~EXPR~~%LEN(SENTENCE)~~128
10:13:54.459 ~~TEST_06.TEST_06~~33~~EXPR~~%SUBST(SENTENCE : I : 1)~~
10:13:54.459 ~~TEST_06.TEST_06~~33~~EXPR~~%SUBST(SENTENCE : I : 1) = " "~~true
10:13:54.459 ~~TEST_06.TEST_06~~33~~STMT~~IF %SUBST(SENTENCE : I : 1) = " "~~true
10:13:54.459 ~~TEST_06.TEST_06~~~~DATA~~WORDINC = 1~~1
10:13:54.459 ~~TEST_06.TEST_06~~34~~STMT~~EVAL WORDINC = 1~~1
10:13:54.459 ~~TEST_06.TEST_06~~36~~STMT~~ITER
10:13:54.459 ~~TEST_06.TEST_06~~~~DATA~~I = 69~~70
10:13:54.459 ~~TEST_06.TEST_06~~31~~EXPR~~%LEN(SENTENCE)~~128
10:13:54.459 ~~TEST_06.TEST_06~~33~~EXPR~~%SUBST(SENTENCE : I : 1)~~
10:13:54.460 ~~TEST_06.TEST_06~~33~~EXPR~~%SUBST(SENTENCE : I : 1) = " "~~true
10:13:54.460 ~~TEST_06.TEST_06~~33~~STMT~~IF %SUBST(SENTENCE : I : 1) = " "~~true
10:13:54.460 ~~TEST_06.TEST_06~~~~DATA~~WORDINC = 1~~1
10:13:54.460 ~~TEST_06.TEST_06~~34~~STMT~~EVAL WORDINC = 1~~1
10:13:54.460 ~~TEST_06.TEST_06~~36~~STMT~~ITER
10:13:54.460 ~~TEST_06.TEST_06~~~~DATA~~I = 70~~71
10:13:54.460 ~~TEST_06.TEST_06~~31~~EXPR~~%LEN(SENTENCE)~~128
10:13:54.460 ~~TEST_06.TEST_06~~33~~EXPR~~%SUBST(SENTENCE : I : 1)~~
10:13:54.461 ~~TEST_06.TEST_06~~33~~EXPR~~%SUBST(SENTENCE : I : 1) = " "~~true
10:13:54.461 ~~TEST_06.TEST_06~~33~~STMT~~IF %SUBST(SENTENCE : I : 1) = " "~~true
10:13:54.461 ~~TEST_06.TEST_06~~~~DATA~~WORDINC = 1~~1
10:13:54.461 ~~TEST_06.TEST_06~~34~~STMT~~EVAL WORDINC = 1~~1
10:13:54.461 ~~TEST_06.TEST_06~~36~~STMT~~ITER
10:13:54.461 ~~TEST_06.TEST_06~~~~DATA~~I = 71~~72
10:13:54.461 ~~TEST_06.TEST_06~~31~~EXPR~~%LEN(SENTENCE)~~128
10:13:54.461 ~~TEST_06.TEST_06~~33~~EXPR~~%SUBST(SENTENCE : I : 1)~~
10:13:54.462 ~~TEST_06.TEST_06~~33~~EXPR~~%SUBST(SENTENCE : I : 1) = " "~~true
10:13:54.462 ~~TEST_06.TEST_06~~33~~STMT~~IF %SUBST(SENTENCE : I : 1) = " "~~true
10:13:54.462 ~~TEST_06.TEST_06~~~~DATA~~WORDINC = 1~~1
10:13:54.462 ~~TEST_06.TEST_06~~34~~STMT~~EVAL WORDINC = 1~~1
10:13:54.462 ~~TEST_06.TEST_06~~36~~STMT~~ITER
10:13:54.462 ~~TEST_06.TEST_06~~~~DATA~~I = 72~~73
10:13:54.462 ~~TEST_06.TEST_06~~31~~EXPR~~%LEN(SENTENCE)~~128
10:13:54.462 ~~TEST_06.TEST_06~~33~~EXPR~~%SUBST(SENTENCE : I : 1)~~
10:13:54.462 ~~TEST_06.TEST_06~~33~~EXPR~~%SUBST(SENTENCE : I : 1) = " "~~true
10:13:54.462 ~~TEST_06.TEST_06~~33~~STMT~~IF %SUBST(SENTENCE : I : 1) = " "~~true
10:13:54.462 ~~TEST_06.TEST_06~~~~DATA~~WORDINC = 1~~1
10:13:54.463 ~~TEST_06.TEST_06~~34~~STMT~~EVAL WORDINC = 1~~1
10:13:54.463 ~~TEST_06.TEST_06~~36~~STMT~~ITER
10:13:54.463 ~~TEST_06.TEST_06~~~~DATA~~I = 73~~74
10:13:54.463 ~~TEST_06.TEST_06~~31~~EXPR~~%LEN(SENTENCE)~~128
10:13:54.463 ~~TEST_06.TEST_06~~33~~EXPR~~%SUBST(SENTENCE : I : 1)~~
10:13:54.463 ~~TEST_06.TEST_06~~33~~EXPR~~%SUBST(SENTENCE : I : 1) = " "~~true
10:13:54.463 ~~TEST_06.TEST_06~~33~~STMT~~IF %SUBST(SENTENCE : I : 1) = " "~~true
10:13:54.463 ~~TEST_06.TEST_06~~~~DATA~~WORDINC = 1~~1
10:13:54.463 ~~TEST_06.TEST_06~~34~~STMT~~EVAL WORDINC = 1~~1
10:13:54.463 ~~TEST_06.TEST_06~~36~~STMT~~ITER
10:13:54.463 ~~TEST_06.TEST_06~~~~DATA~~I = 74~~75
10:13:54.464 ~~TEST_06.TEST_06~~31~~EXPR~~%LEN(SENTENCE)~~128
10:13:54.464 ~~TEST_06.TEST_06~~33~~EXPR~~%SUBST(SENTENCE : I : 1)~~
10:13:54.464 ~~TEST_06.TEST_06~~33~~EXPR~~%SUBST(SENTENCE : I : 1) = " "~~true
10:13:54.464 ~~TEST_06.TEST_06~~33~~STMT~~IF %SUBST(SENTENCE : I : 1) = " "~~true
10:13:54.464 ~~TEST_06.TEST_06~~~~DATA~~WORDINC = 1~~1
10:13:54.464 ~~TEST_06.TEST_06~~34~~STMT~~EVAL WORDINC = 1~~1
10:13:54.464 ~~TEST_06.TEST_06~~36~~STMT~~ITER
10:13:54.464 ~~TEST_06.TEST_06~~~~DATA~~I = 75~~76
10:13:54.464 ~~TEST_06.TEST_06~~31~~EXPR~~%LEN(SENTENCE)~~128
10:13:54.464 ~~TEST_06.TEST_06~~33~~EXPR~~%SUBST(SENTENCE : I : 1)~~
10:13:54.464 ~~TEST_06.TEST_06~~33~~EXPR~~%SUBST(SENTENCE : I : 1) = " "~~true
10:13:54.465 ~~TEST_06.TEST_06~~33~~STMT~~IF %SUBST(SENTENCE : I : 1) = " "~~true
10:13:54.465 ~~TEST_06.TEST_06~~~~DATA~~WORDINC = 1~~1
10:13:54.465 ~~TEST_06.TEST_06~~34~~STMT~~EVAL WORDINC = 1~~1
10:13:54.465 ~~TEST_06.TEST_06~~36~~STMT~~ITER
10:13:54.465 ~~TEST_06.TEST_06~~~~DATA~~I = 76~~77
10:13:54.465 ~~TEST_06.TEST_06~~31~~EXPR~~%LEN(SENTENCE)~~128
10:13:54.465 ~~TEST_06.TEST_06~~33~~EXPR~~%SUBST(SENTENCE : I : 1)~~
10:13:54.465 ~~TEST_06.TEST_06~~33~~EXPR~~%SUBST(SENTENCE : I : 1) = " "~~true
10:13:54.465 ~~TEST_06.TEST_06~~33~~STMT~~IF %SUBST(SENTENCE : I : 1) = " "~~true
10:13:54.465 ~~TEST_06.TEST_06~~~~DATA~~WORDINC = 1~~1
10:13:54.465 ~~TEST_06.TEST_06~~34~~STMT~~EVAL WORDINC = 1~~1
10:13:54.466 ~~TEST_06.TEST_06~~36~~STMT~~ITER
10:13:54.466 ~~TEST_06.TEST_06~~~~DATA~~I = 77~~78
10:13:54.466 ~~TEST_06.TEST_06~~31~~EXPR~~%LEN(SENTENCE)~~128
10:13:54.466 ~~TEST_06.TEST_06~~33~~EXPR~~%SUBST(SENTENCE : I : 1)~~
10:13:54.466 ~~TEST_06.TEST_06~~33~~EXPR~~%SUBST(SENTENCE : I : 1) = " "~~true
10:13:54.466 ~~TEST_06.TEST_06~~33~~STMT~~IF %SUBST(SENTENCE : I : 1) = " "~~true
10:13:54.466 ~~TEST_06.TEST_06~~~~DATA~~WORDINC = 1~~1
10:13:54.466 ~~TEST_06.TEST_06~~34~~STMT~~EVAL WORDINC = 1~~1
10:13:54.466 ~~TEST_06.TEST_06~~36~~STMT~~ITER
10:13:54.466 ~~TEST_06.TEST_06~~~~DATA~~I = 78~~79
10:13:54.466 ~~TEST_06.TEST_06~~31~~EXPR~~%LEN(SENTENCE)~~128
10:13:54.466 ~~TEST_06.TEST_06~~33~~EXPR~~%SUBST(SENTENCE : I : 1)~~
10:13:54.467 ~~TEST_06.TEST_06~~33~~EXPR~~%SUBST(SENTENCE : I : 1) = " "~~true
10:13:54.467 ~~TEST_06.TEST_06~~33~~STMT~~IF %SUBST(SENTENCE : I : 1) = " "~~true
10:13:54.467 ~~TEST_06.TEST_06~~~~DATA~~WORDINC = 1~~1
10:13:54.467 ~~TEST_06.TEST_06~~34~~STMT~~EVAL WORDINC = 1~~1
10:13:54.467 ~~TEST_06.TEST_06~~36~~STMT~~ITER
10:13:54.467 ~~TEST_06.TEST_06~~~~DATA~~I = 79~~80
10:13:54.467 ~~TEST_06.TEST_06~~31~~EXPR~~%LEN(SENTENCE)~~128
10:13:54.467 ~~TEST_06.TEST_06~~33~~EXPR~~%SUBST(SENTENCE : I : 1)~~
10:13:54.467 ~~TEST_06.TEST_06~~33~~EXPR~~%SUBST(SENTENCE : I : 1) = " "~~true
10:13:54.467 ~~TEST_06.TEST_06~~33~~STMT~~IF %SUBST(SENTENCE : I : 1) = " "~~true
10:13:54.468 ~~TEST_06.TEST_06~~~~DATA~~WORDINC = 1~~1
10:13:54.468 ~~TEST_06.TEST_06~~34~~STMT~~EVAL WORDINC = 1~~1
10:13:54.468 ~~TEST_06.TEST_06~~36~~STMT~~ITER
10:13:54.468 ~~TEST_06.TEST_06~~~~DATA~~I = 80~~81
10:13:54.468 ~~TEST_06.TEST_06~~31~~EXPR~~%LEN(SENTENCE)~~128
10:13:54.468 ~~TEST_06.TEST_06~~33~~EXPR~~%SUBST(SENTENCE : I : 1)~~
10:13:54.468 ~~TEST_06.TEST_06~~33~~EXPR~~%SUBST(SENTENCE : I : 1) = " "~~true
10:13:54.468 ~~TEST_06.TEST_06~~33~~STMT~~IF %SUBST(SENTENCE : I : 1) = " "~~true
10:13:54.468 ~~TEST_06.TEST_06~~~~DATA~~WORDINC = 1~~1
10:13:54.468 ~~TEST_06.TEST_06~~34~~STMT~~EVAL WORDINC = 1~~1
10:13:54.468 ~~TEST_06.TEST_06~~36~~STMT~~ITER
10:13:54.468 ~~TEST_06.TEST_06~~~~DATA~~I = 81~~82
10:13:54.469 ~~TEST_06.TEST_06~~31~~EXPR~~%LEN(SENTENCE)~~128
10:13:54.469 ~~TEST_06.TEST_06~~33~~EXPR~~%SUBST(SENTENCE : I : 1)~~
10:13:54.469 ~~TEST_06.TEST_06~~33~~EXPR~~%SUBST(SENTENCE : I : 1) = " "~~true
10:13:54.469 ~~TEST_06.TEST_06~~33~~STMT~~IF %SUBST(SENTENCE : I : 1) = " "~~true
10:13:54.469 ~~TEST_06.TEST_06~~~~DATA~~WORDINC = 1~~1
10:13:54.469 ~~TEST_06.TEST_06~~34~~STMT~~EVAL WORDINC = 1~~1
10:13:54.469 ~~TEST_06.TEST_06~~36~~STMT~~ITER
10:13:54.469 ~~TEST_06.TEST_06~~~~DATA~~I = 82~~83
10:13:54.469 ~~TEST_06.TEST_06~~31~~EXPR~~%LEN(SENTENCE)~~128
10:13:54.469 ~~TEST_06.TEST_06~~33~~EXPR~~%SUBST(SENTENCE : I : 1)~~
10:13:54.470 ~~TEST_06.TEST_06~~33~~EXPR~~%SUBST(SENTENCE : I : 1) = " "~~true
10:13:54.470 ~~TEST_06.TEST_06~~33~~STMT~~IF %SUBST(SENTENCE : I : 1) = " "~~true
10:13:54.470 ~~TEST_06.TEST_06~~~~DATA~~WORDINC = 1~~1
10:13:54.470 ~~TEST_06.TEST_06~~34~~STMT~~EVAL WORDINC = 1~~1
10:13:54.470 ~~TEST_06.TEST_06~~36~~STMT~~ITER
10:13:54.470 ~~TEST_06.TEST_06~~~~DATA~~I = 83~~84
10:13:54.471 ~~TEST_06.TEST_06~~31~~EXPR~~%LEN(SENTENCE)~~128
10:13:54.471 ~~TEST_06.TEST_06~~33~~EXPR~~%SUBST(SENTENCE : I : 1)~~
10:13:54.471 ~~TEST_06.TEST_06~~33~~EXPR~~%SUBST(SENTENCE : I : 1) = " "~~true
10:13:54.471 ~~TEST_06.TEST_06~~33~~STMT~~IF %SUBST(SENTENCE : I : 1) = " "~~true
10:13:54.471 ~~TEST_06.TEST_06~~~~DATA~~WORDINC = 1~~1
10:13:54.471 ~~TEST_06.TEST_06~~34~~STMT~~EVAL WORDINC = 1~~1
10:13:54.471 ~~TEST_06.TEST_06~~36~~STMT~~ITER
10:13:54.472 ~~TEST_06.TEST_06~~~~DATA~~I = 84~~85
10:13:54.472 ~~TEST_06.TEST_06~~31~~EXPR~~%LEN(SENTENCE)~~128
10:13:54.472 ~~TEST_06.TEST_06~~33~~EXPR~~%SUBST(SENTENCE : I : 1)~~
10:13:54.472 ~~TEST_06.TEST_06~~33~~EXPR~~%SUBST(SENTENCE : I : 1) = " "~~true
10:13:54.472 ~~TEST_06.TEST_06~~33~~STMT~~IF %SUBST(SENTENCE : I : 1) = " "~~true
10:13:54.472 ~~TEST_06.TEST_06~~~~DATA~~WORDINC = 1~~1
10:13:54.472 ~~TEST_06.TEST_06~~34~~STMT~~EVAL WORDINC = 1~~1
10:13:54.472 ~~TEST_06.TEST_06~~36~~STMT~~ITER
10:13:54.472 ~~TEST_06.TEST_06~~~~DATA~~I = 85~~86
10:13:54.473 ~~TEST_06.TEST_06~~31~~EXPR~~%LEN(SENTENCE)~~128
10:13:54.473 ~~TEST_06.TEST_06~~33~~EXPR~~%SUBST(SENTENCE : I : 1)~~
10:13:54.473 ~~TEST_06.TEST_06~~33~~EXPR~~%SUBST(SENTENCE : I : 1) = " "~~true
10:13:54.473 ~~TEST_06.TEST_06~~33~~STMT~~IF %SUBST(SENTENCE : I : 1) = " "~~true
10:13:54.473 ~~TEST_06.TEST_06~~~~DATA~~WORDINC = 1~~1
10:13:54.473 ~~TEST_06.TEST_06~~34~~STMT~~EVAL WORDINC = 1~~1
10:13:54.473 ~~TEST_06.TEST_06~~36~~STMT~~ITER
10:13:54.473 ~~TEST_06.TEST_06~~~~DATA~~I = 86~~87
10:13:54.474 ~~TEST_06.TEST_06~~31~~EXPR~~%LEN(SENTENCE)~~128
10:13:54.474 ~~TEST_06.TEST_06~~33~~EXPR~~%SUBST(SENTENCE : I : 1)~~
10:13:54.474 ~~TEST_06.TEST_06~~33~~EXPR~~%SUBST(SENTENCE : I : 1) = " "~~true
10:13:54.474 ~~TEST_06.TEST_06~~33~~STMT~~IF %SUBST(SENTENCE : I : 1) = " "~~true
10:13:54.474 ~~TEST_06.TEST_06~~~~DATA~~WORDINC = 1~~1
10:13:54.474 ~~TEST_06.TEST_06~~34~~STMT~~EVAL WORDINC = 1~~1
10:13:54.474 ~~TEST_06.TEST_06~~36~~STMT~~ITER
10:13:54.474 ~~TEST_06.TEST_06~~~~DATA~~I = 87~~88
10:13:54.474 ~~TEST_06.TEST_06~~31~~EXPR~~%LEN(SENTENCE)~~128
10:13:54.475 ~~TEST_06.TEST_06~~33~~EXPR~~%SUBST(SENTENCE : I : 1)~~
10:13:54.475 ~~TEST_06.TEST_06~~33~~EXPR~~%SUBST(SENTENCE : I : 1) = " "~~true
10:13:54.475 ~~TEST_06.TEST_06~~33~~STMT~~IF %SUBST(SENTENCE : I : 1) = " "~~true
10:13:54.475 ~~TEST_06.TEST_06~~~~DATA~~WORDINC = 1~~1
10:13:54.475 ~~TEST_06.TEST_06~~34~~STMT~~EVAL WORDINC = 1~~1
10:13:54.475 ~~TEST_06.TEST_06~~36~~STMT~~ITER
10:13:54.475 ~~TEST_06.TEST_06~~~~DATA~~I = 88~~89
10:13:54.475 ~~TEST_06.TEST_06~~31~~EXPR~~%LEN(SENTENCE)~~128
10:13:54.476 ~~TEST_06.TEST_06~~33~~EXPR~~%SUBST(SENTENCE : I : 1)~~
10:13:54.477 ~~TEST_06.TEST_06~~33~~EXPR~~%SUBST(SENTENCE : I : 1) = " "~~true
10:13:54.477 ~~TEST_06.TEST_06~~33~~STMT~~IF %SUBST(SENTENCE : I : 1) = " "~~true
10:13:54.477 ~~TEST_06.TEST_06~~~~DATA~~WORDINC = 1~~1
10:13:54.477 ~~TEST_06.TEST_06~~34~~STMT~~EVAL WORDINC = 1~~1
10:13:54.477 ~~TEST_06.TEST_06~~36~~STMT~~ITER
10:13:54.477 ~~TEST_06.TEST_06~~~~DATA~~I = 89~~90
10:13:54.477 ~~TEST_06.TEST_06~~31~~EXPR~~%LEN(SENTENCE)~~128
10:13:54.477 ~~TEST_06.TEST_06~~33~~EXPR~~%SUBST(SENTENCE : I : 1)~~
10:13:54.477 ~~TEST_06.TEST_06~~33~~EXPR~~%SUBST(SENTENCE : I : 1) = " "~~true
10:13:54.478 ~~TEST_06.TEST_06~~33~~STMT~~IF %SUBST(SENTENCE : I : 1) = " "~~true
10:13:54.478 ~~TEST_06.TEST_06~~~~DATA~~WORDINC = 1~~1
10:13:54.478 ~~TEST_06.TEST_06~~34~~STMT~~EVAL WORDINC = 1~~1
10:13:54.478 ~~TEST_06.TEST_06~~36~~STMT~~ITER
10:13:54.478 ~~TEST_06.TEST_06~~~~DATA~~I = 90~~91
10:13:54.478 ~~TEST_06.TEST_06~~31~~EXPR~~%LEN(SENTENCE)~~128
10:13:54.478 ~~TEST_06.TEST_06~~33~~EXPR~~%SUBST(SENTENCE : I : 1)~~
10:13:54.478 ~~TEST_06.TEST_06~~33~~EXPR~~%SUBST(SENTENCE : I : 1) = " "~~true
10:13:54.479 ~~TEST_06.TEST_06~~33~~STMT~~IF %SUBST(SENTENCE : I : 1) = " "~~true
10:13:54.479 ~~TEST_06.TEST_06~~~~DATA~~WORDINC = 1~~1
10:13:54.479 ~~TEST_06.TEST_06~~34~~STMT~~EVAL WORDINC = 1~~1
10:13:54.479 ~~TEST_06.TEST_06~~36~~STMT~~ITER
10:13:54.479 ~~TEST_06.TEST_06~~~~DATA~~I = 91~~92
10:13:54.479 ~~TEST_06.TEST_06~~31~~EXPR~~%LEN(SENTENCE)~~128
10:13:54.479 ~~TEST_06.TEST_06~~33~~EXPR~~%SUBST(SENTENCE : I : 1)~~
10:13:54.479 ~~TEST_06.TEST_06~~33~~EXPR~~%SUBST(SENTENCE : I : 1) = " "~~true
10:13:54.479 ~~TEST_06.TEST_06~~33~~STMT~~IF %SUBST(SENTENCE : I : 1) = " "~~true
10:13:54.480 ~~TEST_06.TEST_06~~~~DATA~~WORDINC = 1~~1
10:13:54.480 ~~TEST_06.TEST_06~~34~~STMT~~EVAL WORDINC = 1~~1
10:13:54.480 ~~TEST_06.TEST_06~~36~~STMT~~ITER
10:13:54.480 ~~TEST_06.TEST_06~~~~DATA~~I = 92~~93
10:13:54.480 ~~TEST_06.TEST_06~~31~~EXPR~~%LEN(SENTENCE)~~128
10:13:54.480 ~~TEST_06.TEST_06~~33~~EXPR~~%SUBST(SENTENCE : I : 1)~~
10:13:54.480 ~~TEST_06.TEST_06~~33~~EXPR~~%SUBST(SENTENCE : I : 1) = " "~~true
10:13:54.480 ~~TEST_06.TEST_06~~33~~STMT~~IF %SUBST(SENTENCE : I : 1) = " "~~true
10:13:54.480 ~~TEST_06.TEST_06~~~~DATA~~WORDINC = 1~~1
10:13:54.481 ~~TEST_06.TEST_06~~34~~STMT~~EVAL WORDINC = 1~~1
10:13:54.481 ~~TEST_06.TEST_06~~36~~STMT~~ITER
10:13:54.481 ~~TEST_06.TEST_06~~~~DATA~~I = 93~~94
10:13:54.481 ~~TEST_06.TEST_06~~31~~EXPR~~%LEN(SENTENCE)~~128
10:13:54.481 ~~TEST_06.TEST_06~~33~~EXPR~~%SUBST(SENTENCE : I : 1)~~
10:13:54.481 ~~TEST_06.TEST_06~~33~~EXPR~~%SUBST(SENTENCE : I : 1) = " "~~true
10:13:54.481 ~~TEST_06.TEST_06~~33~~STMT~~IF %SUBST(SENTENCE : I : 1) = " "~~true
10:13:54.481 ~~TEST_06.TEST_06~~~~DATA~~WORDINC = 1~~1
10:13:54.481 ~~TEST_06.TEST_06~~34~~STMT~~EVAL WORDINC = 1~~1
10:13:54.481 ~~TEST_06.TEST_06~~36~~STMT~~ITER
10:13:54.482 ~~TEST_06.TEST_06~~~~DATA~~I = 94~~95
10:13:54.482 ~~TEST_06.TEST_06~~31~~EXPR~~%LEN(SENTENCE)~~128
10:13:54.482 ~~TEST_06.TEST_06~~33~~EXPR~~%SUBST(SENTENCE : I : 1)~~
10:13:54.482 ~~TEST_06.TEST_06~~33~~EXPR~~%SUBST(SENTENCE : I : 1) = " "~~true
10:13:54.483 ~~TEST_06.TEST_06~~33~~STMT~~IF %SUBST(SENTENCE : I : 1) = " "~~true
10:13:54.483 ~~TEST_06.TEST_06~~~~DATA~~WORDINC = 1~~1
10:13:54.483 ~~TEST_06.TEST_06~~34~~STMT~~EVAL WORDINC = 1~~1
10:13:54.483 ~~TEST_06.TEST_06~~36~~STMT~~ITER
10:13:54.483 ~~TEST_06.TEST_06~~~~DATA~~I = 95~~96
10:13:54.483 ~~TEST_06.TEST_06~~31~~EXPR~~%LEN(SENTENCE)~~128
10:13:54.484 ~~TEST_06.TEST_06~~33~~EXPR~~%SUBST(SENTENCE : I : 1)~~
10:13:54.484 ~~TEST_06.TEST_06~~33~~EXPR~~%SUBST(SENTENCE : I : 1) = " "~~true
10:13:54.484 ~~TEST_06.TEST_06~~33~~STMT~~IF %SUBST(SENTENCE : I : 1) = " "~~true
10:13:54.484 ~~TEST_06.TEST_06~~~~DATA~~WORDINC = 1~~1
10:13:54.484 ~~TEST_06.TEST_06~~34~~STMT~~EVAL WORDINC = 1~~1
10:13:54.484 ~~TEST_06.TEST_06~~36~~STMT~~ITER
10:13:54.484 ~~TEST_06.TEST_06~~~~DATA~~I = 96~~97
10:13:54.484 ~~TEST_06.TEST_06~~31~~EXPR~~%LEN(SENTENCE)~~128
10:13:54.485 ~~TEST_06.TEST_06~~33~~EXPR~~%SUBST(SENTENCE : I : 1)~~
10:13:54.485 ~~TEST_06.TEST_06~~33~~EXPR~~%SUBST(SENTENCE : I : 1) = " "~~true
10:13:54.485 ~~TEST_06.TEST_06~~33~~STMT~~IF %SUBST(SENTENCE : I : 1) = " "~~true
10:13:54.485 ~~TEST_06.TEST_06~~~~DATA~~WORDINC = 1~~1
10:13:54.485 ~~TEST_06.TEST_06~~34~~STMT~~EVAL WORDINC = 1~~1
10:13:54.485 ~~TEST_06.TEST_06~~36~~STMT~~ITER
10:13:54.485 ~~TEST_06.TEST_06~~~~DATA~~I = 97~~98
10:13:54.485 ~~TEST_06.TEST_06~~31~~EXPR~~%LEN(SENTENCE)~~128
10:13:54.486 ~~TEST_06.TEST_06~~33~~EXPR~~%SUBST(SENTENCE : I : 1)~~
10:13:54.486 ~~TEST_06.TEST_06~~33~~EXPR~~%SUBST(SENTENCE : I : 1) = " "~~true
10:13:54.486 ~~TEST_06.TEST_06~~33~~STMT~~IF %SUBST(SENTENCE : I : 1) = " "~~true
10:13:54.486 ~~TEST_06.TEST_06~~~~DATA~~WORDINC = 1~~1
10:13:54.486 ~~TEST_06.TEST_06~~34~~STMT~~EVAL WORDINC = 1~~1
10:13:54.486 ~~TEST_06.TEST_06~~36~~STMT~~ITER
10:13:54.487 ~~TEST_06.TEST_06~~~~DATA~~I = 98~~99
10:13:54.487 ~~TEST_06.TEST_06~~31~~EXPR~~%LEN(SENTENCE)~~128
10:13:54.487 ~~TEST_06.TEST_06~~33~~EXPR~~%SUBST(SENTENCE : I : 1)~~
10:13:54.487 ~~TEST_06.TEST_06~~33~~EXPR~~%SUBST(SENTENCE : I : 1) = " "~~true
10:13:54.487 ~~TEST_06.TEST_06~~33~~STMT~~IF %SUBST(SENTENCE : I : 1) = " "~~true
10:13:54.487 ~~TEST_06.TEST_06~~~~DATA~~WORDINC = 1~~1
10:13:54.488 ~~TEST_06.TEST_06~~34~~STMT~~EVAL WORDINC = 1~~1
10:13:54.488 ~~TEST_06.TEST_06~~36~~STMT~~ITER
10:13:54.488 ~~TEST_06.TEST_06~~~~DATA~~I = 99~~100
10:13:54.488 ~~TEST_06.TEST_06~~31~~EXPR~~%LEN(SENTENCE)~~128
10:13:54.488 ~~TEST_06.TEST_06~~33~~EXPR~~%SUBST(SENTENCE : I : 1)~~
10:13:54.488 ~~TEST_06.TEST_06~~33~~EXPR~~%SUBST(SENTENCE : I : 1) = " "~~true
10:13:54.488 ~~TEST_06.TEST_06~~33~~STMT~~IF %SUBST(SENTENCE : I : 1) = " "~~true
10:13:54.488 ~~TEST_06.TEST_06~~~~DATA~~WORDINC = 1~~1
10:13:54.488 ~~TEST_06.TEST_06~~34~~STMT~~EVAL WORDINC = 1~~1
10:13:54.489 ~~TEST_06.TEST_06~~36~~STMT~~ITER
10:13:54.489 ~~TEST_06.TEST_06~~~~DATA~~I = 100~~101
10:13:54.489 ~~TEST_06.TEST_06~~31~~EXPR~~%LEN(SENTENCE)~~128
10:13:54.489 ~~TEST_06.TEST_06~~33~~EXPR~~%SUBST(SENTENCE : I : 1)~~
10:13:54.489 ~~TEST_06.TEST_06~~33~~EXPR~~%SUBST(SENTENCE : I : 1) = " "~~true
10:13:54.489 ~~TEST_06.TEST_06~~33~~STMT~~IF %SUBST(SENTENCE : I : 1) = " "~~true
10:13:54.490 ~~TEST_06.TEST_06~~~~DATA~~WORDINC = 1~~1
10:13:54.490 ~~TEST_06.TEST_06~~34~~STMT~~EVAL WORDINC = 1~~1
10:13:54.490 ~~TEST_06.TEST_06~~36~~STMT~~ITER
10:13:54.490 ~~TEST_06.TEST_06~~~~DATA~~I = 101~~102
10:13:54.490 ~~TEST_06.TEST_06~~31~~EXPR~~%LEN(SENTENCE)~~128
10:13:54.490 ~~TEST_06.TEST_06~~33~~EXPR~~%SUBST(SENTENCE : I : 1)~~
10:13:54.491 ~~TEST_06.TEST_06~~33~~EXPR~~%SUBST(SENTENCE : I : 1) = " "~~true
10:13:54.491 ~~TEST_06.TEST_06~~33~~STMT~~IF %SUBST(SENTENCE : I : 1) = " "~~true
10:13:54.491 ~~TEST_06.TEST_06~~~~DATA~~WORDINC = 1~~1
10:13:54.491 ~~TEST_06.TEST_06~~34~~STMT~~EVAL WORDINC = 1~~1
10:13:54.491 ~~TEST_06.TEST_06~~36~~STMT~~ITER
10:13:54.491 ~~TEST_06.TEST_06~~~~DATA~~I = 102~~103
10:13:54.491 ~~TEST_06.TEST_06~~31~~EXPR~~%LEN(SENTENCE)~~128
10:13:54.492 ~~TEST_06.TEST_06~~33~~EXPR~~%SUBST(SENTENCE : I : 1)~~
10:13:54.492 ~~TEST_06.TEST_06~~33~~EXPR~~%SUBST(SENTENCE : I : 1) = " "~~true
10:13:54.492 ~~TEST_06.TEST_06~~33~~STMT~~IF %SUBST(SENTENCE : I : 1) = " "~~true
10:13:54.492 ~~TEST_06.TEST_06~~~~DATA~~WORDINC = 1~~1
10:13:54.492 ~~TEST_06.TEST_06~~34~~STMT~~EVAL WORDINC = 1~~1
10:13:54.492 ~~TEST_06.TEST_06~~36~~STMT~~ITER
10:13:54.492 ~~TEST_06.TEST_06~~~~DATA~~I = 103~~104
10:13:54.492 ~~TEST_06.TEST_06~~31~~EXPR~~%LEN(SENTENCE)~~128
10:13:54.493 ~~TEST_06.TEST_06~~33~~EXPR~~%SUBST(SENTENCE : I : 1)~~
10:13:54.493 ~~TEST_06.TEST_06~~33~~EXPR~~%SUBST(SENTENCE : I : 1) = " "~~true
10:13:54.493 ~~TEST_06.TEST_06~~33~~STMT~~IF %SUBST(SENTENCE : I : 1) = " "~~true
10:13:54.493 ~~TEST_06.TEST_06~~~~DATA~~WORDINC = 1~~1
10:13:54.493 ~~TEST_06.TEST_06~~34~~STMT~~EVAL WORDINC = 1~~1
10:13:54.493 ~~TEST_06.TEST_06~~36~~STMT~~ITER
10:13:54.493 ~~TEST_06.TEST_06~~~~DATA~~I = 104~~105
10:13:54.493 ~~TEST_06.TEST_06~~31~~EXPR~~%LEN(SENTENCE)~~128
10:13:54.493 ~~TEST_06.TEST_06~~33~~EXPR~~%SUBST(SENTENCE : I : 1)~~
10:13:54.494 ~~TEST_06.TEST_06~~33~~EXPR~~%SUBST(SENTENCE : I : 1) = " "~~true
10:13:54.494 ~~TEST_06.TEST_06~~33~~STMT~~IF %SUBST(SENTENCE : I : 1) = " "~~true
10:13:54.494 ~~TEST_06.TEST_06~~~~DATA~~WORDINC = 1~~1
10:13:54.494 ~~TEST_06.TEST_06~~34~~STMT~~EVAL WORDINC = 1~~1
10:13:54.494 ~~TEST_06.TEST_06~~36~~STMT~~ITER
10:13:54.494 ~~TEST_06.TEST_06~~~~DATA~~I = 105~~106
10:13:54.494 ~~TEST_06.TEST_06~~31~~EXPR~~%LEN(SENTENCE)~~128
10:13:54.495 ~~TEST_06.TEST_06~~33~~EXPR~~%SUBST(SENTENCE : I : 1)~~
10:13:54.495 ~~TEST_06.TEST_06~~33~~EXPR~~%SUBST(SENTENCE : I : 1) = " "~~true
10:13:54.495 ~~TEST_06.TEST_06~~33~~STMT~~IF %SUBST(SENTENCE : I : 1) = " "~~true
10:13:54.495 ~~TEST_06.TEST_06~~~~DATA~~WORDINC = 1~~1
10:13:54.495 ~~TEST_06.TEST_06~~34~~STMT~~EVAL WORDINC = 1~~1
10:13:54.495 ~~TEST_06.TEST_06~~36~~STMT~~ITER
10:13:54.495 ~~TEST_06.TEST_06~~~~DATA~~I = 106~~107
10:13:54.495 ~~TEST_06.TEST_06~~31~~EXPR~~%LEN(SENTENCE)~~128
10:13:54.495 ~~TEST_06.TEST_06~~33~~EXPR~~%SUBST(SENTENCE : I : 1)~~
10:13:54.495 ~~TEST_06.TEST_06~~33~~EXPR~~%SUBST(SENTENCE : I : 1) = " "~~true
10:13:54.496 ~~TEST_06.TEST_06~~33~~STMT~~IF %SUBST(SENTENCE : I : 1) = " "~~true
10:13:54.496 ~~TEST_06.TEST_06~~~~DATA~~WORDINC = 1~~1
10:13:54.496 ~~TEST_06.TEST_06~~34~~STMT~~EVAL WORDINC = 1~~1
10:13:54.496 ~~TEST_06.TEST_06~~36~~STMT~~ITER
10:13:54.496 ~~TEST_06.TEST_06~~~~DATA~~I = 107~~108
10:13:54.496 ~~TEST_06.TEST_06~~31~~EXPR~~%LEN(SENTENCE)~~128
10:13:54.496 ~~TEST_06.TEST_06~~33~~EXPR~~%SUBST(SENTENCE : I : 1)~~
10:13:54.496 ~~TEST_06.TEST_06~~33~~EXPR~~%SUBST(SENTENCE : I : 1) = " "~~true
10:13:54.496 ~~TEST_06.TEST_06~~33~~STMT~~IF %SUBST(SENTENCE : I : 1) = " "~~true
10:13:54.496 ~~TEST_06.TEST_06~~~~DATA~~WORDINC = 1~~1
10:13:54.497 ~~TEST_06.TEST_06~~34~~STMT~~EVAL WORDINC = 1~~1
10:13:54.497 ~~TEST_06.TEST_06~~36~~STMT~~ITER
10:13:54.497 ~~TEST_06.TEST_06~~~~DATA~~I = 108~~109
10:13:54.497 ~~TEST_06.TEST_06~~31~~EXPR~~%LEN(SENTENCE)~~128
10:13:54.497 ~~TEST_06.TEST_06~~33~~EXPR~~%SUBST(SENTENCE : I : 1)~~
10:13:54.497 ~~TEST_06.TEST_06~~33~~EXPR~~%SUBST(SENTENCE : I : 1) = " "~~true
10:13:54.497 ~~TEST_06.TEST_06~~33~~STMT~~IF %SUBST(SENTENCE : I : 1) = " "~~true
10:13:54.497 ~~TEST_06.TEST_06~~~~DATA~~WORDINC = 1~~1
10:13:54.497 ~~TEST_06.TEST_06~~34~~STMT~~EVAL WORDINC = 1~~1
10:13:54.497 ~~TEST_06.TEST_06~~36~~STMT~~ITER
10:13:54.497 ~~TEST_06.TEST_06~~~~DATA~~I = 109~~110
10:13:54.498 ~~TEST_06.TEST_06~~31~~EXPR~~%LEN(SENTENCE)~~128
10:13:54.498 ~~TEST_06.TEST_06~~33~~EXPR~~%SUBST(SENTENCE : I : 1)~~
10:13:54.498 ~~TEST_06.TEST_06~~33~~EXPR~~%SUBST(SENTENCE : I : 1) = " "~~true
10:13:54.498 ~~TEST_06.TEST_06~~33~~STMT~~IF %SUBST(SENTENCE : I : 1) = " "~~true
10:13:54.498 ~~TEST_06.TEST_06~~~~DATA~~WORDINC = 1~~1
10:13:54.498 ~~TEST_06.TEST_06~~34~~STMT~~EVAL WORDINC = 1~~1
10:13:54.498 ~~TEST_06.TEST_06~~36~~STMT~~ITER
10:13:54.498 ~~TEST_06.TEST_06~~~~DATA~~I = 110~~111
10:13:54.498 ~~TEST_06.TEST_06~~31~~EXPR~~%LEN(SENTENCE)~~128
10:13:54.498 ~~TEST_06.TEST_06~~33~~EXPR~~%SUBST(SENTENCE : I : 1)~~
10:13:54.498 ~~TEST_06.TEST_06~~33~~EXPR~~%SUBST(SENTENCE : I : 1) = " "~~true
10:13:54.498 ~~TEST_06.TEST_06~~33~~STMT~~IF %SUBST(SENTENCE : I : 1) = " "~~true
10:13:54.498 ~~TEST_06.TEST_06~~~~DATA~~WORDINC = 1~~1
10:13:54.498 ~~TEST_06.TEST_06~~34~~STMT~~EVAL WORDINC = 1~~1
10:13:54.499 ~~TEST_06.TEST_06~~36~~STMT~~ITER
10:13:54.499 ~~TEST_06.TEST_06~~~~DATA~~I = 111~~112
10:13:54.499 ~~TEST_06.TEST_06~~31~~EXPR~~%LEN(SENTENCE)~~128
10:13:54.499 ~~TEST_06.TEST_06~~33~~EXPR~~%SUBST(SENTENCE : I : 1)~~
10:13:54.499 ~~TEST_06.TEST_06~~33~~EXPR~~%SUBST(SENTENCE : I : 1) = " "~~true
10:13:54.499 ~~TEST_06.TEST_06~~33~~STMT~~IF %SUBST(SENTENCE : I : 1) = " "~~true
10:13:54.499 ~~TEST_06.TEST_06~~~~DATA~~WORDINC = 1~~1
10:13:54.499 ~~TEST_06.TEST_06~~34~~STMT~~EVAL WORDINC = 1~~1
10:13:54.499 ~~TEST_06.TEST_06~~36~~STMT~~ITER
10:13:54.499 ~~TEST_06.TEST_06~~~~DATA~~I = 112~~113
10:13:54.499 ~~TEST_06.TEST_06~~31~~EXPR~~%LEN(SENTENCE)~~128
10:13:54.499 ~~TEST_06.TEST_06~~33~~EXPR~~%SUBST(SENTENCE : I : 1)~~
10:13:54.499 ~~TEST_06.TEST_06~~33~~EXPR~~%SUBST(SENTENCE : I : 1) = " "~~true
10:13:54.499 ~~TEST_06.TEST_06~~33~~STMT~~IF %SUBST(SENTENCE : I : 1) = " "~~true
10:13:54.499 ~~TEST_06.TEST_06~~~~DATA~~WORDINC = 1~~1
10:13:54.500 ~~TEST_06.TEST_06~~34~~STMT~~EVAL WORDINC = 1~~1
10:13:54.500 ~~TEST_06.TEST_06~~36~~STMT~~ITER
10:13:54.500 ~~TEST_06.TEST_06~~~~DATA~~I = 113~~114
10:13:54.500 ~~TEST_06.TEST_06~~31~~EXPR~~%LEN(SENTENCE)~~128
10:13:54.500 ~~TEST_06.TEST_06~~33~~EXPR~~%SUBST(SENTENCE : I : 1)~~
10:13:54.500 ~~TEST_06.TEST_06~~33~~EXPR~~%SUBST(SENTENCE : I : 1) = " "~~true
10:13:54.500 ~~TEST_06.TEST_06~~33~~STMT~~IF %SUBST(SENTENCE : I : 1) = " "~~true
10:13:54.500 ~~TEST_06.TEST_06~~~~DATA~~WORDINC = 1~~1
10:13:54.500 ~~TEST_06.TEST_06~~34~~STMT~~EVAL WORDINC = 1~~1
10:13:54.500 ~~TEST_06.TEST_06~~36~~STMT~~ITER
10:13:54.500 ~~TEST_06.TEST_06~~~~DATA~~I = 114~~115
10:13:54.500 ~~TEST_06.TEST_06~~31~~EXPR~~%LEN(SENTENCE)~~128
10:13:54.500 ~~TEST_06.TEST_06~~33~~EXPR~~%SUBST(SENTENCE : I : 1)~~
10:13:54.500 ~~TEST_06.TEST_06~~33~~EXPR~~%SUBST(SENTENCE : I : 1) = " "~~true
10:13:54.500 ~~TEST_06.TEST_06~~33~~STMT~~IF %SUBST(SENTENCE : I : 1) = " "~~true
10:13:54.501 ~~TEST_06.TEST_06~~~~DATA~~WORDINC = 1~~1
10:13:54.501 ~~TEST_06.TEST_06~~34~~STMT~~EVAL WORDINC = 1~~1
10:13:54.501 ~~TEST_06.TEST_06~~36~~STMT~~ITER
10:13:54.501 ~~TEST_06.TEST_06~~~~DATA~~I = 115~~116
10:13:54.501 ~~TEST_06.TEST_06~~31~~EXPR~~%LEN(SENTENCE)~~128
10:13:54.501 ~~TEST_06.TEST_06~~33~~EXPR~~%SUBST(SENTENCE : I : 1)~~
10:13:54.501 ~~TEST_06.TEST_06~~33~~EXPR~~%SUBST(SENTENCE : I : 1) = " "~~true
10:13:54.501 ~~TEST_06.TEST_06~~33~~STMT~~IF %SUBST(SENTENCE : I : 1) = " "~~true
10:13:54.501 ~~TEST_06.TEST_06~~~~DATA~~WORDINC = 1~~1
10:13:54.501 ~~TEST_06.TEST_06~~34~~STMT~~EVAL WORDINC = 1~~1
10:13:54.501 ~~TEST_06.TEST_06~~36~~STMT~~ITER
10:13:54.501 ~~TEST_06.TEST_06~~~~DATA~~I = 116~~117
10:13:54.501 ~~TEST_06.TEST_06~~31~~EXPR~~%LEN(SENTENCE)~~128
10:13:54.501 ~~TEST_06.TEST_06~~33~~EXPR~~%SUBST(SENTENCE : I : 1)~~
10:13:54.502 ~~TEST_06.TEST_06~~33~~EXPR~~%SUBST(SENTENCE : I : 1) = " "~~true
10:13:54.502 ~~TEST_06.TEST_06~~33~~STMT~~IF %SUBST(SENTENCE : I : 1) = " "~~true
10:13:54.502 ~~TEST_06.TEST_06~~~~DATA~~WORDINC = 1~~1
10:13:54.502 ~~TEST_06.TEST_06~~34~~STMT~~EVAL WORDINC = 1~~1
10:13:54.502 ~~TEST_06.TEST_06~~36~~STMT~~ITER
10:13:54.502 ~~TEST_06.TEST_06~~~~DATA~~I = 117~~118
10:13:54.502 ~~TEST_06.TEST_06~~31~~EXPR~~%LEN(SENTENCE)~~128
10:13:54.502 ~~TEST_06.TEST_06~~33~~EXPR~~%SUBST(SENTENCE : I : 1)~~
10:13:54.502 ~~TEST_06.TEST_06~~33~~EXPR~~%SUBST(SENTENCE : I : 1) = " "~~true
10:13:54.502 ~~TEST_06.TEST_06~~33~~STMT~~IF %SUBST(SENTENCE : I : 1) = " "~~true
10:13:54.502 ~~TEST_06.TEST_06~~~~DATA~~WORDINC = 1~~1
10:13:54.502 ~~TEST_06.TEST_06~~34~~STMT~~EVAL WORDINC = 1~~1
10:13:54.502 ~~TEST_06.TEST_06~~36~~STMT~~ITER
10:13:54.502 ~~TEST_06.TEST_06~~~~DATA~~I = 118~~119
10:13:54.502 ~~TEST_06.TEST_06~~31~~EXPR~~%LEN(SENTENCE)~~128
10:13:54.502 ~~TEST_06.TEST_06~~33~~EXPR~~%SUBST(SENTENCE : I : 1)~~
10:13:54.502 ~~TEST_06.TEST_06~~33~~EXPR~~%SUBST(SENTENCE : I : 1) = " "~~true
10:13:54.502 ~~TEST_06.TEST_06~~33~~STMT~~IF %SUBST(SENTENCE : I : 1) = " "~~true
10:13:54.503 ~~TEST_06.TEST_06~~~~DATA~~WORDINC = 1~~1
10:13:54.503 ~~TEST_06.TEST_06~~34~~STMT~~EVAL WORDINC = 1~~1
10:13:54.503 ~~TEST_06.TEST_06~~36~~STMT~~ITER
10:13:54.503 ~~TEST_06.TEST_06~~~~DATA~~I = 119~~120
10:13:54.503 ~~TEST_06.TEST_06~~31~~EXPR~~%LEN(SENTENCE)~~128
10:13:54.503 ~~TEST_06.TEST_06~~33~~EXPR~~%SUBST(SENTENCE : I : 1)~~
10:13:54.503 ~~TEST_06.TEST_06~~33~~EXPR~~%SUBST(SENTENCE : I : 1) = " "~~true
10:13:54.503 ~~TEST_06.TEST_06~~33~~STMT~~IF %SUBST(SENTENCE : I : 1) = " "~~true
10:13:54.503 ~~TEST_06.TEST_06~~~~DATA~~WORDINC = 1~~1
10:13:54.503 ~~TEST_06.TEST_06~~34~~STMT~~EVAL WORDINC = 1~~1
10:13:54.503 ~~TEST_06.TEST_06~~36~~STMT~~ITER
10:13:54.503 ~~TEST_06.TEST_06~~~~DATA~~I = 120~~121
10:13:54.503 ~~TEST_06.TEST_06~~31~~EXPR~~%LEN(SENTENCE)~~128
10:13:54.503 ~~TEST_06.TEST_06~~33~~EXPR~~%SUBST(SENTENCE : I : 1)~~
10:13:54.503 ~~TEST_06.TEST_06~~33~~EXPR~~%SUBST(SENTENCE : I : 1) = " "~~true
10:13:54.503 ~~TEST_06.TEST_06~~33~~STMT~~IF %SUBST(SENTENCE : I : 1) = " "~~true
10:13:54.503 ~~TEST_06.TEST_06~~~~DATA~~WORDINC = 1~~1
10:13:54.503 ~~TEST_06.TEST_06~~34~~STMT~~EVAL WORDINC = 1~~1
10:13:54.504 ~~TEST_06.TEST_06~~36~~STMT~~ITER
10:13:54.504 ~~TEST_06.TEST_06~~~~DATA~~I = 121~~122
10:13:54.504 ~~TEST_06.TEST_06~~31~~EXPR~~%LEN(SENTENCE)~~128
10:13:54.504 ~~TEST_06.TEST_06~~33~~EXPR~~%SUBST(SENTENCE : I : 1)~~
10:13:54.504 ~~TEST_06.TEST_06~~33~~EXPR~~%SUBST(SENTENCE : I : 1) = " "~~true
10:13:54.504 ~~TEST_06.TEST_06~~33~~STMT~~IF %SUBST(SENTENCE : I : 1) = " "~~true
10:13:54.504 ~~TEST_06.TEST_06~~~~DATA~~WORDINC = 1~~1
10:13:54.504 ~~TEST_06.TEST_06~~34~~STMT~~EVAL WORDINC = 1~~1
10:13:54.504 ~~TEST_06.TEST_06~~36~~STMT~~ITER
10:13:54.504 ~~TEST_06.TEST_06~~~~DATA~~I = 122~~123
10:13:54.504 ~~TEST_06.TEST_06~~31~~EXPR~~%LEN(SENTENCE)~~128
10:13:54.504 ~~TEST_06.TEST_06~~33~~EXPR~~%SUBST(SENTENCE : I : 1)~~
10:13:54.504 ~~TEST_06.TEST_06~~33~~EXPR~~%SUBST(SENTENCE : I : 1) = " "~~true
10:13:54.504 ~~TEST_06.TEST_06~~33~~STMT~~IF %SUBST(SENTENCE : I : 1) = " "~~true
10:13:54.504 ~~TEST_06.TEST_06~~~~DATA~~WORDINC = 1~~1
10:13:54.504 ~~TEST_06.TEST_06~~34~~STMT~~EVAL WORDINC = 1~~1
10:13:54.504 ~~TEST_06.TEST_06~~36~~STMT~~ITER
10:13:54.504 ~~TEST_06.TEST_06~~~~DATA~~I = 123~~124
10:13:54.504 ~~TEST_06.TEST_06~~31~~EXPR~~%LEN(SENTENCE)~~128
10:13:54.505 ~~TEST_06.TEST_06~~33~~EXPR~~%SUBST(SENTENCE : I : 1)~~
10:13:54.505 ~~TEST_06.TEST_06~~33~~EXPR~~%SUBST(SENTENCE : I : 1) = " "~~true
10:13:54.505 ~~TEST_06.TEST_06~~33~~STMT~~IF %SUBST(SENTENCE : I : 1) = " "~~true
10:13:54.505 ~~TEST_06.TEST_06~~~~DATA~~WORDINC = 1~~1
10:13:54.505 ~~TEST_06.TEST_06~~34~~STMT~~EVAL WORDINC = 1~~1
10:13:54.505 ~~TEST_06.TEST_06~~36~~STMT~~ITER
10:13:54.505 ~~TEST_06.TEST_06~~~~DATA~~I = 124~~125
10:13:54.505 ~~TEST_06.TEST_06~~31~~EXPR~~%LEN(SENTENCE)~~128
10:13:54.505 ~~TEST_06.TEST_06~~33~~EXPR~~%SUBST(SENTENCE : I : 1)~~
10:13:54.505 ~~TEST_06.TEST_06~~33~~EXPR~~%SUBST(SENTENCE : I : 1) = " "~~true
10:13:54.505 ~~TEST_06.TEST_06~~33~~STMT~~IF %SUBST(SENTENCE : I : 1) = " "~~true
10:13:54.505 ~~TEST_06.TEST_06~~~~DATA~~WORDINC = 1~~1
10:13:54.505 ~~TEST_06.TEST_06~~34~~STMT~~EVAL WORDINC = 1~~1
10:13:54.505 ~~TEST_06.TEST_06~~36~~STMT~~ITER
10:13:54.505 ~~TEST_06.TEST_06~~~~DATA~~I = 125~~126
10:13:54.505 ~~TEST_06.TEST_06~~31~~EXPR~~%LEN(SENTENCE)~~128
10:13:54.505 ~~TEST_06.TEST_06~~33~~EXPR~~%SUBST(SENTENCE : I : 1)~~
10:13:54.505 ~~TEST_06.TEST_06~~33~~EXPR~~%SUBST(SENTENCE : I : 1) = " "~~true
10:13:54.505 ~~TEST_06.TEST_06~~33~~STMT~~IF %SUBST(SENTENCE : I : 1) = " "~~true
10:13:54.506 ~~TEST_06.TEST_06~~~~DATA~~WORDINC = 1~~1
10:13:54.506 ~~TEST_06.TEST_06~~34~~STMT~~EVAL WORDINC = 1~~1
10:13:54.506 ~~TEST_06.TEST_06~~36~~STMT~~ITER
10:13:54.506 ~~TEST_06.TEST_06~~~~DATA~~I = 126~~127
10:13:54.506 ~~TEST_06.TEST_06~~31~~EXPR~~%LEN(SENTENCE)~~128
10:13:54.506 ~~TEST_06.TEST_06~~33~~EXPR~~%SUBST(SENTENCE : I : 1)~~
10:13:54.506 ~~TEST_06.TEST_06~~33~~EXPR~~%SUBST(SENTENCE : I : 1) = " "~~true
10:13:54.506 ~~TEST_06.TEST_06~~33~~STMT~~IF %SUBST(SENTENCE : I : 1) = " "~~true
10:13:54.506 ~~TEST_06.TEST_06~~~~DATA~~WORDINC = 1~~1
10:13:54.506 ~~TEST_06.TEST_06~~34~~STMT~~EVAL WORDINC = 1~~1
10:13:54.506 ~~TEST_06.TEST_06~~36~~STMT~~ITER
10:13:54.506 ~~TEST_06.TEST_06~~~~DATA~~I = 127~~128
10:13:54.506 ~~TEST_06.TEST_06~~31~~EXPR~~%LEN(SENTENCE)~~128
10:13:54.506 ~~TEST_06.TEST_06~~33~~EXPR~~%SUBST(SENTENCE : I : 1)~~
10:13:54.506 ~~TEST_06.TEST_06~~33~~EXPR~~%SUBST(SENTENCE : I : 1) = " "~~true
10:13:54.506 ~~TEST_06.TEST_06~~33~~STMT~~IF %SUBST(SENTENCE : I : 1) = " "~~true
10:13:54.506 ~~TEST_06.TEST_06~~~~DATA~~WORDINC = 1~~1
10:13:54.506 ~~TEST_06.TEST_06~~34~~STMT~~EVAL WORDINC = 1~~1
10:13:54.507 ~~TEST_06.TEST_06~~36~~STMT~~ITER
10:13:54.507 ~~TEST_06.TEST_06~~~~DATA~~I = 128~~129
10:13:54.507 ~~TEST_06.TEST_06~~31~~EXPR~~%LEN(SENTENCE)~~128
10:13:54.507 ~~TEST_06.TEST_06~~61~~LOOP~~ENDFOR I ~~109~~iterations
10:13:54.507 ~~TEST_06.TEST_06~~61~~STMT~~ENDFOR I 
10:13:54.507 ~~TEST_06.TEST_06~~61~~PERF~~ENDFOR I ~~115~~ms
10:13:54.507 ~~TEST_06.TEST_06~~~~DATA~~TMP = A~~#
10:13:54.507 ~~TEST_06.TEST_06~~64~~STMT~~MOVE~~EOF TO TMP~~#
10:13:54.507 ~~TEST_06.TEST_06~~66~~EXPR~~WORDCNT + 1~~7
10:13:54.508 ~~TEST_06.TEST_06~~66~~STMT~~EVAL WORDS(WORDCNT + 1)) = TMP~~#
10:13:54.508 ~~TEST_06.TEST_06~~72~~STMT~~SUBROUTINE ~~PRINT
10:13:54.508 ~~TEST_06.TEST_06~~72~~RESL~~SUBROUTINE START~~PRINT
10:13:54.508 ~~TEST_06.TEST_06~~~~DATA~~I = 129~~1
10:13:54.508 ~~TEST_06.TEST_06~~73~~LOOP~~FOR I = 1  TO %ELEM(WORDS) 
10:13:54.508 ~~TEST_06.TEST_06~~73~~STMT~~FOR I = 1  TO %ELEM(WORDS)
10:13:54.508 ~~TEST_06.TEST_06~~73~~EXPR~~%ELEM(WORDS)~~128
10:13:54.514 ~~TEST_06.TEST_06~~74~~EXPR~~WORDS(I))~~Lorem
10:13:54.515 ~~TEST_06.TEST_06~~74~~EXPR~~%TRIM(WORDS(I)) : 1)~~Lorem
10:13:54.515 ~~TEST_06.TEST_06~~74~~EXPR~~%TRIM(WORDS(I)) : 1) = EOF~~false
10:13:54.515 ~~TEST_06.TEST_06~~74~~STMT~~IF %TRIM(WORDS(I)) : 1) = EOF~~false
10:13:54.515 ~~TEST_06.TEST_06~~77~~EXPR~~%CHAR(I)~~1
10:13:54.515 ~~TEST_06.TEST_06~~~~EXPR~~%CHAR(I) + " - "~~1 - 
10:13:54.515 ~~TEST_06.TEST_06~~77~~EXPR~~WORDS(I))~~Lorem
10:13:54.515 ~~TEST_06.TEST_06~~77~~EXPR~~%CHAR(I) + " - " + WORDS(I))~~1 - Lorem
10:13:54.515 ~~TEST_06.TEST_06~~~~DATA~~DSP = ~~1 - Lorem
10:13:54.515 ~~TEST_06.TEST_06~~77~~STMT~~EVAL DSP = %CHAR(I) + " - " + WORDS(I))~~1 - Lorem
10:13:54.516 ~~TEST_06.TEST_06~~~~DATA~~I = 1~~2
10:13:54.516 ~~TEST_06.TEST_06~~73~~EXPR~~%ELEM(WORDS)~~128
10:13:54.516 ~~TEST_06.TEST_06~~74~~EXPR~~WORDS(I))~~ipsum
10:13:54.516 ~~TEST_06.TEST_06~~74~~EXPR~~%TRIM(WORDS(I)) : 1)~~ipsum
10:13:54.516 ~~TEST_06.TEST_06~~74~~EXPR~~%TRIM(WORDS(I)) : 1) = EOF~~false
10:13:54.516 ~~TEST_06.TEST_06~~74~~STMT~~IF %TRIM(WORDS(I)) : 1) = EOF~~false
10:13:54.516 ~~TEST_06.TEST_06~~77~~EXPR~~%CHAR(I)~~2
10:13:54.516 ~~TEST_06.TEST_06~~~~EXPR~~%CHAR(I) + " - "~~2 - 
10:13:54.516 ~~TEST_06.TEST_06~~77~~EXPR~~WORDS(I))~~ipsum
10:13:54.516 ~~TEST_06.TEST_06~~77~~EXPR~~%CHAR(I) + " - " + WORDS(I))~~2 - ipsum
10:13:54.516 ~~TEST_06.TEST_06~~~~DATA~~DSP = 1 - Lorem~~2 - ipsum
10:13:54.517 ~~TEST_06.TEST_06~~77~~STMT~~EVAL DSP = %CHAR(I) + " - " + WORDS(I))~~2 - ipsum
10:13:54.517 ~~TEST_06.TEST_06~~~~DATA~~I = 2~~3
10:13:54.517 ~~TEST_06.TEST_06~~73~~EXPR~~%ELEM(WORDS)~~128
10:13:54.517 ~~TEST_06.TEST_06~~74~~EXPR~~WORDS(I))~~dolor
10:13:54.517 ~~TEST_06.TEST_06~~74~~EXPR~~%TRIM(WORDS(I)) : 1)~~dolor
10:13:54.517 ~~TEST_06.TEST_06~~74~~EXPR~~%TRIM(WORDS(I)) : 1) = EOF~~false
10:13:54.517 ~~TEST_06.TEST_06~~74~~STMT~~IF %TRIM(WORDS(I)) : 1) = EOF~~false
10:13:54.517 ~~TEST_06.TEST_06~~77~~EXPR~~%CHAR(I)~~3
10:13:54.517 ~~TEST_06.TEST_06~~~~EXPR~~%CHAR(I) + " - "~~3 - 
10:13:54.517 ~~TEST_06.TEST_06~~77~~EXPR~~WORDS(I))~~dolor
10:13:54.517 ~~TEST_06.TEST_06~~77~~EXPR~~%CHAR(I) + " - " + WORDS(I))~~3 - dolor
10:13:54.517 ~~TEST_06.TEST_06~~~~DATA~~DSP = 2 - ipsum~~3 - dolor
10:13:54.518 ~~TEST_06.TEST_06~~77~~STMT~~EVAL DSP = %CHAR(I) + " - " + WORDS(I))~~3 - dolor
10:13:54.518 ~~TEST_06.TEST_06~~~~DATA~~I = 3~~4
10:13:54.518 ~~TEST_06.TEST_06~~73~~EXPR~~%ELEM(WORDS)~~128
10:13:54.518 ~~TEST_06.TEST_06~~74~~EXPR~~WORDS(I))~~sit
10:13:54.518 ~~TEST_06.TEST_06~~74~~EXPR~~%TRIM(WORDS(I)) : 1)~~sit
10:13:54.518 ~~TEST_06.TEST_06~~74~~EXPR~~%TRIM(WORDS(I)) : 1) = EOF~~false
10:13:54.518 ~~TEST_06.TEST_06~~74~~STMT~~IF %TRIM(WORDS(I)) : 1) = EOF~~false
10:13:54.518 ~~TEST_06.TEST_06~~77~~EXPR~~%CHAR(I)~~4
10:13:54.518 ~~TEST_06.TEST_06~~~~EXPR~~%CHAR(I) + " - "~~4 - 
10:13:54.518 ~~TEST_06.TEST_06~~77~~EXPR~~WORDS(I))~~sit
10:13:54.519 ~~TEST_06.TEST_06~~77~~EXPR~~%CHAR(I) + " - " + WORDS(I))~~4 - sit
10:13:54.519 ~~TEST_06.TEST_06~~~~DATA~~DSP = 3 - dolor~~4 - sit
10:13:54.519 ~~TEST_06.TEST_06~~77~~STMT~~EVAL DSP = %CHAR(I) + " - " + WORDS(I))~~4 - sit
10:13:54.519 ~~TEST_06.TEST_06~~~~DATA~~I = 4~~5
10:13:54.519 ~~TEST_06.TEST_06~~73~~EXPR~~%ELEM(WORDS)~~128
10:13:54.519 ~~TEST_06.TEST_06~~74~~EXPR~~WORDS(I))~~amet
10:13:54.519 ~~TEST_06.TEST_06~~74~~EXPR~~%TRIM(WORDS(I)) : 1)~~amet
10:13:54.519 ~~TEST_06.TEST_06~~74~~EXPR~~%TRIM(WORDS(I)) : 1) = EOF~~false
10:13:54.519 ~~TEST_06.TEST_06~~74~~STMT~~IF %TRIM(WORDS(I)) : 1) = EOF~~false
10:13:54.519 ~~TEST_06.TEST_06~~77~~EXPR~~%CHAR(I)~~5
10:13:54.519 ~~TEST_06.TEST_06~~~~EXPR~~%CHAR(I) + " - "~~5 - 
10:13:54.519 ~~TEST_06.TEST_06~~77~~EXPR~~WORDS(I))~~amet
10:13:54.520 ~~TEST_06.TEST_06~~77~~EXPR~~%CHAR(I) + " - " + WORDS(I))~~5 - amet
10:13:54.520 ~~TEST_06.TEST_06~~~~DATA~~DSP = 4 - sit~~5 - amet
10:13:54.520 ~~TEST_06.TEST_06~~77~~STMT~~EVAL DSP = %CHAR(I) + " - " + WORDS(I))~~5 - amet
10:13:54.520 ~~TEST_06.TEST_06~~~~DATA~~I = 5~~6
10:13:54.520 ~~TEST_06.TEST_06~~73~~EXPR~~%ELEM(WORDS)~~128
10:13:54.520 ~~TEST_06.TEST_06~~74~~EXPR~~WORDS(I))~~sed
10:13:54.520 ~~TEST_06.TEST_06~~74~~EXPR~~%TRIM(WORDS(I)) : 1)~~sed
10:13:54.520 ~~TEST_06.TEST_06~~74~~EXPR~~%TRIM(WORDS(I)) : 1) = EOF~~false
10:13:54.521 ~~TEST_06.TEST_06~~74~~STMT~~IF %TRIM(WORDS(I)) : 1) = EOF~~false
10:13:54.521 ~~TEST_06.TEST_06~~77~~EXPR~~%CHAR(I)~~6
10:13:54.521 ~~TEST_06.TEST_06~~~~EXPR~~%CHAR(I) + " - "~~6 - 
10:13:54.521 ~~TEST_06.TEST_06~~77~~EXPR~~WORDS(I))~~sed
10:13:54.521 ~~TEST_06.TEST_06~~77~~EXPR~~%CHAR(I) + " - " + WORDS(I))~~6 - sed
10:13:54.521 ~~TEST_06.TEST_06~~~~DATA~~DSP = 5 - amet~~6 - sed
10:13:54.521 ~~TEST_06.TEST_06~~77~~STMT~~EVAL DSP = %CHAR(I) + " - " + WORDS(I))~~6 - sed
10:13:54.521 ~~TEST_06.TEST_06~~~~DATA~~I = 6~~7
10:13:54.521 ~~TEST_06.TEST_06~~73~~EXPR~~%ELEM(WORDS)~~128
10:13:54.521 ~~TEST_06.TEST_06~~74~~EXPR~~WORDS(I))~~#
10:13:54.521 ~~TEST_06.TEST_06~~74~~EXPR~~%TRIM(WORDS(I)) : 1)~~#
10:13:54.521 ~~TEST_06.TEST_06~~74~~EXPR~~%TRIM(WORDS(I)) : 1) = EOF~~true
10:13:54.521 ~~TEST_06.TEST_06~~74~~STMT~~IF %TRIM(WORDS(I)) : 1) = EOF~~true
10:13:54.521 ~~TEST_06.TEST_06~~75~~STMT~~LEAVE
10:13:54.522 ~~TEST_06.TEST_06~~79~~LOOP~~ENDFOR I ~~6~~iterations
10:13:54.522 ~~TEST_06.TEST_06~~79~~STMT~~ENDFOR I 
10:13:54.522 ~~TEST_06.TEST_06~~79~~PERF~~ENDFOR I ~~13~~ms
10:13:54.522 ~~TEST_06.TEST_06~~80~~STMT~~SUBROUTINE END~~PRINT
10:13:54.522 ~~TEST_06.TEST_06~~80~~PERF~~SUBROUTINE END~~PRINT~~14~~ms
10:13:54.522 ~~TEST_06.TEST_06~~~~STMT~~PROGRAM END~~TEST_06.TEST_06
10:13:54.522 ~~TEST_06.TEST_06~~~~PERF~~END TEST_06.TEST_06~~220~~ms
10:13:59.467 ~~~~~~RESL~~resource: /logging/
10:13:59.478 ~~~~~~RESL~~source:
10:13:59.479 ~~~~~~RESL~~com.smeup.rpgparser.rgpinterop.DirRpgProgramFinder@19e4fcac
10:13:59.480 ~~~~~~RESL~~resource: /
10:14:05.331 ~~TEST_06.TEST_06~~~~STMT~~PROGRAM START~~TEST_06.TEST_06
10:14:05.428 ~~TEST_06.TEST_06~~~~DATA~~SENTENCE = N/D~~Lorem ipsum dolor sit amet sed
10:14:05.429 ~~TEST_06.TEST_06~~~~DATA~~WORDCNT = N/D~~0
10:14:05.429 ~~TEST_06.TEST_06~~~~DATA~~WORDINC = N/D~~0
10:14:05.429 ~~TEST_06.TEST_06~~~~DATA~~I = N/D~~0
10:14:05.429 ~~TEST_06.TEST_06~~~~DATA~~J = N/D~~0
10:14:05.429 ~~TEST_06.TEST_06~~~~DATA~~ONE = N/D~~1
10:14:05.429 ~~TEST_06.TEST_06~~~~DATA~~EOF = N/D~~#
10:14:05.429 ~~TEST_06.TEST_06~~~~DATA~~TMP = N/D~~ 
10:14:05.433 ~~TEST_06.TEST_06~~~~DATA~~WORDS = N/D~~Array(128)
10:14:05.433 ~~TEST_06.TEST_06~~~~DATA~~DSP = N/D~~
10:14:05.433 ~~TEST_06.TEST_06~~~~DATA~~U$FUNZ = N/D~~AA
10:14:05.434 ~~TEST_06.TEST_06~~~~DATA~~U$METO = N/D~~'ABCD'
10:14:05.434 ~~TEST_06.TEST_06~~~~DATA~~U$SVARSK = N/D~~1**
10:14:07.229 ~~TEST_06.TEST_06~~21~~STMT~~PARAM~~U$FUNZ~~AA
10:14:07.776 ~~TEST_06.TEST_06~~21~~STMT~~PARAM~~U$METO~~'ABCD'
10:14:08.281 ~~TEST_06.TEST_06~~21~~STMT~~PARAM~~U$SVARSK~~1**
10:14:08.288 ~~TEST_06.TEST_06~~~~DATA~~TMP =  ~~A
10:14:08.288 ~~TEST_06.TEST_06~~26~~STMT~~EVAL TMP = U$FUNZ~~A
10:14:08.297 ~~TEST_06.TEST_06~~~~DATA~~WORDCNT = 0~~0
10:14:08.298 ~~TEST_06.TEST_06~~28~~STMT~~CLEAR~~WORDCNT~~0
10:14:08.300 ~~TEST_06.TEST_06~~~~DATA~~WORDINC = 0~~1
10:14:08.300 ~~TEST_06.TEST_06~~30~~STMT~~MOVE~~ONE TO WORDINC~~1
10:14:08.305 ~~TEST_06.TEST_06~~~~DATA~~I = 0~~1
10:14:08.305 ~~TEST_06.TEST_06~~31~~LOOP~~FOR I = 1 BY WORDINC TO %LEN(SENTENCE) 
10:14:08.305 ~~TEST_06.TEST_06~~31~~STMT~~FOR I = 1 BY WORDINC TO %LEN(SENTENCE)
10:14:08.315 ~~TEST_06.TEST_06~~31~~EXPR~~%LEN(SENTENCE)~~128
10:14:08.317 ~~TEST_06.TEST_06~~33~~EXPR~~%SUBST(SENTENCE : I : 1)~~L
10:14:08.322 ~~TEST_06.TEST_06~~33~~EXPR~~%SUBST(SENTENCE : I : 1) = " "~~false
10:14:08.322 ~~TEST_06.TEST_06~~33~~STMT~~IF %SUBST(SENTENCE : I : 1) = " "~~false
10:14:08.323 ~~TEST_06.TEST_06~~~~EXPR~~I + 1~~2
10:14:08.323 ~~TEST_06.TEST_06~~~~DATA~~J = 0~~2
10:14:08.323 ~~TEST_06.TEST_06~~39~~LOOP~~FOR J = I + 1  TO %LEN(SENTENCE) 
10:14:08.323 ~~TEST_06.TEST_06~~39~~STMT~~FOR J = I + 1  TO %LEN(SENTENCE)
10:14:08.324 ~~TEST_06.TEST_06~~39~~EXPR~~%LEN(SENTENCE)~~128
10:14:08.324 ~~TEST_06.TEST_06~~40~~EXPR~~%SUBST(SENTENCE : J : 1)~~o
10:14:08.325 ~~TEST_06.TEST_06~~40~~EXPR~~%SUBST(SENTENCE : J : 1) = " "~~false
10:14:08.325 ~~TEST_06.TEST_06~~40~~STMT~~IF %SUBST(SENTENCE : J : 1) = " "~~false
10:14:08.325 ~~TEST_06.TEST_06~~~~DATA~~J = 2~~3
10:14:08.326 ~~TEST_06.TEST_06~~39~~EXPR~~%LEN(SENTENCE)~~128
10:14:08.326 ~~TEST_06.TEST_06~~40~~EXPR~~%SUBST(SENTENCE : J : 1)~~r
10:14:08.326 ~~TEST_06.TEST_06~~40~~EXPR~~%SUBST(SENTENCE : J : 1) = " "~~false
10:14:08.327 ~~TEST_06.TEST_06~~40~~STMT~~IF %SUBST(SENTENCE : J : 1) = " "~~false
10:14:08.327 ~~TEST_06.TEST_06~~~~DATA~~J = 3~~4
10:14:08.327 ~~TEST_06.TEST_06~~39~~EXPR~~%LEN(SENTENCE)~~128
10:14:08.327 ~~TEST_06.TEST_06~~40~~EXPR~~%SUBST(SENTENCE : J : 1)~~e
10:14:08.328 ~~TEST_06.TEST_06~~40~~EXPR~~%SUBST(SENTENCE : J : 1) = " "~~false
10:14:08.328 ~~TEST_06.TEST_06~~40~~STMT~~IF %SUBST(SENTENCE : J : 1) = " "~~false
10:14:08.328 ~~TEST_06.TEST_06~~~~DATA~~J = 4~~5
10:14:08.328 ~~TEST_06.TEST_06~~39~~EXPR~~%LEN(SENTENCE)~~128
10:14:08.329 ~~TEST_06.TEST_06~~40~~EXPR~~%SUBST(SENTENCE : J : 1)~~m
10:14:08.329 ~~TEST_06.TEST_06~~40~~EXPR~~%SUBST(SENTENCE : J : 1) = " "~~false
10:14:08.329 ~~TEST_06.TEST_06~~40~~STMT~~IF %SUBST(SENTENCE : J : 1) = " "~~false
10:14:08.329 ~~TEST_06.TEST_06~~~~DATA~~J = 5~~6
10:14:08.331 ~~TEST_06.TEST_06~~39~~EXPR~~%LEN(SENTENCE)~~128
10:14:08.331 ~~TEST_06.TEST_06~~40~~EXPR~~%SUBST(SENTENCE : J : 1)~~ 
10:14:08.331 ~~TEST_06.TEST_06~~40~~EXPR~~%SUBST(SENTENCE : J : 1) = " "~~true
10:14:08.332 ~~TEST_06.TEST_06~~40~~STMT~~IF %SUBST(SENTENCE : J : 1) = " "~~true
10:14:08.337 ~~TEST_06.TEST_06~~42~~STMT~~LEAVE
10:14:08.338 ~~TEST_06.TEST_06~~44~~LOOP~~ENDFOR J ~~4~~iterations
10:14:08.339 ~~TEST_06.TEST_06~~44~~STMT~~ENDFOR J 
10:14:08.339 ~~TEST_06.TEST_06~~44~~PERF~~ENDFOR J ~~15~~ms
10:14:08.339 ~~TEST_06.TEST_06~~45~~EXPR~~J - I~~5
10:14:08.340 ~~TEST_06.TEST_06~~~~DATA~~WORDINC = 1~~5
10:14:08.340 ~~TEST_06.TEST_06~~45~~STMT~~EVAL WORDINC = J - I~~5
10:14:08.340 ~~TEST_06.TEST_06~~46~~EXPR~~WORDCNT + 1~~1
10:14:08.340 ~~TEST_06.TEST_06~~~~DATA~~WORDCNT = 0~~1
10:14:08.340 ~~TEST_06.TEST_06~~46~~STMT~~EVAL WORDCNT = WORDCNT + 1~~1
10:14:08.341 ~~TEST_06.TEST_06~~50~~EXPR~~WORDINC = 5~~true
10:14:08.341 ~~TEST_06.TEST_06~~50~~STMT~~SELECT WHEN~~WORDINC = 5~~(true)
10:14:08.341 ~~TEST_06.TEST_06~~51~~EXPR~~%SUBST(SENTENCE : I : 5)~~Lorem
10:14:08.348 ~~TEST_06.TEST_06~~51~~STMT~~EVAL WORDS(WORDCNT)) = %SUBST(SENTENCE : I : 5)~~Lorem
10:14:08.348 ~~TEST_06.TEST_06~~~~DATA~~I = 1~~6
10:14:08.348 ~~TEST_06.TEST_06~~31~~EXPR~~%LEN(SENTENCE)~~128
10:14:08.348 ~~TEST_06.TEST_06~~33~~EXPR~~%SUBST(SENTENCE : I : 1)~~ 
10:14:08.348 ~~TEST_06.TEST_06~~33~~EXPR~~%SUBST(SENTENCE : I : 1) = " "~~true
10:14:08.348 ~~TEST_06.TEST_06~~33~~STMT~~IF %SUBST(SENTENCE : I : 1) = " "~~true
10:14:08.348 ~~TEST_06.TEST_06~~~~DATA~~WORDINC = 5~~1
10:14:08.348 ~~TEST_06.TEST_06~~34~~STMT~~EVAL WORDINC = 1~~1
10:14:08.349 ~~TEST_06.TEST_06~~36~~STMT~~ITER
10:14:08.349 ~~TEST_06.TEST_06~~~~DATA~~I = 6~~7
10:14:08.349 ~~TEST_06.TEST_06~~31~~EXPR~~%LEN(SENTENCE)~~128
10:14:08.349 ~~TEST_06.TEST_06~~33~~EXPR~~%SUBST(SENTENCE : I : 1)~~i
10:14:08.349 ~~TEST_06.TEST_06~~33~~EXPR~~%SUBST(SENTENCE : I : 1) = " "~~false
10:14:08.349 ~~TEST_06.TEST_06~~33~~STMT~~IF %SUBST(SENTENCE : I : 1) = " "~~false
10:14:08.349 ~~TEST_06.TEST_06~~~~EXPR~~I + 1~~8
10:14:08.349 ~~TEST_06.TEST_06~~~~DATA~~J = 6~~8
10:14:08.349 ~~TEST_06.TEST_06~~39~~LOOP~~FOR J = I + 1  TO %LEN(SENTENCE) 
10:14:08.350 ~~TEST_06.TEST_06~~39~~STMT~~FOR J = I + 1  TO %LEN(SENTENCE)
10:14:08.350 ~~TEST_06.TEST_06~~39~~EXPR~~%LEN(SENTENCE)~~128
10:14:08.350 ~~TEST_06.TEST_06~~40~~EXPR~~%SUBST(SENTENCE : J : 1)~~p
10:14:08.350 ~~TEST_06.TEST_06~~40~~EXPR~~%SUBST(SENTENCE : J : 1) = " "~~false
10:14:08.350 ~~TEST_06.TEST_06~~40~~STMT~~IF %SUBST(SENTENCE : J : 1) = " "~~false
10:14:08.351 ~~TEST_06.TEST_06~~~~DATA~~J = 8~~9
10:14:08.351 ~~TEST_06.TEST_06~~39~~EXPR~~%LEN(SENTENCE)~~128
10:14:08.353 ~~TEST_06.TEST_06~~40~~EXPR~~%SUBST(SENTENCE : J : 1)~~s
10:14:08.353 ~~TEST_06.TEST_06~~40~~EXPR~~%SUBST(SENTENCE : J : 1) = " "~~false
10:14:08.354 ~~TEST_06.TEST_06~~40~~STMT~~IF %SUBST(SENTENCE : J : 1) = " "~~false
10:14:08.354 ~~TEST_06.TEST_06~~~~DATA~~J = 9~~10
10:14:08.354 ~~TEST_06.TEST_06~~39~~EXPR~~%LEN(SENTENCE)~~128
10:14:08.354 ~~TEST_06.TEST_06~~40~~EXPR~~%SUBST(SENTENCE : J : 1)~~u
10:14:08.355 ~~TEST_06.TEST_06~~40~~EXPR~~%SUBST(SENTENCE : J : 1) = " "~~false
10:14:08.355 ~~TEST_06.TEST_06~~40~~STMT~~IF %SUBST(SENTENCE : J : 1) = " "~~false
10:14:08.355 ~~TEST_06.TEST_06~~~~DATA~~J = 10~~11
10:14:08.355 ~~TEST_06.TEST_06~~39~~EXPR~~%LEN(SENTENCE)~~128
10:14:08.355 ~~TEST_06.TEST_06~~40~~EXPR~~%SUBST(SENTENCE : J : 1)~~m
10:14:08.356 ~~TEST_06.TEST_06~~40~~EXPR~~%SUBST(SENTENCE : J : 1) = " "~~false
10:14:08.356 ~~TEST_06.TEST_06~~40~~STMT~~IF %SUBST(SENTENCE : J : 1) = " "~~false
10:14:08.356 ~~TEST_06.TEST_06~~~~DATA~~J = 11~~12
10:14:08.356 ~~TEST_06.TEST_06~~39~~EXPR~~%LEN(SENTENCE)~~128
10:14:08.356 ~~TEST_06.TEST_06~~40~~EXPR~~%SUBST(SENTENCE : J : 1)~~ 
10:14:08.357 ~~TEST_06.TEST_06~~40~~EXPR~~%SUBST(SENTENCE : J : 1) = " "~~true
10:14:08.357 ~~TEST_06.TEST_06~~40~~STMT~~IF %SUBST(SENTENCE : J : 1) = " "~~true
10:14:08.357 ~~TEST_06.TEST_06~~42~~STMT~~LEAVE
10:14:08.357 ~~TEST_06.TEST_06~~44~~LOOP~~ENDFOR J ~~4~~iterations
10:14:08.357 ~~TEST_06.TEST_06~~44~~STMT~~ENDFOR J 
10:14:08.357 ~~TEST_06.TEST_06~~44~~PERF~~ENDFOR J ~~8~~ms
10:14:08.358 ~~TEST_06.TEST_06~~45~~EXPR~~J - I~~5
10:14:08.358 ~~TEST_06.TEST_06~~~~DATA~~WORDINC = 1~~5
10:14:08.358 ~~TEST_06.TEST_06~~45~~STMT~~EVAL WORDINC = J - I~~5
10:14:08.358 ~~TEST_06.TEST_06~~46~~EXPR~~WORDCNT + 1~~2
10:14:08.358 ~~TEST_06.TEST_06~~~~DATA~~WORDCNT = 1~~2
10:14:08.358 ~~TEST_06.TEST_06~~46~~STMT~~EVAL WORDCNT = WORDCNT + 1~~2
10:14:08.359 ~~TEST_06.TEST_06~~50~~EXPR~~WORDINC = 5~~true
10:14:08.360 ~~TEST_06.TEST_06~~50~~STMT~~SELECT WHEN~~WORDINC = 5~~(true)
10:14:08.360 ~~TEST_06.TEST_06~~51~~EXPR~~%SUBST(SENTENCE : I : 5)~~ipsum
10:14:08.360 ~~TEST_06.TEST_06~~51~~STMT~~EVAL WORDS(WORDCNT)) = %SUBST(SENTENCE : I : 5)~~ipsum
10:14:08.361 ~~TEST_06.TEST_06~~~~DATA~~I = 7~~12
10:14:08.361 ~~TEST_06.TEST_06~~31~~EXPR~~%LEN(SENTENCE)~~128
10:14:08.361 ~~TEST_06.TEST_06~~33~~EXPR~~%SUBST(SENTENCE : I : 1)~~ 
10:14:08.361 ~~TEST_06.TEST_06~~33~~EXPR~~%SUBST(SENTENCE : I : 1) = " "~~true
10:14:08.361 ~~TEST_06.TEST_06~~33~~STMT~~IF %SUBST(SENTENCE : I : 1) = " "~~true
10:14:08.362 ~~TEST_06.TEST_06~~~~DATA~~WORDINC = 5~~1
10:14:08.362 ~~TEST_06.TEST_06~~34~~STMT~~EVAL WORDINC = 1~~1
10:14:08.362 ~~TEST_06.TEST_06~~36~~STMT~~ITER
10:14:08.362 ~~TEST_06.TEST_06~~~~DATA~~I = 12~~13
10:14:08.363 ~~TEST_06.TEST_06~~31~~EXPR~~%LEN(SENTENCE)~~128
10:14:08.363 ~~TEST_06.TEST_06~~33~~EXPR~~%SUBST(SENTENCE : I : 1)~~d
10:14:08.363 ~~TEST_06.TEST_06~~33~~EXPR~~%SUBST(SENTENCE : I : 1) = " "~~false
10:14:08.363 ~~TEST_06.TEST_06~~33~~STMT~~IF %SUBST(SENTENCE : I : 1) = " "~~false
10:14:08.364 ~~TEST_06.TEST_06~~~~EXPR~~I + 1~~14
10:14:08.364 ~~TEST_06.TEST_06~~~~DATA~~J = 12~~14
10:14:08.364 ~~TEST_06.TEST_06~~39~~LOOP~~FOR J = I + 1  TO %LEN(SENTENCE) 
10:14:08.364 ~~TEST_06.TEST_06~~39~~STMT~~FOR J = I + 1  TO %LEN(SENTENCE)
10:14:08.364 ~~TEST_06.TEST_06~~39~~EXPR~~%LEN(SENTENCE)~~128
10:14:08.364 ~~TEST_06.TEST_06~~40~~EXPR~~%SUBST(SENTENCE : J : 1)~~o
10:14:08.364 ~~TEST_06.TEST_06~~40~~EXPR~~%SUBST(SENTENCE : J : 1) = " "~~false
10:14:08.365 ~~TEST_06.TEST_06~~40~~STMT~~IF %SUBST(SENTENCE : J : 1) = " "~~false
10:14:08.365 ~~TEST_06.TEST_06~~~~DATA~~J = 14~~15
10:14:08.365 ~~TEST_06.TEST_06~~39~~EXPR~~%LEN(SENTENCE)~~128
10:14:08.365 ~~TEST_06.TEST_06~~40~~EXPR~~%SUBST(SENTENCE : J : 1)~~l
10:14:08.365 ~~TEST_06.TEST_06~~40~~EXPR~~%SUBST(SENTENCE : J : 1) = " "~~false
10:14:08.366 ~~TEST_06.TEST_06~~40~~STMT~~IF %SUBST(SENTENCE : J : 1) = " "~~false
10:14:08.366 ~~TEST_06.TEST_06~~~~DATA~~J = 15~~16
10:14:08.366 ~~TEST_06.TEST_06~~39~~EXPR~~%LEN(SENTENCE)~~128
10:14:08.366 ~~TEST_06.TEST_06~~40~~EXPR~~%SUBST(SENTENCE : J : 1)~~o
10:14:08.366 ~~TEST_06.TEST_06~~40~~EXPR~~%SUBST(SENTENCE : J : 1) = " "~~false
10:14:08.366 ~~TEST_06.TEST_06~~40~~STMT~~IF %SUBST(SENTENCE : J : 1) = " "~~false
10:14:08.367 ~~TEST_06.TEST_06~~~~DATA~~J = 16~~17
10:14:08.367 ~~TEST_06.TEST_06~~39~~EXPR~~%LEN(SENTENCE)~~128
10:14:08.367 ~~TEST_06.TEST_06~~40~~EXPR~~%SUBST(SENTENCE : J : 1)~~r
10:14:08.367 ~~TEST_06.TEST_06~~40~~EXPR~~%SUBST(SENTENCE : J : 1) = " "~~false
10:14:08.367 ~~TEST_06.TEST_06~~40~~STMT~~IF %SUBST(SENTENCE : J : 1) = " "~~false
10:14:08.367 ~~TEST_06.TEST_06~~~~DATA~~J = 17~~18
10:14:08.368 ~~TEST_06.TEST_06~~39~~EXPR~~%LEN(SENTENCE)~~128
10:14:08.368 ~~TEST_06.TEST_06~~40~~EXPR~~%SUBST(SENTENCE : J : 1)~~ 
10:14:08.368 ~~TEST_06.TEST_06~~40~~EXPR~~%SUBST(SENTENCE : J : 1) = " "~~true
10:14:08.368 ~~TEST_06.TEST_06~~40~~STMT~~IF %SUBST(SENTENCE : J : 1) = " "~~true
10:14:08.368 ~~TEST_06.TEST_06~~42~~STMT~~LEAVE
10:14:08.368 ~~TEST_06.TEST_06~~44~~LOOP~~ENDFOR J ~~4~~iterations
10:14:08.369 ~~TEST_06.TEST_06~~44~~STMT~~ENDFOR J 
10:14:08.369 ~~TEST_06.TEST_06~~44~~PERF~~ENDFOR J ~~4~~ms
10:14:08.369 ~~TEST_06.TEST_06~~45~~EXPR~~J - I~~5
10:14:08.369 ~~TEST_06.TEST_06~~~~DATA~~WORDINC = 1~~5
10:14:08.369 ~~TEST_06.TEST_06~~45~~STMT~~EVAL WORDINC = J - I~~5
10:14:08.370 ~~TEST_06.TEST_06~~46~~EXPR~~WORDCNT + 1~~3
10:14:08.370 ~~TEST_06.TEST_06~~~~DATA~~WORDCNT = 2~~3
10:14:08.370 ~~TEST_06.TEST_06~~46~~STMT~~EVAL WORDCNT = WORDCNT + 1~~3
10:14:08.370 ~~TEST_06.TEST_06~~50~~EXPR~~WORDINC = 5~~true
10:14:08.370 ~~TEST_06.TEST_06~~50~~STMT~~SELECT WHEN~~WORDINC = 5~~(true)
10:14:08.370 ~~TEST_06.TEST_06~~51~~EXPR~~%SUBST(SENTENCE : I : 5)~~dolor
10:14:08.370 ~~TEST_06.TEST_06~~51~~STMT~~EVAL WORDS(WORDCNT)) = %SUBST(SENTENCE : I : 5)~~dolor
10:14:08.371 ~~TEST_06.TEST_06~~~~DATA~~I = 13~~18
10:14:08.371 ~~TEST_06.TEST_06~~31~~EXPR~~%LEN(SENTENCE)~~128
10:14:08.371 ~~TEST_06.TEST_06~~33~~EXPR~~%SUBST(SENTENCE : I : 1)~~ 
10:14:08.371 ~~TEST_06.TEST_06~~33~~EXPR~~%SUBST(SENTENCE : I : 1) = " "~~true
10:14:08.371 ~~TEST_06.TEST_06~~33~~STMT~~IF %SUBST(SENTENCE : I : 1) = " "~~true
10:14:08.371 ~~TEST_06.TEST_06~~~~DATA~~WORDINC = 5~~1
10:14:08.372 ~~TEST_06.TEST_06~~34~~STMT~~EVAL WORDINC = 1~~1
10:14:08.372 ~~TEST_06.TEST_06~~36~~STMT~~ITER
10:14:08.372 ~~TEST_06.TEST_06~~~~DATA~~I = 18~~19
10:14:08.372 ~~TEST_06.TEST_06~~31~~EXPR~~%LEN(SENTENCE)~~128
10:14:08.372 ~~TEST_06.TEST_06~~33~~EXPR~~%SUBST(SENTENCE : I : 1)~~s
10:14:08.373 ~~TEST_06.TEST_06~~33~~EXPR~~%SUBST(SENTENCE : I : 1) = " "~~false
10:14:08.373 ~~TEST_06.TEST_06~~33~~STMT~~IF %SUBST(SENTENCE : I : 1) = " "~~false
10:14:08.373 ~~TEST_06.TEST_06~~~~EXPR~~I + 1~~20
10:14:08.373 ~~TEST_06.TEST_06~~~~DATA~~J = 18~~20
10:14:08.373 ~~TEST_06.TEST_06~~39~~LOOP~~FOR J = I + 1  TO %LEN(SENTENCE) 
10:14:08.373 ~~TEST_06.TEST_06~~39~~STMT~~FOR J = I + 1  TO %LEN(SENTENCE)
10:14:08.374 ~~TEST_06.TEST_06~~39~~EXPR~~%LEN(SENTENCE)~~128
10:14:08.374 ~~TEST_06.TEST_06~~40~~EXPR~~%SUBST(SENTENCE : J : 1)~~i
10:14:08.374 ~~TEST_06.TEST_06~~40~~EXPR~~%SUBST(SENTENCE : J : 1) = " "~~false
10:14:08.374 ~~TEST_06.TEST_06~~40~~STMT~~IF %SUBST(SENTENCE : J : 1) = " "~~false
10:14:08.374 ~~TEST_06.TEST_06~~~~DATA~~J = 20~~21
10:14:08.374 ~~TEST_06.TEST_06~~39~~EXPR~~%LEN(SENTENCE)~~128
10:14:08.374 ~~TEST_06.TEST_06~~40~~EXPR~~%SUBST(SENTENCE : J : 1)~~t
10:14:08.375 ~~TEST_06.TEST_06~~40~~EXPR~~%SUBST(SENTENCE : J : 1) = " "~~false
10:14:08.375 ~~TEST_06.TEST_06~~40~~STMT~~IF %SUBST(SENTENCE : J : 1) = " "~~false
10:14:08.375 ~~TEST_06.TEST_06~~~~DATA~~J = 21~~22
10:14:08.375 ~~TEST_06.TEST_06~~39~~EXPR~~%LEN(SENTENCE)~~128
10:14:08.375 ~~TEST_06.TEST_06~~40~~EXPR~~%SUBST(SENTENCE : J : 1)~~ 
10:14:08.375 ~~TEST_06.TEST_06~~40~~EXPR~~%SUBST(SENTENCE : J : 1) = " "~~true
10:14:08.375 ~~TEST_06.TEST_06~~40~~STMT~~IF %SUBST(SENTENCE : J : 1) = " "~~true
10:14:08.376 ~~TEST_06.TEST_06~~42~~STMT~~LEAVE
10:14:08.376 ~~TEST_06.TEST_06~~44~~LOOP~~ENDFOR J ~~2~~iterations
10:14:08.376 ~~TEST_06.TEST_06~~44~~STMT~~ENDFOR J 
10:14:08.376 ~~TEST_06.TEST_06~~44~~PERF~~ENDFOR J ~~3~~ms
10:14:08.376 ~~TEST_06.TEST_06~~45~~EXPR~~J - I~~3
10:14:08.376 ~~TEST_06.TEST_06~~~~DATA~~WORDINC = 1~~3
10:14:08.376 ~~TEST_06.TEST_06~~45~~STMT~~EVAL WORDINC = J - I~~3
10:14:08.377 ~~TEST_06.TEST_06~~46~~EXPR~~WORDCNT + 1~~4
10:14:08.377 ~~TEST_06.TEST_06~~~~DATA~~WORDCNT = 3~~4
10:14:08.377 ~~TEST_06.TEST_06~~46~~STMT~~EVAL WORDCNT = WORDCNT + 1~~4
10:14:08.377 ~~TEST_06.TEST_06~~50~~EXPR~~WORDINC = 5~~false
10:14:08.377 ~~TEST_06.TEST_06~~50~~STMT~~SELECT WHEN~~WORDINC = 5~~(false)
10:14:08.377 ~~TEST_06.TEST_06~~52~~EXPR~~WORDINC = 4~~false
10:14:08.377 ~~TEST_06.TEST_06~~52~~STMT~~SELECT WHEN~~WORDINC = 4~~(false)
10:14:08.377 ~~TEST_06.TEST_06~~54~~EXPR~~WORDINC = 3~~true
10:14:08.377 ~~TEST_06.TEST_06~~54~~STMT~~SELECT WHEN~~WORDINC = 3~~(true)
10:14:08.378 ~~TEST_06.TEST_06~~55~~EXPR~~%SUBST(SENTENCE : I : 3)~~sit
10:14:08.378 ~~TEST_06.TEST_06~~55~~STMT~~EVAL WORDS(WORDCNT)) = %SUBST(SENTENCE : I : 3)~~sit
10:14:08.378 ~~TEST_06.TEST_06~~~~DATA~~I = 19~~22
10:14:08.378 ~~TEST_06.TEST_06~~31~~EXPR~~%LEN(SENTENCE)~~128
10:14:08.378 ~~TEST_06.TEST_06~~33~~EXPR~~%SUBST(SENTENCE : I : 1)~~ 
10:14:08.379 ~~TEST_06.TEST_06~~33~~EXPR~~%SUBST(SENTENCE : I : 1) = " "~~true
10:14:08.379 ~~TEST_06.TEST_06~~33~~STMT~~IF %SUBST(SENTENCE : I : 1) = " "~~true
10:14:08.379 ~~TEST_06.TEST_06~~~~DATA~~WORDINC = 3~~1
10:14:08.379 ~~TEST_06.TEST_06~~34~~STMT~~EVAL WORDINC = 1~~1
10:14:08.379 ~~TEST_06.TEST_06~~36~~STMT~~ITER
10:14:08.379 ~~TEST_06.TEST_06~~~~DATA~~I = 22~~23
10:14:08.379 ~~TEST_06.TEST_06~~31~~EXPR~~%LEN(SENTENCE)~~128
10:14:08.380 ~~TEST_06.TEST_06~~33~~EXPR~~%SUBST(SENTENCE : I : 1)~~a
10:14:08.380 ~~TEST_06.TEST_06~~33~~EXPR~~%SUBST(SENTENCE : I : 1) = " "~~false
10:14:08.380 ~~TEST_06.TEST_06~~33~~STMT~~IF %SUBST(SENTENCE : I : 1) = " "~~false
10:14:08.380 ~~TEST_06.TEST_06~~~~EXPR~~I + 1~~24
10:14:08.380 ~~TEST_06.TEST_06~~~~DATA~~J = 22~~24
10:14:08.380 ~~TEST_06.TEST_06~~39~~LOOP~~FOR J = I + 1  TO %LEN(SENTENCE) 
10:14:08.380 ~~TEST_06.TEST_06~~39~~STMT~~FOR J = I + 1  TO %LEN(SENTENCE)
10:14:08.381 ~~TEST_06.TEST_06~~39~~EXPR~~%LEN(SENTENCE)~~128
10:14:08.381 ~~TEST_06.TEST_06~~40~~EXPR~~%SUBST(SENTENCE : J : 1)~~m
10:14:08.381 ~~TEST_06.TEST_06~~40~~EXPR~~%SUBST(SENTENCE : J : 1) = " "~~false
10:14:08.381 ~~TEST_06.TEST_06~~40~~STMT~~IF %SUBST(SENTENCE : J : 1) = " "~~false
10:14:08.381 ~~TEST_06.TEST_06~~~~DATA~~J = 24~~25
10:14:08.381 ~~TEST_06.TEST_06~~39~~EXPR~~%LEN(SENTENCE)~~128
10:14:08.382 ~~TEST_06.TEST_06~~40~~EXPR~~%SUBST(SENTENCE : J : 1)~~e
10:14:08.382 ~~TEST_06.TEST_06~~40~~EXPR~~%SUBST(SENTENCE : J : 1) = " "~~false
10:14:08.382 ~~TEST_06.TEST_06~~40~~STMT~~IF %SUBST(SENTENCE : J : 1) = " "~~false
10:14:08.382 ~~TEST_06.TEST_06~~~~DATA~~J = 25~~26
10:14:08.382 ~~TEST_06.TEST_06~~39~~EXPR~~%LEN(SENTENCE)~~128
10:14:08.382 ~~TEST_06.TEST_06~~40~~EXPR~~%SUBST(SENTENCE : J : 1)~~t
10:14:08.382 ~~TEST_06.TEST_06~~40~~EXPR~~%SUBST(SENTENCE : J : 1) = " "~~false
10:14:08.382 ~~TEST_06.TEST_06~~40~~STMT~~IF %SUBST(SENTENCE : J : 1) = " "~~false
10:14:08.383 ~~TEST_06.TEST_06~~~~DATA~~J = 26~~27
10:14:08.383 ~~TEST_06.TEST_06~~39~~EXPR~~%LEN(SENTENCE)~~128
10:14:08.383 ~~TEST_06.TEST_06~~40~~EXPR~~%SUBST(SENTENCE : J : 1)~~ 
10:14:08.383 ~~TEST_06.TEST_06~~40~~EXPR~~%SUBST(SENTENCE : J : 1) = " "~~true
10:14:08.383 ~~TEST_06.TEST_06~~40~~STMT~~IF %SUBST(SENTENCE : J : 1) = " "~~true
10:14:08.383 ~~TEST_06.TEST_06~~42~~STMT~~LEAVE
10:14:08.383 ~~TEST_06.TEST_06~~44~~LOOP~~ENDFOR J ~~3~~iterations
10:14:08.383 ~~TEST_06.TEST_06~~44~~STMT~~ENDFOR J 
10:14:08.383 ~~TEST_06.TEST_06~~44~~PERF~~ENDFOR J ~~3~~ms
10:14:08.384 ~~TEST_06.TEST_06~~45~~EXPR~~J - I~~4
10:14:08.384 ~~TEST_06.TEST_06~~~~DATA~~WORDINC = 1~~4
10:14:08.384 ~~TEST_06.TEST_06~~45~~STMT~~EVAL WORDINC = J - I~~4
10:14:08.384 ~~TEST_06.TEST_06~~46~~EXPR~~WORDCNT + 1~~5
10:14:08.384 ~~TEST_06.TEST_06~~~~DATA~~WORDCNT = 4~~5
10:14:08.384 ~~TEST_06.TEST_06~~46~~STMT~~EVAL WORDCNT = WORDCNT + 1~~5
10:14:08.385 ~~TEST_06.TEST_06~~50~~EXPR~~WORDINC = 5~~false
10:14:08.385 ~~TEST_06.TEST_06~~50~~STMT~~SELECT WHEN~~WORDINC = 5~~(false)
10:14:08.385 ~~TEST_06.TEST_06~~52~~EXPR~~WORDINC = 4~~true
10:14:08.385 ~~TEST_06.TEST_06~~52~~STMT~~SELECT WHEN~~WORDINC = 4~~(true)
10:14:08.386 ~~TEST_06.TEST_06~~53~~EXPR~~%SUBST(SENTENCE : I : 4)~~amet
10:14:08.386 ~~TEST_06.TEST_06~~53~~STMT~~EVAL WORDS(WORDCNT)) = %SUBST(SENTENCE : I : 4)~~amet
10:14:08.386 ~~TEST_06.TEST_06~~~~DATA~~I = 23~~27
10:14:08.386 ~~TEST_06.TEST_06~~31~~EXPR~~%LEN(SENTENCE)~~128
10:14:08.386 ~~TEST_06.TEST_06~~33~~EXPR~~%SUBST(SENTENCE : I : 1)~~ 
10:14:08.386 ~~TEST_06.TEST_06~~33~~EXPR~~%SUBST(SENTENCE : I : 1) = " "~~true
10:14:08.387 ~~TEST_06.TEST_06~~33~~STMT~~IF %SUBST(SENTENCE : I : 1) = " "~~true
10:14:08.387 ~~TEST_06.TEST_06~~~~DATA~~WORDINC = 4~~1
10:14:08.387 ~~TEST_06.TEST_06~~34~~STMT~~EVAL WORDINC = 1~~1
10:14:08.387 ~~TEST_06.TEST_06~~36~~STMT~~ITER
10:14:08.387 ~~TEST_06.TEST_06~~~~DATA~~I = 27~~28
10:14:08.387 ~~TEST_06.TEST_06~~31~~EXPR~~%LEN(SENTENCE)~~128
10:14:08.387 ~~TEST_06.TEST_06~~33~~EXPR~~%SUBST(SENTENCE : I : 1)~~s
10:14:08.387 ~~TEST_06.TEST_06~~33~~EXPR~~%SUBST(SENTENCE : I : 1) = " "~~false
10:14:08.388 ~~TEST_06.TEST_06~~33~~STMT~~IF %SUBST(SENTENCE : I : 1) = " "~~false
10:14:08.388 ~~TEST_06.TEST_06~~~~EXPR~~I + 1~~29
10:14:08.388 ~~TEST_06.TEST_06~~~~DATA~~J = 27~~29
10:14:08.388 ~~TEST_06.TEST_06~~39~~LOOP~~FOR J = I + 1  TO %LEN(SENTENCE) 
10:14:08.388 ~~TEST_06.TEST_06~~39~~STMT~~FOR J = I + 1  TO %LEN(SENTENCE)
10:14:08.388 ~~TEST_06.TEST_06~~39~~EXPR~~%LEN(SENTENCE)~~128
10:14:08.388 ~~TEST_06.TEST_06~~40~~EXPR~~%SUBST(SENTENCE : J : 1)~~e
10:14:08.389 ~~TEST_06.TEST_06~~40~~EXPR~~%SUBST(SENTENCE : J : 1) = " "~~false
10:14:08.389 ~~TEST_06.TEST_06~~40~~STMT~~IF %SUBST(SENTENCE : J : 1) = " "~~false
10:14:08.389 ~~TEST_06.TEST_06~~~~DATA~~J = 29~~30
10:14:08.389 ~~TEST_06.TEST_06~~39~~EXPR~~%LEN(SENTENCE)~~128
10:14:08.389 ~~TEST_06.TEST_06~~40~~EXPR~~%SUBST(SENTENCE : J : 1)~~d
10:14:08.389 ~~TEST_06.TEST_06~~40~~EXPR~~%SUBST(SENTENCE : J : 1) = " "~~false
10:14:08.389 ~~TEST_06.TEST_06~~40~~STMT~~IF %SUBST(SENTENCE : J : 1) = " "~~false
10:14:08.389 ~~TEST_06.TEST_06~~~~DATA~~J = 30~~31
10:14:08.390 ~~TEST_06.TEST_06~~39~~EXPR~~%LEN(SENTENCE)~~128
10:14:08.390 ~~TEST_06.TEST_06~~40~~EXPR~~%SUBST(SENTENCE : J : 1)~~
10:14:08.390 ~~TEST_06.TEST_06~~40~~EXPR~~%SUBST(SENTENCE : J : 1) = " "~~true
10:14:08.390 ~~TEST_06.TEST_06~~40~~STMT~~IF %SUBST(SENTENCE : J : 1) = " "~~true
10:14:08.390 ~~TEST_06.TEST_06~~42~~STMT~~LEAVE
10:14:08.390 ~~TEST_06.TEST_06~~44~~LOOP~~ENDFOR J ~~2~~iterations
10:14:08.390 ~~TEST_06.TEST_06~~44~~STMT~~ENDFOR J 
10:14:08.390 ~~TEST_06.TEST_06~~44~~PERF~~ENDFOR J ~~2~~ms
10:14:08.390 ~~TEST_06.TEST_06~~45~~EXPR~~J - I~~3
10:14:08.391 ~~TEST_06.TEST_06~~~~DATA~~WORDINC = 1~~3
10:14:08.391 ~~TEST_06.TEST_06~~45~~STMT~~EVAL WORDINC = J - I~~3
10:14:08.391 ~~TEST_06.TEST_06~~46~~EXPR~~WORDCNT + 1~~6
10:14:08.391 ~~TEST_06.TEST_06~~~~DATA~~WORDCNT = 5~~6
10:14:08.391 ~~TEST_06.TEST_06~~46~~STMT~~EVAL WORDCNT = WORDCNT + 1~~6
10:14:08.391 ~~TEST_06.TEST_06~~50~~EXPR~~WORDINC = 5~~false
10:14:08.391 ~~TEST_06.TEST_06~~50~~STMT~~SELECT WHEN~~WORDINC = 5~~(false)
10:14:08.391 ~~TEST_06.TEST_06~~52~~EXPR~~WORDINC = 4~~false
10:14:08.391 ~~TEST_06.TEST_06~~52~~STMT~~SELECT WHEN~~WORDINC = 4~~(false)
10:14:08.391 ~~TEST_06.TEST_06~~54~~EXPR~~WORDINC = 3~~true
10:14:08.391 ~~TEST_06.TEST_06~~54~~STMT~~SELECT WHEN~~WORDINC = 3~~(true)
10:14:08.392 ~~TEST_06.TEST_06~~55~~EXPR~~%SUBST(SENTENCE : I : 3)~~sed
10:14:08.392 ~~TEST_06.TEST_06~~55~~STMT~~EVAL WORDS(WORDCNT)) = %SUBST(SENTENCE : I : 3)~~sed
10:14:08.392 ~~TEST_06.TEST_06~~~~DATA~~I = 28~~31
10:14:08.392 ~~TEST_06.TEST_06~~31~~EXPR~~%LEN(SENTENCE)~~128
10:14:08.392 ~~TEST_06.TEST_06~~33~~EXPR~~%SUBST(SENTENCE : I : 1)~~
10:14:08.392 ~~TEST_06.TEST_06~~33~~EXPR~~%SUBST(SENTENCE : I : 1) = " "~~true
10:14:08.393 ~~TEST_06.TEST_06~~33~~STMT~~IF %SUBST(SENTENCE : I : 1) = " "~~true
10:14:08.393 ~~TEST_06.TEST_06~~~~DATA~~WORDINC = 3~~1
10:14:08.393 ~~TEST_06.TEST_06~~34~~STMT~~EVAL WORDINC = 1~~1
10:14:08.393 ~~TEST_06.TEST_06~~36~~STMT~~ITER
10:14:08.393 ~~TEST_06.TEST_06~~~~DATA~~I = 31~~32
10:14:08.393 ~~TEST_06.TEST_06~~31~~EXPR~~%LEN(SENTENCE)~~128
10:14:08.393 ~~TEST_06.TEST_06~~33~~EXPR~~%SUBST(SENTENCE : I : 1)~~
10:14:08.394 ~~TEST_06.TEST_06~~33~~EXPR~~%SUBST(SENTENCE : I : 1) = " "~~true
10:14:08.394 ~~TEST_06.TEST_06~~33~~STMT~~IF %SUBST(SENTENCE : I : 1) = " "~~true
10:14:08.394 ~~TEST_06.TEST_06~~~~DATA~~WORDINC = 1~~1
10:14:08.394 ~~TEST_06.TEST_06~~34~~STMT~~EVAL WORDINC = 1~~1
10:14:08.394 ~~TEST_06.TEST_06~~36~~STMT~~ITER
10:14:08.394 ~~TEST_06.TEST_06~~~~DATA~~I = 32~~33
10:14:08.394 ~~TEST_06.TEST_06~~31~~EXPR~~%LEN(SENTENCE)~~128
10:14:08.394 ~~TEST_06.TEST_06~~33~~EXPR~~%SUBST(SENTENCE : I : 1)~~
10:14:08.394 ~~TEST_06.TEST_06~~33~~EXPR~~%SUBST(SENTENCE : I : 1) = " "~~true
10:14:08.394 ~~TEST_06.TEST_06~~33~~STMT~~IF %SUBST(SENTENCE : I : 1) = " "~~true
10:14:08.394 ~~TEST_06.TEST_06~~~~DATA~~WORDINC = 1~~1
10:14:08.394 ~~TEST_06.TEST_06~~34~~STMT~~EVAL WORDINC = 1~~1
10:14:08.394 ~~TEST_06.TEST_06~~36~~STMT~~ITER
10:14:08.395 ~~TEST_06.TEST_06~~~~DATA~~I = 33~~34
10:14:08.395 ~~TEST_06.TEST_06~~31~~EXPR~~%LEN(SENTENCE)~~128
10:14:08.395 ~~TEST_06.TEST_06~~33~~EXPR~~%SUBST(SENTENCE : I : 1)~~
10:14:08.395 ~~TEST_06.TEST_06~~33~~EXPR~~%SUBST(SENTENCE : I : 1) = " "~~true
10:14:08.395 ~~TEST_06.TEST_06~~33~~STMT~~IF %SUBST(SENTENCE : I : 1) = " "~~true
10:14:08.395 ~~TEST_06.TEST_06~~~~DATA~~WORDINC = 1~~1
10:14:08.395 ~~TEST_06.TEST_06~~34~~STMT~~EVAL WORDINC = 1~~1
10:14:08.395 ~~TEST_06.TEST_06~~36~~STMT~~ITER
10:14:08.395 ~~TEST_06.TEST_06~~~~DATA~~I = 34~~35
10:14:08.396 ~~TEST_06.TEST_06~~31~~EXPR~~%LEN(SENTENCE)~~128
10:14:08.396 ~~TEST_06.TEST_06~~33~~EXPR~~%SUBST(SENTENCE : I : 1)~~
10:14:08.396 ~~TEST_06.TEST_06~~33~~EXPR~~%SUBST(SENTENCE : I : 1) = " "~~true
10:14:08.396 ~~TEST_06.TEST_06~~33~~STMT~~IF %SUBST(SENTENCE : I : 1) = " "~~true
10:14:08.396 ~~TEST_06.TEST_06~~~~DATA~~WORDINC = 1~~1
10:14:08.396 ~~TEST_06.TEST_06~~34~~STMT~~EVAL WORDINC = 1~~1
10:14:08.396 ~~TEST_06.TEST_06~~36~~STMT~~ITER
10:14:08.396 ~~TEST_06.TEST_06~~~~DATA~~I = 35~~36
10:14:08.396 ~~TEST_06.TEST_06~~31~~EXPR~~%LEN(SENTENCE)~~128
10:14:08.397 ~~TEST_06.TEST_06~~33~~EXPR~~%SUBST(SENTENCE : I : 1)~~
10:14:08.397 ~~TEST_06.TEST_06~~33~~EXPR~~%SUBST(SENTENCE : I : 1) = " "~~true
10:14:08.397 ~~TEST_06.TEST_06~~33~~STMT~~IF %SUBST(SENTENCE : I : 1) = " "~~true
10:14:08.397 ~~TEST_06.TEST_06~~~~DATA~~WORDINC = 1~~1
10:14:08.397 ~~TEST_06.TEST_06~~34~~STMT~~EVAL WORDINC = 1~~1
10:14:08.397 ~~TEST_06.TEST_06~~36~~STMT~~ITER
10:14:08.398 ~~TEST_06.TEST_06~~~~DATA~~I = 36~~37
10:14:08.398 ~~TEST_06.TEST_06~~31~~EXPR~~%LEN(SENTENCE)~~128
10:14:08.398 ~~TEST_06.TEST_06~~33~~EXPR~~%SUBST(SENTENCE : I : 1)~~
10:14:08.398 ~~TEST_06.TEST_06~~33~~EXPR~~%SUBST(SENTENCE : I : 1) = " "~~true
10:14:08.398 ~~TEST_06.TEST_06~~33~~STMT~~IF %SUBST(SENTENCE : I : 1) = " "~~true
10:14:08.398 ~~TEST_06.TEST_06~~~~DATA~~WORDINC = 1~~1
10:14:08.398 ~~TEST_06.TEST_06~~34~~STMT~~EVAL WORDINC = 1~~1
10:14:08.399 ~~TEST_06.TEST_06~~36~~STMT~~ITER
10:14:08.399 ~~TEST_06.TEST_06~~~~DATA~~I = 37~~38
10:14:08.399 ~~TEST_06.TEST_06~~31~~EXPR~~%LEN(SENTENCE)~~128
10:14:08.399 ~~TEST_06.TEST_06~~33~~EXPR~~%SUBST(SENTENCE : I : 1)~~
10:14:08.399 ~~TEST_06.TEST_06~~33~~EXPR~~%SUBST(SENTENCE : I : 1) = " "~~true
10:14:08.399 ~~TEST_06.TEST_06~~33~~STMT~~IF %SUBST(SENTENCE : I : 1) = " "~~true
10:14:08.399 ~~TEST_06.TEST_06~~~~DATA~~WORDINC = 1~~1
10:14:08.399 ~~TEST_06.TEST_06~~34~~STMT~~EVAL WORDINC = 1~~1
10:14:08.399 ~~TEST_06.TEST_06~~36~~STMT~~ITER
10:14:08.400 ~~TEST_06.TEST_06~~~~DATA~~I = 38~~39
10:14:08.400 ~~TEST_06.TEST_06~~31~~EXPR~~%LEN(SENTENCE)~~128
10:14:08.400 ~~TEST_06.TEST_06~~33~~EXPR~~%SUBST(SENTENCE : I : 1)~~
10:14:08.400 ~~TEST_06.TEST_06~~33~~EXPR~~%SUBST(SENTENCE : I : 1) = " "~~true
10:14:08.400 ~~TEST_06.TEST_06~~33~~STMT~~IF %SUBST(SENTENCE : I : 1) = " "~~true
10:14:08.400 ~~TEST_06.TEST_06~~~~DATA~~WORDINC = 1~~1
10:14:08.400 ~~TEST_06.TEST_06~~34~~STMT~~EVAL WORDINC = 1~~1
10:14:08.400 ~~TEST_06.TEST_06~~36~~STMT~~ITER
10:14:08.401 ~~TEST_06.TEST_06~~~~DATA~~I = 39~~40
10:14:08.401 ~~TEST_06.TEST_06~~31~~EXPR~~%LEN(SENTENCE)~~128
10:14:08.401 ~~TEST_06.TEST_06~~33~~EXPR~~%SUBST(SENTENCE : I : 1)~~
10:14:08.401 ~~TEST_06.TEST_06~~33~~EXPR~~%SUBST(SENTENCE : I : 1) = " "~~true
10:14:08.401 ~~TEST_06.TEST_06~~33~~STMT~~IF %SUBST(SENTENCE : I : 1) = " "~~true
10:14:08.402 ~~TEST_06.TEST_06~~~~DATA~~WORDINC = 1~~1
10:14:08.402 ~~TEST_06.TEST_06~~34~~STMT~~EVAL WORDINC = 1~~1
10:14:08.402 ~~TEST_06.TEST_06~~36~~STMT~~ITER
10:14:08.402 ~~TEST_06.TEST_06~~~~DATA~~I = 40~~41
10:14:08.402 ~~TEST_06.TEST_06~~31~~EXPR~~%LEN(SENTENCE)~~128
10:14:08.402 ~~TEST_06.TEST_06~~33~~EXPR~~%SUBST(SENTENCE : I : 1)~~
10:14:08.403 ~~TEST_06.TEST_06~~33~~EXPR~~%SUBST(SENTENCE : I : 1) = " "~~true
10:14:08.403 ~~TEST_06.TEST_06~~33~~STMT~~IF %SUBST(SENTENCE : I : 1) = " "~~true
10:14:08.403 ~~TEST_06.TEST_06~~~~DATA~~WORDINC = 1~~1
10:14:08.403 ~~TEST_06.TEST_06~~34~~STMT~~EVAL WORDINC = 1~~1
10:14:08.403 ~~TEST_06.TEST_06~~36~~STMT~~ITER
10:14:08.403 ~~TEST_06.TEST_06~~~~DATA~~I = 41~~42
10:14:08.403 ~~TEST_06.TEST_06~~31~~EXPR~~%LEN(SENTENCE)~~128
10:14:08.403 ~~TEST_06.TEST_06~~33~~EXPR~~%SUBST(SENTENCE : I : 1)~~
10:14:08.404 ~~TEST_06.TEST_06~~33~~EXPR~~%SUBST(SENTENCE : I : 1) = " "~~true
10:14:08.404 ~~TEST_06.TEST_06~~33~~STMT~~IF %SUBST(SENTENCE : I : 1) = " "~~true
10:14:08.404 ~~TEST_06.TEST_06~~~~DATA~~WORDINC = 1~~1
10:14:08.404 ~~TEST_06.TEST_06~~34~~STMT~~EVAL WORDINC = 1~~1
10:14:08.404 ~~TEST_06.TEST_06~~36~~STMT~~ITER
10:14:08.404 ~~TEST_06.TEST_06~~~~DATA~~I = 42~~43
10:14:08.404 ~~TEST_06.TEST_06~~31~~EXPR~~%LEN(SENTENCE)~~128
10:14:08.404 ~~TEST_06.TEST_06~~33~~EXPR~~%SUBST(SENTENCE : I : 1)~~
10:14:08.404 ~~TEST_06.TEST_06~~33~~EXPR~~%SUBST(SENTENCE : I : 1) = " "~~true
10:14:08.405 ~~TEST_06.TEST_06~~33~~STMT~~IF %SUBST(SENTENCE : I : 1) = " "~~true
10:14:08.405 ~~TEST_06.TEST_06~~~~DATA~~WORDINC = 1~~1
10:14:08.405 ~~TEST_06.TEST_06~~34~~STMT~~EVAL WORDINC = 1~~1
10:14:08.405 ~~TEST_06.TEST_06~~36~~STMT~~ITER
10:14:08.405 ~~TEST_06.TEST_06~~~~DATA~~I = 43~~44
10:14:08.405 ~~TEST_06.TEST_06~~31~~EXPR~~%LEN(SENTENCE)~~128
10:14:08.405 ~~TEST_06.TEST_06~~33~~EXPR~~%SUBST(SENTENCE : I : 1)~~
10:14:08.405 ~~TEST_06.TEST_06~~33~~EXPR~~%SUBST(SENTENCE : I : 1) = " "~~true
10:14:08.406 ~~TEST_06.TEST_06~~33~~STMT~~IF %SUBST(SENTENCE : I : 1) = " "~~true
10:14:08.406 ~~TEST_06.TEST_06~~~~DATA~~WORDINC = 1~~1
10:14:08.406 ~~TEST_06.TEST_06~~34~~STMT~~EVAL WORDINC = 1~~1
10:14:08.406 ~~TEST_06.TEST_06~~36~~STMT~~ITER
10:14:08.406 ~~TEST_06.TEST_06~~~~DATA~~I = 44~~45
10:14:08.406 ~~TEST_06.TEST_06~~31~~EXPR~~%LEN(SENTENCE)~~128
10:14:08.406 ~~TEST_06.TEST_06~~33~~EXPR~~%SUBST(SENTENCE : I : 1)~~
10:14:08.406 ~~TEST_06.TEST_06~~33~~EXPR~~%SUBST(SENTENCE : I : 1) = " "~~true
10:14:08.407 ~~TEST_06.TEST_06~~33~~STMT~~IF %SUBST(SENTENCE : I : 1) = " "~~true
10:14:08.407 ~~TEST_06.TEST_06~~~~DATA~~WORDINC = 1~~1
10:14:08.407 ~~TEST_06.TEST_06~~34~~STMT~~EVAL WORDINC = 1~~1
10:14:08.407 ~~TEST_06.TEST_06~~36~~STMT~~ITER
10:14:08.407 ~~TEST_06.TEST_06~~~~DATA~~I = 45~~46
10:14:08.407 ~~TEST_06.TEST_06~~31~~EXPR~~%LEN(SENTENCE)~~128
10:14:08.407 ~~TEST_06.TEST_06~~33~~EXPR~~%SUBST(SENTENCE : I : 1)~~
10:14:08.407 ~~TEST_06.TEST_06~~33~~EXPR~~%SUBST(SENTENCE : I : 1) = " "~~true
10:14:08.408 ~~TEST_06.TEST_06~~33~~STMT~~IF %SUBST(SENTENCE : I : 1) = " "~~true
10:14:08.408 ~~TEST_06.TEST_06~~~~DATA~~WORDINC = 1~~1
10:14:08.408 ~~TEST_06.TEST_06~~34~~STMT~~EVAL WORDINC = 1~~1
10:14:08.408 ~~TEST_06.TEST_06~~36~~STMT~~ITER
10:14:08.408 ~~TEST_06.TEST_06~~~~DATA~~I = 46~~47
10:14:08.408 ~~TEST_06.TEST_06~~31~~EXPR~~%LEN(SENTENCE)~~128
10:14:08.408 ~~TEST_06.TEST_06~~33~~EXPR~~%SUBST(SENTENCE : I : 1)~~
10:14:08.408 ~~TEST_06.TEST_06~~33~~EXPR~~%SUBST(SENTENCE : I : 1) = " "~~true
10:14:08.408 ~~TEST_06.TEST_06~~33~~STMT~~IF %SUBST(SENTENCE : I : 1) = " "~~true
10:14:08.409 ~~TEST_06.TEST_06~~~~DATA~~WORDINC = 1~~1
10:14:08.409 ~~TEST_06.TEST_06~~34~~STMT~~EVAL WORDINC = 1~~1
10:14:08.409 ~~TEST_06.TEST_06~~36~~STMT~~ITER
10:14:08.409 ~~TEST_06.TEST_06~~~~DATA~~I = 47~~48
10:14:08.409 ~~TEST_06.TEST_06~~31~~EXPR~~%LEN(SENTENCE)~~128
10:14:08.409 ~~TEST_06.TEST_06~~33~~EXPR~~%SUBST(SENTENCE : I : 1)~~
10:14:08.409 ~~TEST_06.TEST_06~~33~~EXPR~~%SUBST(SENTENCE : I : 1) = " "~~true
10:14:08.410 ~~TEST_06.TEST_06~~33~~STMT~~IF %SUBST(SENTENCE : I : 1) = " "~~true
10:14:08.410 ~~TEST_06.TEST_06~~~~DATA~~WORDINC = 1~~1
10:14:08.410 ~~TEST_06.TEST_06~~34~~STMT~~EVAL WORDINC = 1~~1
10:14:08.410 ~~TEST_06.TEST_06~~36~~STMT~~ITER
10:14:08.410 ~~TEST_06.TEST_06~~~~DATA~~I = 48~~49
10:14:08.410 ~~TEST_06.TEST_06~~31~~EXPR~~%LEN(SENTENCE)~~128
10:14:08.411 ~~TEST_06.TEST_06~~33~~EXPR~~%SUBST(SENTENCE : I : 1)~~
10:14:08.411 ~~TEST_06.TEST_06~~33~~EXPR~~%SUBST(SENTENCE : I : 1) = " "~~true
10:14:08.411 ~~TEST_06.TEST_06~~33~~STMT~~IF %SUBST(SENTENCE : I : 1) = " "~~true
10:14:08.411 ~~TEST_06.TEST_06~~~~DATA~~WORDINC = 1~~1
10:14:08.411 ~~TEST_06.TEST_06~~34~~STMT~~EVAL WORDINC = 1~~1
10:14:08.411 ~~TEST_06.TEST_06~~36~~STMT~~ITER
10:14:08.411 ~~TEST_06.TEST_06~~~~DATA~~I = 49~~50
10:14:08.411 ~~TEST_06.TEST_06~~31~~EXPR~~%LEN(SENTENCE)~~128
10:14:08.412 ~~TEST_06.TEST_06~~33~~EXPR~~%SUBST(SENTENCE : I : 1)~~
10:14:08.412 ~~TEST_06.TEST_06~~33~~EXPR~~%SUBST(SENTENCE : I : 1) = " "~~true
10:14:08.412 ~~TEST_06.TEST_06~~33~~STMT~~IF %SUBST(SENTENCE : I : 1) = " "~~true
10:14:08.412 ~~TEST_06.TEST_06~~~~DATA~~WORDINC = 1~~1
10:14:08.412 ~~TEST_06.TEST_06~~34~~STMT~~EVAL WORDINC = 1~~1
10:14:08.412 ~~TEST_06.TEST_06~~36~~STMT~~ITER
10:14:08.412 ~~TEST_06.TEST_06~~~~DATA~~I = 50~~51
10:14:08.412 ~~TEST_06.TEST_06~~31~~EXPR~~%LEN(SENTENCE)~~128
10:14:08.413 ~~TEST_06.TEST_06~~33~~EXPR~~%SUBST(SENTENCE : I : 1)~~
10:14:08.413 ~~TEST_06.TEST_06~~33~~EXPR~~%SUBST(SENTENCE : I : 1) = " "~~true
10:14:08.413 ~~TEST_06.TEST_06~~33~~STMT~~IF %SUBST(SENTENCE : I : 1) = " "~~true
10:14:08.413 ~~TEST_06.TEST_06~~~~DATA~~WORDINC = 1~~1
10:14:08.413 ~~TEST_06.TEST_06~~34~~STMT~~EVAL WORDINC = 1~~1
10:14:08.413 ~~TEST_06.TEST_06~~36~~STMT~~ITER
10:14:08.413 ~~TEST_06.TEST_06~~~~DATA~~I = 51~~52
10:14:08.414 ~~TEST_06.TEST_06~~31~~EXPR~~%LEN(SENTENCE)~~128
10:14:08.414 ~~TEST_06.TEST_06~~33~~EXPR~~%SUBST(SENTENCE : I : 1)~~
10:14:08.414 ~~TEST_06.TEST_06~~33~~EXPR~~%SUBST(SENTENCE : I : 1) = " "~~true
10:14:08.415 ~~TEST_06.TEST_06~~33~~STMT~~IF %SUBST(SENTENCE : I : 1) = " "~~true
10:14:08.415 ~~TEST_06.TEST_06~~~~DATA~~WORDINC = 1~~1
10:14:08.415 ~~TEST_06.TEST_06~~34~~STMT~~EVAL WORDINC = 1~~1
10:14:08.416 ~~TEST_06.TEST_06~~36~~STMT~~ITER
10:14:08.416 ~~TEST_06.TEST_06~~~~DATA~~I = 52~~53
10:14:08.417 ~~TEST_06.TEST_06~~31~~EXPR~~%LEN(SENTENCE)~~128
10:14:08.417 ~~TEST_06.TEST_06~~33~~EXPR~~%SUBST(SENTENCE : I : 1)~~
10:14:08.417 ~~TEST_06.TEST_06~~33~~EXPR~~%SUBST(SENTENCE : I : 1) = " "~~true
10:14:08.417 ~~TEST_06.TEST_06~~33~~STMT~~IF %SUBST(SENTENCE : I : 1) = " "~~true
10:14:08.417 ~~TEST_06.TEST_06~~~~DATA~~WORDINC = 1~~1
10:14:08.418 ~~TEST_06.TEST_06~~34~~STMT~~EVAL WORDINC = 1~~1
10:14:08.418 ~~TEST_06.TEST_06~~36~~STMT~~ITER
10:14:08.418 ~~TEST_06.TEST_06~~~~DATA~~I = 53~~54
10:14:08.418 ~~TEST_06.TEST_06~~31~~EXPR~~%LEN(SENTENCE)~~128
10:14:08.418 ~~TEST_06.TEST_06~~33~~EXPR~~%SUBST(SENTENCE : I : 1)~~
10:14:08.418 ~~TEST_06.TEST_06~~33~~EXPR~~%SUBST(SENTENCE : I : 1) = " "~~true
10:14:08.419 ~~TEST_06.TEST_06~~33~~STMT~~IF %SUBST(SENTENCE : I : 1) = " "~~true
10:14:08.419 ~~TEST_06.TEST_06~~~~DATA~~WORDINC = 1~~1
10:14:08.419 ~~TEST_06.TEST_06~~34~~STMT~~EVAL WORDINC = 1~~1
10:14:08.419 ~~TEST_06.TEST_06~~36~~STMT~~ITER
10:14:08.419 ~~TEST_06.TEST_06~~~~DATA~~I = 54~~55
10:14:08.420 ~~TEST_06.TEST_06~~31~~EXPR~~%LEN(SENTENCE)~~128
10:14:08.420 ~~TEST_06.TEST_06~~33~~EXPR~~%SUBST(SENTENCE : I : 1)~~
10:14:08.420 ~~TEST_06.TEST_06~~33~~EXPR~~%SUBST(SENTENCE : I : 1) = " "~~true
10:14:08.420 ~~TEST_06.TEST_06~~33~~STMT~~IF %SUBST(SENTENCE : I : 1) = " "~~true
10:14:08.420 ~~TEST_06.TEST_06~~~~DATA~~WORDINC = 1~~1
10:14:08.420 ~~TEST_06.TEST_06~~34~~STMT~~EVAL WORDINC = 1~~1
10:14:08.421 ~~TEST_06.TEST_06~~36~~STMT~~ITER
10:14:08.421 ~~TEST_06.TEST_06~~~~DATA~~I = 55~~56
10:14:08.421 ~~TEST_06.TEST_06~~31~~EXPR~~%LEN(SENTENCE)~~128
10:14:08.421 ~~TEST_06.TEST_06~~33~~EXPR~~%SUBST(SENTENCE : I : 1)~~
10:14:08.421 ~~TEST_06.TEST_06~~33~~EXPR~~%SUBST(SENTENCE : I : 1) = " "~~true
10:14:08.421 ~~TEST_06.TEST_06~~33~~STMT~~IF %SUBST(SENTENCE : I : 1) = " "~~true
10:14:08.421 ~~TEST_06.TEST_06~~~~DATA~~WORDINC = 1~~1
10:14:08.422 ~~TEST_06.TEST_06~~34~~STMT~~EVAL WORDINC = 1~~1
10:14:08.422 ~~TEST_06.TEST_06~~36~~STMT~~ITER
10:14:08.422 ~~TEST_06.TEST_06~~~~DATA~~I = 56~~57
10:14:08.422 ~~TEST_06.TEST_06~~31~~EXPR~~%LEN(SENTENCE)~~128
10:14:08.422 ~~TEST_06.TEST_06~~33~~EXPR~~%SUBST(SENTENCE : I : 1)~~
10:14:08.422 ~~TEST_06.TEST_06~~33~~EXPR~~%SUBST(SENTENCE : I : 1) = " "~~true
10:14:08.422 ~~TEST_06.TEST_06~~33~~STMT~~IF %SUBST(SENTENCE : I : 1) = " "~~true
10:14:08.422 ~~TEST_06.TEST_06~~~~DATA~~WORDINC = 1~~1
10:14:08.422 ~~TEST_06.TEST_06~~34~~STMT~~EVAL WORDINC = 1~~1
10:14:08.422 ~~TEST_06.TEST_06~~36~~STMT~~ITER
10:14:08.423 ~~TEST_06.TEST_06~~~~DATA~~I = 57~~58
10:14:08.423 ~~TEST_06.TEST_06~~31~~EXPR~~%LEN(SENTENCE)~~128
10:14:08.423 ~~TEST_06.TEST_06~~33~~EXPR~~%SUBST(SENTENCE : I : 1)~~
10:14:08.423 ~~TEST_06.TEST_06~~33~~EXPR~~%SUBST(SENTENCE : I : 1) = " "~~true
10:14:08.423 ~~TEST_06.TEST_06~~33~~STMT~~IF %SUBST(SENTENCE : I : 1) = " "~~true
10:14:08.423 ~~TEST_06.TEST_06~~~~DATA~~WORDINC = 1~~1
10:14:08.423 ~~TEST_06.TEST_06~~34~~STMT~~EVAL WORDINC = 1~~1
10:14:08.423 ~~TEST_06.TEST_06~~36~~STMT~~ITER
10:14:08.424 ~~TEST_06.TEST_06~~~~DATA~~I = 58~~59
10:14:08.424 ~~TEST_06.TEST_06~~31~~EXPR~~%LEN(SENTENCE)~~128
10:14:08.424 ~~TEST_06.TEST_06~~33~~EXPR~~%SUBST(SENTENCE : I : 1)~~
10:14:08.424 ~~TEST_06.TEST_06~~33~~EXPR~~%SUBST(SENTENCE : I : 1) = " "~~true
10:14:08.424 ~~TEST_06.TEST_06~~33~~STMT~~IF %SUBST(SENTENCE : I : 1) = " "~~true
10:14:08.424 ~~TEST_06.TEST_06~~~~DATA~~WORDINC = 1~~1
10:14:08.424 ~~TEST_06.TEST_06~~34~~STMT~~EVAL WORDINC = 1~~1
10:14:08.424 ~~TEST_06.TEST_06~~36~~STMT~~ITER
10:14:08.425 ~~TEST_06.TEST_06~~~~DATA~~I = 59~~60
10:14:08.425 ~~TEST_06.TEST_06~~31~~EXPR~~%LEN(SENTENCE)~~128
10:14:08.425 ~~TEST_06.TEST_06~~33~~EXPR~~%SUBST(SENTENCE : I : 1)~~
10:14:08.425 ~~TEST_06.TEST_06~~33~~EXPR~~%SUBST(SENTENCE : I : 1) = " "~~true
10:14:08.425 ~~TEST_06.TEST_06~~33~~STMT~~IF %SUBST(SENTENCE : I : 1) = " "~~true
10:14:08.425 ~~TEST_06.TEST_06~~~~DATA~~WORDINC = 1~~1
10:14:08.425 ~~TEST_06.TEST_06~~34~~STMT~~EVAL WORDINC = 1~~1
10:14:08.425 ~~TEST_06.TEST_06~~36~~STMT~~ITER
10:14:08.425 ~~TEST_06.TEST_06~~~~DATA~~I = 60~~61
10:14:08.426 ~~TEST_06.TEST_06~~31~~EXPR~~%LEN(SENTENCE)~~128
10:14:08.426 ~~TEST_06.TEST_06~~33~~EXPR~~%SUBST(SENTENCE : I : 1)~~
10:14:08.426 ~~TEST_06.TEST_06~~33~~EXPR~~%SUBST(SENTENCE : I : 1) = " "~~true
10:14:08.426 ~~TEST_06.TEST_06~~33~~STMT~~IF %SUBST(SENTENCE : I : 1) = " "~~true
10:14:08.426 ~~TEST_06.TEST_06~~~~DATA~~WORDINC = 1~~1
10:14:08.427 ~~TEST_06.TEST_06~~34~~STMT~~EVAL WORDINC = 1~~1
10:14:08.427 ~~TEST_06.TEST_06~~36~~STMT~~ITER
10:14:08.427 ~~TEST_06.TEST_06~~~~DATA~~I = 61~~62
10:14:08.427 ~~TEST_06.TEST_06~~31~~EXPR~~%LEN(SENTENCE)~~128
10:14:08.427 ~~TEST_06.TEST_06~~33~~EXPR~~%SUBST(SENTENCE : I : 1)~~
10:14:08.428 ~~TEST_06.TEST_06~~33~~EXPR~~%SUBST(SENTENCE : I : 1) = " "~~true
10:14:08.428 ~~TEST_06.TEST_06~~33~~STMT~~IF %SUBST(SENTENCE : I : 1) = " "~~true
10:14:08.428 ~~TEST_06.TEST_06~~~~DATA~~WORDINC = 1~~1
10:14:08.428 ~~TEST_06.TEST_06~~34~~STMT~~EVAL WORDINC = 1~~1
10:14:08.428 ~~TEST_06.TEST_06~~36~~STMT~~ITER
10:14:08.428 ~~TEST_06.TEST_06~~~~DATA~~I = 62~~63
10:14:08.428 ~~TEST_06.TEST_06~~31~~EXPR~~%LEN(SENTENCE)~~128
10:14:08.429 ~~TEST_06.TEST_06~~33~~EXPR~~%SUBST(SENTENCE : I : 1)~~
10:14:08.429 ~~TEST_06.TEST_06~~33~~EXPR~~%SUBST(SENTENCE : I : 1) = " "~~true
10:14:08.430 ~~TEST_06.TEST_06~~33~~STMT~~IF %SUBST(SENTENCE : I : 1) = " "~~true
10:14:08.430 ~~TEST_06.TEST_06~~~~DATA~~WORDINC = 1~~1
10:14:08.431 ~~TEST_06.TEST_06~~34~~STMT~~EVAL WORDINC = 1~~1
10:14:08.431 ~~TEST_06.TEST_06~~36~~STMT~~ITER
10:14:08.431 ~~TEST_06.TEST_06~~~~DATA~~I = 63~~64
10:14:08.431 ~~TEST_06.TEST_06~~31~~EXPR~~%LEN(SENTENCE)~~128
10:14:08.431 ~~TEST_06.TEST_06~~33~~EXPR~~%SUBST(SENTENCE : I : 1)~~
10:14:08.431 ~~TEST_06.TEST_06~~33~~EXPR~~%SUBST(SENTENCE : I : 1) = " "~~true
10:14:08.431 ~~TEST_06.TEST_06~~33~~STMT~~IF %SUBST(SENTENCE : I : 1) = " "~~true
10:14:08.432 ~~TEST_06.TEST_06~~~~DATA~~WORDINC = 1~~1
10:14:08.432 ~~TEST_06.TEST_06~~34~~STMT~~EVAL WORDINC = 1~~1
10:14:08.432 ~~TEST_06.TEST_06~~36~~STMT~~ITER
10:14:08.432 ~~TEST_06.TEST_06~~~~DATA~~I = 64~~65
10:14:08.432 ~~TEST_06.TEST_06~~31~~EXPR~~%LEN(SENTENCE)~~128
10:14:08.432 ~~TEST_06.TEST_06~~33~~EXPR~~%SUBST(SENTENCE : I : 1)~~
10:14:08.433 ~~TEST_06.TEST_06~~33~~EXPR~~%SUBST(SENTENCE : I : 1) = " "~~true
10:14:08.433 ~~TEST_06.TEST_06~~33~~STMT~~IF %SUBST(SENTENCE : I : 1) = " "~~true
10:14:08.433 ~~TEST_06.TEST_06~~~~DATA~~WORDINC = 1~~1
10:14:08.433 ~~TEST_06.TEST_06~~34~~STMT~~EVAL WORDINC = 1~~1
10:14:08.433 ~~TEST_06.TEST_06~~36~~STMT~~ITER
10:14:08.433 ~~TEST_06.TEST_06~~~~DATA~~I = 65~~66
10:14:08.433 ~~TEST_06.TEST_06~~31~~EXPR~~%LEN(SENTENCE)~~128
10:14:08.434 ~~TEST_06.TEST_06~~33~~EXPR~~%SUBST(SENTENCE : I : 1)~~
10:14:08.434 ~~TEST_06.TEST_06~~33~~EXPR~~%SUBST(SENTENCE : I : 1) = " "~~true
10:14:08.434 ~~TEST_06.TEST_06~~33~~STMT~~IF %SUBST(SENTENCE : I : 1) = " "~~true
10:14:08.434 ~~TEST_06.TEST_06~~~~DATA~~WORDINC = 1~~1
10:14:08.434 ~~TEST_06.TEST_06~~34~~STMT~~EVAL WORDINC = 1~~1
10:14:08.434 ~~TEST_06.TEST_06~~36~~STMT~~ITER
10:14:08.434 ~~TEST_06.TEST_06~~~~DATA~~I = 66~~67
10:14:08.434 ~~TEST_06.TEST_06~~31~~EXPR~~%LEN(SENTENCE)~~128
10:14:08.434 ~~TEST_06.TEST_06~~33~~EXPR~~%SUBST(SENTENCE : I : 1)~~
10:14:08.435 ~~TEST_06.TEST_06~~33~~EXPR~~%SUBST(SENTENCE : I : 1) = " "~~true
10:14:08.435 ~~TEST_06.TEST_06~~33~~STMT~~IF %SUBST(SENTENCE : I : 1) = " "~~true
10:14:08.435 ~~TEST_06.TEST_06~~~~DATA~~WORDINC = 1~~1
10:14:08.435 ~~TEST_06.TEST_06~~34~~STMT~~EVAL WORDINC = 1~~1
10:14:08.435 ~~TEST_06.TEST_06~~36~~STMT~~ITER
10:14:08.435 ~~TEST_06.TEST_06~~~~DATA~~I = 67~~68
10:14:08.435 ~~TEST_06.TEST_06~~31~~EXPR~~%LEN(SENTENCE)~~128
10:14:08.435 ~~TEST_06.TEST_06~~33~~EXPR~~%SUBST(SENTENCE : I : 1)~~
10:14:08.435 ~~TEST_06.TEST_06~~33~~EXPR~~%SUBST(SENTENCE : I : 1) = " "~~true
10:14:08.436 ~~TEST_06.TEST_06~~33~~STMT~~IF %SUBST(SENTENCE : I : 1) = " "~~true
10:14:08.436 ~~TEST_06.TEST_06~~~~DATA~~WORDINC = 1~~1
10:14:08.436 ~~TEST_06.TEST_06~~34~~STMT~~EVAL WORDINC = 1~~1
10:14:08.436 ~~TEST_06.TEST_06~~36~~STMT~~ITER
10:14:08.436 ~~TEST_06.TEST_06~~~~DATA~~I = 68~~69
10:14:08.436 ~~TEST_06.TEST_06~~31~~EXPR~~%LEN(SENTENCE)~~128
10:14:08.437 ~~TEST_06.TEST_06~~33~~EXPR~~%SUBST(SENTENCE : I : 1)~~
10:14:08.437 ~~TEST_06.TEST_06~~33~~EXPR~~%SUBST(SENTENCE : I : 1) = " "~~true
10:14:08.437 ~~TEST_06.TEST_06~~33~~STMT~~IF %SUBST(SENTENCE : I : 1) = " "~~true
10:14:08.437 ~~TEST_06.TEST_06~~~~DATA~~WORDINC = 1~~1
10:14:08.437 ~~TEST_06.TEST_06~~34~~STMT~~EVAL WORDINC = 1~~1
10:14:08.437 ~~TEST_06.TEST_06~~36~~STMT~~ITER
10:14:08.437 ~~TEST_06.TEST_06~~~~DATA~~I = 69~~70
10:14:08.438 ~~TEST_06.TEST_06~~31~~EXPR~~%LEN(SENTENCE)~~128
10:14:08.438 ~~TEST_06.TEST_06~~33~~EXPR~~%SUBST(SENTENCE : I : 1)~~
10:14:08.438 ~~TEST_06.TEST_06~~33~~EXPR~~%SUBST(SENTENCE : I : 1) = " "~~true
10:14:08.438 ~~TEST_06.TEST_06~~33~~STMT~~IF %SUBST(SENTENCE : I : 1) = " "~~true
10:14:08.438 ~~TEST_06.TEST_06~~~~DATA~~WORDINC = 1~~1
10:14:08.438 ~~TEST_06.TEST_06~~34~~STMT~~EVAL WORDINC = 1~~1
10:14:08.439 ~~TEST_06.TEST_06~~36~~STMT~~ITER
10:14:08.439 ~~TEST_06.TEST_06~~~~DATA~~I = 70~~71
10:14:08.439 ~~TEST_06.TEST_06~~31~~EXPR~~%LEN(SENTENCE)~~128
10:14:08.439 ~~TEST_06.TEST_06~~33~~EXPR~~%SUBST(SENTENCE : I : 1)~~
10:14:08.439 ~~TEST_06.TEST_06~~33~~EXPR~~%SUBST(SENTENCE : I : 1) = " "~~true
10:14:08.439 ~~TEST_06.TEST_06~~33~~STMT~~IF %SUBST(SENTENCE : I : 1) = " "~~true
10:14:08.439 ~~TEST_06.TEST_06~~~~DATA~~WORDINC = 1~~1
10:14:08.439 ~~TEST_06.TEST_06~~34~~STMT~~EVAL WORDINC = 1~~1
10:14:08.440 ~~TEST_06.TEST_06~~36~~STMT~~ITER
10:14:08.440 ~~TEST_06.TEST_06~~~~DATA~~I = 71~~72
10:14:08.440 ~~TEST_06.TEST_06~~31~~EXPR~~%LEN(SENTENCE)~~128
10:14:08.440 ~~TEST_06.TEST_06~~33~~EXPR~~%SUBST(SENTENCE : I : 1)~~
10:14:08.441 ~~TEST_06.TEST_06~~33~~EXPR~~%SUBST(SENTENCE : I : 1) = " "~~true
10:14:08.441 ~~TEST_06.TEST_06~~33~~STMT~~IF %SUBST(SENTENCE : I : 1) = " "~~true
10:14:08.441 ~~TEST_06.TEST_06~~~~DATA~~WORDINC = 1~~1
10:14:08.441 ~~TEST_06.TEST_06~~34~~STMT~~EVAL WORDINC = 1~~1
10:14:08.441 ~~TEST_06.TEST_06~~36~~STMT~~ITER
10:14:08.441 ~~TEST_06.TEST_06~~~~DATA~~I = 72~~73
10:14:08.441 ~~TEST_06.TEST_06~~31~~EXPR~~%LEN(SENTENCE)~~128
10:14:08.441 ~~TEST_06.TEST_06~~33~~EXPR~~%SUBST(SENTENCE : I : 1)~~
10:14:08.441 ~~TEST_06.TEST_06~~33~~EXPR~~%SUBST(SENTENCE : I : 1) = " "~~true
10:14:08.441 ~~TEST_06.TEST_06~~33~~STMT~~IF %SUBST(SENTENCE : I : 1) = " "~~true
10:14:08.442 ~~TEST_06.TEST_06~~~~DATA~~WORDINC = 1~~1
10:14:08.442 ~~TEST_06.TEST_06~~34~~STMT~~EVAL WORDINC = 1~~1
10:14:08.442 ~~TEST_06.TEST_06~~36~~STMT~~ITER
10:14:08.442 ~~TEST_06.TEST_06~~~~DATA~~I = 73~~74
10:14:08.442 ~~TEST_06.TEST_06~~31~~EXPR~~%LEN(SENTENCE)~~128
10:14:08.442 ~~TEST_06.TEST_06~~33~~EXPR~~%SUBST(SENTENCE : I : 1)~~
10:14:08.443 ~~TEST_06.TEST_06~~33~~EXPR~~%SUBST(SENTENCE : I : 1) = " "~~true
10:14:08.443 ~~TEST_06.TEST_06~~33~~STMT~~IF %SUBST(SENTENCE : I : 1) = " "~~true
10:14:08.443 ~~TEST_06.TEST_06~~~~DATA~~WORDINC = 1~~1
10:14:08.443 ~~TEST_06.TEST_06~~34~~STMT~~EVAL WORDINC = 1~~1
10:14:08.443 ~~TEST_06.TEST_06~~36~~STMT~~ITER
10:14:08.443 ~~TEST_06.TEST_06~~~~DATA~~I = 74~~75
10:14:08.444 ~~TEST_06.TEST_06~~31~~EXPR~~%LEN(SENTENCE)~~128
10:14:08.444 ~~TEST_06.TEST_06~~33~~EXPR~~%SUBST(SENTENCE : I : 1)~~
10:14:08.445 ~~TEST_06.TEST_06~~33~~EXPR~~%SUBST(SENTENCE : I : 1) = " "~~true
10:14:08.445 ~~TEST_06.TEST_06~~33~~STMT~~IF %SUBST(SENTENCE : I : 1) = " "~~true
10:14:08.446 ~~TEST_06.TEST_06~~~~DATA~~WORDINC = 1~~1
10:14:08.446 ~~TEST_06.TEST_06~~34~~STMT~~EVAL WORDINC = 1~~1
10:14:08.446 ~~TEST_06.TEST_06~~36~~STMT~~ITER
10:14:08.447 ~~TEST_06.TEST_06~~~~DATA~~I = 75~~76
10:14:08.447 ~~TEST_06.TEST_06~~31~~EXPR~~%LEN(SENTENCE)~~128
10:14:08.447 ~~TEST_06.TEST_06~~33~~EXPR~~%SUBST(SENTENCE : I : 1)~~
10:14:08.447 ~~TEST_06.TEST_06~~33~~EXPR~~%SUBST(SENTENCE : I : 1) = " "~~true
10:14:08.447 ~~TEST_06.TEST_06~~33~~STMT~~IF %SUBST(SENTENCE : I : 1) = " "~~true
10:14:08.447 ~~TEST_06.TEST_06~~~~DATA~~WORDINC = 1~~1
10:14:08.448 ~~TEST_06.TEST_06~~34~~STMT~~EVAL WORDINC = 1~~1
10:14:08.449 ~~TEST_06.TEST_06~~36~~STMT~~ITER
10:14:08.449 ~~TEST_06.TEST_06~~~~DATA~~I = 76~~77
10:14:08.449 ~~TEST_06.TEST_06~~31~~EXPR~~%LEN(SENTENCE)~~128
10:14:08.449 ~~TEST_06.TEST_06~~33~~EXPR~~%SUBST(SENTENCE : I : 1)~~
10:14:08.449 ~~TEST_06.TEST_06~~33~~EXPR~~%SUBST(SENTENCE : I : 1) = " "~~true
10:14:08.450 ~~TEST_06.TEST_06~~33~~STMT~~IF %SUBST(SENTENCE : I : 1) = " "~~true
10:14:08.450 ~~TEST_06.TEST_06~~~~DATA~~WORDINC = 1~~1
10:14:08.450 ~~TEST_06.TEST_06~~34~~STMT~~EVAL WORDINC = 1~~1
10:14:08.450 ~~TEST_06.TEST_06~~36~~STMT~~ITER
10:14:08.450 ~~TEST_06.TEST_06~~~~DATA~~I = 77~~78
10:14:08.450 ~~TEST_06.TEST_06~~31~~EXPR~~%LEN(SENTENCE)~~128
10:14:08.451 ~~TEST_06.TEST_06~~33~~EXPR~~%SUBST(SENTENCE : I : 1)~~
10:14:08.451 ~~TEST_06.TEST_06~~33~~EXPR~~%SUBST(SENTENCE : I : 1) = " "~~true
10:14:08.451 ~~TEST_06.TEST_06~~33~~STMT~~IF %SUBST(SENTENCE : I : 1) = " "~~true
10:14:08.451 ~~TEST_06.TEST_06~~~~DATA~~WORDINC = 1~~1
10:14:08.451 ~~TEST_06.TEST_06~~34~~STMT~~EVAL WORDINC = 1~~1
10:14:08.451 ~~TEST_06.TEST_06~~36~~STMT~~ITER
10:14:08.451 ~~TEST_06.TEST_06~~~~DATA~~I = 78~~79
10:14:08.452 ~~TEST_06.TEST_06~~31~~EXPR~~%LEN(SENTENCE)~~128
10:14:08.452 ~~TEST_06.TEST_06~~33~~EXPR~~%SUBST(SENTENCE : I : 1)~~
10:14:08.452 ~~TEST_06.TEST_06~~33~~EXPR~~%SUBST(SENTENCE : I : 1) = " "~~true
10:14:08.452 ~~TEST_06.TEST_06~~33~~STMT~~IF %SUBST(SENTENCE : I : 1) = " "~~true
10:14:08.453 ~~TEST_06.TEST_06~~~~DATA~~WORDINC = 1~~1
10:14:08.453 ~~TEST_06.TEST_06~~34~~STMT~~EVAL WORDINC = 1~~1
10:14:08.453 ~~TEST_06.TEST_06~~36~~STMT~~ITER
10:14:08.453 ~~TEST_06.TEST_06~~~~DATA~~I = 79~~80
10:14:08.454 ~~TEST_06.TEST_06~~31~~EXPR~~%LEN(SENTENCE)~~128
10:14:08.454 ~~TEST_06.TEST_06~~33~~EXPR~~%SUBST(SENTENCE : I : 1)~~
10:14:08.454 ~~TEST_06.TEST_06~~33~~EXPR~~%SUBST(SENTENCE : I : 1) = " "~~true
10:14:08.454 ~~TEST_06.TEST_06~~33~~STMT~~IF %SUBST(SENTENCE : I : 1) = " "~~true
10:14:08.454 ~~TEST_06.TEST_06~~~~DATA~~WORDINC = 1~~1
10:14:08.454 ~~TEST_06.TEST_06~~34~~STMT~~EVAL WORDINC = 1~~1
10:14:08.454 ~~TEST_06.TEST_06~~36~~STMT~~ITER
10:14:08.455 ~~TEST_06.TEST_06~~~~DATA~~I = 80~~81
10:14:08.455 ~~TEST_06.TEST_06~~31~~EXPR~~%LEN(SENTENCE)~~128
10:14:08.455 ~~TEST_06.TEST_06~~33~~EXPR~~%SUBST(SENTENCE : I : 1)~~
10:14:08.455 ~~TEST_06.TEST_06~~33~~EXPR~~%SUBST(SENTENCE : I : 1) = " "~~true
10:14:08.455 ~~TEST_06.TEST_06~~33~~STMT~~IF %SUBST(SENTENCE : I : 1) = " "~~true
10:14:08.455 ~~TEST_06.TEST_06~~~~DATA~~WORDINC = 1~~1
10:14:08.455 ~~TEST_06.TEST_06~~34~~STMT~~EVAL WORDINC = 1~~1
10:14:08.455 ~~TEST_06.TEST_06~~36~~STMT~~ITER
10:14:08.455 ~~TEST_06.TEST_06~~~~DATA~~I = 81~~82
10:14:08.456 ~~TEST_06.TEST_06~~31~~EXPR~~%LEN(SENTENCE)~~128
10:14:08.456 ~~TEST_06.TEST_06~~33~~EXPR~~%SUBST(SENTENCE : I : 1)~~
10:14:08.456 ~~TEST_06.TEST_06~~33~~EXPR~~%SUBST(SENTENCE : I : 1) = " "~~true
10:14:08.456 ~~TEST_06.TEST_06~~33~~STMT~~IF %SUBST(SENTENCE : I : 1) = " "~~true
10:14:08.456 ~~TEST_06.TEST_06~~~~DATA~~WORDINC = 1~~1
10:14:08.456 ~~TEST_06.TEST_06~~34~~STMT~~EVAL WORDINC = 1~~1
10:14:08.456 ~~TEST_06.TEST_06~~36~~STMT~~ITER
10:14:08.456 ~~TEST_06.TEST_06~~~~DATA~~I = 82~~83
10:14:08.456 ~~TEST_06.TEST_06~~31~~EXPR~~%LEN(SENTENCE)~~128
10:14:08.456 ~~TEST_06.TEST_06~~33~~EXPR~~%SUBST(SENTENCE : I : 1)~~
10:14:08.457 ~~TEST_06.TEST_06~~33~~EXPR~~%SUBST(SENTENCE : I : 1) = " "~~true
10:14:08.457 ~~TEST_06.TEST_06~~33~~STMT~~IF %SUBST(SENTENCE : I : 1) = " "~~true
10:14:08.457 ~~TEST_06.TEST_06~~~~DATA~~WORDINC = 1~~1
10:14:08.457 ~~TEST_06.TEST_06~~34~~STMT~~EVAL WORDINC = 1~~1
10:14:08.457 ~~TEST_06.TEST_06~~36~~STMT~~ITER
10:14:08.457 ~~TEST_06.TEST_06~~~~DATA~~I = 83~~84
10:14:08.457 ~~TEST_06.TEST_06~~31~~EXPR~~%LEN(SENTENCE)~~128
10:14:08.457 ~~TEST_06.TEST_06~~33~~EXPR~~%SUBST(SENTENCE : I : 1)~~
10:14:08.458 ~~TEST_06.TEST_06~~33~~EXPR~~%SUBST(SENTENCE : I : 1) = " "~~true
10:14:08.458 ~~TEST_06.TEST_06~~33~~STMT~~IF %SUBST(SENTENCE : I : 1) = " "~~true
10:14:08.458 ~~TEST_06.TEST_06~~~~DATA~~WORDINC = 1~~1
10:14:08.458 ~~TEST_06.TEST_06~~34~~STMT~~EVAL WORDINC = 1~~1
10:14:08.458 ~~TEST_06.TEST_06~~36~~STMT~~ITER
10:14:08.458 ~~TEST_06.TEST_06~~~~DATA~~I = 84~~85
10:14:08.458 ~~TEST_06.TEST_06~~31~~EXPR~~%LEN(SENTENCE)~~128
10:14:08.459 ~~TEST_06.TEST_06~~33~~EXPR~~%SUBST(SENTENCE : I : 1)~~
10:14:08.459 ~~TEST_06.TEST_06~~33~~EXPR~~%SUBST(SENTENCE : I : 1) = " "~~true
10:14:08.459 ~~TEST_06.TEST_06~~33~~STMT~~IF %SUBST(SENTENCE : I : 1) = " "~~true
10:14:08.459 ~~TEST_06.TEST_06~~~~DATA~~WORDINC = 1~~1
10:14:08.459 ~~TEST_06.TEST_06~~34~~STMT~~EVAL WORDINC = 1~~1
10:14:08.459 ~~TEST_06.TEST_06~~36~~STMT~~ITER
10:14:08.460 ~~TEST_06.TEST_06~~~~DATA~~I = 85~~86
10:14:08.460 ~~TEST_06.TEST_06~~31~~EXPR~~%LEN(SENTENCE)~~128
10:14:08.460 ~~TEST_06.TEST_06~~33~~EXPR~~%SUBST(SENTENCE : I : 1)~~
10:14:08.460 ~~TEST_06.TEST_06~~33~~EXPR~~%SUBST(SENTENCE : I : 1) = " "~~true
10:14:08.460 ~~TEST_06.TEST_06~~33~~STMT~~IF %SUBST(SENTENCE : I : 1) = " "~~true
10:14:08.460 ~~TEST_06.TEST_06~~~~DATA~~WORDINC = 1~~1
10:14:08.460 ~~TEST_06.TEST_06~~34~~STMT~~EVAL WORDINC = 1~~1
10:14:08.461 ~~TEST_06.TEST_06~~36~~STMT~~ITER
10:14:08.461 ~~TEST_06.TEST_06~~~~DATA~~I = 86~~87
10:14:08.461 ~~TEST_06.TEST_06~~31~~EXPR~~%LEN(SENTENCE)~~128
10:14:08.462 ~~TEST_06.TEST_06~~33~~EXPR~~%SUBST(SENTENCE : I : 1)~~
10:14:08.462 ~~TEST_06.TEST_06~~33~~EXPR~~%SUBST(SENTENCE : I : 1) = " "~~true
10:14:08.462 ~~TEST_06.TEST_06~~33~~STMT~~IF %SUBST(SENTENCE : I : 1) = " "~~true
10:14:08.462 ~~TEST_06.TEST_06~~~~DATA~~WORDINC = 1~~1
10:14:08.462 ~~TEST_06.TEST_06~~34~~STMT~~EVAL WORDINC = 1~~1
10:14:08.462 ~~TEST_06.TEST_06~~36~~STMT~~ITER
10:14:08.463 ~~TEST_06.TEST_06~~~~DATA~~I = 87~~88
10:14:08.463 ~~TEST_06.TEST_06~~31~~EXPR~~%LEN(SENTENCE)~~128
10:14:08.463 ~~TEST_06.TEST_06~~33~~EXPR~~%SUBST(SENTENCE : I : 1)~~
10:14:08.463 ~~TEST_06.TEST_06~~33~~EXPR~~%SUBST(SENTENCE : I : 1) = " "~~true
10:14:08.463 ~~TEST_06.TEST_06~~33~~STMT~~IF %SUBST(SENTENCE : I : 1) = " "~~true
10:14:08.463 ~~TEST_06.TEST_06~~~~DATA~~WORDINC = 1~~1
10:14:08.463 ~~TEST_06.TEST_06~~34~~STMT~~EVAL WORDINC = 1~~1
10:14:08.463 ~~TEST_06.TEST_06~~36~~STMT~~ITER
10:14:08.464 ~~TEST_06.TEST_06~~~~DATA~~I = 88~~89
10:14:08.464 ~~TEST_06.TEST_06~~31~~EXPR~~%LEN(SENTENCE)~~128
10:14:08.464 ~~TEST_06.TEST_06~~33~~EXPR~~%SUBST(SENTENCE : I : 1)~~
10:14:08.464 ~~TEST_06.TEST_06~~33~~EXPR~~%SUBST(SENTENCE : I : 1) = " "~~true
10:14:08.464 ~~TEST_06.TEST_06~~33~~STMT~~IF %SUBST(SENTENCE : I : 1) = " "~~true
10:14:08.464 ~~TEST_06.TEST_06~~~~DATA~~WORDINC = 1~~1
10:14:08.464 ~~TEST_06.TEST_06~~34~~STMT~~EVAL WORDINC = 1~~1
10:14:08.464 ~~TEST_06.TEST_06~~36~~STMT~~ITER
10:14:08.465 ~~TEST_06.TEST_06~~~~DATA~~I = 89~~90
10:14:08.465 ~~TEST_06.TEST_06~~31~~EXPR~~%LEN(SENTENCE)~~128
10:14:08.465 ~~TEST_06.TEST_06~~33~~EXPR~~%SUBST(SENTENCE : I : 1)~~
10:14:08.465 ~~TEST_06.TEST_06~~33~~EXPR~~%SUBST(SENTENCE : I : 1) = " "~~true
10:14:08.465 ~~TEST_06.TEST_06~~33~~STMT~~IF %SUBST(SENTENCE : I : 1) = " "~~true
10:14:08.465 ~~TEST_06.TEST_06~~~~DATA~~WORDINC = 1~~1
10:14:08.465 ~~TEST_06.TEST_06~~34~~STMT~~EVAL WORDINC = 1~~1
10:14:08.465 ~~TEST_06.TEST_06~~36~~STMT~~ITER
10:14:08.465 ~~TEST_06.TEST_06~~~~DATA~~I = 90~~91
10:14:08.465 ~~TEST_06.TEST_06~~31~~EXPR~~%LEN(SENTENCE)~~128
10:14:08.466 ~~TEST_06.TEST_06~~33~~EXPR~~%SUBST(SENTENCE : I : 1)~~
10:14:08.466 ~~TEST_06.TEST_06~~33~~EXPR~~%SUBST(SENTENCE : I : 1) = " "~~true
10:14:08.466 ~~TEST_06.TEST_06~~33~~STMT~~IF %SUBST(SENTENCE : I : 1) = " "~~true
10:14:08.466 ~~TEST_06.TEST_06~~~~DATA~~WORDINC = 1~~1
10:14:08.466 ~~TEST_06.TEST_06~~34~~STMT~~EVAL WORDINC = 1~~1
10:14:08.466 ~~TEST_06.TEST_06~~36~~STMT~~ITER
10:14:08.466 ~~TEST_06.TEST_06~~~~DATA~~I = 91~~92
10:14:08.466 ~~TEST_06.TEST_06~~31~~EXPR~~%LEN(SENTENCE)~~128
10:14:08.467 ~~TEST_06.TEST_06~~33~~EXPR~~%SUBST(SENTENCE : I : 1)~~
10:14:08.467 ~~TEST_06.TEST_06~~33~~EXPR~~%SUBST(SENTENCE : I : 1) = " "~~true
10:14:08.467 ~~TEST_06.TEST_06~~33~~STMT~~IF %SUBST(SENTENCE : I : 1) = " "~~true
10:14:08.467 ~~TEST_06.TEST_06~~~~DATA~~WORDINC = 1~~1
10:14:08.467 ~~TEST_06.TEST_06~~34~~STMT~~EVAL WORDINC = 1~~1
10:14:08.467 ~~TEST_06.TEST_06~~36~~STMT~~ITER
10:14:08.467 ~~TEST_06.TEST_06~~~~DATA~~I = 92~~93
10:14:08.467 ~~TEST_06.TEST_06~~31~~EXPR~~%LEN(SENTENCE)~~128
10:14:08.468 ~~TEST_06.TEST_06~~33~~EXPR~~%SUBST(SENTENCE : I : 1)~~
10:14:08.468 ~~TEST_06.TEST_06~~33~~EXPR~~%SUBST(SENTENCE : I : 1) = " "~~true
10:14:08.468 ~~TEST_06.TEST_06~~33~~STMT~~IF %SUBST(SENTENCE : I : 1) = " "~~true
10:14:08.468 ~~TEST_06.TEST_06~~~~DATA~~WORDINC = 1~~1
10:14:08.468 ~~TEST_06.TEST_06~~34~~STMT~~EVAL WORDINC = 1~~1
10:14:08.468 ~~TEST_06.TEST_06~~36~~STMT~~ITER
10:14:08.468 ~~TEST_06.TEST_06~~~~DATA~~I = 93~~94
10:14:08.468 ~~TEST_06.TEST_06~~31~~EXPR~~%LEN(SENTENCE)~~128
10:14:08.468 ~~TEST_06.TEST_06~~33~~EXPR~~%SUBST(SENTENCE : I : 1)~~
10:14:08.469 ~~TEST_06.TEST_06~~33~~EXPR~~%SUBST(SENTENCE : I : 1) = " "~~true
10:14:08.469 ~~TEST_06.TEST_06~~33~~STMT~~IF %SUBST(SENTENCE : I : 1) = " "~~true
10:14:08.469 ~~TEST_06.TEST_06~~~~DATA~~WORDINC = 1~~1
10:14:08.469 ~~TEST_06.TEST_06~~34~~STMT~~EVAL WORDINC = 1~~1
10:14:08.469 ~~TEST_06.TEST_06~~36~~STMT~~ITER
10:14:08.469 ~~TEST_06.TEST_06~~~~DATA~~I = 94~~95
10:14:08.469 ~~TEST_06.TEST_06~~31~~EXPR~~%LEN(SENTENCE)~~128
10:14:08.469 ~~TEST_06.TEST_06~~33~~EXPR~~%SUBST(SENTENCE : I : 1)~~
10:14:08.469 ~~TEST_06.TEST_06~~33~~EXPR~~%SUBST(SENTENCE : I : 1) = " "~~true
10:14:08.470 ~~TEST_06.TEST_06~~33~~STMT~~IF %SUBST(SENTENCE : I : 1) = " "~~true
10:14:08.470 ~~TEST_06.TEST_06~~~~DATA~~WORDINC = 1~~1
10:14:08.470 ~~TEST_06.TEST_06~~34~~STMT~~EVAL WORDINC = 1~~1
10:14:08.470 ~~TEST_06.TEST_06~~36~~STMT~~ITER
10:14:08.470 ~~TEST_06.TEST_06~~~~DATA~~I = 95~~96
10:14:08.470 ~~TEST_06.TEST_06~~31~~EXPR~~%LEN(SENTENCE)~~128
10:14:08.470 ~~TEST_06.TEST_06~~33~~EXPR~~%SUBST(SENTENCE : I : 1)~~
10:14:08.470 ~~TEST_06.TEST_06~~33~~EXPR~~%SUBST(SENTENCE : I : 1) = " "~~true
10:14:08.470 ~~TEST_06.TEST_06~~33~~STMT~~IF %SUBST(SENTENCE : I : 1) = " "~~true
10:14:08.470 ~~TEST_06.TEST_06~~~~DATA~~WORDINC = 1~~1
10:14:08.471 ~~TEST_06.TEST_06~~34~~STMT~~EVAL WORDINC = 1~~1
10:14:08.471 ~~TEST_06.TEST_06~~36~~STMT~~ITER
10:14:08.471 ~~TEST_06.TEST_06~~~~DATA~~I = 96~~97
10:14:08.471 ~~TEST_06.TEST_06~~31~~EXPR~~%LEN(SENTENCE)~~128
10:14:08.471 ~~TEST_06.TEST_06~~33~~EXPR~~%SUBST(SENTENCE : I : 1)~~
10:14:08.471 ~~TEST_06.TEST_06~~33~~EXPR~~%SUBST(SENTENCE : I : 1) = " "~~true
10:14:08.471 ~~TEST_06.TEST_06~~33~~STMT~~IF %SUBST(SENTENCE : I : 1) = " "~~true
10:14:08.471 ~~TEST_06.TEST_06~~~~DATA~~WORDINC = 1~~1
10:14:08.471 ~~TEST_06.TEST_06~~34~~STMT~~EVAL WORDINC = 1~~1
10:14:08.471 ~~TEST_06.TEST_06~~36~~STMT~~ITER
10:14:08.472 ~~TEST_06.TEST_06~~~~DATA~~I = 97~~98
10:14:08.472 ~~TEST_06.TEST_06~~31~~EXPR~~%LEN(SENTENCE)~~128
10:14:08.472 ~~TEST_06.TEST_06~~33~~EXPR~~%SUBST(SENTENCE : I : 1)~~
10:14:08.472 ~~TEST_06.TEST_06~~33~~EXPR~~%SUBST(SENTENCE : I : 1) = " "~~true
10:14:08.472 ~~TEST_06.TEST_06~~33~~STMT~~IF %SUBST(SENTENCE : I : 1) = " "~~true
10:14:08.472 ~~TEST_06.TEST_06~~~~DATA~~WORDINC = 1~~1
10:14:08.472 ~~TEST_06.TEST_06~~34~~STMT~~EVAL WORDINC = 1~~1
10:14:08.472 ~~TEST_06.TEST_06~~36~~STMT~~ITER
10:14:08.473 ~~TEST_06.TEST_06~~~~DATA~~I = 98~~99
10:14:08.473 ~~TEST_06.TEST_06~~31~~EXPR~~%LEN(SENTENCE)~~128
10:14:08.473 ~~TEST_06.TEST_06~~33~~EXPR~~%SUBST(SENTENCE : I : 1)~~
10:14:08.473 ~~TEST_06.TEST_06~~33~~EXPR~~%SUBST(SENTENCE : I : 1) = " "~~true
10:14:08.473 ~~TEST_06.TEST_06~~33~~STMT~~IF %SUBST(SENTENCE : I : 1) = " "~~true
10:14:08.473 ~~TEST_06.TEST_06~~~~DATA~~WORDINC = 1~~1
10:14:08.473 ~~TEST_06.TEST_06~~34~~STMT~~EVAL WORDINC = 1~~1
10:14:08.473 ~~TEST_06.TEST_06~~36~~STMT~~ITER
10:14:08.474 ~~TEST_06.TEST_06~~~~DATA~~I = 99~~100
10:14:08.474 ~~TEST_06.TEST_06~~31~~EXPR~~%LEN(SENTENCE)~~128
10:14:08.474 ~~TEST_06.TEST_06~~33~~EXPR~~%SUBST(SENTENCE : I : 1)~~
10:14:08.474 ~~TEST_06.TEST_06~~33~~EXPR~~%SUBST(SENTENCE : I : 1) = " "~~true
10:14:08.474 ~~TEST_06.TEST_06~~33~~STMT~~IF %SUBST(SENTENCE : I : 1) = " "~~true
10:14:08.474 ~~TEST_06.TEST_06~~~~DATA~~WORDINC = 1~~1
10:14:08.474 ~~TEST_06.TEST_06~~34~~STMT~~EVAL WORDINC = 1~~1
10:14:08.474 ~~TEST_06.TEST_06~~36~~STMT~~ITER
10:14:08.474 ~~TEST_06.TEST_06~~~~DATA~~I = 100~~101
10:14:08.475 ~~TEST_06.TEST_06~~31~~EXPR~~%LEN(SENTENCE)~~128
10:14:08.475 ~~TEST_06.TEST_06~~33~~EXPR~~%SUBST(SENTENCE : I : 1)~~
10:14:08.475 ~~TEST_06.TEST_06~~33~~EXPR~~%SUBST(SENTENCE : I : 1) = " "~~true
10:14:08.475 ~~TEST_06.TEST_06~~33~~STMT~~IF %SUBST(SENTENCE : I : 1) = " "~~true
10:14:08.475 ~~TEST_06.TEST_06~~~~DATA~~WORDINC = 1~~1
10:14:08.475 ~~TEST_06.TEST_06~~34~~STMT~~EVAL WORDINC = 1~~1
10:14:08.475 ~~TEST_06.TEST_06~~36~~STMT~~ITER
10:14:08.475 ~~TEST_06.TEST_06~~~~DATA~~I = 101~~102
10:14:08.476 ~~TEST_06.TEST_06~~31~~EXPR~~%LEN(SENTENCE)~~128
10:14:08.476 ~~TEST_06.TEST_06~~33~~EXPR~~%SUBST(SENTENCE : I : 1)~~
10:14:08.476 ~~TEST_06.TEST_06~~33~~EXPR~~%SUBST(SENTENCE : I : 1) = " "~~true
10:14:08.476 ~~TEST_06.TEST_06~~33~~STMT~~IF %SUBST(SENTENCE : I : 1) = " "~~true
10:14:08.476 ~~TEST_06.TEST_06~~~~DATA~~WORDINC = 1~~1
10:14:08.476 ~~TEST_06.TEST_06~~34~~STMT~~EVAL WORDINC = 1~~1
10:14:08.476 ~~TEST_06.TEST_06~~36~~STMT~~ITER
10:14:08.477 ~~TEST_06.TEST_06~~~~DATA~~I = 102~~103
10:14:08.477 ~~TEST_06.TEST_06~~31~~EXPR~~%LEN(SENTENCE)~~128
10:14:08.477 ~~TEST_06.TEST_06~~33~~EXPR~~%SUBST(SENTENCE : I : 1)~~
10:14:08.477 ~~TEST_06.TEST_06~~33~~EXPR~~%SUBST(SENTENCE : I : 1) = " "~~true
10:14:08.477 ~~TEST_06.TEST_06~~33~~STMT~~IF %SUBST(SENTENCE : I : 1) = " "~~true
10:14:08.477 ~~TEST_06.TEST_06~~~~DATA~~WORDINC = 1~~1
10:14:08.477 ~~TEST_06.TEST_06~~34~~STMT~~EVAL WORDINC = 1~~1
10:14:08.478 ~~TEST_06.TEST_06~~36~~STMT~~ITER
10:14:08.478 ~~TEST_06.TEST_06~~~~DATA~~I = 103~~104
10:14:08.478 ~~TEST_06.TEST_06~~31~~EXPR~~%LEN(SENTENCE)~~128
10:14:08.478 ~~TEST_06.TEST_06~~33~~EXPR~~%SUBST(SENTENCE : I : 1)~~
10:14:08.478 ~~TEST_06.TEST_06~~33~~EXPR~~%SUBST(SENTENCE : I : 1) = " "~~true
10:14:08.478 ~~TEST_06.TEST_06~~33~~STMT~~IF %SUBST(SENTENCE : I : 1) = " "~~true
10:14:08.478 ~~TEST_06.TEST_06~~~~DATA~~WORDINC = 1~~1
10:14:08.478 ~~TEST_06.TEST_06~~34~~STMT~~EVAL WORDINC = 1~~1
10:14:08.479 ~~TEST_06.TEST_06~~36~~STMT~~ITER
10:14:08.479 ~~TEST_06.TEST_06~~~~DATA~~I = 104~~105
10:14:08.479 ~~TEST_06.TEST_06~~31~~EXPR~~%LEN(SENTENCE)~~128
10:14:08.479 ~~TEST_06.TEST_06~~33~~EXPR~~%SUBST(SENTENCE : I : 1)~~
10:14:08.479 ~~TEST_06.TEST_06~~33~~EXPR~~%SUBST(SENTENCE : I : 1) = " "~~true
10:14:08.479 ~~TEST_06.TEST_06~~33~~STMT~~IF %SUBST(SENTENCE : I : 1) = " "~~true
10:14:08.479 ~~TEST_06.TEST_06~~~~DATA~~WORDINC = 1~~1
10:14:08.479 ~~TEST_06.TEST_06~~34~~STMT~~EVAL WORDINC = 1~~1
10:14:08.480 ~~TEST_06.TEST_06~~36~~STMT~~ITER
10:14:08.480 ~~TEST_06.TEST_06~~~~DATA~~I = 105~~106
10:14:08.480 ~~TEST_06.TEST_06~~31~~EXPR~~%LEN(SENTENCE)~~128
10:14:08.480 ~~TEST_06.TEST_06~~33~~EXPR~~%SUBST(SENTENCE : I : 1)~~
10:14:08.480 ~~TEST_06.TEST_06~~33~~EXPR~~%SUBST(SENTENCE : I : 1) = " "~~true
10:14:08.480 ~~TEST_06.TEST_06~~33~~STMT~~IF %SUBST(SENTENCE : I : 1) = " "~~true
10:14:08.480 ~~TEST_06.TEST_06~~~~DATA~~WORDINC = 1~~1
10:14:08.480 ~~TEST_06.TEST_06~~34~~STMT~~EVAL WORDINC = 1~~1
10:14:08.480 ~~TEST_06.TEST_06~~36~~STMT~~ITER
10:14:08.481 ~~TEST_06.TEST_06~~~~DATA~~I = 106~~107
10:14:08.481 ~~TEST_06.TEST_06~~31~~EXPR~~%LEN(SENTENCE)~~128
10:14:08.481 ~~TEST_06.TEST_06~~33~~EXPR~~%SUBST(SENTENCE : I : 1)~~
10:14:08.481 ~~TEST_06.TEST_06~~33~~EXPR~~%SUBST(SENTENCE : I : 1) = " "~~true
10:14:08.481 ~~TEST_06.TEST_06~~33~~STMT~~IF %SUBST(SENTENCE : I : 1) = " "~~true
10:14:08.481 ~~TEST_06.TEST_06~~~~DATA~~WORDINC = 1~~1
10:14:08.481 ~~TEST_06.TEST_06~~34~~STMT~~EVAL WORDINC = 1~~1
10:14:08.481 ~~TEST_06.TEST_06~~36~~STMT~~ITER
10:14:08.481 ~~TEST_06.TEST_06~~~~DATA~~I = 107~~108
10:14:08.482 ~~TEST_06.TEST_06~~31~~EXPR~~%LEN(SENTENCE)~~128
10:14:08.482 ~~TEST_06.TEST_06~~33~~EXPR~~%SUBST(SENTENCE : I : 1)~~
10:14:08.482 ~~TEST_06.TEST_06~~33~~EXPR~~%SUBST(SENTENCE : I : 1) = " "~~true
10:14:08.482 ~~TEST_06.TEST_06~~33~~STMT~~IF %SUBST(SENTENCE : I : 1) = " "~~true
10:14:08.482 ~~TEST_06.TEST_06~~~~DATA~~WORDINC = 1~~1
10:14:08.482 ~~TEST_06.TEST_06~~34~~STMT~~EVAL WORDINC = 1~~1
10:14:08.483 ~~TEST_06.TEST_06~~36~~STMT~~ITER
10:14:08.483 ~~TEST_06.TEST_06~~~~DATA~~I = 108~~109
10:14:08.483 ~~TEST_06.TEST_06~~31~~EXPR~~%LEN(SENTENCE)~~128
10:14:08.483 ~~TEST_06.TEST_06~~33~~EXPR~~%SUBST(SENTENCE : I : 1)~~
10:14:08.484 ~~TEST_06.TEST_06~~33~~EXPR~~%SUBST(SENTENCE : I : 1) = " "~~true
10:14:08.485 ~~TEST_06.TEST_06~~33~~STMT~~IF %SUBST(SENTENCE : I : 1) = " "~~true
10:14:08.485 ~~TEST_06.TEST_06~~~~DATA~~WORDINC = 1~~1
10:14:08.485 ~~TEST_06.TEST_06~~34~~STMT~~EVAL WORDINC = 1~~1
10:14:08.485 ~~TEST_06.TEST_06~~36~~STMT~~ITER
10:14:08.486 ~~TEST_06.TEST_06~~~~DATA~~I = 109~~110
10:14:08.486 ~~TEST_06.TEST_06~~31~~EXPR~~%LEN(SENTENCE)~~128
10:14:08.486 ~~TEST_06.TEST_06~~33~~EXPR~~%SUBST(SENTENCE : I : 1)~~
10:14:08.486 ~~TEST_06.TEST_06~~33~~EXPR~~%SUBST(SENTENCE : I : 1) = " "~~true
10:14:08.486 ~~TEST_06.TEST_06~~33~~STMT~~IF %SUBST(SENTENCE : I : 1) = " "~~true
10:14:08.486 ~~TEST_06.TEST_06~~~~DATA~~WORDINC = 1~~1
10:14:08.486 ~~TEST_06.TEST_06~~34~~STMT~~EVAL WORDINC = 1~~1
10:14:08.486 ~~TEST_06.TEST_06~~36~~STMT~~ITER
10:14:08.486 ~~TEST_06.TEST_06~~~~DATA~~I = 110~~111
10:14:08.487 ~~TEST_06.TEST_06~~31~~EXPR~~%LEN(SENTENCE)~~128
10:14:08.487 ~~TEST_06.TEST_06~~33~~EXPR~~%SUBST(SENTENCE : I : 1)~~
10:14:08.487 ~~TEST_06.TEST_06~~33~~EXPR~~%SUBST(SENTENCE : I : 1) = " "~~true
10:14:08.487 ~~TEST_06.TEST_06~~33~~STMT~~IF %SUBST(SENTENCE : I : 1) = " "~~true
10:14:08.488 ~~TEST_06.TEST_06~~~~DATA~~WORDINC = 1~~1
10:14:08.488 ~~TEST_06.TEST_06~~34~~STMT~~EVAL WORDINC = 1~~1
10:14:08.488 ~~TEST_06.TEST_06~~36~~STMT~~ITER
10:14:08.488 ~~TEST_06.TEST_06~~~~DATA~~I = 111~~112
10:14:08.488 ~~TEST_06.TEST_06~~31~~EXPR~~%LEN(SENTENCE)~~128
10:14:08.488 ~~TEST_06.TEST_06~~33~~EXPR~~%SUBST(SENTENCE : I : 1)~~
10:14:08.488 ~~TEST_06.TEST_06~~33~~EXPR~~%SUBST(SENTENCE : I : 1) = " "~~true
10:14:08.488 ~~TEST_06.TEST_06~~33~~STMT~~IF %SUBST(SENTENCE : I : 1) = " "~~true
10:14:08.488 ~~TEST_06.TEST_06~~~~DATA~~WORDINC = 1~~1
10:14:08.488 ~~TEST_06.TEST_06~~34~~STMT~~EVAL WORDINC = 1~~1
10:14:08.489 ~~TEST_06.TEST_06~~36~~STMT~~ITER
10:14:08.489 ~~TEST_06.TEST_06~~~~DATA~~I = 112~~113
10:14:08.489 ~~TEST_06.TEST_06~~31~~EXPR~~%LEN(SENTENCE)~~128
10:14:08.489 ~~TEST_06.TEST_06~~33~~EXPR~~%SUBST(SENTENCE : I : 1)~~
10:14:08.489 ~~TEST_06.TEST_06~~33~~EXPR~~%SUBST(SENTENCE : I : 1) = " "~~true
10:14:08.489 ~~TEST_06.TEST_06~~33~~STMT~~IF %SUBST(SENTENCE : I : 1) = " "~~true
10:14:08.489 ~~TEST_06.TEST_06~~~~DATA~~WORDINC = 1~~1
10:14:08.489 ~~TEST_06.TEST_06~~34~~STMT~~EVAL WORDINC = 1~~1
10:14:08.489 ~~TEST_06.TEST_06~~36~~STMT~~ITER
10:14:08.489 ~~TEST_06.TEST_06~~~~DATA~~I = 113~~114
10:14:08.490 ~~TEST_06.TEST_06~~31~~EXPR~~%LEN(SENTENCE)~~128
10:14:08.490 ~~TEST_06.TEST_06~~33~~EXPR~~%SUBST(SENTENCE : I : 1)~~
10:14:08.490 ~~TEST_06.TEST_06~~33~~EXPR~~%SUBST(SENTENCE : I : 1) = " "~~true
10:14:08.490 ~~TEST_06.TEST_06~~33~~STMT~~IF %SUBST(SENTENCE : I : 1) = " "~~true
10:14:08.490 ~~TEST_06.TEST_06~~~~DATA~~WORDINC = 1~~1
10:14:08.490 ~~TEST_06.TEST_06~~34~~STMT~~EVAL WORDINC = 1~~1
10:14:08.490 ~~TEST_06.TEST_06~~36~~STMT~~ITER
10:14:08.490 ~~TEST_06.TEST_06~~~~DATA~~I = 114~~115
10:14:08.490 ~~TEST_06.TEST_06~~31~~EXPR~~%LEN(SENTENCE)~~128
10:14:08.490 ~~TEST_06.TEST_06~~33~~EXPR~~%SUBST(SENTENCE : I : 1)~~
10:14:08.491 ~~TEST_06.TEST_06~~33~~EXPR~~%SUBST(SENTENCE : I : 1) = " "~~true
10:14:08.491 ~~TEST_06.TEST_06~~33~~STMT~~IF %SUBST(SENTENCE : I : 1) = " "~~true
10:14:08.491 ~~TEST_06.TEST_06~~~~DATA~~WORDINC = 1~~1
10:14:08.491 ~~TEST_06.TEST_06~~34~~STMT~~EVAL WORDINC = 1~~1
10:14:08.491 ~~TEST_06.TEST_06~~36~~STMT~~ITER
10:14:08.491 ~~TEST_06.TEST_06~~~~DATA~~I = 115~~116
10:14:08.491 ~~TEST_06.TEST_06~~31~~EXPR~~%LEN(SENTENCE)~~128
10:14:08.491 ~~TEST_06.TEST_06~~33~~EXPR~~%SUBST(SENTENCE : I : 1)~~
10:14:08.491 ~~TEST_06.TEST_06~~33~~EXPR~~%SUBST(SENTENCE : I : 1) = " "~~true
10:14:08.491 ~~TEST_06.TEST_06~~33~~STMT~~IF %SUBST(SENTENCE : I : 1) = " "~~true
10:14:08.491 ~~TEST_06.TEST_06~~~~DATA~~WORDINC = 1~~1
10:14:08.492 ~~TEST_06.TEST_06~~34~~STMT~~EVAL WORDINC = 1~~1
10:14:08.492 ~~TEST_06.TEST_06~~36~~STMT~~ITER
10:14:08.492 ~~TEST_06.TEST_06~~~~DATA~~I = 116~~117
10:14:08.492 ~~TEST_06.TEST_06~~31~~EXPR~~%LEN(SENTENCE)~~128
10:14:08.492 ~~TEST_06.TEST_06~~33~~EXPR~~%SUBST(SENTENCE : I : 1)~~
10:14:08.492 ~~TEST_06.TEST_06~~33~~EXPR~~%SUBST(SENTENCE : I : 1) = " "~~true
10:14:08.492 ~~TEST_06.TEST_06~~33~~STMT~~IF %SUBST(SENTENCE : I : 1) = " "~~true
10:14:08.492 ~~TEST_06.TEST_06~~~~DATA~~WORDINC = 1~~1
10:14:08.492 ~~TEST_06.TEST_06~~34~~STMT~~EVAL WORDINC = 1~~1
10:14:08.493 ~~TEST_06.TEST_06~~36~~STMT~~ITER
10:14:08.493 ~~TEST_06.TEST_06~~~~DATA~~I = 117~~118
10:14:08.493 ~~TEST_06.TEST_06~~31~~EXPR~~%LEN(SENTENCE)~~128
10:14:08.493 ~~TEST_06.TEST_06~~33~~EXPR~~%SUBST(SENTENCE : I : 1)~~
10:14:08.493 ~~TEST_06.TEST_06~~33~~EXPR~~%SUBST(SENTENCE : I : 1) = " "~~true
10:14:08.493 ~~TEST_06.TEST_06~~33~~STMT~~IF %SUBST(SENTENCE : I : 1) = " "~~true
10:14:08.493 ~~TEST_06.TEST_06~~~~DATA~~WORDINC = 1~~1
10:14:08.494 ~~TEST_06.TEST_06~~34~~STMT~~EVAL WORDINC = 1~~1
10:14:08.494 ~~TEST_06.TEST_06~~36~~STMT~~ITER
10:14:08.494 ~~TEST_06.TEST_06~~~~DATA~~I = 118~~119
10:14:08.494 ~~TEST_06.TEST_06~~31~~EXPR~~%LEN(SENTENCE)~~128
10:14:08.494 ~~TEST_06.TEST_06~~33~~EXPR~~%SUBST(SENTENCE : I : 1)~~
10:14:08.494 ~~TEST_06.TEST_06~~33~~EXPR~~%SUBST(SENTENCE : I : 1) = " "~~true
10:14:08.494 ~~TEST_06.TEST_06~~33~~STMT~~IF %SUBST(SENTENCE : I : 1) = " "~~true
10:14:08.495 ~~TEST_06.TEST_06~~~~DATA~~WORDINC = 1~~1
10:14:08.495 ~~TEST_06.TEST_06~~34~~STMT~~EVAL WORDINC = 1~~1
10:14:08.495 ~~TEST_06.TEST_06~~36~~STMT~~ITER
10:14:08.495 ~~TEST_06.TEST_06~~~~DATA~~I = 119~~120
10:14:08.495 ~~TEST_06.TEST_06~~31~~EXPR~~%LEN(SENTENCE)~~128
10:14:08.495 ~~TEST_06.TEST_06~~33~~EXPR~~%SUBST(SENTENCE : I : 1)~~
10:14:08.495 ~~TEST_06.TEST_06~~33~~EXPR~~%SUBST(SENTENCE : I : 1) = " "~~true
10:14:08.495 ~~TEST_06.TEST_06~~33~~STMT~~IF %SUBST(SENTENCE : I : 1) = " "~~true
10:14:08.495 ~~TEST_06.TEST_06~~~~DATA~~WORDINC = 1~~1
10:14:08.496 ~~TEST_06.TEST_06~~34~~STMT~~EVAL WORDINC = 1~~1
10:14:08.496 ~~TEST_06.TEST_06~~36~~STMT~~ITER
10:14:08.496 ~~TEST_06.TEST_06~~~~DATA~~I = 120~~121
10:14:08.496 ~~TEST_06.TEST_06~~31~~EXPR~~%LEN(SENTENCE)~~128
10:14:08.496 ~~TEST_06.TEST_06~~33~~EXPR~~%SUBST(SENTENCE : I : 1)~~
10:14:08.496 ~~TEST_06.TEST_06~~33~~EXPR~~%SUBST(SENTENCE : I : 1) = " "~~true
10:14:08.496 ~~TEST_06.TEST_06~~33~~STMT~~IF %SUBST(SENTENCE : I : 1) = " "~~true
10:14:08.496 ~~TEST_06.TEST_06~~~~DATA~~WORDINC = 1~~1
10:14:08.496 ~~TEST_06.TEST_06~~34~~STMT~~EVAL WORDINC = 1~~1
10:14:08.496 ~~TEST_06.TEST_06~~36~~STMT~~ITER
10:14:08.497 ~~TEST_06.TEST_06~~~~DATA~~I = 121~~122
10:14:08.497 ~~TEST_06.TEST_06~~31~~EXPR~~%LEN(SENTENCE)~~128
10:14:08.497 ~~TEST_06.TEST_06~~33~~EXPR~~%SUBST(SENTENCE : I : 1)~~
10:14:08.497 ~~TEST_06.TEST_06~~33~~EXPR~~%SUBST(SENTENCE : I : 1) = " "~~true
10:14:08.497 ~~TEST_06.TEST_06~~33~~STMT~~IF %SUBST(SENTENCE : I : 1) = " "~~true
10:14:08.497 ~~TEST_06.TEST_06~~~~DATA~~WORDINC = 1~~1
10:14:08.497 ~~TEST_06.TEST_06~~34~~STMT~~EVAL WORDINC = 1~~1
10:14:08.497 ~~TEST_06.TEST_06~~36~~STMT~~ITER
10:14:08.497 ~~TEST_06.TEST_06~~~~DATA~~I = 122~~123
10:14:08.498 ~~TEST_06.TEST_06~~31~~EXPR~~%LEN(SENTENCE)~~128
10:14:08.498 ~~TEST_06.TEST_06~~33~~EXPR~~%SUBST(SENTENCE : I : 1)~~
10:14:08.498 ~~TEST_06.TEST_06~~33~~EXPR~~%SUBST(SENTENCE : I : 1) = " "~~true
10:14:08.498 ~~TEST_06.TEST_06~~33~~STMT~~IF %SUBST(SENTENCE : I : 1) = " "~~true
10:14:08.498 ~~TEST_06.TEST_06~~~~DATA~~WORDINC = 1~~1
10:14:08.498 ~~TEST_06.TEST_06~~34~~STMT~~EVAL WORDINC = 1~~1
10:14:08.498 ~~TEST_06.TEST_06~~36~~STMT~~ITER
10:14:08.499 ~~TEST_06.TEST_06~~~~DATA~~I = 123~~124
10:14:08.499 ~~TEST_06.TEST_06~~31~~EXPR~~%LEN(SENTENCE)~~128
10:14:08.499 ~~TEST_06.TEST_06~~33~~EXPR~~%SUBST(SENTENCE : I : 1)~~
10:14:08.499 ~~TEST_06.TEST_06~~33~~EXPR~~%SUBST(SENTENCE : I : 1) = " "~~true
10:14:08.499 ~~TEST_06.TEST_06~~33~~STMT~~IF %SUBST(SENTENCE : I : 1) = " "~~true
10:14:08.499 ~~TEST_06.TEST_06~~~~DATA~~WORDINC = 1~~1
10:14:08.500 ~~TEST_06.TEST_06~~34~~STMT~~EVAL WORDINC = 1~~1
10:14:08.500 ~~TEST_06.TEST_06~~36~~STMT~~ITER
10:14:08.500 ~~TEST_06.TEST_06~~~~DATA~~I = 124~~125
10:14:08.500 ~~TEST_06.TEST_06~~31~~EXPR~~%LEN(SENTENCE)~~128
10:14:08.500 ~~TEST_06.TEST_06~~33~~EXPR~~%SUBST(SENTENCE : I : 1)~~
10:14:08.500 ~~TEST_06.TEST_06~~33~~EXPR~~%SUBST(SENTENCE : I : 1) = " "~~true
10:14:08.500 ~~TEST_06.TEST_06~~33~~STMT~~IF %SUBST(SENTENCE : I : 1) = " "~~true
10:14:08.500 ~~TEST_06.TEST_06~~~~DATA~~WORDINC = 1~~1
10:14:08.501 ~~TEST_06.TEST_06~~34~~STMT~~EVAL WORDINC = 1~~1
10:14:08.501 ~~TEST_06.TEST_06~~36~~STMT~~ITER
10:14:08.501 ~~TEST_06.TEST_06~~~~DATA~~I = 125~~126
10:14:08.501 ~~TEST_06.TEST_06~~31~~EXPR~~%LEN(SENTENCE)~~128
10:14:08.501 ~~TEST_06.TEST_06~~33~~EXPR~~%SUBST(SENTENCE : I : 1)~~
10:14:08.501 ~~TEST_06.TEST_06~~33~~EXPR~~%SUBST(SENTENCE : I : 1) = " "~~true
10:14:08.501 ~~TEST_06.TEST_06~~33~~STMT~~IF %SUBST(SENTENCE : I : 1) = " "~~true
10:14:08.502 ~~TEST_06.TEST_06~~~~DATA~~WORDINC = 1~~1
10:14:08.502 ~~TEST_06.TEST_06~~34~~STMT~~EVAL WORDINC = 1~~1
10:14:08.502 ~~TEST_06.TEST_06~~36~~STMT~~ITER
10:14:08.502 ~~TEST_06.TEST_06~~~~DATA~~I = 126~~127
10:14:08.502 ~~TEST_06.TEST_06~~31~~EXPR~~%LEN(SENTENCE)~~128
10:14:08.503 ~~TEST_06.TEST_06~~33~~EXPR~~%SUBST(SENTENCE : I : 1)~~
10:14:08.503 ~~TEST_06.TEST_06~~33~~EXPR~~%SUBST(SENTENCE : I : 1) = " "~~true
10:14:08.503 ~~TEST_06.TEST_06~~33~~STMT~~IF %SUBST(SENTENCE : I : 1) = " "~~true
10:14:08.504 ~~TEST_06.TEST_06~~~~DATA~~WORDINC = 1~~1
10:14:08.504 ~~TEST_06.TEST_06~~34~~STMT~~EVAL WORDINC = 1~~1
10:14:08.504 ~~TEST_06.TEST_06~~36~~STMT~~ITER
10:14:08.504 ~~TEST_06.TEST_06~~~~DATA~~I = 127~~128
10:14:08.504 ~~TEST_06.TEST_06~~31~~EXPR~~%LEN(SENTENCE)~~128
10:14:08.504 ~~TEST_06.TEST_06~~33~~EXPR~~%SUBST(SENTENCE : I : 1)~~
10:14:08.504 ~~TEST_06.TEST_06~~33~~EXPR~~%SUBST(SENTENCE : I : 1) = " "~~true
10:14:08.504 ~~TEST_06.TEST_06~~33~~STMT~~IF %SUBST(SENTENCE : I : 1) = " "~~true
10:14:08.504 ~~TEST_06.TEST_06~~~~DATA~~WORDINC = 1~~1
10:14:08.505 ~~TEST_06.TEST_06~~34~~STMT~~EVAL WORDINC = 1~~1
10:14:08.505 ~~TEST_06.TEST_06~~36~~STMT~~ITER
10:14:08.505 ~~TEST_06.TEST_06~~~~DATA~~I = 128~~129
10:14:08.505 ~~TEST_06.TEST_06~~31~~EXPR~~%LEN(SENTENCE)~~128
10:14:08.505 ~~TEST_06.TEST_06~~61~~LOOP~~ENDFOR I ~~109~~iterations
10:14:08.505 ~~TEST_06.TEST_06~~61~~STMT~~ENDFOR I 
10:14:08.506 ~~TEST_06.TEST_06~~61~~PERF~~ENDFOR I ~~201~~ms
10:14:08.506 ~~TEST_06.TEST_06~~~~DATA~~TMP = A~~#
10:14:08.506 ~~TEST_06.TEST_06~~64~~STMT~~MOVE~~EOF TO TMP~~#
10:14:08.506 ~~TEST_06.TEST_06~~66~~EXPR~~WORDCNT + 1~~7
10:14:08.507 ~~TEST_06.TEST_06~~66~~STMT~~EVAL WORDS(WORDCNT + 1)) = TMP~~#
10:14:08.508 ~~TEST_06.TEST_06~~72~~STMT~~SUBROUTINE ~~PRINT
10:14:08.508 ~~TEST_06.TEST_06~~72~~RESL~~SUBROUTINE START~~PRINT
10:14:08.508 ~~TEST_06.TEST_06~~~~DATA~~I = 129~~1
10:14:08.508 ~~TEST_06.TEST_06~~73~~LOOP~~FOR I = 1  TO %ELEM(WORDS) 
10:14:08.508 ~~TEST_06.TEST_06~~73~~STMT~~FOR I = 1  TO %ELEM(WORDS)
10:14:08.509 ~~TEST_06.TEST_06~~73~~EXPR~~%ELEM(WORDS)~~128
10:14:08.517 ~~TEST_06.TEST_06~~74~~EXPR~~WORDS(I))~~Lorem
10:14:08.518 ~~TEST_06.TEST_06~~74~~EXPR~~%TRIM(WORDS(I)) : 1)~~Lorem
10:14:08.518 ~~TEST_06.TEST_06~~74~~EXPR~~%TRIM(WORDS(I)) : 1) = EOF~~false
10:14:08.518 ~~TEST_06.TEST_06~~74~~STMT~~IF %TRIM(WORDS(I)) : 1) = EOF~~false
10:14:08.518 ~~TEST_06.TEST_06~~77~~EXPR~~%CHAR(I)~~1
10:14:08.518 ~~TEST_06.TEST_06~~~~EXPR~~%CHAR(I) + " - "~~1 - 
10:14:08.519 ~~TEST_06.TEST_06~~77~~EXPR~~WORDS(I))~~Lorem
10:14:08.519 ~~TEST_06.TEST_06~~77~~EXPR~~%CHAR(I) + " - " + WORDS(I))~~1 - Lorem
10:14:08.520 ~~TEST_06.TEST_06~~~~DATA~~DSP = ~~1 - Lorem
10:14:08.520 ~~TEST_06.TEST_06~~77~~STMT~~EVAL DSP = %CHAR(I) + " - " + WORDS(I))~~1 - Lorem
10:14:08.521 ~~TEST_06.TEST_06~~~~DATA~~I = 1~~2
10:14:08.521 ~~TEST_06.TEST_06~~73~~EXPR~~%ELEM(WORDS)~~128
10:14:08.521 ~~TEST_06.TEST_06~~74~~EXPR~~WORDS(I))~~ipsum
10:14:08.521 ~~TEST_06.TEST_06~~74~~EXPR~~%TRIM(WORDS(I)) : 1)~~ipsum
10:14:08.521 ~~TEST_06.TEST_06~~74~~EXPR~~%TRIM(WORDS(I)) : 1) = EOF~~false
10:14:08.521 ~~TEST_06.TEST_06~~74~~STMT~~IF %TRIM(WORDS(I)) : 1) = EOF~~false
10:14:08.522 ~~TEST_06.TEST_06~~77~~EXPR~~%CHAR(I)~~2
10:14:08.522 ~~TEST_06.TEST_06~~~~EXPR~~%CHAR(I) + " - "~~2 - 
10:14:08.522 ~~TEST_06.TEST_06~~77~~EXPR~~WORDS(I))~~ipsum
10:14:08.522 ~~TEST_06.TEST_06~~77~~EXPR~~%CHAR(I) + " - " + WORDS(I))~~2 - ipsum
10:14:08.522 ~~TEST_06.TEST_06~~~~DATA~~DSP = 1 - Lorem~~2 - ipsum
10:14:08.523 ~~TEST_06.TEST_06~~77~~STMT~~EVAL DSP = %CHAR(I) + " - " + WORDS(I))~~2 - ipsum
10:14:08.523 ~~TEST_06.TEST_06~~~~DATA~~I = 2~~3
10:14:08.523 ~~TEST_06.TEST_06~~73~~EXPR~~%ELEM(WORDS)~~128
10:14:08.523 ~~TEST_06.TEST_06~~74~~EXPR~~WORDS(I))~~dolor
10:14:08.523 ~~TEST_06.TEST_06~~74~~EXPR~~%TRIM(WORDS(I)) : 1)~~dolor
10:14:08.524 ~~TEST_06.TEST_06~~74~~EXPR~~%TRIM(WORDS(I)) : 1) = EOF~~false
10:14:08.524 ~~TEST_06.TEST_06~~74~~STMT~~IF %TRIM(WORDS(I)) : 1) = EOF~~false
10:14:08.524 ~~TEST_06.TEST_06~~77~~EXPR~~%CHAR(I)~~3
10:14:08.524 ~~TEST_06.TEST_06~~~~EXPR~~%CHAR(I) + " - "~~3 - 
10:14:08.524 ~~TEST_06.TEST_06~~77~~EXPR~~WORDS(I))~~dolor
10:14:08.524 ~~TEST_06.TEST_06~~77~~EXPR~~%CHAR(I) + " - " + WORDS(I))~~3 - dolor
10:14:08.525 ~~TEST_06.TEST_06~~~~DATA~~DSP = 2 - ipsum~~3 - dolor
10:14:08.525 ~~TEST_06.TEST_06~~77~~STMT~~EVAL DSP = %CHAR(I) + " - " + WORDS(I))~~3 - dolor
10:14:08.525 ~~TEST_06.TEST_06~~~~DATA~~I = 3~~4
10:14:08.525 ~~TEST_06.TEST_06~~73~~EXPR~~%ELEM(WORDS)~~128
10:14:08.525 ~~TEST_06.TEST_06~~74~~EXPR~~WORDS(I))~~sit
10:14:08.525 ~~TEST_06.TEST_06~~74~~EXPR~~%TRIM(WORDS(I)) : 1)~~sit
10:14:08.525 ~~TEST_06.TEST_06~~74~~EXPR~~%TRIM(WORDS(I)) : 1) = EOF~~false
10:14:08.525 ~~TEST_06.TEST_06~~74~~STMT~~IF %TRIM(WORDS(I)) : 1) = EOF~~false
10:14:08.525 ~~TEST_06.TEST_06~~77~~EXPR~~%CHAR(I)~~4
10:14:08.525 ~~TEST_06.TEST_06~~~~EXPR~~%CHAR(I) + " - "~~4 - 
10:14:08.526 ~~TEST_06.TEST_06~~77~~EXPR~~WORDS(I))~~sit
10:14:08.526 ~~TEST_06.TEST_06~~77~~EXPR~~%CHAR(I) + " - " + WORDS(I))~~4 - sit
10:14:08.526 ~~TEST_06.TEST_06~~~~DATA~~DSP = 3 - dolor~~4 - sit
10:14:08.526 ~~TEST_06.TEST_06~~77~~STMT~~EVAL DSP = %CHAR(I) + " - " + WORDS(I))~~4 - sit
10:14:08.527 ~~TEST_06.TEST_06~~~~DATA~~I = 4~~5
10:14:08.527 ~~TEST_06.TEST_06~~73~~EXPR~~%ELEM(WORDS)~~128
10:14:08.527 ~~TEST_06.TEST_06~~74~~EXPR~~WORDS(I))~~amet
10:14:08.527 ~~TEST_06.TEST_06~~74~~EXPR~~%TRIM(WORDS(I)) : 1)~~amet
10:14:08.527 ~~TEST_06.TEST_06~~74~~EXPR~~%TRIM(WORDS(I)) : 1) = EOF~~false
10:14:08.527 ~~TEST_06.TEST_06~~74~~STMT~~IF %TRIM(WORDS(I)) : 1) = EOF~~false
10:14:08.527 ~~TEST_06.TEST_06~~77~~EXPR~~%CHAR(I)~~5
10:14:08.527 ~~TEST_06.TEST_06~~~~EXPR~~%CHAR(I) + " - "~~5 - 
10:14:08.528 ~~TEST_06.TEST_06~~77~~EXPR~~WORDS(I))~~amet
10:14:08.528 ~~TEST_06.TEST_06~~77~~EXPR~~%CHAR(I) + " - " + WORDS(I))~~5 - amet
10:14:08.528 ~~TEST_06.TEST_06~~~~DATA~~DSP = 4 - sit~~5 - amet
10:14:08.528 ~~TEST_06.TEST_06~~77~~STMT~~EVAL DSP = %CHAR(I) + " - " + WORDS(I))~~5 - amet
10:14:08.529 ~~TEST_06.TEST_06~~~~DATA~~I = 5~~6
10:14:08.529 ~~TEST_06.TEST_06~~73~~EXPR~~%ELEM(WORDS)~~128
10:14:08.529 ~~TEST_06.TEST_06~~74~~EXPR~~WORDS(I))~~sed
10:14:08.529 ~~TEST_06.TEST_06~~74~~EXPR~~%TRIM(WORDS(I)) : 1)~~sed
10:14:08.529 ~~TEST_06.TEST_06~~74~~EXPR~~%TRIM(WORDS(I)) : 1) = EOF~~false
10:14:08.529 ~~TEST_06.TEST_06~~74~~STMT~~IF %TRIM(WORDS(I)) : 1) = EOF~~false
10:14:08.529 ~~TEST_06.TEST_06~~77~~EXPR~~%CHAR(I)~~6
10:14:08.529 ~~TEST_06.TEST_06~~~~EXPR~~%CHAR(I) + " - "~~6 - 
10:14:08.530 ~~TEST_06.TEST_06~~77~~EXPR~~WORDS(I))~~sed
10:14:08.530 ~~TEST_06.TEST_06~~77~~EXPR~~%CHAR(I) + " - " + WORDS(I))~~6 - sed
10:14:08.530 ~~TEST_06.TEST_06~~~~DATA~~DSP = 5 - amet~~6 - sed
10:14:08.530 ~~TEST_06.TEST_06~~77~~STMT~~EVAL DSP = %CHAR(I) + " - " + WORDS(I))~~6 - sed
10:14:08.530 ~~TEST_06.TEST_06~~~~DATA~~I = 6~~7
10:14:08.530 ~~TEST_06.TEST_06~~73~~EXPR~~%ELEM(WORDS)~~128
10:14:08.531 ~~TEST_06.TEST_06~~74~~EXPR~~WORDS(I))~~#
10:14:08.531 ~~TEST_06.TEST_06~~74~~EXPR~~%TRIM(WORDS(I)) : 1)~~#
10:14:08.531 ~~TEST_06.TEST_06~~74~~EXPR~~%TRIM(WORDS(I)) : 1) = EOF~~true
10:14:08.531 ~~TEST_06.TEST_06~~74~~STMT~~IF %TRIM(WORDS(I)) : 1) = EOF~~true
10:14:08.531 ~~TEST_06.TEST_06~~75~~STMT~~LEAVE
10:14:08.531 ~~TEST_06.TEST_06~~79~~LOOP~~ENDFOR I ~~6~~iterations
10:14:08.531 ~~TEST_06.TEST_06~~79~~STMT~~ENDFOR I 
10:14:08.531 ~~TEST_06.TEST_06~~79~~PERF~~ENDFOR I ~~23~~ms
10:14:08.532 ~~TEST_06.TEST_06~~80~~STMT~~SUBROUTINE END~~PRINT
10:14:08.532 ~~TEST_06.TEST_06~~80~~PERF~~SUBROUTINE END~~PRINT~~23~~ms
10:14:08.533 ~~TEST_06.TEST_06~~~~STMT~~PROGRAM END~~TEST_06.TEST_06
10:14:08.533 ~~TEST_06.TEST_06~~~~PERF~~END TEST_06.TEST_06~~3200~~ms
10:16:51.680 ~~~~~~RESL~~resource: /logging/
10:16:51.684 ~~~~~~RESL~~source:
10:16:51.684 ~~~~~~RESL~~com.smeup.rpgparser.rgpinterop.DirRpgProgramFinder@6b927fb
10:16:51.686 ~~~~~~RESL~~resource: /
10:16:54.374 ~~TEST_06.TEST_06~~~~STMT~~PROGRAM START~~TEST_06.TEST_06
10:16:54.454 ~~TEST_06.TEST_06~~~~DATA~~SENTENCE = N/D~~Lorem ipsum dolor sit amet sed
10:16:54.455 ~~TEST_06.TEST_06~~~~DATA~~WORDCNT = N/D~~0
10:16:54.455 ~~TEST_06.TEST_06~~~~DATA~~WORDINC = N/D~~0
10:16:54.455 ~~TEST_06.TEST_06~~~~DATA~~I = N/D~~0
10:16:54.456 ~~TEST_06.TEST_06~~~~DATA~~J = N/D~~0
10:16:54.456 ~~TEST_06.TEST_06~~~~DATA~~ONE = N/D~~1
10:16:54.456 ~~TEST_06.TEST_06~~~~DATA~~EOF = N/D~~#
10:16:54.456 ~~TEST_06.TEST_06~~~~DATA~~TMP = N/D~~ 
10:16:54.459 ~~TEST_06.TEST_06~~~~DATA~~WORDS = N/D~~Array(128)
10:16:54.460 ~~TEST_06.TEST_06~~~~DATA~~DSP = N/D~~
10:16:54.460 ~~TEST_06.TEST_06~~~~DATA~~U$FUNZ = N/D~~AA
10:16:54.460 ~~TEST_06.TEST_06~~~~DATA~~U$METO = N/D~~'ABCD'
10:16:54.460 ~~TEST_06.TEST_06~~~~DATA~~U$SVARSK = N/D~~1**
10:16:54.462 ~~TEST_06.TEST_06~~21~~STMT~~PARAM~~U$FUNZ~~AA
10:16:54.462 ~~TEST_06.TEST_06~~21~~STMT~~PARAM~~U$METO~~'ABCD'
10:16:54.463 ~~TEST_06.TEST_06~~21~~STMT~~PARAM~~U$SVARSK~~1**
10:16:54.466 ~~TEST_06.TEST_06~~~~DATA~~TMP =  ~~A
10:16:54.467 ~~TEST_06.TEST_06~~26~~STMT~~EVAL TMP = U$FUNZ~~A
10:16:54.473 ~~TEST_06.TEST_06~~~~DATA~~WORDCNT = 0~~0
10:16:54.473 ~~TEST_06.TEST_06~~28~~STMT~~CLEAR~~WORDCNT~~0
10:16:54.474 ~~TEST_06.TEST_06~~~~DATA~~WORDINC = 0~~1
10:16:54.474 ~~TEST_06.TEST_06~~30~~STMT~~MOVE~~ONE TO WORDINC~~1
10:16:54.476 ~~TEST_06.TEST_06~~~~DATA~~I = 0~~1
10:16:54.477 ~~TEST_06.TEST_06~~31~~LOOP~~FOR I = 1 BY WORDINC TO %LEN(SENTENCE) 
10:16:54.477 ~~TEST_06.TEST_06~~31~~STMT~~FOR I = 1 BY WORDINC TO %LEN(SENTENCE)
10:16:54.482 ~~TEST_06.TEST_06~~31~~EXPR~~%LEN(SENTENCE)~~128
10:16:54.483 ~~TEST_06.TEST_06~~33~~EXPR~~%SUBST(SENTENCE : I : 1)~~L
10:16:54.484 ~~TEST_06.TEST_06~~33~~EXPR~~%SUBST(SENTENCE : I : 1) = " "~~false
10:16:54.485 ~~TEST_06.TEST_06~~33~~STMT~~IF %SUBST(SENTENCE : I : 1) = " "~~false
10:16:54.485 ~~TEST_06.TEST_06~~~~EXPR~~I + 1~~2
10:16:54.485 ~~TEST_06.TEST_06~~~~DATA~~J = 0~~2
10:16:54.485 ~~TEST_06.TEST_06~~39~~LOOP~~FOR J = I + 1  TO %LEN(SENTENCE) 
10:16:54.485 ~~TEST_06.TEST_06~~39~~STMT~~FOR J = I + 1  TO %LEN(SENTENCE)
10:16:54.485 ~~TEST_06.TEST_06~~39~~EXPR~~%LEN(SENTENCE)~~128
10:16:54.485 ~~TEST_06.TEST_06~~40~~EXPR~~%SUBST(SENTENCE : J : 1)~~o
10:16:54.485 ~~TEST_06.TEST_06~~40~~EXPR~~%SUBST(SENTENCE : J : 1) = " "~~false
10:16:54.486 ~~TEST_06.TEST_06~~40~~STMT~~IF %SUBST(SENTENCE : J : 1) = " "~~false
10:16:54.486 ~~TEST_06.TEST_06~~~~DATA~~J = 2~~3
10:16:54.486 ~~TEST_06.TEST_06~~39~~EXPR~~%LEN(SENTENCE)~~128
10:16:54.486 ~~TEST_06.TEST_06~~40~~EXPR~~%SUBST(SENTENCE : J : 1)~~r
10:16:54.486 ~~TEST_06.TEST_06~~40~~EXPR~~%SUBST(SENTENCE : J : 1) = " "~~false
10:16:54.486 ~~TEST_06.TEST_06~~40~~STMT~~IF %SUBST(SENTENCE : J : 1) = " "~~false
10:16:54.486 ~~TEST_06.TEST_06~~~~DATA~~J = 3~~4
10:16:54.486 ~~TEST_06.TEST_06~~39~~EXPR~~%LEN(SENTENCE)~~128
10:16:54.486 ~~TEST_06.TEST_06~~40~~EXPR~~%SUBST(SENTENCE : J : 1)~~e
10:16:54.486 ~~TEST_06.TEST_06~~40~~EXPR~~%SUBST(SENTENCE : J : 1) = " "~~false
10:16:54.486 ~~TEST_06.TEST_06~~40~~STMT~~IF %SUBST(SENTENCE : J : 1) = " "~~false
10:16:54.487 ~~TEST_06.TEST_06~~~~DATA~~J = 4~~5
10:16:54.487 ~~TEST_06.TEST_06~~39~~EXPR~~%LEN(SENTENCE)~~128
10:16:54.487 ~~TEST_06.TEST_06~~40~~EXPR~~%SUBST(SENTENCE : J : 1)~~m
10:16:54.487 ~~TEST_06.TEST_06~~40~~EXPR~~%SUBST(SENTENCE : J : 1) = " "~~false
10:16:54.487 ~~TEST_06.TEST_06~~40~~STMT~~IF %SUBST(SENTENCE : J : 1) = " "~~false
10:16:54.487 ~~TEST_06.TEST_06~~~~DATA~~J = 5~~6
10:16:54.487 ~~TEST_06.TEST_06~~39~~EXPR~~%LEN(SENTENCE)~~128
10:16:54.487 ~~TEST_06.TEST_06~~40~~EXPR~~%SUBST(SENTENCE : J : 1)~~ 
10:16:54.487 ~~TEST_06.TEST_06~~40~~EXPR~~%SUBST(SENTENCE : J : 1) = " "~~true
10:16:54.487 ~~TEST_06.TEST_06~~40~~STMT~~IF %SUBST(SENTENCE : J : 1) = " "~~true
10:16:54.490 ~~TEST_06.TEST_06~~42~~STMT~~LEAVE
10:16:54.491 ~~TEST_06.TEST_06~~44~~LOOP~~ENDFOR J ~~4~~iterations
10:16:54.491 ~~TEST_06.TEST_06~~44~~STMT~~ENDFOR J 
10:16:54.491 ~~TEST_06.TEST_06~~44~~PERF~~ENDFOR J ~~6~~ms
10:16:54.491 ~~TEST_06.TEST_06~~45~~EXPR~~J - I~~5
10:16:54.491 ~~TEST_06.TEST_06~~~~DATA~~WORDINC = 1~~5
10:16:54.492 ~~TEST_06.TEST_06~~45~~STMT~~EVAL WORDINC = J - I~~5
10:16:54.492 ~~TEST_06.TEST_06~~46~~EXPR~~WORDCNT + 1~~1
10:16:54.492 ~~TEST_06.TEST_06~~~~DATA~~WORDCNT = 0~~1
10:16:54.492 ~~TEST_06.TEST_06~~46~~STMT~~EVAL WORDCNT = WORDCNT + 1~~1
10:16:54.492 ~~TEST_06.TEST_06~~50~~EXPR~~WORDINC = 5~~true
10:16:54.492 ~~TEST_06.TEST_06~~50~~STMT~~SELECT WHEN~~WORDINC = 5~~(true)
10:16:54.492 ~~TEST_06.TEST_06~~51~~EXPR~~%SUBST(SENTENCE : I : 5)~~Lorem
10:16:54.493 ~~TEST_06.TEST_06~~51~~STMT~~EVAL WORDS(WORDCNT)) = %SUBST(SENTENCE : I : 5)~~Lorem
10:16:54.493 ~~TEST_06.TEST_06~~~~DATA~~I = 1~~6
10:16:54.494 ~~TEST_06.TEST_06~~31~~EXPR~~%LEN(SENTENCE)~~128
10:16:54.494 ~~TEST_06.TEST_06~~33~~EXPR~~%SUBST(SENTENCE : I : 1)~~ 
10:16:54.494 ~~TEST_06.TEST_06~~33~~EXPR~~%SUBST(SENTENCE : I : 1) = " "~~true
10:16:54.494 ~~TEST_06.TEST_06~~33~~STMT~~IF %SUBST(SENTENCE : I : 1) = " "~~true
10:16:54.494 ~~TEST_06.TEST_06~~~~DATA~~WORDINC = 5~~1
10:16:54.494 ~~TEST_06.TEST_06~~34~~STMT~~EVAL WORDINC = 1~~1
10:16:54.494 ~~TEST_06.TEST_06~~36~~STMT~~ITER
10:16:54.494 ~~TEST_06.TEST_06~~~~DATA~~I = 6~~7
10:16:54.494 ~~TEST_06.TEST_06~~31~~EXPR~~%LEN(SENTENCE)~~128
10:16:54.494 ~~TEST_06.TEST_06~~33~~EXPR~~%SUBST(SENTENCE : I : 1)~~i
10:16:54.495 ~~TEST_06.TEST_06~~33~~EXPR~~%SUBST(SENTENCE : I : 1) = " "~~false
10:16:54.495 ~~TEST_06.TEST_06~~33~~STMT~~IF %SUBST(SENTENCE : I : 1) = " "~~false
10:16:54.495 ~~TEST_06.TEST_06~~~~EXPR~~I + 1~~8
10:16:54.495 ~~TEST_06.TEST_06~~~~DATA~~J = 6~~8
10:16:54.495 ~~TEST_06.TEST_06~~39~~LOOP~~FOR J = I + 1  TO %LEN(SENTENCE) 
10:16:54.495 ~~TEST_06.TEST_06~~39~~STMT~~FOR J = I + 1  TO %LEN(SENTENCE)
10:16:54.495 ~~TEST_06.TEST_06~~39~~EXPR~~%LEN(SENTENCE)~~128
10:16:54.495 ~~TEST_06.TEST_06~~40~~EXPR~~%SUBST(SENTENCE : J : 1)~~p
10:16:54.495 ~~TEST_06.TEST_06~~40~~EXPR~~%SUBST(SENTENCE : J : 1) = " "~~false
10:16:54.495 ~~TEST_06.TEST_06~~40~~STMT~~IF %SUBST(SENTENCE : J : 1) = " "~~false
10:16:54.495 ~~TEST_06.TEST_06~~~~DATA~~J = 8~~9
10:16:54.496 ~~TEST_06.TEST_06~~39~~EXPR~~%LEN(SENTENCE)~~128
10:16:54.496 ~~TEST_06.TEST_06~~40~~EXPR~~%SUBST(SENTENCE : J : 1)~~s
10:16:54.502 ~~TEST_06.TEST_06~~40~~EXPR~~%SUBST(SENTENCE : J : 1) = " "~~false
10:16:54.502 ~~TEST_06.TEST_06~~40~~STMT~~IF %SUBST(SENTENCE : J : 1) = " "~~false
10:16:54.502 ~~TEST_06.TEST_06~~~~DATA~~J = 9~~10
10:16:54.502 ~~TEST_06.TEST_06~~39~~EXPR~~%LEN(SENTENCE)~~128
10:16:54.502 ~~TEST_06.TEST_06~~40~~EXPR~~%SUBST(SENTENCE : J : 1)~~u
10:16:54.502 ~~TEST_06.TEST_06~~40~~EXPR~~%SUBST(SENTENCE : J : 1) = " "~~false
10:16:54.502 ~~TEST_06.TEST_06~~40~~STMT~~IF %SUBST(SENTENCE : J : 1) = " "~~false
10:16:54.502 ~~TEST_06.TEST_06~~~~DATA~~J = 10~~11
10:16:54.503 ~~TEST_06.TEST_06~~39~~EXPR~~%LEN(SENTENCE)~~128
10:16:54.503 ~~TEST_06.TEST_06~~40~~EXPR~~%SUBST(SENTENCE : J : 1)~~m
10:16:54.503 ~~TEST_06.TEST_06~~40~~EXPR~~%SUBST(SENTENCE : J : 1) = " "~~false
10:16:54.503 ~~TEST_06.TEST_06~~40~~STMT~~IF %SUBST(SENTENCE : J : 1) = " "~~false
10:16:54.503 ~~TEST_06.TEST_06~~~~DATA~~J = 11~~12
10:16:54.503 ~~TEST_06.TEST_06~~39~~EXPR~~%LEN(SENTENCE)~~128
10:16:54.503 ~~TEST_06.TEST_06~~40~~EXPR~~%SUBST(SENTENCE : J : 1)~~ 
10:16:54.503 ~~TEST_06.TEST_06~~40~~EXPR~~%SUBST(SENTENCE : J : 1) = " "~~true
10:16:54.503 ~~TEST_06.TEST_06~~40~~STMT~~IF %SUBST(SENTENCE : J : 1) = " "~~true
10:16:54.504 ~~TEST_06.TEST_06~~42~~STMT~~LEAVE
10:16:54.504 ~~TEST_06.TEST_06~~44~~LOOP~~ENDFOR J ~~4~~iterations
10:16:54.504 ~~TEST_06.TEST_06~~44~~STMT~~ENDFOR J 
10:16:54.504 ~~TEST_06.TEST_06~~44~~PERF~~ENDFOR J ~~9~~ms
10:16:54.504 ~~TEST_06.TEST_06~~45~~EXPR~~J - I~~5
10:16:54.504 ~~TEST_06.TEST_06~~~~DATA~~WORDINC = 1~~5
10:16:54.504 ~~TEST_06.TEST_06~~45~~STMT~~EVAL WORDINC = J - I~~5
10:16:54.504 ~~TEST_06.TEST_06~~46~~EXPR~~WORDCNT + 1~~2
10:16:54.504 ~~TEST_06.TEST_06~~~~DATA~~WORDCNT = 1~~2
10:16:54.504 ~~TEST_06.TEST_06~~46~~STMT~~EVAL WORDCNT = WORDCNT + 1~~2
10:16:54.505 ~~TEST_06.TEST_06~~50~~EXPR~~WORDINC = 5~~true
10:16:54.505 ~~TEST_06.TEST_06~~50~~STMT~~SELECT WHEN~~WORDINC = 5~~(true)
10:16:54.505 ~~TEST_06.TEST_06~~51~~EXPR~~%SUBST(SENTENCE : I : 5)~~ipsum
10:16:54.505 ~~TEST_06.TEST_06~~51~~STMT~~EVAL WORDS(WORDCNT)) = %SUBST(SENTENCE : I : 5)~~ipsum
10:16:54.505 ~~TEST_06.TEST_06~~~~DATA~~I = 7~~12
10:16:54.505 ~~TEST_06.TEST_06~~31~~EXPR~~%LEN(SENTENCE)~~128
10:16:54.505 ~~TEST_06.TEST_06~~33~~EXPR~~%SUBST(SENTENCE : I : 1)~~ 
10:16:54.505 ~~TEST_06.TEST_06~~33~~EXPR~~%SUBST(SENTENCE : I : 1) = " "~~true
10:16:54.505 ~~TEST_06.TEST_06~~33~~STMT~~IF %SUBST(SENTENCE : I : 1) = " "~~true
10:16:54.506 ~~TEST_06.TEST_06~~~~DATA~~WORDINC = 5~~1
10:16:54.506 ~~TEST_06.TEST_06~~34~~STMT~~EVAL WORDINC = 1~~1
10:16:54.506 ~~TEST_06.TEST_06~~36~~STMT~~ITER
10:16:54.506 ~~TEST_06.TEST_06~~~~DATA~~I = 12~~13
10:16:54.506 ~~TEST_06.TEST_06~~31~~EXPR~~%LEN(SENTENCE)~~128
10:16:54.506 ~~TEST_06.TEST_06~~33~~EXPR~~%SUBST(SENTENCE : I : 1)~~d
10:16:54.506 ~~TEST_06.TEST_06~~33~~EXPR~~%SUBST(SENTENCE : I : 1) = " "~~false
10:16:54.506 ~~TEST_06.TEST_06~~33~~STMT~~IF %SUBST(SENTENCE : I : 1) = " "~~false
10:16:54.506 ~~TEST_06.TEST_06~~~~EXPR~~I + 1~~14
10:16:54.506 ~~TEST_06.TEST_06~~~~DATA~~J = 12~~14
10:16:54.506 ~~TEST_06.TEST_06~~39~~LOOP~~FOR J = I + 1  TO %LEN(SENTENCE) 
10:16:54.506 ~~TEST_06.TEST_06~~39~~STMT~~FOR J = I + 1  TO %LEN(SENTENCE)
10:16:54.506 ~~TEST_06.TEST_06~~39~~EXPR~~%LEN(SENTENCE)~~128
10:16:54.507 ~~TEST_06.TEST_06~~40~~EXPR~~%SUBST(SENTENCE : J : 1)~~o
10:16:54.507 ~~TEST_06.TEST_06~~40~~EXPR~~%SUBST(SENTENCE : J : 1) = " "~~false
10:16:54.507 ~~TEST_06.TEST_06~~40~~STMT~~IF %SUBST(SENTENCE : J : 1) = " "~~false
10:16:54.507 ~~TEST_06.TEST_06~~~~DATA~~J = 14~~15
10:16:54.507 ~~TEST_06.TEST_06~~39~~EXPR~~%LEN(SENTENCE)~~128
10:16:54.507 ~~TEST_06.TEST_06~~40~~EXPR~~%SUBST(SENTENCE : J : 1)~~l
10:16:54.507 ~~TEST_06.TEST_06~~40~~EXPR~~%SUBST(SENTENCE : J : 1) = " "~~false
10:16:54.507 ~~TEST_06.TEST_06~~40~~STMT~~IF %SUBST(SENTENCE : J : 1) = " "~~false
10:16:54.507 ~~TEST_06.TEST_06~~~~DATA~~J = 15~~16
10:16:54.507 ~~TEST_06.TEST_06~~39~~EXPR~~%LEN(SENTENCE)~~128
10:16:54.508 ~~TEST_06.TEST_06~~40~~EXPR~~%SUBST(SENTENCE : J : 1)~~o
10:16:54.508 ~~TEST_06.TEST_06~~40~~EXPR~~%SUBST(SENTENCE : J : 1) = " "~~false
10:16:54.508 ~~TEST_06.TEST_06~~40~~STMT~~IF %SUBST(SENTENCE : J : 1) = " "~~false
10:16:54.508 ~~TEST_06.TEST_06~~~~DATA~~J = 16~~17
10:16:54.508 ~~TEST_06.TEST_06~~39~~EXPR~~%LEN(SENTENCE)~~128
10:16:54.508 ~~TEST_06.TEST_06~~40~~EXPR~~%SUBST(SENTENCE : J : 1)~~r
10:16:54.508 ~~TEST_06.TEST_06~~40~~EXPR~~%SUBST(SENTENCE : J : 1) = " "~~false
10:16:54.508 ~~TEST_06.TEST_06~~40~~STMT~~IF %SUBST(SENTENCE : J : 1) = " "~~false
10:16:54.508 ~~TEST_06.TEST_06~~~~DATA~~J = 17~~18
10:16:54.508 ~~TEST_06.TEST_06~~39~~EXPR~~%LEN(SENTENCE)~~128
10:16:54.508 ~~TEST_06.TEST_06~~40~~EXPR~~%SUBST(SENTENCE : J : 1)~~ 
10:16:54.508 ~~TEST_06.TEST_06~~40~~EXPR~~%SUBST(SENTENCE : J : 1) = " "~~true
10:16:54.509 ~~TEST_06.TEST_06~~40~~STMT~~IF %SUBST(SENTENCE : J : 1) = " "~~true
10:16:54.509 ~~TEST_06.TEST_06~~42~~STMT~~LEAVE
10:16:54.509 ~~TEST_06.TEST_06~~44~~LOOP~~ENDFOR J ~~4~~iterations
10:16:54.509 ~~TEST_06.TEST_06~~44~~STMT~~ENDFOR J 
10:16:54.509 ~~TEST_06.TEST_06~~44~~PERF~~ENDFOR J ~~3~~ms
10:16:54.509 ~~TEST_06.TEST_06~~45~~EXPR~~J - I~~5
10:16:54.509 ~~TEST_06.TEST_06~~~~DATA~~WORDINC = 1~~5
10:16:54.509 ~~TEST_06.TEST_06~~45~~STMT~~EVAL WORDINC = J - I~~5
10:16:54.509 ~~TEST_06.TEST_06~~46~~EXPR~~WORDCNT + 1~~3
10:16:54.509 ~~TEST_06.TEST_06~~~~DATA~~WORDCNT = 2~~3
10:16:54.509 ~~TEST_06.TEST_06~~46~~STMT~~EVAL WORDCNT = WORDCNT + 1~~3
10:16:54.509 ~~TEST_06.TEST_06~~50~~EXPR~~WORDINC = 5~~true
10:16:54.509 ~~TEST_06.TEST_06~~50~~STMT~~SELECT WHEN~~WORDINC = 5~~(true)
10:16:54.509 ~~TEST_06.TEST_06~~51~~EXPR~~%SUBST(SENTENCE : I : 5)~~dolor
10:16:54.510 ~~TEST_06.TEST_06~~51~~STMT~~EVAL WORDS(WORDCNT)) = %SUBST(SENTENCE : I : 5)~~dolor
10:16:54.510 ~~TEST_06.TEST_06~~~~DATA~~I = 13~~18
10:16:54.510 ~~TEST_06.TEST_06~~31~~EXPR~~%LEN(SENTENCE)~~128
10:16:54.510 ~~TEST_06.TEST_06~~33~~EXPR~~%SUBST(SENTENCE : I : 1)~~ 
10:16:54.510 ~~TEST_06.TEST_06~~33~~EXPR~~%SUBST(SENTENCE : I : 1) = " "~~true
10:16:54.510 ~~TEST_06.TEST_06~~33~~STMT~~IF %SUBST(SENTENCE : I : 1) = " "~~true
10:16:54.510 ~~TEST_06.TEST_06~~~~DATA~~WORDINC = 5~~1
10:16:54.510 ~~TEST_06.TEST_06~~34~~STMT~~EVAL WORDINC = 1~~1
10:16:54.510 ~~TEST_06.TEST_06~~36~~STMT~~ITER
10:16:54.510 ~~TEST_06.TEST_06~~~~DATA~~I = 18~~19
10:16:54.510 ~~TEST_06.TEST_06~~31~~EXPR~~%LEN(SENTENCE)~~128
10:16:54.511 ~~TEST_06.TEST_06~~33~~EXPR~~%SUBST(SENTENCE : I : 1)~~s
10:16:54.511 ~~TEST_06.TEST_06~~33~~EXPR~~%SUBST(SENTENCE : I : 1) = " "~~false
10:16:54.511 ~~TEST_06.TEST_06~~33~~STMT~~IF %SUBST(SENTENCE : I : 1) = " "~~false
10:16:54.511 ~~TEST_06.TEST_06~~~~EXPR~~I + 1~~20
10:16:54.511 ~~TEST_06.TEST_06~~~~DATA~~J = 18~~20
10:16:54.511 ~~TEST_06.TEST_06~~39~~LOOP~~FOR J = I + 1  TO %LEN(SENTENCE) 
10:16:54.511 ~~TEST_06.TEST_06~~39~~STMT~~FOR J = I + 1  TO %LEN(SENTENCE)
10:16:54.511 ~~TEST_06.TEST_06~~39~~EXPR~~%LEN(SENTENCE)~~128
10:16:54.511 ~~TEST_06.TEST_06~~40~~EXPR~~%SUBST(SENTENCE : J : 1)~~i
10:16:54.511 ~~TEST_06.TEST_06~~40~~EXPR~~%SUBST(SENTENCE : J : 1) = " "~~false
10:16:54.511 ~~TEST_06.TEST_06~~40~~STMT~~IF %SUBST(SENTENCE : J : 1) = " "~~false
10:16:54.511 ~~TEST_06.TEST_06~~~~DATA~~J = 20~~21
10:16:54.511 ~~TEST_06.TEST_06~~39~~EXPR~~%LEN(SENTENCE)~~128
10:16:54.512 ~~TEST_06.TEST_06~~40~~EXPR~~%SUBST(SENTENCE : J : 1)~~t
10:16:54.512 ~~TEST_06.TEST_06~~40~~EXPR~~%SUBST(SENTENCE : J : 1) = " "~~false
10:16:54.512 ~~TEST_06.TEST_06~~40~~STMT~~IF %SUBST(SENTENCE : J : 1) = " "~~false
10:16:54.512 ~~TEST_06.TEST_06~~~~DATA~~J = 21~~22
10:16:54.512 ~~TEST_06.TEST_06~~39~~EXPR~~%LEN(SENTENCE)~~128
10:16:54.512 ~~TEST_06.TEST_06~~40~~EXPR~~%SUBST(SENTENCE : J : 1)~~ 
10:16:54.512 ~~TEST_06.TEST_06~~40~~EXPR~~%SUBST(SENTENCE : J : 1) = " "~~true
10:16:54.512 ~~TEST_06.TEST_06~~40~~STMT~~IF %SUBST(SENTENCE : J : 1) = " "~~true
10:16:54.512 ~~TEST_06.TEST_06~~42~~STMT~~LEAVE
10:16:54.512 ~~TEST_06.TEST_06~~44~~LOOP~~ENDFOR J ~~2~~iterations
10:16:54.512 ~~TEST_06.TEST_06~~44~~STMT~~ENDFOR J 
10:16:54.512 ~~TEST_06.TEST_06~~44~~PERF~~ENDFOR J ~~1~~ms
10:16:54.512 ~~TEST_06.TEST_06~~45~~EXPR~~J - I~~3
10:16:54.512 ~~TEST_06.TEST_06~~~~DATA~~WORDINC = 1~~3
10:16:54.513 ~~TEST_06.TEST_06~~45~~STMT~~EVAL WORDINC = J - I~~3
10:16:54.513 ~~TEST_06.TEST_06~~46~~EXPR~~WORDCNT + 1~~4
10:16:54.513 ~~TEST_06.TEST_06~~~~DATA~~WORDCNT = 3~~4
10:16:54.513 ~~TEST_06.TEST_06~~46~~STMT~~EVAL WORDCNT = WORDCNT + 1~~4
10:16:54.513 ~~TEST_06.TEST_06~~50~~EXPR~~WORDINC = 5~~false
10:16:54.513 ~~TEST_06.TEST_06~~50~~STMT~~SELECT WHEN~~WORDINC = 5~~(false)
10:16:54.513 ~~TEST_06.TEST_06~~52~~EXPR~~WORDINC = 4~~false
10:16:54.513 ~~TEST_06.TEST_06~~52~~STMT~~SELECT WHEN~~WORDINC = 4~~(false)
10:16:54.513 ~~TEST_06.TEST_06~~54~~EXPR~~WORDINC = 3~~true
10:16:54.513 ~~TEST_06.TEST_06~~54~~STMT~~SELECT WHEN~~WORDINC = 3~~(true)
10:16:54.513 ~~TEST_06.TEST_06~~55~~EXPR~~%SUBST(SENTENCE : I : 3)~~sit
10:16:54.513 ~~TEST_06.TEST_06~~55~~STMT~~EVAL WORDS(WORDCNT)) = %SUBST(SENTENCE : I : 3)~~sit
10:16:54.513 ~~TEST_06.TEST_06~~~~DATA~~I = 19~~22
10:16:54.513 ~~TEST_06.TEST_06~~31~~EXPR~~%LEN(SENTENCE)~~128
10:16:54.514 ~~TEST_06.TEST_06~~33~~EXPR~~%SUBST(SENTENCE : I : 1)~~ 
10:16:54.514 ~~TEST_06.TEST_06~~33~~EXPR~~%SUBST(SENTENCE : I : 1) = " "~~true
10:16:54.514 ~~TEST_06.TEST_06~~33~~STMT~~IF %SUBST(SENTENCE : I : 1) = " "~~true
10:16:54.514 ~~TEST_06.TEST_06~~~~DATA~~WORDINC = 3~~1
10:16:54.514 ~~TEST_06.TEST_06~~34~~STMT~~EVAL WORDINC = 1~~1
10:16:54.514 ~~TEST_06.TEST_06~~36~~STMT~~ITER
10:16:54.514 ~~TEST_06.TEST_06~~~~DATA~~I = 22~~23
10:16:54.514 ~~TEST_06.TEST_06~~31~~EXPR~~%LEN(SENTENCE)~~128
10:16:54.514 ~~TEST_06.TEST_06~~33~~EXPR~~%SUBST(SENTENCE : I : 1)~~a
10:16:54.514 ~~TEST_06.TEST_06~~33~~EXPR~~%SUBST(SENTENCE : I : 1) = " "~~false
10:16:54.514 ~~TEST_06.TEST_06~~33~~STMT~~IF %SUBST(SENTENCE : I : 1) = " "~~false
10:16:54.514 ~~TEST_06.TEST_06~~~~EXPR~~I + 1~~24
10:16:54.514 ~~TEST_06.TEST_06~~~~DATA~~J = 22~~24
10:16:54.515 ~~TEST_06.TEST_06~~39~~LOOP~~FOR J = I + 1  TO %LEN(SENTENCE) 
10:16:54.515 ~~TEST_06.TEST_06~~39~~STMT~~FOR J = I + 1  TO %LEN(SENTENCE)
10:16:54.515 ~~TEST_06.TEST_06~~39~~EXPR~~%LEN(SENTENCE)~~128
10:16:54.515 ~~TEST_06.TEST_06~~40~~EXPR~~%SUBST(SENTENCE : J : 1)~~m
10:16:54.515 ~~TEST_06.TEST_06~~40~~EXPR~~%SUBST(SENTENCE : J : 1) = " "~~false
10:16:54.515 ~~TEST_06.TEST_06~~40~~STMT~~IF %SUBST(SENTENCE : J : 1) = " "~~false
10:16:54.515 ~~TEST_06.TEST_06~~~~DATA~~J = 24~~25
10:16:54.515 ~~TEST_06.TEST_06~~39~~EXPR~~%LEN(SENTENCE)~~128
10:16:54.515 ~~TEST_06.TEST_06~~40~~EXPR~~%SUBST(SENTENCE : J : 1)~~e
10:16:54.515 ~~TEST_06.TEST_06~~40~~EXPR~~%SUBST(SENTENCE : J : 1) = " "~~false
10:16:54.515 ~~TEST_06.TEST_06~~40~~STMT~~IF %SUBST(SENTENCE : J : 1) = " "~~false
10:16:54.515 ~~TEST_06.TEST_06~~~~DATA~~J = 25~~26
10:16:54.516 ~~TEST_06.TEST_06~~39~~EXPR~~%LEN(SENTENCE)~~128
10:16:54.516 ~~TEST_06.TEST_06~~40~~EXPR~~%SUBST(SENTENCE : J : 1)~~t
10:16:54.516 ~~TEST_06.TEST_06~~40~~EXPR~~%SUBST(SENTENCE : J : 1) = " "~~false
10:16:54.516 ~~TEST_06.TEST_06~~40~~STMT~~IF %SUBST(SENTENCE : J : 1) = " "~~false
10:16:54.516 ~~TEST_06.TEST_06~~~~DATA~~J = 26~~27
10:16:54.516 ~~TEST_06.TEST_06~~39~~EXPR~~%LEN(SENTENCE)~~128
10:16:54.516 ~~TEST_06.TEST_06~~40~~EXPR~~%SUBST(SENTENCE : J : 1)~~ 
10:16:54.516 ~~TEST_06.TEST_06~~40~~EXPR~~%SUBST(SENTENCE : J : 1) = " "~~true
10:16:54.516 ~~TEST_06.TEST_06~~40~~STMT~~IF %SUBST(SENTENCE : J : 1) = " "~~true
10:16:54.516 ~~TEST_06.TEST_06~~42~~STMT~~LEAVE
10:16:54.516 ~~TEST_06.TEST_06~~44~~LOOP~~ENDFOR J ~~3~~iterations
10:16:54.516 ~~TEST_06.TEST_06~~44~~STMT~~ENDFOR J 
10:16:54.516 ~~TEST_06.TEST_06~~44~~PERF~~ENDFOR J ~~2~~ms
10:16:54.516 ~~TEST_06.TEST_06~~45~~EXPR~~J - I~~4
10:16:54.516 ~~TEST_06.TEST_06~~~~DATA~~WORDINC = 1~~4
10:16:54.517 ~~TEST_06.TEST_06~~45~~STMT~~EVAL WORDINC = J - I~~4
10:16:54.517 ~~TEST_06.TEST_06~~46~~EXPR~~WORDCNT + 1~~5
10:16:54.517 ~~TEST_06.TEST_06~~~~DATA~~WORDCNT = 4~~5
10:16:54.517 ~~TEST_06.TEST_06~~46~~STMT~~EVAL WORDCNT = WORDCNT + 1~~5
10:16:54.517 ~~TEST_06.TEST_06~~50~~EXPR~~WORDINC = 5~~false
10:16:54.517 ~~TEST_06.TEST_06~~50~~STMT~~SELECT WHEN~~WORDINC = 5~~(false)
10:16:54.517 ~~TEST_06.TEST_06~~52~~EXPR~~WORDINC = 4~~true
10:16:54.517 ~~TEST_06.TEST_06~~52~~STMT~~SELECT WHEN~~WORDINC = 4~~(true)
10:16:54.517 ~~TEST_06.TEST_06~~53~~EXPR~~%SUBST(SENTENCE : I : 4)~~amet
10:16:54.517 ~~TEST_06.TEST_06~~53~~STMT~~EVAL WORDS(WORDCNT)) = %SUBST(SENTENCE : I : 4)~~amet
10:16:54.517 ~~TEST_06.TEST_06~~~~DATA~~I = 23~~27
10:16:54.517 ~~TEST_06.TEST_06~~31~~EXPR~~%LEN(SENTENCE)~~128
10:16:54.517 ~~TEST_06.TEST_06~~33~~EXPR~~%SUBST(SENTENCE : I : 1)~~ 
10:16:54.518 ~~TEST_06.TEST_06~~33~~EXPR~~%SUBST(SENTENCE : I : 1) = " "~~true
10:16:54.518 ~~TEST_06.TEST_06~~33~~STMT~~IF %SUBST(SENTENCE : I : 1) = " "~~true
10:16:54.518 ~~TEST_06.TEST_06~~~~DATA~~WORDINC = 4~~1
10:16:54.518 ~~TEST_06.TEST_06~~34~~STMT~~EVAL WORDINC = 1~~1
10:16:54.518 ~~TEST_06.TEST_06~~36~~STMT~~ITER
10:16:54.518 ~~TEST_06.TEST_06~~~~DATA~~I = 27~~28
10:16:54.518 ~~TEST_06.TEST_06~~31~~EXPR~~%LEN(SENTENCE)~~128
10:16:54.518 ~~TEST_06.TEST_06~~33~~EXPR~~%SUBST(SENTENCE : I : 1)~~s
10:16:54.518 ~~TEST_06.TEST_06~~33~~EXPR~~%SUBST(SENTENCE : I : 1) = " "~~false
10:16:54.518 ~~TEST_06.TEST_06~~33~~STMT~~IF %SUBST(SENTENCE : I : 1) = " "~~false
10:16:54.518 ~~TEST_06.TEST_06~~~~EXPR~~I + 1~~29
10:16:54.518 ~~TEST_06.TEST_06~~~~DATA~~J = 27~~29
10:16:54.518 ~~TEST_06.TEST_06~~39~~LOOP~~FOR J = I + 1  TO %LEN(SENTENCE) 
10:16:54.518 ~~TEST_06.TEST_06~~39~~STMT~~FOR J = I + 1  TO %LEN(SENTENCE)
10:16:54.518 ~~TEST_06.TEST_06~~39~~EXPR~~%LEN(SENTENCE)~~128
10:16:54.518 ~~TEST_06.TEST_06~~40~~EXPR~~%SUBST(SENTENCE : J : 1)~~e
10:16:54.519 ~~TEST_06.TEST_06~~40~~EXPR~~%SUBST(SENTENCE : J : 1) = " "~~false
10:16:54.519 ~~TEST_06.TEST_06~~40~~STMT~~IF %SUBST(SENTENCE : J : 1) = " "~~false
10:16:54.519 ~~TEST_06.TEST_06~~~~DATA~~J = 29~~30
10:16:54.519 ~~TEST_06.TEST_06~~39~~EXPR~~%LEN(SENTENCE)~~128
10:16:54.519 ~~TEST_06.TEST_06~~40~~EXPR~~%SUBST(SENTENCE : J : 1)~~d
10:16:54.519 ~~TEST_06.TEST_06~~40~~EXPR~~%SUBST(SENTENCE : J : 1) = " "~~false
10:16:54.519 ~~TEST_06.TEST_06~~40~~STMT~~IF %SUBST(SENTENCE : J : 1) = " "~~false
10:16:54.519 ~~TEST_06.TEST_06~~~~DATA~~J = 30~~31
10:16:54.519 ~~TEST_06.TEST_06~~39~~EXPR~~%LEN(SENTENCE)~~128
10:16:54.519 ~~TEST_06.TEST_06~~40~~EXPR~~%SUBST(SENTENCE : J : 1)~~
10:16:54.519 ~~TEST_06.TEST_06~~40~~EXPR~~%SUBST(SENTENCE : J : 1) = " "~~true
10:16:54.519 ~~TEST_06.TEST_06~~40~~STMT~~IF %SUBST(SENTENCE : J : 1) = " "~~true
10:16:54.519 ~~TEST_06.TEST_06~~42~~STMT~~LEAVE
10:16:54.520 ~~TEST_06.TEST_06~~44~~LOOP~~ENDFOR J ~~2~~iterations
10:16:54.520 ~~TEST_06.TEST_06~~44~~STMT~~ENDFOR J 
10:16:54.520 ~~TEST_06.TEST_06~~44~~PERF~~ENDFOR J ~~2~~ms
10:16:54.520 ~~TEST_06.TEST_06~~45~~EXPR~~J - I~~3
10:16:54.520 ~~TEST_06.TEST_06~~~~DATA~~WORDINC = 1~~3
10:16:54.520 ~~TEST_06.TEST_06~~45~~STMT~~EVAL WORDINC = J - I~~3
10:16:54.520 ~~TEST_06.TEST_06~~46~~EXPR~~WORDCNT + 1~~6
10:16:54.520 ~~TEST_06.TEST_06~~~~DATA~~WORDCNT = 5~~6
10:16:54.520 ~~TEST_06.TEST_06~~46~~STMT~~EVAL WORDCNT = WORDCNT + 1~~6
10:16:54.520 ~~TEST_06.TEST_06~~50~~EXPR~~WORDINC = 5~~false
10:16:54.520 ~~TEST_06.TEST_06~~50~~STMT~~SELECT WHEN~~WORDINC = 5~~(false)
10:16:54.520 ~~TEST_06.TEST_06~~52~~EXPR~~WORDINC = 4~~false
10:16:54.520 ~~TEST_06.TEST_06~~52~~STMT~~SELECT WHEN~~WORDINC = 4~~(false)
10:16:54.520 ~~TEST_06.TEST_06~~54~~EXPR~~WORDINC = 3~~true
10:16:54.521 ~~TEST_06.TEST_06~~54~~STMT~~SELECT WHEN~~WORDINC = 3~~(true)
10:16:54.521 ~~TEST_06.TEST_06~~55~~EXPR~~%SUBST(SENTENCE : I : 3)~~sed
10:16:54.521 ~~TEST_06.TEST_06~~55~~STMT~~EVAL WORDS(WORDCNT)) = %SUBST(SENTENCE : I : 3)~~sed
10:16:54.521 ~~TEST_06.TEST_06~~~~DATA~~I = 28~~31
10:16:54.521 ~~TEST_06.TEST_06~~31~~EXPR~~%LEN(SENTENCE)~~128
10:16:54.521 ~~TEST_06.TEST_06~~33~~EXPR~~%SUBST(SENTENCE : I : 1)~~
10:16:54.521 ~~TEST_06.TEST_06~~33~~EXPR~~%SUBST(SENTENCE : I : 1) = " "~~true
10:16:54.521 ~~TEST_06.TEST_06~~33~~STMT~~IF %SUBST(SENTENCE : I : 1) = " "~~true
10:16:54.521 ~~TEST_06.TEST_06~~~~DATA~~WORDINC = 3~~1
10:16:54.521 ~~TEST_06.TEST_06~~34~~STMT~~EVAL WORDINC = 1~~1
10:16:54.521 ~~TEST_06.TEST_06~~36~~STMT~~ITER
10:16:54.521 ~~TEST_06.TEST_06~~~~DATA~~I = 31~~32
10:16:54.521 ~~TEST_06.TEST_06~~31~~EXPR~~%LEN(SENTENCE)~~128
10:16:54.522 ~~TEST_06.TEST_06~~33~~EXPR~~%SUBST(SENTENCE : I : 1)~~
10:16:54.522 ~~TEST_06.TEST_06~~33~~EXPR~~%SUBST(SENTENCE : I : 1) = " "~~true
10:16:54.522 ~~TEST_06.TEST_06~~33~~STMT~~IF %SUBST(SENTENCE : I : 1) = " "~~true
10:16:54.522 ~~TEST_06.TEST_06~~~~DATA~~WORDINC = 1~~1
10:16:54.522 ~~TEST_06.TEST_06~~34~~STMT~~EVAL WORDINC = 1~~1
10:16:54.522 ~~TEST_06.TEST_06~~36~~STMT~~ITER
10:16:54.522 ~~TEST_06.TEST_06~~~~DATA~~I = 32~~33
10:16:54.522 ~~TEST_06.TEST_06~~31~~EXPR~~%LEN(SENTENCE)~~128
10:16:54.522 ~~TEST_06.TEST_06~~33~~EXPR~~%SUBST(SENTENCE : I : 1)~~
10:16:54.522 ~~TEST_06.TEST_06~~33~~EXPR~~%SUBST(SENTENCE : I : 1) = " "~~true
10:16:54.522 ~~TEST_06.TEST_06~~33~~STMT~~IF %SUBST(SENTENCE : I : 1) = " "~~true
10:16:54.522 ~~TEST_06.TEST_06~~~~DATA~~WORDINC = 1~~1
10:16:54.522 ~~TEST_06.TEST_06~~34~~STMT~~EVAL WORDINC = 1~~1
10:16:54.522 ~~TEST_06.TEST_06~~36~~STMT~~ITER
10:16:54.523 ~~TEST_06.TEST_06~~~~DATA~~I = 33~~34
10:16:54.523 ~~TEST_06.TEST_06~~31~~EXPR~~%LEN(SENTENCE)~~128
10:16:54.523 ~~TEST_06.TEST_06~~33~~EXPR~~%SUBST(SENTENCE : I : 1)~~
10:16:54.523 ~~TEST_06.TEST_06~~33~~EXPR~~%SUBST(SENTENCE : I : 1) = " "~~true
10:16:54.523 ~~TEST_06.TEST_06~~33~~STMT~~IF %SUBST(SENTENCE : I : 1) = " "~~true
10:16:54.523 ~~TEST_06.TEST_06~~~~DATA~~WORDINC = 1~~1
10:16:54.523 ~~TEST_06.TEST_06~~34~~STMT~~EVAL WORDINC = 1~~1
10:16:54.523 ~~TEST_06.TEST_06~~36~~STMT~~ITER
10:16:54.523 ~~TEST_06.TEST_06~~~~DATA~~I = 34~~35
10:16:54.523 ~~TEST_06.TEST_06~~31~~EXPR~~%LEN(SENTENCE)~~128
10:16:54.523 ~~TEST_06.TEST_06~~33~~EXPR~~%SUBST(SENTENCE : I : 1)~~
10:16:54.523 ~~TEST_06.TEST_06~~33~~EXPR~~%SUBST(SENTENCE : I : 1) = " "~~true
10:16:54.523 ~~TEST_06.TEST_06~~33~~STMT~~IF %SUBST(SENTENCE : I : 1) = " "~~true
10:16:54.523 ~~TEST_06.TEST_06~~~~DATA~~WORDINC = 1~~1
10:16:54.523 ~~TEST_06.TEST_06~~34~~STMT~~EVAL WORDINC = 1~~1
10:16:54.524 ~~TEST_06.TEST_06~~36~~STMT~~ITER
10:16:54.524 ~~TEST_06.TEST_06~~~~DATA~~I = 35~~36
10:16:54.524 ~~TEST_06.TEST_06~~31~~EXPR~~%LEN(SENTENCE)~~128
10:16:54.524 ~~TEST_06.TEST_06~~33~~EXPR~~%SUBST(SENTENCE : I : 1)~~
10:16:54.524 ~~TEST_06.TEST_06~~33~~EXPR~~%SUBST(SENTENCE : I : 1) = " "~~true
10:16:54.524 ~~TEST_06.TEST_06~~33~~STMT~~IF %SUBST(SENTENCE : I : 1) = " "~~true
10:16:54.524 ~~TEST_06.TEST_06~~~~DATA~~WORDINC = 1~~1
10:16:54.524 ~~TEST_06.TEST_06~~34~~STMT~~EVAL WORDINC = 1~~1
10:16:54.524 ~~TEST_06.TEST_06~~36~~STMT~~ITER
10:16:54.525 ~~TEST_06.TEST_06~~~~DATA~~I = 36~~37
10:16:54.525 ~~TEST_06.TEST_06~~31~~EXPR~~%LEN(SENTENCE)~~128
10:16:54.525 ~~TEST_06.TEST_06~~33~~EXPR~~%SUBST(SENTENCE : I : 1)~~
10:16:54.525 ~~TEST_06.TEST_06~~33~~EXPR~~%SUBST(SENTENCE : I : 1) = " "~~true
10:16:54.525 ~~TEST_06.TEST_06~~33~~STMT~~IF %SUBST(SENTENCE : I : 1) = " "~~true
10:16:54.525 ~~TEST_06.TEST_06~~~~DATA~~WORDINC = 1~~1
10:16:54.525 ~~TEST_06.TEST_06~~34~~STMT~~EVAL WORDINC = 1~~1
10:16:54.525 ~~TEST_06.TEST_06~~36~~STMT~~ITER
10:16:54.525 ~~TEST_06.TEST_06~~~~DATA~~I = 37~~38
10:16:54.525 ~~TEST_06.TEST_06~~31~~EXPR~~%LEN(SENTENCE)~~128
10:16:54.525 ~~TEST_06.TEST_06~~33~~EXPR~~%SUBST(SENTENCE : I : 1)~~
10:16:54.525 ~~TEST_06.TEST_06~~33~~EXPR~~%SUBST(SENTENCE : I : 1) = " "~~true
10:16:54.525 ~~TEST_06.TEST_06~~33~~STMT~~IF %SUBST(SENTENCE : I : 1) = " "~~true
10:16:54.525 ~~TEST_06.TEST_06~~~~DATA~~WORDINC = 1~~1
10:16:54.525 ~~TEST_06.TEST_06~~34~~STMT~~EVAL WORDINC = 1~~1
10:16:54.526 ~~TEST_06.TEST_06~~36~~STMT~~ITER
10:16:54.526 ~~TEST_06.TEST_06~~~~DATA~~I = 38~~39
10:16:54.526 ~~TEST_06.TEST_06~~31~~EXPR~~%LEN(SENTENCE)~~128
10:16:54.526 ~~TEST_06.TEST_06~~33~~EXPR~~%SUBST(SENTENCE : I : 1)~~
10:16:54.526 ~~TEST_06.TEST_06~~33~~EXPR~~%SUBST(SENTENCE : I : 1) = " "~~true
10:16:54.526 ~~TEST_06.TEST_06~~33~~STMT~~IF %SUBST(SENTENCE : I : 1) = " "~~true
10:16:54.526 ~~TEST_06.TEST_06~~~~DATA~~WORDINC = 1~~1
10:16:54.526 ~~TEST_06.TEST_06~~34~~STMT~~EVAL WORDINC = 1~~1
10:16:54.526 ~~TEST_06.TEST_06~~36~~STMT~~ITER
10:16:54.526 ~~TEST_06.TEST_06~~~~DATA~~I = 39~~40
10:16:54.526 ~~TEST_06.TEST_06~~31~~EXPR~~%LEN(SENTENCE)~~128
10:16:54.526 ~~TEST_06.TEST_06~~33~~EXPR~~%SUBST(SENTENCE : I : 1)~~
10:16:54.527 ~~TEST_06.TEST_06~~33~~EXPR~~%SUBST(SENTENCE : I : 1) = " "~~true
10:16:54.527 ~~TEST_06.TEST_06~~33~~STMT~~IF %SUBST(SENTENCE : I : 1) = " "~~true
10:16:54.527 ~~TEST_06.TEST_06~~~~DATA~~WORDINC = 1~~1
10:16:54.527 ~~TEST_06.TEST_06~~34~~STMT~~EVAL WORDINC = 1~~1
10:16:54.527 ~~TEST_06.TEST_06~~36~~STMT~~ITER
10:16:54.527 ~~TEST_06.TEST_06~~~~DATA~~I = 40~~41
10:16:54.527 ~~TEST_06.TEST_06~~31~~EXPR~~%LEN(SENTENCE)~~128
10:16:54.527 ~~TEST_06.TEST_06~~33~~EXPR~~%SUBST(SENTENCE : I : 1)~~
10:16:54.527 ~~TEST_06.TEST_06~~33~~EXPR~~%SUBST(SENTENCE : I : 1) = " "~~true
10:16:54.527 ~~TEST_06.TEST_06~~33~~STMT~~IF %SUBST(SENTENCE : I : 1) = " "~~true
10:16:54.527 ~~TEST_06.TEST_06~~~~DATA~~WORDINC = 1~~1
10:16:54.527 ~~TEST_06.TEST_06~~34~~STMT~~EVAL WORDINC = 1~~1
10:16:54.527 ~~TEST_06.TEST_06~~36~~STMT~~ITER
10:16:54.527 ~~TEST_06.TEST_06~~~~DATA~~I = 41~~42
10:16:54.528 ~~TEST_06.TEST_06~~31~~EXPR~~%LEN(SENTENCE)~~128
10:16:54.528 ~~TEST_06.TEST_06~~33~~EXPR~~%SUBST(SENTENCE : I : 1)~~
10:16:54.528 ~~TEST_06.TEST_06~~33~~EXPR~~%SUBST(SENTENCE : I : 1) = " "~~true
10:16:54.528 ~~TEST_06.TEST_06~~33~~STMT~~IF %SUBST(SENTENCE : I : 1) = " "~~true
10:16:54.528 ~~TEST_06.TEST_06~~~~DATA~~WORDINC = 1~~1
10:16:54.528 ~~TEST_06.TEST_06~~34~~STMT~~EVAL WORDINC = 1~~1
10:16:54.528 ~~TEST_06.TEST_06~~36~~STMT~~ITER
10:16:54.528 ~~TEST_06.TEST_06~~~~DATA~~I = 42~~43
10:16:54.528 ~~TEST_06.TEST_06~~31~~EXPR~~%LEN(SENTENCE)~~128
10:16:54.528 ~~TEST_06.TEST_06~~33~~EXPR~~%SUBST(SENTENCE : I : 1)~~
10:16:54.528 ~~TEST_06.TEST_06~~33~~EXPR~~%SUBST(SENTENCE : I : 1) = " "~~true
10:16:54.528 ~~TEST_06.TEST_06~~33~~STMT~~IF %SUBST(SENTENCE : I : 1) = " "~~true
10:16:54.528 ~~TEST_06.TEST_06~~~~DATA~~WORDINC = 1~~1
10:16:54.528 ~~TEST_06.TEST_06~~34~~STMT~~EVAL WORDINC = 1~~1
10:16:54.528 ~~TEST_06.TEST_06~~36~~STMT~~ITER
10:16:54.529 ~~TEST_06.TEST_06~~~~DATA~~I = 43~~44
10:16:54.529 ~~TEST_06.TEST_06~~31~~EXPR~~%LEN(SENTENCE)~~128
10:16:54.529 ~~TEST_06.TEST_06~~33~~EXPR~~%SUBST(SENTENCE : I : 1)~~
10:16:54.529 ~~TEST_06.TEST_06~~33~~EXPR~~%SUBST(SENTENCE : I : 1) = " "~~true
10:16:54.529 ~~TEST_06.TEST_06~~33~~STMT~~IF %SUBST(SENTENCE : I : 1) = " "~~true
10:16:54.529 ~~TEST_06.TEST_06~~~~DATA~~WORDINC = 1~~1
10:16:54.529 ~~TEST_06.TEST_06~~34~~STMT~~EVAL WORDINC = 1~~1
10:16:54.529 ~~TEST_06.TEST_06~~36~~STMT~~ITER
10:16:54.529 ~~TEST_06.TEST_06~~~~DATA~~I = 44~~45
10:16:54.529 ~~TEST_06.TEST_06~~31~~EXPR~~%LEN(SENTENCE)~~128
10:16:54.529 ~~TEST_06.TEST_06~~33~~EXPR~~%SUBST(SENTENCE : I : 1)~~
10:16:54.529 ~~TEST_06.TEST_06~~33~~EXPR~~%SUBST(SENTENCE : I : 1) = " "~~true
10:16:54.530 ~~TEST_06.TEST_06~~33~~STMT~~IF %SUBST(SENTENCE : I : 1) = " "~~true
10:16:54.530 ~~TEST_06.TEST_06~~~~DATA~~WORDINC = 1~~1
10:16:54.530 ~~TEST_06.TEST_06~~34~~STMT~~EVAL WORDINC = 1~~1
10:16:54.530 ~~TEST_06.TEST_06~~36~~STMT~~ITER
10:16:54.530 ~~TEST_06.TEST_06~~~~DATA~~I = 45~~46
10:16:54.530 ~~TEST_06.TEST_06~~31~~EXPR~~%LEN(SENTENCE)~~128
10:16:54.530 ~~TEST_06.TEST_06~~33~~EXPR~~%SUBST(SENTENCE : I : 1)~~
10:16:54.530 ~~TEST_06.TEST_06~~33~~EXPR~~%SUBST(SENTENCE : I : 1) = " "~~true
10:16:54.530 ~~TEST_06.TEST_06~~33~~STMT~~IF %SUBST(SENTENCE : I : 1) = " "~~true
10:16:54.530 ~~TEST_06.TEST_06~~~~DATA~~WORDINC = 1~~1
10:16:54.530 ~~TEST_06.TEST_06~~34~~STMT~~EVAL WORDINC = 1~~1
10:16:54.530 ~~TEST_06.TEST_06~~36~~STMT~~ITER
10:16:54.530 ~~TEST_06.TEST_06~~~~DATA~~I = 46~~47
10:16:54.530 ~~TEST_06.TEST_06~~31~~EXPR~~%LEN(SENTENCE)~~128
10:16:54.531 ~~TEST_06.TEST_06~~33~~EXPR~~%SUBST(SENTENCE : I : 1)~~
10:16:54.531 ~~TEST_06.TEST_06~~33~~EXPR~~%SUBST(SENTENCE : I : 1) = " "~~true
10:16:54.531 ~~TEST_06.TEST_06~~33~~STMT~~IF %SUBST(SENTENCE : I : 1) = " "~~true
10:16:54.531 ~~TEST_06.TEST_06~~~~DATA~~WORDINC = 1~~1
10:16:54.531 ~~TEST_06.TEST_06~~34~~STMT~~EVAL WORDINC = 1~~1
10:16:54.531 ~~TEST_06.TEST_06~~36~~STMT~~ITER
10:16:54.531 ~~TEST_06.TEST_06~~~~DATA~~I = 47~~48
10:16:54.531 ~~TEST_06.TEST_06~~31~~EXPR~~%LEN(SENTENCE)~~128
10:16:54.531 ~~TEST_06.TEST_06~~33~~EXPR~~%SUBST(SENTENCE : I : 1)~~
10:16:54.531 ~~TEST_06.TEST_06~~33~~EXPR~~%SUBST(SENTENCE : I : 1) = " "~~true
10:16:54.532 ~~TEST_06.TEST_06~~33~~STMT~~IF %SUBST(SENTENCE : I : 1) = " "~~true
10:16:54.532 ~~TEST_06.TEST_06~~~~DATA~~WORDINC = 1~~1
10:16:54.532 ~~TEST_06.TEST_06~~34~~STMT~~EVAL WORDINC = 1~~1
10:16:54.532 ~~TEST_06.TEST_06~~36~~STMT~~ITER
10:16:54.532 ~~TEST_06.TEST_06~~~~DATA~~I = 48~~49
10:16:54.532 ~~TEST_06.TEST_06~~31~~EXPR~~%LEN(SENTENCE)~~128
10:16:54.532 ~~TEST_06.TEST_06~~33~~EXPR~~%SUBST(SENTENCE : I : 1)~~
10:16:54.532 ~~TEST_06.TEST_06~~33~~EXPR~~%SUBST(SENTENCE : I : 1) = " "~~true
10:16:54.532 ~~TEST_06.TEST_06~~33~~STMT~~IF %SUBST(SENTENCE : I : 1) = " "~~true
10:16:54.532 ~~TEST_06.TEST_06~~~~DATA~~WORDINC = 1~~1
10:16:54.532 ~~TEST_06.TEST_06~~34~~STMT~~EVAL WORDINC = 1~~1
10:16:54.532 ~~TEST_06.TEST_06~~36~~STMT~~ITER
10:16:54.532 ~~TEST_06.TEST_06~~~~DATA~~I = 49~~50
10:16:54.532 ~~TEST_06.TEST_06~~31~~EXPR~~%LEN(SENTENCE)~~128
10:16:54.532 ~~TEST_06.TEST_06~~33~~EXPR~~%SUBST(SENTENCE : I : 1)~~
10:16:54.533 ~~TEST_06.TEST_06~~33~~EXPR~~%SUBST(SENTENCE : I : 1) = " "~~true
10:16:54.533 ~~TEST_06.TEST_06~~33~~STMT~~IF %SUBST(SENTENCE : I : 1) = " "~~true
10:16:54.533 ~~TEST_06.TEST_06~~~~DATA~~WORDINC = 1~~1
10:16:54.533 ~~TEST_06.TEST_06~~34~~STMT~~EVAL WORDINC = 1~~1
10:16:54.533 ~~TEST_06.TEST_06~~36~~STMT~~ITER
10:16:54.533 ~~TEST_06.TEST_06~~~~DATA~~I = 50~~51
10:16:54.533 ~~TEST_06.TEST_06~~31~~EXPR~~%LEN(SENTENCE)~~128
10:16:54.533 ~~TEST_06.TEST_06~~33~~EXPR~~%SUBST(SENTENCE : I : 1)~~
10:16:54.533 ~~TEST_06.TEST_06~~33~~EXPR~~%SUBST(SENTENCE : I : 1) = " "~~true
10:16:54.533 ~~TEST_06.TEST_06~~33~~STMT~~IF %SUBST(SENTENCE : I : 1) = " "~~true
10:16:54.533 ~~TEST_06.TEST_06~~~~DATA~~WORDINC = 1~~1
10:16:54.533 ~~TEST_06.TEST_06~~34~~STMT~~EVAL WORDINC = 1~~1
10:16:54.533 ~~TEST_06.TEST_06~~36~~STMT~~ITER
10:16:54.534 ~~TEST_06.TEST_06~~~~DATA~~I = 51~~52
10:16:54.534 ~~TEST_06.TEST_06~~31~~EXPR~~%LEN(SENTENCE)~~128
10:16:54.534 ~~TEST_06.TEST_06~~33~~EXPR~~%SUBST(SENTENCE : I : 1)~~
10:16:54.534 ~~TEST_06.TEST_06~~33~~EXPR~~%SUBST(SENTENCE : I : 1) = " "~~true
10:16:54.534 ~~TEST_06.TEST_06~~33~~STMT~~IF %SUBST(SENTENCE : I : 1) = " "~~true
10:16:54.534 ~~TEST_06.TEST_06~~~~DATA~~WORDINC = 1~~1
10:16:54.534 ~~TEST_06.TEST_06~~34~~STMT~~EVAL WORDINC = 1~~1
10:16:54.534 ~~TEST_06.TEST_06~~36~~STMT~~ITER
10:16:54.534 ~~TEST_06.TEST_06~~~~DATA~~I = 52~~53
10:16:54.535 ~~TEST_06.TEST_06~~31~~EXPR~~%LEN(SENTENCE)~~128
10:16:54.535 ~~TEST_06.TEST_06~~33~~EXPR~~%SUBST(SENTENCE : I : 1)~~
10:16:54.535 ~~TEST_06.TEST_06~~33~~EXPR~~%SUBST(SENTENCE : I : 1) = " "~~true
10:16:54.535 ~~TEST_06.TEST_06~~33~~STMT~~IF %SUBST(SENTENCE : I : 1) = " "~~true
10:16:54.535 ~~TEST_06.TEST_06~~~~DATA~~WORDINC = 1~~1
10:16:54.535 ~~TEST_06.TEST_06~~34~~STMT~~EVAL WORDINC = 1~~1
10:16:54.535 ~~TEST_06.TEST_06~~36~~STMT~~ITER
10:16:54.535 ~~TEST_06.TEST_06~~~~DATA~~I = 53~~54
10:16:54.535 ~~TEST_06.TEST_06~~31~~EXPR~~%LEN(SENTENCE)~~128
10:16:54.535 ~~TEST_06.TEST_06~~33~~EXPR~~%SUBST(SENTENCE : I : 1)~~
10:16:54.535 ~~TEST_06.TEST_06~~33~~EXPR~~%SUBST(SENTENCE : I : 1) = " "~~true
10:16:54.535 ~~TEST_06.TEST_06~~33~~STMT~~IF %SUBST(SENTENCE : I : 1) = " "~~true
10:16:54.535 ~~TEST_06.TEST_06~~~~DATA~~WORDINC = 1~~1
10:16:54.535 ~~TEST_06.TEST_06~~34~~STMT~~EVAL WORDINC = 1~~1
10:16:54.535 ~~TEST_06.TEST_06~~36~~STMT~~ITER
10:16:54.536 ~~TEST_06.TEST_06~~~~DATA~~I = 54~~55
10:16:54.536 ~~TEST_06.TEST_06~~31~~EXPR~~%LEN(SENTENCE)~~128
10:16:54.536 ~~TEST_06.TEST_06~~33~~EXPR~~%SUBST(SENTENCE : I : 1)~~
10:16:54.536 ~~TEST_06.TEST_06~~33~~EXPR~~%SUBST(SENTENCE : I : 1) = " "~~true
10:16:54.536 ~~TEST_06.TEST_06~~33~~STMT~~IF %SUBST(SENTENCE : I : 1) = " "~~true
10:16:54.536 ~~TEST_06.TEST_06~~~~DATA~~WORDINC = 1~~1
10:16:54.536 ~~TEST_06.TEST_06~~34~~STMT~~EVAL WORDINC = 1~~1
10:16:54.536 ~~TEST_06.TEST_06~~36~~STMT~~ITER
10:16:54.536 ~~TEST_06.TEST_06~~~~DATA~~I = 55~~56
10:16:54.536 ~~TEST_06.TEST_06~~31~~EXPR~~%LEN(SENTENCE)~~128
10:16:54.536 ~~TEST_06.TEST_06~~33~~EXPR~~%SUBST(SENTENCE : I : 1)~~
10:16:54.537 ~~TEST_06.TEST_06~~33~~EXPR~~%SUBST(SENTENCE : I : 1) = " "~~true
10:16:54.537 ~~TEST_06.TEST_06~~33~~STMT~~IF %SUBST(SENTENCE : I : 1) = " "~~true
10:16:54.537 ~~TEST_06.TEST_06~~~~DATA~~WORDINC = 1~~1
10:16:54.537 ~~TEST_06.TEST_06~~34~~STMT~~EVAL WORDINC = 1~~1
10:16:54.537 ~~TEST_06.TEST_06~~36~~STMT~~ITER
10:16:54.537 ~~TEST_06.TEST_06~~~~DATA~~I = 56~~57
10:16:54.537 ~~TEST_06.TEST_06~~31~~EXPR~~%LEN(SENTENCE)~~128
10:16:54.537 ~~TEST_06.TEST_06~~33~~EXPR~~%SUBST(SENTENCE : I : 1)~~
10:16:54.537 ~~TEST_06.TEST_06~~33~~EXPR~~%SUBST(SENTENCE : I : 1) = " "~~true
10:16:54.537 ~~TEST_06.TEST_06~~33~~STMT~~IF %SUBST(SENTENCE : I : 1) = " "~~true
10:16:54.538 ~~TEST_06.TEST_06~~~~DATA~~WORDINC = 1~~1
10:16:54.538 ~~TEST_06.TEST_06~~34~~STMT~~EVAL WORDINC = 1~~1
10:16:54.538 ~~TEST_06.TEST_06~~36~~STMT~~ITER
10:16:54.538 ~~TEST_06.TEST_06~~~~DATA~~I = 57~~58
10:16:54.538 ~~TEST_06.TEST_06~~31~~EXPR~~%LEN(SENTENCE)~~128
10:16:54.538 ~~TEST_06.TEST_06~~33~~EXPR~~%SUBST(SENTENCE : I : 1)~~
10:16:54.538 ~~TEST_06.TEST_06~~33~~EXPR~~%SUBST(SENTENCE : I : 1) = " "~~true
10:16:54.538 ~~TEST_06.TEST_06~~33~~STMT~~IF %SUBST(SENTENCE : I : 1) = " "~~true
10:16:54.538 ~~TEST_06.TEST_06~~~~DATA~~WORDINC = 1~~1
10:16:54.539 ~~TEST_06.TEST_06~~34~~STMT~~EVAL WORDINC = 1~~1
10:16:54.539 ~~TEST_06.TEST_06~~36~~STMT~~ITER
10:16:54.539 ~~TEST_06.TEST_06~~~~DATA~~I = 58~~59
10:16:54.539 ~~TEST_06.TEST_06~~31~~EXPR~~%LEN(SENTENCE)~~128
10:16:54.539 ~~TEST_06.TEST_06~~33~~EXPR~~%SUBST(SENTENCE : I : 1)~~
10:16:54.539 ~~TEST_06.TEST_06~~33~~EXPR~~%SUBST(SENTENCE : I : 1) = " "~~true
10:16:54.539 ~~TEST_06.TEST_06~~33~~STMT~~IF %SUBST(SENTENCE : I : 1) = " "~~true
10:16:54.539 ~~TEST_06.TEST_06~~~~DATA~~WORDINC = 1~~1
10:16:54.539 ~~TEST_06.TEST_06~~34~~STMT~~EVAL WORDINC = 1~~1
10:16:54.539 ~~TEST_06.TEST_06~~36~~STMT~~ITER
10:16:54.539 ~~TEST_06.TEST_06~~~~DATA~~I = 59~~60
10:16:54.539 ~~TEST_06.TEST_06~~31~~EXPR~~%LEN(SENTENCE)~~128
10:16:54.540 ~~TEST_06.TEST_06~~33~~EXPR~~%SUBST(SENTENCE : I : 1)~~
10:16:54.540 ~~TEST_06.TEST_06~~33~~EXPR~~%SUBST(SENTENCE : I : 1) = " "~~true
10:16:54.540 ~~TEST_06.TEST_06~~33~~STMT~~IF %SUBST(SENTENCE : I : 1) = " "~~true
10:16:54.540 ~~TEST_06.TEST_06~~~~DATA~~WORDINC = 1~~1
10:16:54.540 ~~TEST_06.TEST_06~~34~~STMT~~EVAL WORDINC = 1~~1
10:16:54.540 ~~TEST_06.TEST_06~~36~~STMT~~ITER
10:16:54.540 ~~TEST_06.TEST_06~~~~DATA~~I = 60~~61
10:16:54.540 ~~TEST_06.TEST_06~~31~~EXPR~~%LEN(SENTENCE)~~128
10:16:54.540 ~~TEST_06.TEST_06~~33~~EXPR~~%SUBST(SENTENCE : I : 1)~~
10:16:54.540 ~~TEST_06.TEST_06~~33~~EXPR~~%SUBST(SENTENCE : I : 1) = " "~~true
10:16:54.540 ~~TEST_06.TEST_06~~33~~STMT~~IF %SUBST(SENTENCE : I : 1) = " "~~true
10:16:54.540 ~~TEST_06.TEST_06~~~~DATA~~WORDINC = 1~~1
10:16:54.540 ~~TEST_06.TEST_06~~34~~STMT~~EVAL WORDINC = 1~~1
10:16:54.540 ~~TEST_06.TEST_06~~36~~STMT~~ITER
10:16:54.540 ~~TEST_06.TEST_06~~~~DATA~~I = 61~~62
10:16:54.541 ~~TEST_06.TEST_06~~31~~EXPR~~%LEN(SENTENCE)~~128
10:16:54.541 ~~TEST_06.TEST_06~~33~~EXPR~~%SUBST(SENTENCE : I : 1)~~
10:16:54.541 ~~TEST_06.TEST_06~~33~~EXPR~~%SUBST(SENTENCE : I : 1) = " "~~true
10:16:54.541 ~~TEST_06.TEST_06~~33~~STMT~~IF %SUBST(SENTENCE : I : 1) = " "~~true
10:16:54.541 ~~TEST_06.TEST_06~~~~DATA~~WORDINC = 1~~1
10:16:54.541 ~~TEST_06.TEST_06~~34~~STMT~~EVAL WORDINC = 1~~1
10:16:54.541 ~~TEST_06.TEST_06~~36~~STMT~~ITER
10:16:54.541 ~~TEST_06.TEST_06~~~~DATA~~I = 62~~63
10:16:54.541 ~~TEST_06.TEST_06~~31~~EXPR~~%LEN(SENTENCE)~~128
10:16:54.541 ~~TEST_06.TEST_06~~33~~EXPR~~%SUBST(SENTENCE : I : 1)~~
10:16:54.541 ~~TEST_06.TEST_06~~33~~EXPR~~%SUBST(SENTENCE : I : 1) = " "~~true
10:16:54.541 ~~TEST_06.TEST_06~~33~~STMT~~IF %SUBST(SENTENCE : I : 1) = " "~~true
10:16:54.541 ~~TEST_06.TEST_06~~~~DATA~~WORDINC = 1~~1
10:16:54.542 ~~TEST_06.TEST_06~~34~~STMT~~EVAL WORDINC = 1~~1
10:16:54.542 ~~TEST_06.TEST_06~~36~~STMT~~ITER
10:16:54.542 ~~TEST_06.TEST_06~~~~DATA~~I = 63~~64
10:16:54.542 ~~TEST_06.TEST_06~~31~~EXPR~~%LEN(SENTENCE)~~128
10:16:54.542 ~~TEST_06.TEST_06~~33~~EXPR~~%SUBST(SENTENCE : I : 1)~~
10:16:54.542 ~~TEST_06.TEST_06~~33~~EXPR~~%SUBST(SENTENCE : I : 1) = " "~~true
10:16:54.542 ~~TEST_06.TEST_06~~33~~STMT~~IF %SUBST(SENTENCE : I : 1) = " "~~true
10:16:54.542 ~~TEST_06.TEST_06~~~~DATA~~WORDINC = 1~~1
10:16:54.542 ~~TEST_06.TEST_06~~34~~STMT~~EVAL WORDINC = 1~~1
10:16:54.542 ~~TEST_06.TEST_06~~36~~STMT~~ITER
10:16:54.542 ~~TEST_06.TEST_06~~~~DATA~~I = 64~~65
10:16:54.542 ~~TEST_06.TEST_06~~31~~EXPR~~%LEN(SENTENCE)~~128
10:16:54.542 ~~TEST_06.TEST_06~~33~~EXPR~~%SUBST(SENTENCE : I : 1)~~
10:16:54.543 ~~TEST_06.TEST_06~~33~~EXPR~~%SUBST(SENTENCE : I : 1) = " "~~true
10:16:54.543 ~~TEST_06.TEST_06~~33~~STMT~~IF %SUBST(SENTENCE : I : 1) = " "~~true
10:16:54.543 ~~TEST_06.TEST_06~~~~DATA~~WORDINC = 1~~1
10:16:54.543 ~~TEST_06.TEST_06~~34~~STMT~~EVAL WORDINC = 1~~1
10:16:54.543 ~~TEST_06.TEST_06~~36~~STMT~~ITER
10:16:54.543 ~~TEST_06.TEST_06~~~~DATA~~I = 65~~66
10:16:54.543 ~~TEST_06.TEST_06~~31~~EXPR~~%LEN(SENTENCE)~~128
10:16:54.543 ~~TEST_06.TEST_06~~33~~EXPR~~%SUBST(SENTENCE : I : 1)~~
10:16:54.543 ~~TEST_06.TEST_06~~33~~EXPR~~%SUBST(SENTENCE : I : 1) = " "~~true
10:16:54.543 ~~TEST_06.TEST_06~~33~~STMT~~IF %SUBST(SENTENCE : I : 1) = " "~~true
10:16:54.543 ~~TEST_06.TEST_06~~~~DATA~~WORDINC = 1~~1
10:16:54.543 ~~TEST_06.TEST_06~~34~~STMT~~EVAL WORDINC = 1~~1
10:16:54.543 ~~TEST_06.TEST_06~~36~~STMT~~ITER
10:16:54.543 ~~TEST_06.TEST_06~~~~DATA~~I = 66~~67
10:16:54.543 ~~TEST_06.TEST_06~~31~~EXPR~~%LEN(SENTENCE)~~128
10:16:54.544 ~~TEST_06.TEST_06~~33~~EXPR~~%SUBST(SENTENCE : I : 1)~~
10:16:54.544 ~~TEST_06.TEST_06~~33~~EXPR~~%SUBST(SENTENCE : I : 1) = " "~~true
10:16:54.544 ~~TEST_06.TEST_06~~33~~STMT~~IF %SUBST(SENTENCE : I : 1) = " "~~true
10:16:54.544 ~~TEST_06.TEST_06~~~~DATA~~WORDINC = 1~~1
10:16:54.544 ~~TEST_06.TEST_06~~34~~STMT~~EVAL WORDINC = 1~~1
10:16:54.544 ~~TEST_06.TEST_06~~36~~STMT~~ITER
10:16:54.544 ~~TEST_06.TEST_06~~~~DATA~~I = 67~~68
10:16:54.544 ~~TEST_06.TEST_06~~31~~EXPR~~%LEN(SENTENCE)~~128
10:16:54.544 ~~TEST_06.TEST_06~~33~~EXPR~~%SUBST(SENTENCE : I : 1)~~
10:16:54.544 ~~TEST_06.TEST_06~~33~~EXPR~~%SUBST(SENTENCE : I : 1) = " "~~true
10:16:54.544 ~~TEST_06.TEST_06~~33~~STMT~~IF %SUBST(SENTENCE : I : 1) = " "~~true
10:16:54.544 ~~TEST_06.TEST_06~~~~DATA~~WORDINC = 1~~1
10:16:54.544 ~~TEST_06.TEST_06~~34~~STMT~~EVAL WORDINC = 1~~1
10:16:54.544 ~~TEST_06.TEST_06~~36~~STMT~~ITER
10:16:54.545 ~~TEST_06.TEST_06~~~~DATA~~I = 68~~69
10:16:54.545 ~~TEST_06.TEST_06~~31~~EXPR~~%LEN(SENTENCE)~~128
10:16:54.545 ~~TEST_06.TEST_06~~33~~EXPR~~%SUBST(SENTENCE : I : 1)~~
10:16:54.545 ~~TEST_06.TEST_06~~33~~EXPR~~%SUBST(SENTENCE : I : 1) = " "~~true
10:16:54.545 ~~TEST_06.TEST_06~~33~~STMT~~IF %SUBST(SENTENCE : I : 1) = " "~~true
10:16:54.545 ~~TEST_06.TEST_06~~~~DATA~~WORDINC = 1~~1
10:16:54.545 ~~TEST_06.TEST_06~~34~~STMT~~EVAL WORDINC = 1~~1
10:16:54.545 ~~TEST_06.TEST_06~~36~~STMT~~ITER
10:16:54.545 ~~TEST_06.TEST_06~~~~DATA~~I = 69~~70
10:16:54.545 ~~TEST_06.TEST_06~~31~~EXPR~~%LEN(SENTENCE)~~128
10:16:54.545 ~~TEST_06.TEST_06~~33~~EXPR~~%SUBST(SENTENCE : I : 1)~~
10:16:54.545 ~~TEST_06.TEST_06~~33~~EXPR~~%SUBST(SENTENCE : I : 1) = " "~~true
10:16:54.545 ~~TEST_06.TEST_06~~33~~STMT~~IF %SUBST(SENTENCE : I : 1) = " "~~true
10:16:54.545 ~~TEST_06.TEST_06~~~~DATA~~WORDINC = 1~~1
10:16:54.546 ~~TEST_06.TEST_06~~34~~STMT~~EVAL WORDINC = 1~~1
10:16:54.546 ~~TEST_06.TEST_06~~36~~STMT~~ITER
10:16:54.546 ~~TEST_06.TEST_06~~~~DATA~~I = 70~~71
10:16:54.546 ~~TEST_06.TEST_06~~31~~EXPR~~%LEN(SENTENCE)~~128
10:16:54.546 ~~TEST_06.TEST_06~~33~~EXPR~~%SUBST(SENTENCE : I : 1)~~
10:16:54.546 ~~TEST_06.TEST_06~~33~~EXPR~~%SUBST(SENTENCE : I : 1) = " "~~true
10:16:54.546 ~~TEST_06.TEST_06~~33~~STMT~~IF %SUBST(SENTENCE : I : 1) = " "~~true
10:16:54.546 ~~TEST_06.TEST_06~~~~DATA~~WORDINC = 1~~1
10:16:54.546 ~~TEST_06.TEST_06~~34~~STMT~~EVAL WORDINC = 1~~1
10:16:54.546 ~~TEST_06.TEST_06~~36~~STMT~~ITER
10:16:54.546 ~~TEST_06.TEST_06~~~~DATA~~I = 71~~72
10:16:54.546 ~~TEST_06.TEST_06~~31~~EXPR~~%LEN(SENTENCE)~~128
10:16:54.546 ~~TEST_06.TEST_06~~33~~EXPR~~%SUBST(SENTENCE : I : 1)~~
10:16:54.546 ~~TEST_06.TEST_06~~33~~EXPR~~%SUBST(SENTENCE : I : 1) = " "~~true
10:16:54.547 ~~TEST_06.TEST_06~~33~~STMT~~IF %SUBST(SENTENCE : I : 1) = " "~~true
10:16:54.547 ~~TEST_06.TEST_06~~~~DATA~~WORDINC = 1~~1
10:16:54.547 ~~TEST_06.TEST_06~~34~~STMT~~EVAL WORDINC = 1~~1
10:16:54.547 ~~TEST_06.TEST_06~~36~~STMT~~ITER
10:16:54.547 ~~TEST_06.TEST_06~~~~DATA~~I = 72~~73
10:16:54.547 ~~TEST_06.TEST_06~~31~~EXPR~~%LEN(SENTENCE)~~128
10:16:54.547 ~~TEST_06.TEST_06~~33~~EXPR~~%SUBST(SENTENCE : I : 1)~~
10:16:54.547 ~~TEST_06.TEST_06~~33~~EXPR~~%SUBST(SENTENCE : I : 1) = " "~~true
10:16:54.547 ~~TEST_06.TEST_06~~33~~STMT~~IF %SUBST(SENTENCE : I : 1) = " "~~true
10:16:54.547 ~~TEST_06.TEST_06~~~~DATA~~WORDINC = 1~~1
10:16:54.547 ~~TEST_06.TEST_06~~34~~STMT~~EVAL WORDINC = 1~~1
10:16:54.547 ~~TEST_06.TEST_06~~36~~STMT~~ITER
10:16:54.547 ~~TEST_06.TEST_06~~~~DATA~~I = 73~~74
10:16:54.547 ~~TEST_06.TEST_06~~31~~EXPR~~%LEN(SENTENCE)~~128
10:16:54.547 ~~TEST_06.TEST_06~~33~~EXPR~~%SUBST(SENTENCE : I : 1)~~
10:16:54.548 ~~TEST_06.TEST_06~~33~~EXPR~~%SUBST(SENTENCE : I : 1) = " "~~true
10:16:54.548 ~~TEST_06.TEST_06~~33~~STMT~~IF %SUBST(SENTENCE : I : 1) = " "~~true
10:16:54.548 ~~TEST_06.TEST_06~~~~DATA~~WORDINC = 1~~1
10:16:54.548 ~~TEST_06.TEST_06~~34~~STMT~~EVAL WORDINC = 1~~1
10:16:54.548 ~~TEST_06.TEST_06~~36~~STMT~~ITER
10:16:54.548 ~~TEST_06.TEST_06~~~~DATA~~I = 74~~75
10:16:54.548 ~~TEST_06.TEST_06~~31~~EXPR~~%LEN(SENTENCE)~~128
10:16:54.548 ~~TEST_06.TEST_06~~33~~EXPR~~%SUBST(SENTENCE : I : 1)~~
10:16:54.548 ~~TEST_06.TEST_06~~33~~EXPR~~%SUBST(SENTENCE : I : 1) = " "~~true
10:16:54.549 ~~TEST_06.TEST_06~~33~~STMT~~IF %SUBST(SENTENCE : I : 1) = " "~~true
10:16:54.549 ~~TEST_06.TEST_06~~~~DATA~~WORDINC = 1~~1
10:16:54.549 ~~TEST_06.TEST_06~~34~~STMT~~EVAL WORDINC = 1~~1
10:16:54.549 ~~TEST_06.TEST_06~~36~~STMT~~ITER
10:16:54.549 ~~TEST_06.TEST_06~~~~DATA~~I = 75~~76
10:16:54.549 ~~TEST_06.TEST_06~~31~~EXPR~~%LEN(SENTENCE)~~128
10:16:54.549 ~~TEST_06.TEST_06~~33~~EXPR~~%SUBST(SENTENCE : I : 1)~~
10:16:54.549 ~~TEST_06.TEST_06~~33~~EXPR~~%SUBST(SENTENCE : I : 1) = " "~~true
10:16:54.550 ~~TEST_06.TEST_06~~33~~STMT~~IF %SUBST(SENTENCE : I : 1) = " "~~true
10:16:54.550 ~~TEST_06.TEST_06~~~~DATA~~WORDINC = 1~~1
10:16:54.550 ~~TEST_06.TEST_06~~34~~STMT~~EVAL WORDINC = 1~~1
10:16:54.550 ~~TEST_06.TEST_06~~36~~STMT~~ITER
10:16:54.550 ~~TEST_06.TEST_06~~~~DATA~~I = 76~~77
10:16:54.550 ~~TEST_06.TEST_06~~31~~EXPR~~%LEN(SENTENCE)~~128
10:16:54.550 ~~TEST_06.TEST_06~~33~~EXPR~~%SUBST(SENTENCE : I : 1)~~
10:16:54.550 ~~TEST_06.TEST_06~~33~~EXPR~~%SUBST(SENTENCE : I : 1) = " "~~true
10:16:54.550 ~~TEST_06.TEST_06~~33~~STMT~~IF %SUBST(SENTENCE : I : 1) = " "~~true
10:16:54.550 ~~TEST_06.TEST_06~~~~DATA~~WORDINC = 1~~1
10:16:54.550 ~~TEST_06.TEST_06~~34~~STMT~~EVAL WORDINC = 1~~1
10:16:54.550 ~~TEST_06.TEST_06~~36~~STMT~~ITER
10:16:54.551 ~~TEST_06.TEST_06~~~~DATA~~I = 77~~78
10:16:54.551 ~~TEST_06.TEST_06~~31~~EXPR~~%LEN(SENTENCE)~~128
10:16:54.551 ~~TEST_06.TEST_06~~33~~EXPR~~%SUBST(SENTENCE : I : 1)~~
10:16:54.551 ~~TEST_06.TEST_06~~33~~EXPR~~%SUBST(SENTENCE : I : 1) = " "~~true
10:16:54.551 ~~TEST_06.TEST_06~~33~~STMT~~IF %SUBST(SENTENCE : I : 1) = " "~~true
10:16:54.551 ~~TEST_06.TEST_06~~~~DATA~~WORDINC = 1~~1
10:16:54.551 ~~TEST_06.TEST_06~~34~~STMT~~EVAL WORDINC = 1~~1
10:16:54.551 ~~TEST_06.TEST_06~~36~~STMT~~ITER
10:16:54.551 ~~TEST_06.TEST_06~~~~DATA~~I = 78~~79
10:16:54.551 ~~TEST_06.TEST_06~~31~~EXPR~~%LEN(SENTENCE)~~128
10:16:54.552 ~~TEST_06.TEST_06~~33~~EXPR~~%SUBST(SENTENCE : I : 1)~~
10:16:54.552 ~~TEST_06.TEST_06~~33~~EXPR~~%SUBST(SENTENCE : I : 1) = " "~~true
10:16:54.552 ~~TEST_06.TEST_06~~33~~STMT~~IF %SUBST(SENTENCE : I : 1) = " "~~true
10:16:54.552 ~~TEST_06.TEST_06~~~~DATA~~WORDINC = 1~~1
10:16:54.552 ~~TEST_06.TEST_06~~34~~STMT~~EVAL WORDINC = 1~~1
10:16:54.552 ~~TEST_06.TEST_06~~36~~STMT~~ITER
10:16:54.552 ~~TEST_06.TEST_06~~~~DATA~~I = 79~~80
10:16:54.552 ~~TEST_06.TEST_06~~31~~EXPR~~%LEN(SENTENCE)~~128
10:16:54.553 ~~TEST_06.TEST_06~~33~~EXPR~~%SUBST(SENTENCE : I : 1)~~
10:16:54.553 ~~TEST_06.TEST_06~~33~~EXPR~~%SUBST(SENTENCE : I : 1) = " "~~true
10:16:54.553 ~~TEST_06.TEST_06~~33~~STMT~~IF %SUBST(SENTENCE : I : 1) = " "~~true
10:16:54.553 ~~TEST_06.TEST_06~~~~DATA~~WORDINC = 1~~1
10:16:54.553 ~~TEST_06.TEST_06~~34~~STMT~~EVAL WORDINC = 1~~1
10:16:54.553 ~~TEST_06.TEST_06~~36~~STMT~~ITER
10:16:54.553 ~~TEST_06.TEST_06~~~~DATA~~I = 80~~81
10:16:54.553 ~~TEST_06.TEST_06~~31~~EXPR~~%LEN(SENTENCE)~~128
10:16:54.554 ~~TEST_06.TEST_06~~33~~EXPR~~%SUBST(SENTENCE : I : 1)~~
10:16:54.554 ~~TEST_06.TEST_06~~33~~EXPR~~%SUBST(SENTENCE : I : 1) = " "~~true
10:16:54.554 ~~TEST_06.TEST_06~~33~~STMT~~IF %SUBST(SENTENCE : I : 1) = " "~~true
10:16:54.554 ~~TEST_06.TEST_06~~~~DATA~~WORDINC = 1~~1
10:16:54.554 ~~TEST_06.TEST_06~~34~~STMT~~EVAL WORDINC = 1~~1
10:16:54.554 ~~TEST_06.TEST_06~~36~~STMT~~ITER
10:16:54.554 ~~TEST_06.TEST_06~~~~DATA~~I = 81~~82
10:16:54.554 ~~TEST_06.TEST_06~~31~~EXPR~~%LEN(SENTENCE)~~128
10:16:54.555 ~~TEST_06.TEST_06~~33~~EXPR~~%SUBST(SENTENCE : I : 1)~~
10:16:54.555 ~~TEST_06.TEST_06~~33~~EXPR~~%SUBST(SENTENCE : I : 1) = " "~~true
10:16:54.555 ~~TEST_06.TEST_06~~33~~STMT~~IF %SUBST(SENTENCE : I : 1) = " "~~true
10:16:54.555 ~~TEST_06.TEST_06~~~~DATA~~WORDINC = 1~~1
10:16:54.555 ~~TEST_06.TEST_06~~34~~STMT~~EVAL WORDINC = 1~~1
10:16:54.555 ~~TEST_06.TEST_06~~36~~STMT~~ITER
10:16:54.555 ~~TEST_06.TEST_06~~~~DATA~~I = 82~~83
10:16:54.555 ~~TEST_06.TEST_06~~31~~EXPR~~%LEN(SENTENCE)~~128
10:16:54.555 ~~TEST_06.TEST_06~~33~~EXPR~~%SUBST(SENTENCE : I : 1)~~
10:16:54.555 ~~TEST_06.TEST_06~~33~~EXPR~~%SUBST(SENTENCE : I : 1) = " "~~true
10:16:54.555 ~~TEST_06.TEST_06~~33~~STMT~~IF %SUBST(SENTENCE : I : 1) = " "~~true
10:16:54.555 ~~TEST_06.TEST_06~~~~DATA~~WORDINC = 1~~1
10:16:54.555 ~~TEST_06.TEST_06~~34~~STMT~~EVAL WORDINC = 1~~1
10:16:54.555 ~~TEST_06.TEST_06~~36~~STMT~~ITER
10:16:54.555 ~~TEST_06.TEST_06~~~~DATA~~I = 83~~84
10:16:54.555 ~~TEST_06.TEST_06~~31~~EXPR~~%LEN(SENTENCE)~~128
10:16:54.555 ~~TEST_06.TEST_06~~33~~EXPR~~%SUBST(SENTENCE : I : 1)~~
10:16:54.556 ~~TEST_06.TEST_06~~33~~EXPR~~%SUBST(SENTENCE : I : 1) = " "~~true
10:16:54.556 ~~TEST_06.TEST_06~~33~~STMT~~IF %SUBST(SENTENCE : I : 1) = " "~~true
10:16:54.556 ~~TEST_06.TEST_06~~~~DATA~~WORDINC = 1~~1
10:16:54.556 ~~TEST_06.TEST_06~~34~~STMT~~EVAL WORDINC = 1~~1
10:16:54.556 ~~TEST_06.TEST_06~~36~~STMT~~ITER
10:16:54.556 ~~TEST_06.TEST_06~~~~DATA~~I = 84~~85
10:16:54.556 ~~TEST_06.TEST_06~~31~~EXPR~~%LEN(SENTENCE)~~128
10:16:54.557 ~~TEST_06.TEST_06~~33~~EXPR~~%SUBST(SENTENCE : I : 1)~~
10:16:54.557 ~~TEST_06.TEST_06~~33~~EXPR~~%SUBST(SENTENCE : I : 1) = " "~~true
10:16:54.557 ~~TEST_06.TEST_06~~33~~STMT~~IF %SUBST(SENTENCE : I : 1) = " "~~true
10:16:54.557 ~~TEST_06.TEST_06~~~~DATA~~WORDINC = 1~~1
10:16:54.557 ~~TEST_06.TEST_06~~34~~STMT~~EVAL WORDINC = 1~~1
10:16:54.557 ~~TEST_06.TEST_06~~36~~STMT~~ITER
10:16:54.557 ~~TEST_06.TEST_06~~~~DATA~~I = 85~~86
10:16:54.557 ~~TEST_06.TEST_06~~31~~EXPR~~%LEN(SENTENCE)~~128
10:16:54.557 ~~TEST_06.TEST_06~~33~~EXPR~~%SUBST(SENTENCE : I : 1)~~
10:16:54.558 ~~TEST_06.TEST_06~~33~~EXPR~~%SUBST(SENTENCE : I : 1) = " "~~true
10:16:54.558 ~~TEST_06.TEST_06~~33~~STMT~~IF %SUBST(SENTENCE : I : 1) = " "~~true
10:16:54.558 ~~TEST_06.TEST_06~~~~DATA~~WORDINC = 1~~1
10:16:54.558 ~~TEST_06.TEST_06~~34~~STMT~~EVAL WORDINC = 1~~1
10:16:54.558 ~~TEST_06.TEST_06~~36~~STMT~~ITER
10:16:54.558 ~~TEST_06.TEST_06~~~~DATA~~I = 86~~87
10:16:54.558 ~~TEST_06.TEST_06~~31~~EXPR~~%LEN(SENTENCE)~~128
10:16:54.558 ~~TEST_06.TEST_06~~33~~EXPR~~%SUBST(SENTENCE : I : 1)~~
10:16:54.559 ~~TEST_06.TEST_06~~33~~EXPR~~%SUBST(SENTENCE : I : 1) = " "~~true
10:16:54.559 ~~TEST_06.TEST_06~~33~~STMT~~IF %SUBST(SENTENCE : I : 1) = " "~~true
10:16:54.559 ~~TEST_06.TEST_06~~~~DATA~~WORDINC = 1~~1
10:16:54.559 ~~TEST_06.TEST_06~~34~~STMT~~EVAL WORDINC = 1~~1
10:16:54.559 ~~TEST_06.TEST_06~~36~~STMT~~ITER
10:16:54.559 ~~TEST_06.TEST_06~~~~DATA~~I = 87~~88
10:16:54.559 ~~TEST_06.TEST_06~~31~~EXPR~~%LEN(SENTENCE)~~128
10:16:54.559 ~~TEST_06.TEST_06~~33~~EXPR~~%SUBST(SENTENCE : I : 1)~~
10:16:54.559 ~~TEST_06.TEST_06~~33~~EXPR~~%SUBST(SENTENCE : I : 1) = " "~~true
10:16:54.559 ~~TEST_06.TEST_06~~33~~STMT~~IF %SUBST(SENTENCE : I : 1) = " "~~true
10:16:54.560 ~~TEST_06.TEST_06~~~~DATA~~WORDINC = 1~~1
10:16:54.560 ~~TEST_06.TEST_06~~34~~STMT~~EVAL WORDINC = 1~~1
10:16:54.560 ~~TEST_06.TEST_06~~36~~STMT~~ITER
10:16:54.560 ~~TEST_06.TEST_06~~~~DATA~~I = 88~~89
10:16:54.560 ~~TEST_06.TEST_06~~31~~EXPR~~%LEN(SENTENCE)~~128
10:16:54.560 ~~TEST_06.TEST_06~~33~~EXPR~~%SUBST(SENTENCE : I : 1)~~
10:16:54.560 ~~TEST_06.TEST_06~~33~~EXPR~~%SUBST(SENTENCE : I : 1) = " "~~true
10:16:54.560 ~~TEST_06.TEST_06~~33~~STMT~~IF %SUBST(SENTENCE : I : 1) = " "~~true
10:16:54.560 ~~TEST_06.TEST_06~~~~DATA~~WORDINC = 1~~1
10:16:54.560 ~~TEST_06.TEST_06~~34~~STMT~~EVAL WORDINC = 1~~1
10:16:54.560 ~~TEST_06.TEST_06~~36~~STMT~~ITER
10:16:54.560 ~~TEST_06.TEST_06~~~~DATA~~I = 89~~90
10:16:54.560 ~~TEST_06.TEST_06~~31~~EXPR~~%LEN(SENTENCE)~~128
10:16:54.561 ~~TEST_06.TEST_06~~33~~EXPR~~%SUBST(SENTENCE : I : 1)~~
10:16:54.561 ~~TEST_06.TEST_06~~33~~EXPR~~%SUBST(SENTENCE : I : 1) = " "~~true
10:16:54.561 ~~TEST_06.TEST_06~~33~~STMT~~IF %SUBST(SENTENCE : I : 1) = " "~~true
10:16:54.561 ~~TEST_06.TEST_06~~~~DATA~~WORDINC = 1~~1
10:16:54.561 ~~TEST_06.TEST_06~~34~~STMT~~EVAL WORDINC = 1~~1
10:16:54.561 ~~TEST_06.TEST_06~~36~~STMT~~ITER
10:16:54.561 ~~TEST_06.TEST_06~~~~DATA~~I = 90~~91
10:16:54.561 ~~TEST_06.TEST_06~~31~~EXPR~~%LEN(SENTENCE)~~128
10:16:54.561 ~~TEST_06.TEST_06~~33~~EXPR~~%SUBST(SENTENCE : I : 1)~~
10:16:54.561 ~~TEST_06.TEST_06~~33~~EXPR~~%SUBST(SENTENCE : I : 1) = " "~~true
10:16:54.561 ~~TEST_06.TEST_06~~33~~STMT~~IF %SUBST(SENTENCE : I : 1) = " "~~true
10:16:54.562 ~~TEST_06.TEST_06~~~~DATA~~WORDINC = 1~~1
10:16:54.562 ~~TEST_06.TEST_06~~34~~STMT~~EVAL WORDINC = 1~~1
10:16:54.562 ~~TEST_06.TEST_06~~36~~STMT~~ITER
10:16:54.562 ~~TEST_06.TEST_06~~~~DATA~~I = 91~~92
10:16:54.562 ~~TEST_06.TEST_06~~31~~EXPR~~%LEN(SENTENCE)~~128
10:16:54.562 ~~TEST_06.TEST_06~~33~~EXPR~~%SUBST(SENTENCE : I : 1)~~
10:16:54.562 ~~TEST_06.TEST_06~~33~~EXPR~~%SUBST(SENTENCE : I : 1) = " "~~true
10:16:54.562 ~~TEST_06.TEST_06~~33~~STMT~~IF %SUBST(SENTENCE : I : 1) = " "~~true
10:16:54.562 ~~TEST_06.TEST_06~~~~DATA~~WORDINC = 1~~1
10:16:54.562 ~~TEST_06.TEST_06~~34~~STMT~~EVAL WORDINC = 1~~1
10:16:54.562 ~~TEST_06.TEST_06~~36~~STMT~~ITER
10:16:54.562 ~~TEST_06.TEST_06~~~~DATA~~I = 92~~93
10:16:54.563 ~~TEST_06.TEST_06~~31~~EXPR~~%LEN(SENTENCE)~~128
10:16:54.563 ~~TEST_06.TEST_06~~33~~EXPR~~%SUBST(SENTENCE : I : 1)~~
10:16:54.563 ~~TEST_06.TEST_06~~33~~EXPR~~%SUBST(SENTENCE : I : 1) = " "~~true
10:16:54.563 ~~TEST_06.TEST_06~~33~~STMT~~IF %SUBST(SENTENCE : I : 1) = " "~~true
10:16:54.563 ~~TEST_06.TEST_06~~~~DATA~~WORDINC = 1~~1
10:16:54.563 ~~TEST_06.TEST_06~~34~~STMT~~EVAL WORDINC = 1~~1
10:16:54.563 ~~TEST_06.TEST_06~~36~~STMT~~ITER
10:16:54.563 ~~TEST_06.TEST_06~~~~DATA~~I = 93~~94
10:16:54.563 ~~TEST_06.TEST_06~~31~~EXPR~~%LEN(SENTENCE)~~128
10:16:54.563 ~~TEST_06.TEST_06~~33~~EXPR~~%SUBST(SENTENCE : I : 1)~~
10:16:54.563 ~~TEST_06.TEST_06~~33~~EXPR~~%SUBST(SENTENCE : I : 1) = " "~~true
10:16:54.563 ~~TEST_06.TEST_06~~33~~STMT~~IF %SUBST(SENTENCE : I : 1) = " "~~true
10:16:54.564 ~~TEST_06.TEST_06~~~~DATA~~WORDINC = 1~~1
10:16:54.564 ~~TEST_06.TEST_06~~34~~STMT~~EVAL WORDINC = 1~~1
10:16:54.564 ~~TEST_06.TEST_06~~36~~STMT~~ITER
10:16:54.564 ~~TEST_06.TEST_06~~~~DATA~~I = 94~~95
10:16:54.564 ~~TEST_06.TEST_06~~31~~EXPR~~%LEN(SENTENCE)~~128
10:16:54.564 ~~TEST_06.TEST_06~~33~~EXPR~~%SUBST(SENTENCE : I : 1)~~
10:16:54.564 ~~TEST_06.TEST_06~~33~~EXPR~~%SUBST(SENTENCE : I : 1) = " "~~true
10:16:54.564 ~~TEST_06.TEST_06~~33~~STMT~~IF %SUBST(SENTENCE : I : 1) = " "~~true
10:16:54.564 ~~TEST_06.TEST_06~~~~DATA~~WORDINC = 1~~1
10:16:54.564 ~~TEST_06.TEST_06~~34~~STMT~~EVAL WORDINC = 1~~1
10:16:54.564 ~~TEST_06.TEST_06~~36~~STMT~~ITER
10:16:54.564 ~~TEST_06.TEST_06~~~~DATA~~I = 95~~96
10:16:54.565 ~~TEST_06.TEST_06~~31~~EXPR~~%LEN(SENTENCE)~~128
10:16:54.565 ~~TEST_06.TEST_06~~33~~EXPR~~%SUBST(SENTENCE : I : 1)~~
10:16:54.565 ~~TEST_06.TEST_06~~33~~EXPR~~%SUBST(SENTENCE : I : 1) = " "~~true
10:16:54.565 ~~TEST_06.TEST_06~~33~~STMT~~IF %SUBST(SENTENCE : I : 1) = " "~~true
10:16:54.565 ~~TEST_06.TEST_06~~~~DATA~~WORDINC = 1~~1
10:16:54.565 ~~TEST_06.TEST_06~~34~~STMT~~EVAL WORDINC = 1~~1
10:16:54.565 ~~TEST_06.TEST_06~~36~~STMT~~ITER
10:16:54.565 ~~TEST_06.TEST_06~~~~DATA~~I = 96~~97
10:16:54.565 ~~TEST_06.TEST_06~~31~~EXPR~~%LEN(SENTENCE)~~128
10:16:54.565 ~~TEST_06.TEST_06~~33~~EXPR~~%SUBST(SENTENCE : I : 1)~~
10:16:54.565 ~~TEST_06.TEST_06~~33~~EXPR~~%SUBST(SENTENCE : I : 1) = " "~~true
10:16:54.566 ~~TEST_06.TEST_06~~33~~STMT~~IF %SUBST(SENTENCE : I : 1) = " "~~true
10:16:54.566 ~~TEST_06.TEST_06~~~~DATA~~WORDINC = 1~~1
10:16:54.566 ~~TEST_06.TEST_06~~34~~STMT~~EVAL WORDINC = 1~~1
10:16:54.566 ~~TEST_06.TEST_06~~36~~STMT~~ITER
10:16:54.566 ~~TEST_06.TEST_06~~~~DATA~~I = 97~~98
10:16:54.566 ~~TEST_06.TEST_06~~31~~EXPR~~%LEN(SENTENCE)~~128
10:16:54.566 ~~TEST_06.TEST_06~~33~~EXPR~~%SUBST(SENTENCE : I : 1)~~
10:16:54.566 ~~TEST_06.TEST_06~~33~~EXPR~~%SUBST(SENTENCE : I : 1) = " "~~true
10:16:54.566 ~~TEST_06.TEST_06~~33~~STMT~~IF %SUBST(SENTENCE : I : 1) = " "~~true
10:16:54.566 ~~TEST_06.TEST_06~~~~DATA~~WORDINC = 1~~1
10:16:54.566 ~~TEST_06.TEST_06~~34~~STMT~~EVAL WORDINC = 1~~1
10:16:54.566 ~~TEST_06.TEST_06~~36~~STMT~~ITER
10:16:54.567 ~~TEST_06.TEST_06~~~~DATA~~I = 98~~99
10:16:54.567 ~~TEST_06.TEST_06~~31~~EXPR~~%LEN(SENTENCE)~~128
10:16:54.567 ~~TEST_06.TEST_06~~33~~EXPR~~%SUBST(SENTENCE : I : 1)~~
10:16:54.567 ~~TEST_06.TEST_06~~33~~EXPR~~%SUBST(SENTENCE : I : 1) = " "~~true
10:16:54.567 ~~TEST_06.TEST_06~~33~~STMT~~IF %SUBST(SENTENCE : I : 1) = " "~~true
10:16:54.567 ~~TEST_06.TEST_06~~~~DATA~~WORDINC = 1~~1
10:16:54.567 ~~TEST_06.TEST_06~~34~~STMT~~EVAL WORDINC = 1~~1
10:16:54.567 ~~TEST_06.TEST_06~~36~~STMT~~ITER
10:16:54.567 ~~TEST_06.TEST_06~~~~DATA~~I = 99~~100
10:16:54.567 ~~TEST_06.TEST_06~~31~~EXPR~~%LEN(SENTENCE)~~128
10:16:54.567 ~~TEST_06.TEST_06~~33~~EXPR~~%SUBST(SENTENCE : I : 1)~~
10:16:54.568 ~~TEST_06.TEST_06~~33~~EXPR~~%SUBST(SENTENCE : I : 1) = " "~~true
10:16:54.568 ~~TEST_06.TEST_06~~33~~STMT~~IF %SUBST(SENTENCE : I : 1) = " "~~true
10:16:54.568 ~~TEST_06.TEST_06~~~~DATA~~WORDINC = 1~~1
10:16:54.568 ~~TEST_06.TEST_06~~34~~STMT~~EVAL WORDINC = 1~~1
10:16:54.568 ~~TEST_06.TEST_06~~36~~STMT~~ITER
10:16:54.568 ~~TEST_06.TEST_06~~~~DATA~~I = 100~~101
10:16:54.568 ~~TEST_06.TEST_06~~31~~EXPR~~%LEN(SENTENCE)~~128
10:16:54.568 ~~TEST_06.TEST_06~~33~~EXPR~~%SUBST(SENTENCE : I : 1)~~
10:16:54.568 ~~TEST_06.TEST_06~~33~~EXPR~~%SUBST(SENTENCE : I : 1) = " "~~true
10:16:54.568 ~~TEST_06.TEST_06~~33~~STMT~~IF %SUBST(SENTENCE : I : 1) = " "~~true
10:16:54.568 ~~TEST_06.TEST_06~~~~DATA~~WORDINC = 1~~1
10:16:54.568 ~~TEST_06.TEST_06~~34~~STMT~~EVAL WORDINC = 1~~1
10:16:54.569 ~~TEST_06.TEST_06~~36~~STMT~~ITER
10:16:54.569 ~~TEST_06.TEST_06~~~~DATA~~I = 101~~102
10:16:54.569 ~~TEST_06.TEST_06~~31~~EXPR~~%LEN(SENTENCE)~~128
10:16:54.569 ~~TEST_06.TEST_06~~33~~EXPR~~%SUBST(SENTENCE : I : 1)~~
10:16:54.569 ~~TEST_06.TEST_06~~33~~EXPR~~%SUBST(SENTENCE : I : 1) = " "~~true
10:16:54.569 ~~TEST_06.TEST_06~~33~~STMT~~IF %SUBST(SENTENCE : I : 1) = " "~~true
10:16:54.569 ~~TEST_06.TEST_06~~~~DATA~~WORDINC = 1~~1
10:16:54.569 ~~TEST_06.TEST_06~~34~~STMT~~EVAL WORDINC = 1~~1
10:16:54.569 ~~TEST_06.TEST_06~~36~~STMT~~ITER
10:16:54.570 ~~TEST_06.TEST_06~~~~DATA~~I = 102~~103
10:16:54.570 ~~TEST_06.TEST_06~~31~~EXPR~~%LEN(SENTENCE)~~128
10:16:54.570 ~~TEST_06.TEST_06~~33~~EXPR~~%SUBST(SENTENCE : I : 1)~~
10:16:54.570 ~~TEST_06.TEST_06~~33~~EXPR~~%SUBST(SENTENCE : I : 1) = " "~~true
10:16:54.570 ~~TEST_06.TEST_06~~33~~STMT~~IF %SUBST(SENTENCE : I : 1) = " "~~true
10:16:54.570 ~~TEST_06.TEST_06~~~~DATA~~WORDINC = 1~~1
10:16:54.570 ~~TEST_06.TEST_06~~34~~STMT~~EVAL WORDINC = 1~~1
10:16:54.570 ~~TEST_06.TEST_06~~36~~STMT~~ITER
10:16:54.570 ~~TEST_06.TEST_06~~~~DATA~~I = 103~~104
10:16:54.570 ~~TEST_06.TEST_06~~31~~EXPR~~%LEN(SENTENCE)~~128
10:16:54.570 ~~TEST_06.TEST_06~~33~~EXPR~~%SUBST(SENTENCE : I : 1)~~
10:16:54.571 ~~TEST_06.TEST_06~~33~~EXPR~~%SUBST(SENTENCE : I : 1) = " "~~true
10:16:54.571 ~~TEST_06.TEST_06~~33~~STMT~~IF %SUBST(SENTENCE : I : 1) = " "~~true
10:16:54.571 ~~TEST_06.TEST_06~~~~DATA~~WORDINC = 1~~1
10:16:54.571 ~~TEST_06.TEST_06~~34~~STMT~~EVAL WORDINC = 1~~1
10:16:54.571 ~~TEST_06.TEST_06~~36~~STMT~~ITER
10:16:54.571 ~~TEST_06.TEST_06~~~~DATA~~I = 104~~105
10:16:54.571 ~~TEST_06.TEST_06~~31~~EXPR~~%LEN(SENTENCE)~~128
10:16:54.571 ~~TEST_06.TEST_06~~33~~EXPR~~%SUBST(SENTENCE : I : 1)~~
10:16:54.571 ~~TEST_06.TEST_06~~33~~EXPR~~%SUBST(SENTENCE : I : 1) = " "~~true
10:16:54.571 ~~TEST_06.TEST_06~~33~~STMT~~IF %SUBST(SENTENCE : I : 1) = " "~~true
10:16:54.571 ~~TEST_06.TEST_06~~~~DATA~~WORDINC = 1~~1
10:16:54.571 ~~TEST_06.TEST_06~~34~~STMT~~EVAL WORDINC = 1~~1
10:16:54.571 ~~TEST_06.TEST_06~~36~~STMT~~ITER
10:16:54.572 ~~TEST_06.TEST_06~~~~DATA~~I = 105~~106
10:16:54.572 ~~TEST_06.TEST_06~~31~~EXPR~~%LEN(SENTENCE)~~128
10:16:54.572 ~~TEST_06.TEST_06~~33~~EXPR~~%SUBST(SENTENCE : I : 1)~~
10:16:54.572 ~~TEST_06.TEST_06~~33~~EXPR~~%SUBST(SENTENCE : I : 1) = " "~~true
10:16:54.572 ~~TEST_06.TEST_06~~33~~STMT~~IF %SUBST(SENTENCE : I : 1) = " "~~true
10:16:54.572 ~~TEST_06.TEST_06~~~~DATA~~WORDINC = 1~~1
10:16:54.572 ~~TEST_06.TEST_06~~34~~STMT~~EVAL WORDINC = 1~~1
10:16:54.572 ~~TEST_06.TEST_06~~36~~STMT~~ITER
10:16:54.572 ~~TEST_06.TEST_06~~~~DATA~~I = 106~~107
10:16:54.572 ~~TEST_06.TEST_06~~31~~EXPR~~%LEN(SENTENCE)~~128
10:16:54.572 ~~TEST_06.TEST_06~~33~~EXPR~~%SUBST(SENTENCE : I : 1)~~
10:16:54.573 ~~TEST_06.TEST_06~~33~~EXPR~~%SUBST(SENTENCE : I : 1) = " "~~true
10:16:54.573 ~~TEST_06.TEST_06~~33~~STMT~~IF %SUBST(SENTENCE : I : 1) = " "~~true
10:16:54.573 ~~TEST_06.TEST_06~~~~DATA~~WORDINC = 1~~1
10:16:54.573 ~~TEST_06.TEST_06~~34~~STMT~~EVAL WORDINC = 1~~1
10:16:54.573 ~~TEST_06.TEST_06~~36~~STMT~~ITER
10:16:54.573 ~~TEST_06.TEST_06~~~~DATA~~I = 107~~108
10:16:54.573 ~~TEST_06.TEST_06~~31~~EXPR~~%LEN(SENTENCE)~~128
10:16:54.573 ~~TEST_06.TEST_06~~33~~EXPR~~%SUBST(SENTENCE : I : 1)~~
10:16:54.573 ~~TEST_06.TEST_06~~33~~EXPR~~%SUBST(SENTENCE : I : 1) = " "~~true
10:16:54.573 ~~TEST_06.TEST_06~~33~~STMT~~IF %SUBST(SENTENCE : I : 1) = " "~~true
10:16:54.573 ~~TEST_06.TEST_06~~~~DATA~~WORDINC = 1~~1
10:16:54.573 ~~TEST_06.TEST_06~~34~~STMT~~EVAL WORDINC = 1~~1
10:16:54.573 ~~TEST_06.TEST_06~~36~~STMT~~ITER
10:16:54.573 ~~TEST_06.TEST_06~~~~DATA~~I = 108~~109
10:16:54.574 ~~TEST_06.TEST_06~~31~~EXPR~~%LEN(SENTENCE)~~128
10:16:54.574 ~~TEST_06.TEST_06~~33~~EXPR~~%SUBST(SENTENCE : I : 1)~~
10:16:54.574 ~~TEST_06.TEST_06~~33~~EXPR~~%SUBST(SENTENCE : I : 1) = " "~~true
10:16:54.574 ~~TEST_06.TEST_06~~33~~STMT~~IF %SUBST(SENTENCE : I : 1) = " "~~true
10:16:54.574 ~~TEST_06.TEST_06~~~~DATA~~WORDINC = 1~~1
10:16:54.574 ~~TEST_06.TEST_06~~34~~STMT~~EVAL WORDINC = 1~~1
10:16:54.574 ~~TEST_06.TEST_06~~36~~STMT~~ITER
10:16:54.574 ~~TEST_06.TEST_06~~~~DATA~~I = 109~~110
10:16:54.574 ~~TEST_06.TEST_06~~31~~EXPR~~%LEN(SENTENCE)~~128
10:16:54.575 ~~TEST_06.TEST_06~~33~~EXPR~~%SUBST(SENTENCE : I : 1)~~
10:16:54.575 ~~TEST_06.TEST_06~~33~~EXPR~~%SUBST(SENTENCE : I : 1) = " "~~true
10:16:54.575 ~~TEST_06.TEST_06~~33~~STMT~~IF %SUBST(SENTENCE : I : 1) = " "~~true
10:16:54.575 ~~TEST_06.TEST_06~~~~DATA~~WORDINC = 1~~1
10:16:54.575 ~~TEST_06.TEST_06~~34~~STMT~~EVAL WORDINC = 1~~1
10:16:54.575 ~~TEST_06.TEST_06~~36~~STMT~~ITER
10:16:54.575 ~~TEST_06.TEST_06~~~~DATA~~I = 110~~111
10:16:54.575 ~~TEST_06.TEST_06~~31~~EXPR~~%LEN(SENTENCE)~~128
10:16:54.575 ~~TEST_06.TEST_06~~33~~EXPR~~%SUBST(SENTENCE : I : 1)~~
10:16:54.575 ~~TEST_06.TEST_06~~33~~EXPR~~%SUBST(SENTENCE : I : 1) = " "~~true
10:16:54.575 ~~TEST_06.TEST_06~~33~~STMT~~IF %SUBST(SENTENCE : I : 1) = " "~~true
10:16:54.576 ~~TEST_06.TEST_06~~~~DATA~~WORDINC = 1~~1
10:16:54.576 ~~TEST_06.TEST_06~~34~~STMT~~EVAL WORDINC = 1~~1
10:16:54.576 ~~TEST_06.TEST_06~~36~~STMT~~ITER
10:16:54.576 ~~TEST_06.TEST_06~~~~DATA~~I = 111~~112
10:16:54.576 ~~TEST_06.TEST_06~~31~~EXPR~~%LEN(SENTENCE)~~128
10:16:54.576 ~~TEST_06.TEST_06~~33~~EXPR~~%SUBST(SENTENCE : I : 1)~~
10:16:54.576 ~~TEST_06.TEST_06~~33~~EXPR~~%SUBST(SENTENCE : I : 1) = " "~~true
10:16:54.576 ~~TEST_06.TEST_06~~33~~STMT~~IF %SUBST(SENTENCE : I : 1) = " "~~true
10:16:54.576 ~~TEST_06.TEST_06~~~~DATA~~WORDINC = 1~~1
10:16:54.576 ~~TEST_06.TEST_06~~34~~STMT~~EVAL WORDINC = 1~~1
10:16:54.576 ~~TEST_06.TEST_06~~36~~STMT~~ITER
10:16:54.577 ~~TEST_06.TEST_06~~~~DATA~~I = 112~~113
10:16:54.577 ~~TEST_06.TEST_06~~31~~EXPR~~%LEN(SENTENCE)~~128
10:16:54.577 ~~TEST_06.TEST_06~~33~~EXPR~~%SUBST(SENTENCE : I : 1)~~
10:16:54.577 ~~TEST_06.TEST_06~~33~~EXPR~~%SUBST(SENTENCE : I : 1) = " "~~true
10:16:54.577 ~~TEST_06.TEST_06~~33~~STMT~~IF %SUBST(SENTENCE : I : 1) = " "~~true
10:16:54.577 ~~TEST_06.TEST_06~~~~DATA~~WORDINC = 1~~1
10:16:54.577 ~~TEST_06.TEST_06~~34~~STMT~~EVAL WORDINC = 1~~1
10:16:54.577 ~~TEST_06.TEST_06~~36~~STMT~~ITER
10:16:54.577 ~~TEST_06.TEST_06~~~~DATA~~I = 113~~114
10:16:54.577 ~~TEST_06.TEST_06~~31~~EXPR~~%LEN(SENTENCE)~~128
10:16:54.577 ~~TEST_06.TEST_06~~33~~EXPR~~%SUBST(SENTENCE : I : 1)~~
10:16:54.578 ~~TEST_06.TEST_06~~33~~EXPR~~%SUBST(SENTENCE : I : 1) = " "~~true
10:16:54.578 ~~TEST_06.TEST_06~~33~~STMT~~IF %SUBST(SENTENCE : I : 1) = " "~~true
10:16:54.578 ~~TEST_06.TEST_06~~~~DATA~~WORDINC = 1~~1
10:16:54.578 ~~TEST_06.TEST_06~~34~~STMT~~EVAL WORDINC = 1~~1
10:16:54.578 ~~TEST_06.TEST_06~~36~~STMT~~ITER
10:16:54.578 ~~TEST_06.TEST_06~~~~DATA~~I = 114~~115
10:16:54.578 ~~TEST_06.TEST_06~~31~~EXPR~~%LEN(SENTENCE)~~128
10:16:54.578 ~~TEST_06.TEST_06~~33~~EXPR~~%SUBST(SENTENCE : I : 1)~~
10:16:54.578 ~~TEST_06.TEST_06~~33~~EXPR~~%SUBST(SENTENCE : I : 1) = " "~~true
10:16:54.578 ~~TEST_06.TEST_06~~33~~STMT~~IF %SUBST(SENTENCE : I : 1) = " "~~true
10:16:54.579 ~~TEST_06.TEST_06~~~~DATA~~WORDINC = 1~~1
10:16:54.579 ~~TEST_06.TEST_06~~34~~STMT~~EVAL WORDINC = 1~~1
10:16:54.579 ~~TEST_06.TEST_06~~36~~STMT~~ITER
10:16:54.579 ~~TEST_06.TEST_06~~~~DATA~~I = 115~~116
10:16:54.579 ~~TEST_06.TEST_06~~31~~EXPR~~%LEN(SENTENCE)~~128
10:16:54.579 ~~TEST_06.TEST_06~~33~~EXPR~~%SUBST(SENTENCE : I : 1)~~
10:16:54.579 ~~TEST_06.TEST_06~~33~~EXPR~~%SUBST(SENTENCE : I : 1) = " "~~true
10:16:54.579 ~~TEST_06.TEST_06~~33~~STMT~~IF %SUBST(SENTENCE : I : 1) = " "~~true
10:16:54.579 ~~TEST_06.TEST_06~~~~DATA~~WORDINC = 1~~1
10:16:54.579 ~~TEST_06.TEST_06~~34~~STMT~~EVAL WORDINC = 1~~1
10:16:54.579 ~~TEST_06.TEST_06~~36~~STMT~~ITER
10:16:54.579 ~~TEST_06.TEST_06~~~~DATA~~I = 116~~117
10:16:54.579 ~~TEST_06.TEST_06~~31~~EXPR~~%LEN(SENTENCE)~~128
10:16:54.579 ~~TEST_06.TEST_06~~33~~EXPR~~%SUBST(SENTENCE : I : 1)~~
10:16:54.579 ~~TEST_06.TEST_06~~33~~EXPR~~%SUBST(SENTENCE : I : 1) = " "~~true
10:16:54.579 ~~TEST_06.TEST_06~~33~~STMT~~IF %SUBST(SENTENCE : I : 1) = " "~~true
10:16:54.580 ~~TEST_06.TEST_06~~~~DATA~~WORDINC = 1~~1
10:16:54.580 ~~TEST_06.TEST_06~~34~~STMT~~EVAL WORDINC = 1~~1
10:16:54.580 ~~TEST_06.TEST_06~~36~~STMT~~ITER
10:16:54.580 ~~TEST_06.TEST_06~~~~DATA~~I = 117~~118
10:16:54.580 ~~TEST_06.TEST_06~~31~~EXPR~~%LEN(SENTENCE)~~128
10:16:54.580 ~~TEST_06.TEST_06~~33~~EXPR~~%SUBST(SENTENCE : I : 1)~~
10:16:54.580 ~~TEST_06.TEST_06~~33~~EXPR~~%SUBST(SENTENCE : I : 1) = " "~~true
10:16:54.580 ~~TEST_06.TEST_06~~33~~STMT~~IF %SUBST(SENTENCE : I : 1) = " "~~true
10:16:54.580 ~~TEST_06.TEST_06~~~~DATA~~WORDINC = 1~~1
10:16:54.580 ~~TEST_06.TEST_06~~34~~STMT~~EVAL WORDINC = 1~~1
10:16:54.580 ~~TEST_06.TEST_06~~36~~STMT~~ITER
10:16:54.580 ~~TEST_06.TEST_06~~~~DATA~~I = 118~~119
10:16:54.580 ~~TEST_06.TEST_06~~31~~EXPR~~%LEN(SENTENCE)~~128
10:16:54.580 ~~TEST_06.TEST_06~~33~~EXPR~~%SUBST(SENTENCE : I : 1)~~
10:16:54.580 ~~TEST_06.TEST_06~~33~~EXPR~~%SUBST(SENTENCE : I : 1) = " "~~true
10:16:54.580 ~~TEST_06.TEST_06~~33~~STMT~~IF %SUBST(SENTENCE : I : 1) = " "~~true
10:16:54.581 ~~TEST_06.TEST_06~~~~DATA~~WORDINC = 1~~1
10:16:54.581 ~~TEST_06.TEST_06~~34~~STMT~~EVAL WORDINC = 1~~1
10:16:54.581 ~~TEST_06.TEST_06~~36~~STMT~~ITER
10:16:54.581 ~~TEST_06.TEST_06~~~~DATA~~I = 119~~120
10:16:54.581 ~~TEST_06.TEST_06~~31~~EXPR~~%LEN(SENTENCE)~~128
10:16:54.581 ~~TEST_06.TEST_06~~33~~EXPR~~%SUBST(SENTENCE : I : 1)~~
10:16:54.581 ~~TEST_06.TEST_06~~33~~EXPR~~%SUBST(SENTENCE : I : 1) = " "~~true
10:16:54.581 ~~TEST_06.TEST_06~~33~~STMT~~IF %SUBST(SENTENCE : I : 1) = " "~~true
10:16:54.581 ~~TEST_06.TEST_06~~~~DATA~~WORDINC = 1~~1
10:16:54.581 ~~TEST_06.TEST_06~~34~~STMT~~EVAL WORDINC = 1~~1
10:16:54.581 ~~TEST_06.TEST_06~~36~~STMT~~ITER
10:16:54.581 ~~TEST_06.TEST_06~~~~DATA~~I = 120~~121
10:16:54.581 ~~TEST_06.TEST_06~~31~~EXPR~~%LEN(SENTENCE)~~128
10:16:54.581 ~~TEST_06.TEST_06~~33~~EXPR~~%SUBST(SENTENCE : I : 1)~~
10:16:54.581 ~~TEST_06.TEST_06~~33~~EXPR~~%SUBST(SENTENCE : I : 1) = " "~~true
10:16:54.582 ~~TEST_06.TEST_06~~33~~STMT~~IF %SUBST(SENTENCE : I : 1) = " "~~true
10:16:54.582 ~~TEST_06.TEST_06~~~~DATA~~WORDINC = 1~~1
10:16:54.582 ~~TEST_06.TEST_06~~34~~STMT~~EVAL WORDINC = 1~~1
10:16:54.582 ~~TEST_06.TEST_06~~36~~STMT~~ITER
10:16:54.582 ~~TEST_06.TEST_06~~~~DATA~~I = 121~~122
10:16:54.582 ~~TEST_06.TEST_06~~31~~EXPR~~%LEN(SENTENCE)~~128
10:16:54.582 ~~TEST_06.TEST_06~~33~~EXPR~~%SUBST(SENTENCE : I : 1)~~
10:16:54.582 ~~TEST_06.TEST_06~~33~~EXPR~~%SUBST(SENTENCE : I : 1) = " "~~true
10:16:54.582 ~~TEST_06.TEST_06~~33~~STMT~~IF %SUBST(SENTENCE : I : 1) = " "~~true
10:16:54.582 ~~TEST_06.TEST_06~~~~DATA~~WORDINC = 1~~1
10:16:54.582 ~~TEST_06.TEST_06~~34~~STMT~~EVAL WORDINC = 1~~1
10:16:54.582 ~~TEST_06.TEST_06~~36~~STMT~~ITER
10:16:54.582 ~~TEST_06.TEST_06~~~~DATA~~I = 122~~123
10:16:54.582 ~~TEST_06.TEST_06~~31~~EXPR~~%LEN(SENTENCE)~~128
10:16:54.582 ~~TEST_06.TEST_06~~33~~EXPR~~%SUBST(SENTENCE : I : 1)~~
10:16:54.582 ~~TEST_06.TEST_06~~33~~EXPR~~%SUBST(SENTENCE : I : 1) = " "~~true
10:16:54.583 ~~TEST_06.TEST_06~~33~~STMT~~IF %SUBST(SENTENCE : I : 1) = " "~~true
10:16:54.583 ~~TEST_06.TEST_06~~~~DATA~~WORDINC = 1~~1
10:16:54.583 ~~TEST_06.TEST_06~~34~~STMT~~EVAL WORDINC = 1~~1
10:16:54.583 ~~TEST_06.TEST_06~~36~~STMT~~ITER
10:16:54.583 ~~TEST_06.TEST_06~~~~DATA~~I = 123~~124
10:16:54.583 ~~TEST_06.TEST_06~~31~~EXPR~~%LEN(SENTENCE)~~128
10:16:54.583 ~~TEST_06.TEST_06~~33~~EXPR~~%SUBST(SENTENCE : I : 1)~~
10:16:54.583 ~~TEST_06.TEST_06~~33~~EXPR~~%SUBST(SENTENCE : I : 1) = " "~~true
10:16:54.583 ~~TEST_06.TEST_06~~33~~STMT~~IF %SUBST(SENTENCE : I : 1) = " "~~true
10:16:54.583 ~~TEST_06.TEST_06~~~~DATA~~WORDINC = 1~~1
10:16:54.583 ~~TEST_06.TEST_06~~34~~STMT~~EVAL WORDINC = 1~~1
10:16:54.583 ~~TEST_06.TEST_06~~36~~STMT~~ITER
10:16:54.583 ~~TEST_06.TEST_06~~~~DATA~~I = 124~~125
10:16:54.583 ~~TEST_06.TEST_06~~31~~EXPR~~%LEN(SENTENCE)~~128
10:16:54.584 ~~TEST_06.TEST_06~~33~~EXPR~~%SUBST(SENTENCE : I : 1)~~
10:16:54.584 ~~TEST_06.TEST_06~~33~~EXPR~~%SUBST(SENTENCE : I : 1) = " "~~true
10:16:54.584 ~~TEST_06.TEST_06~~33~~STMT~~IF %SUBST(SENTENCE : I : 1) = " "~~true
10:16:54.584 ~~TEST_06.TEST_06~~~~DATA~~WORDINC = 1~~1
10:16:54.584 ~~TEST_06.TEST_06~~34~~STMT~~EVAL WORDINC = 1~~1
10:16:54.584 ~~TEST_06.TEST_06~~36~~STMT~~ITER
10:16:54.584 ~~TEST_06.TEST_06~~~~DATA~~I = 125~~126
10:16:54.584 ~~TEST_06.TEST_06~~31~~EXPR~~%LEN(SENTENCE)~~128
10:16:54.584 ~~TEST_06.TEST_06~~33~~EXPR~~%SUBST(SENTENCE : I : 1)~~
10:16:54.584 ~~TEST_06.TEST_06~~33~~EXPR~~%SUBST(SENTENCE : I : 1) = " "~~true
10:16:54.585 ~~TEST_06.TEST_06~~33~~STMT~~IF %SUBST(SENTENCE : I : 1) = " "~~true
10:16:54.585 ~~TEST_06.TEST_06~~~~DATA~~WORDINC = 1~~1
10:16:54.585 ~~TEST_06.TEST_06~~34~~STMT~~EVAL WORDINC = 1~~1
10:16:54.585 ~~TEST_06.TEST_06~~36~~STMT~~ITER
10:16:54.585 ~~TEST_06.TEST_06~~~~DATA~~I = 126~~127
10:16:54.585 ~~TEST_06.TEST_06~~31~~EXPR~~%LEN(SENTENCE)~~128
10:16:54.585 ~~TEST_06.TEST_06~~33~~EXPR~~%SUBST(SENTENCE : I : 1)~~
10:16:54.585 ~~TEST_06.TEST_06~~33~~EXPR~~%SUBST(SENTENCE : I : 1) = " "~~true
10:16:54.585 ~~TEST_06.TEST_06~~33~~STMT~~IF %SUBST(SENTENCE : I : 1) = " "~~true
10:16:54.585 ~~TEST_06.TEST_06~~~~DATA~~WORDINC = 1~~1
10:16:54.585 ~~TEST_06.TEST_06~~34~~STMT~~EVAL WORDINC = 1~~1
10:16:54.586 ~~TEST_06.TEST_06~~36~~STMT~~ITER
10:16:54.586 ~~TEST_06.TEST_06~~~~DATA~~I = 127~~128
10:16:54.586 ~~TEST_06.TEST_06~~31~~EXPR~~%LEN(SENTENCE)~~128
10:16:54.586 ~~TEST_06.TEST_06~~33~~EXPR~~%SUBST(SENTENCE : I : 1)~~
10:16:54.586 ~~TEST_06.TEST_06~~33~~EXPR~~%SUBST(SENTENCE : I : 1) = " "~~true
10:16:54.586 ~~TEST_06.TEST_06~~33~~STMT~~IF %SUBST(SENTENCE : I : 1) = " "~~true
10:16:54.586 ~~TEST_06.TEST_06~~~~DATA~~WORDINC = 1~~1
10:16:54.586 ~~TEST_06.TEST_06~~34~~STMT~~EVAL WORDINC = 1~~1
10:16:54.586 ~~TEST_06.TEST_06~~36~~STMT~~ITER
10:16:54.586 ~~TEST_06.TEST_06~~~~DATA~~I = 128~~129
10:16:54.586 ~~TEST_06.TEST_06~~31~~EXPR~~%LEN(SENTENCE)~~128
10:16:54.586 ~~TEST_06.TEST_06~~61~~LOOP~~ENDFOR I ~~109~~iterations
10:16:54.587 ~~TEST_06.TEST_06~~61~~STMT~~ENDFOR I 
10:16:54.587 ~~TEST_06.TEST_06~~61~~PERF~~ENDFOR I ~~110~~ms
10:16:54.587 ~~TEST_06.TEST_06~~~~DATA~~TMP = A~~#
10:16:54.587 ~~TEST_06.TEST_06~~64~~STMT~~MOVE~~EOF TO TMP~~#
10:16:54.587 ~~TEST_06.TEST_06~~66~~EXPR~~WORDCNT + 1~~7
10:16:54.587 ~~TEST_06.TEST_06~~66~~STMT~~EVAL WORDS(WORDCNT + 1)) = TMP~~#
10:16:54.587 ~~TEST_06.TEST_06~~72~~STMT~~SUBROUTINE ~~PRINT
10:16:54.588 ~~TEST_06.TEST_06~~72~~RESL~~SUBROUTINE START~~PRINT
10:16:54.588 ~~TEST_06.TEST_06~~~~DATA~~I = 129~~1
10:16:54.588 ~~TEST_06.TEST_06~~73~~LOOP~~FOR I = 1  TO %ELEM(WORDS) 
10:16:54.588 ~~TEST_06.TEST_06~~73~~STMT~~FOR I = 1  TO %ELEM(WORDS)
10:16:54.588 ~~TEST_06.TEST_06~~73~~EXPR~~%ELEM(WORDS)~~128
10:16:54.592 ~~TEST_06.TEST_06~~74~~EXPR~~WORDS(I))~~Lorem
10:16:54.592 ~~TEST_06.TEST_06~~74~~EXPR~~%TRIM(WORDS(I)) : 1)~~Lorem
10:16:54.592 ~~TEST_06.TEST_06~~74~~EXPR~~%TRIM(WORDS(I)) : 1) = EOF~~false
10:16:54.593 ~~TEST_06.TEST_06~~74~~STMT~~IF %TRIM(WORDS(I)) : 1) = EOF~~false
10:16:54.593 ~~TEST_06.TEST_06~~77~~EXPR~~%CHAR(I)~~1
10:16:54.593 ~~TEST_06.TEST_06~~~~EXPR~~%CHAR(I) + " - "~~1 - 
10:16:54.593 ~~TEST_06.TEST_06~~77~~EXPR~~WORDS(I))~~Lorem
10:16:54.593 ~~TEST_06.TEST_06~~77~~EXPR~~%CHAR(I) + " - " + WORDS(I))~~1 - Lorem
10:16:54.593 ~~TEST_06.TEST_06~~~~DATA~~DSP = ~~1 - Lorem
10:16:54.593 ~~TEST_06.TEST_06~~77~~STMT~~EVAL DSP = %CHAR(I) + " - " + WORDS(I))~~1 - Lorem
10:16:54.593 ~~TEST_06.TEST_06~~~~DATA~~I = 1~~2
10:16:54.593 ~~TEST_06.TEST_06~~73~~EXPR~~%ELEM(WORDS)~~128
10:16:54.593 ~~TEST_06.TEST_06~~74~~EXPR~~WORDS(I))~~ipsum
10:16:54.594 ~~TEST_06.TEST_06~~74~~EXPR~~%TRIM(WORDS(I)) : 1)~~ipsum
10:16:54.594 ~~TEST_06.TEST_06~~74~~EXPR~~%TRIM(WORDS(I)) : 1) = EOF~~false
10:16:54.594 ~~TEST_06.TEST_06~~74~~STMT~~IF %TRIM(WORDS(I)) : 1) = EOF~~false
10:16:54.594 ~~TEST_06.TEST_06~~77~~EXPR~~%CHAR(I)~~2
10:16:54.594 ~~TEST_06.TEST_06~~~~EXPR~~%CHAR(I) + " - "~~2 - 
10:16:54.594 ~~TEST_06.TEST_06~~77~~EXPR~~WORDS(I))~~ipsum
10:16:54.594 ~~TEST_06.TEST_06~~77~~EXPR~~%CHAR(I) + " - " + WORDS(I))~~2 - ipsum
10:16:54.594 ~~TEST_06.TEST_06~~~~DATA~~DSP = 1 - Lorem~~2 - ipsum
10:16:54.594 ~~TEST_06.TEST_06~~77~~STMT~~EVAL DSP = %CHAR(I) + " - " + WORDS(I))~~2 - ipsum
10:16:54.594 ~~TEST_06.TEST_06~~~~DATA~~I = 2~~3
10:16:54.594 ~~TEST_06.TEST_06~~73~~EXPR~~%ELEM(WORDS)~~128
10:16:54.594 ~~TEST_06.TEST_06~~74~~EXPR~~WORDS(I))~~dolor
10:16:54.594 ~~TEST_06.TEST_06~~74~~EXPR~~%TRIM(WORDS(I)) : 1)~~dolor
10:16:54.595 ~~TEST_06.TEST_06~~74~~EXPR~~%TRIM(WORDS(I)) : 1) = EOF~~false
10:16:54.595 ~~TEST_06.TEST_06~~74~~STMT~~IF %TRIM(WORDS(I)) : 1) = EOF~~false
10:16:54.595 ~~TEST_06.TEST_06~~77~~EXPR~~%CHAR(I)~~3
10:16:54.595 ~~TEST_06.TEST_06~~~~EXPR~~%CHAR(I) + " - "~~3 - 
10:16:54.595 ~~TEST_06.TEST_06~~77~~EXPR~~WORDS(I))~~dolor
10:16:54.595 ~~TEST_06.TEST_06~~77~~EXPR~~%CHAR(I) + " - " + WORDS(I))~~3 - dolor
10:16:54.595 ~~TEST_06.TEST_06~~~~DATA~~DSP = 2 - ipsum~~3 - dolor
10:16:54.595 ~~TEST_06.TEST_06~~77~~STMT~~EVAL DSP = %CHAR(I) + " - " + WORDS(I))~~3 - dolor
10:16:54.595 ~~TEST_06.TEST_06~~~~DATA~~I = 3~~4
10:16:54.595 ~~TEST_06.TEST_06~~73~~EXPR~~%ELEM(WORDS)~~128
10:16:54.595 ~~TEST_06.TEST_06~~74~~EXPR~~WORDS(I))~~sit
10:16:54.595 ~~TEST_06.TEST_06~~74~~EXPR~~%TRIM(WORDS(I)) : 1)~~sit
10:16:54.595 ~~TEST_06.TEST_06~~74~~EXPR~~%TRIM(WORDS(I)) : 1) = EOF~~false
10:16:54.595 ~~TEST_06.TEST_06~~74~~STMT~~IF %TRIM(WORDS(I)) : 1) = EOF~~false
10:16:54.596 ~~TEST_06.TEST_06~~77~~EXPR~~%CHAR(I)~~4
10:16:54.596 ~~TEST_06.TEST_06~~~~EXPR~~%CHAR(I) + " - "~~4 - 
10:16:54.596 ~~TEST_06.TEST_06~~77~~EXPR~~WORDS(I))~~sit
10:16:54.596 ~~TEST_06.TEST_06~~77~~EXPR~~%CHAR(I) + " - " + WORDS(I))~~4 - sit
10:16:54.596 ~~TEST_06.TEST_06~~~~DATA~~DSP = 3 - dolor~~4 - sit
10:16:54.596 ~~TEST_06.TEST_06~~77~~STMT~~EVAL DSP = %CHAR(I) + " - " + WORDS(I))~~4 - sit
10:16:54.596 ~~TEST_06.TEST_06~~~~DATA~~I = 4~~5
10:16:54.596 ~~TEST_06.TEST_06~~73~~EXPR~~%ELEM(WORDS)~~128
10:16:54.596 ~~TEST_06.TEST_06~~74~~EXPR~~WORDS(I))~~amet
10:16:54.596 ~~TEST_06.TEST_06~~74~~EXPR~~%TRIM(WORDS(I)) : 1)~~amet
10:16:54.596 ~~TEST_06.TEST_06~~74~~EXPR~~%TRIM(WORDS(I)) : 1) = EOF~~false
10:16:54.596 ~~TEST_06.TEST_06~~74~~STMT~~IF %TRIM(WORDS(I)) : 1) = EOF~~false
10:16:54.596 ~~TEST_06.TEST_06~~77~~EXPR~~%CHAR(I)~~5
10:16:54.596 ~~TEST_06.TEST_06~~~~EXPR~~%CHAR(I) + " - "~~5 - 
10:16:54.597 ~~TEST_06.TEST_06~~77~~EXPR~~WORDS(I))~~amet
10:16:54.597 ~~TEST_06.TEST_06~~77~~EXPR~~%CHAR(I) + " - " + WORDS(I))~~5 - amet
10:16:54.597 ~~TEST_06.TEST_06~~~~DATA~~DSP = 4 - sit~~5 - amet
10:16:54.597 ~~TEST_06.TEST_06~~77~~STMT~~EVAL DSP = %CHAR(I) + " - " + WORDS(I))~~5 - amet
10:16:54.597 ~~TEST_06.TEST_06~~~~DATA~~I = 5~~6
10:16:54.597 ~~TEST_06.TEST_06~~73~~EXPR~~%ELEM(WORDS)~~128
10:16:54.597 ~~TEST_06.TEST_06~~74~~EXPR~~WORDS(I))~~sed
10:16:54.597 ~~TEST_06.TEST_06~~74~~EXPR~~%TRIM(WORDS(I)) : 1)~~sed
10:16:54.597 ~~TEST_06.TEST_06~~74~~EXPR~~%TRIM(WORDS(I)) : 1) = EOF~~false
10:16:54.597 ~~TEST_06.TEST_06~~74~~STMT~~IF %TRIM(WORDS(I)) : 1) = EOF~~false
10:16:54.597 ~~TEST_06.TEST_06~~77~~EXPR~~%CHAR(I)~~6
10:16:54.598 ~~TEST_06.TEST_06~~~~EXPR~~%CHAR(I) + " - "~~6 - 
10:16:54.598 ~~TEST_06.TEST_06~~77~~EXPR~~WORDS(I))~~sed
10:16:54.598 ~~TEST_06.TEST_06~~77~~EXPR~~%CHAR(I) + " - " + WORDS(I))~~6 - sed
10:16:54.598 ~~TEST_06.TEST_06~~~~DATA~~DSP = 5 - amet~~6 - sed
10:16:54.598 ~~TEST_06.TEST_06~~77~~STMT~~EVAL DSP = %CHAR(I) + " - " + WORDS(I))~~6 - sed
10:16:54.598 ~~TEST_06.TEST_06~~~~DATA~~I = 6~~7
10:16:54.598 ~~TEST_06.TEST_06~~73~~EXPR~~%ELEM(WORDS)~~128
10:16:54.598 ~~TEST_06.TEST_06~~74~~EXPR~~WORDS(I))~~#
10:16:54.598 ~~TEST_06.TEST_06~~74~~EXPR~~%TRIM(WORDS(I)) : 1)~~#
10:16:54.598 ~~TEST_06.TEST_06~~74~~EXPR~~%TRIM(WORDS(I)) : 1) = EOF~~true
10:16:54.598 ~~TEST_06.TEST_06~~74~~STMT~~IF %TRIM(WORDS(I)) : 1) = EOF~~true
10:16:54.598 ~~TEST_06.TEST_06~~75~~STMT~~LEAVE
10:16:54.598 ~~TEST_06.TEST_06~~79~~LOOP~~ENDFOR I ~~6~~iterations
10:16:54.598 ~~TEST_06.TEST_06~~79~~STMT~~ENDFOR I 
10:16:54.599 ~~TEST_06.TEST_06~~79~~PERF~~ENDFOR I ~~10~~ms
10:16:54.599 ~~TEST_06.TEST_06~~80~~STMT~~SUBROUTINE END~~PRINT
10:16:54.599 ~~TEST_06.TEST_06~~80~~PERF~~SUBROUTINE END~~PRINT~~11~~ms
10:16:54.599 ~~TEST_06.TEST_06~~~~STMT~~PROGRAM END~~TEST_06.TEST_06
10:16:54.599 ~~TEST_06.TEST_06~~~~PERF~~END TEST_06.TEST_06~~225~~ms
10:17:16.723 ~~~~~~RESL~~resource: /logging/
10:17:16.727 ~~~~~~RESL~~source:
10:17:16.728 ~~~~~~RESL~~com.smeup.rpgparser.rgpinterop.DirRpgProgramFinder@6b927fb
10:17:16.729 ~~~~~~RESL~~resource: /
10:17:19.403 ~~TEST_06.TEST_06~~~~STMT~~PROGRAM START~~TEST_06.TEST_06
10:17:19.478 ~~TEST_06.TEST_06~~~~DATA~~SENTENCE = N/D~~Lorem ipsum dolor sit amet sed
10:17:19.479 ~~TEST_06.TEST_06~~~~DATA~~WORDCNT = N/D~~0
10:17:19.479 ~~TEST_06.TEST_06~~~~DATA~~WORDINC = N/D~~0
10:17:19.479 ~~TEST_06.TEST_06~~~~DATA~~I = N/D~~0
10:17:19.479 ~~TEST_06.TEST_06~~~~DATA~~J = N/D~~0
10:17:19.479 ~~TEST_06.TEST_06~~~~DATA~~ONE = N/D~~1
10:17:19.480 ~~TEST_06.TEST_06~~~~DATA~~EOF = N/D~~#
10:17:19.480 ~~TEST_06.TEST_06~~~~DATA~~TMP = N/D~~ 
10:17:19.483 ~~TEST_06.TEST_06~~~~DATA~~WORDS = N/D~~Array(128)
10:17:19.483 ~~TEST_06.TEST_06~~~~DATA~~DSP = N/D~~
10:17:19.483 ~~TEST_06.TEST_06~~~~DATA~~U$FUNZ = N/D~~AA
10:17:19.483 ~~TEST_06.TEST_06~~~~DATA~~U$METO = N/D~~'ABCD'
10:17:19.483 ~~TEST_06.TEST_06~~~~DATA~~U$SVARSK = N/D~~1**
10:17:19.484 ~~TEST_06.TEST_06~~21~~STMT~~PARAM~~U$FUNZ~~AA
10:17:19.485 ~~TEST_06.TEST_06~~21~~STMT~~PARAM~~U$METO~~'ABCD'
10:17:19.485 ~~TEST_06.TEST_06~~21~~STMT~~PARAM~~U$SVARSK~~1**
10:17:19.487 ~~TEST_06.TEST_06~~~~DATA~~TMP =  ~~A
10:17:19.487 ~~TEST_06.TEST_06~~26~~STMT~~EVAL TMP = U$FUNZ~~A
10:17:19.491 ~~TEST_06.TEST_06~~~~DATA~~WORDCNT = 0~~0
10:17:19.491 ~~TEST_06.TEST_06~~28~~STMT~~CLEAR~~WORDCNT~~0
10:17:19.492 ~~TEST_06.TEST_06~~~~DATA~~WORDINC = 0~~1
10:17:19.492 ~~TEST_06.TEST_06~~30~~STMT~~MOVE~~ONE TO WORDINC~~1
10:17:19.494 ~~TEST_06.TEST_06~~~~DATA~~I = 0~~1
10:17:19.494 ~~TEST_06.TEST_06~~31~~LOOP~~FOR I = 1 BY WORDINC TO %LEN(SENTENCE) 
10:17:19.494 ~~TEST_06.TEST_06~~31~~STMT~~FOR I = 1 BY WORDINC TO %LEN(SENTENCE)
10:17:19.499 ~~TEST_06.TEST_06~~31~~EXPR~~%LEN(SENTENCE)~~128
10:17:19.500 ~~TEST_06.TEST_06~~33~~EXPR~~%SUBST(SENTENCE : I : 1)~~L
10:17:19.501 ~~TEST_06.TEST_06~~33~~EXPR~~%SUBST(SENTENCE : I : 1) = " "~~false
10:17:19.501 ~~TEST_06.TEST_06~~33~~STMT~~IF %SUBST(SENTENCE : I : 1) = " "~~false
10:17:19.501 ~~TEST_06.TEST_06~~~~EXPR~~I + 1~~2
10:17:19.502 ~~TEST_06.TEST_06~~~~DATA~~J = 0~~2
10:17:19.502 ~~TEST_06.TEST_06~~39~~LOOP~~FOR J = I + 1  TO %LEN(SENTENCE) 
10:17:19.502 ~~TEST_06.TEST_06~~39~~STMT~~FOR J = I + 1  TO %LEN(SENTENCE)
10:17:19.502 ~~TEST_06.TEST_06~~39~~EXPR~~%LEN(SENTENCE)~~128
10:17:19.502 ~~TEST_06.TEST_06~~40~~EXPR~~%SUBST(SENTENCE : J : 1)~~o
10:17:19.502 ~~TEST_06.TEST_06~~40~~EXPR~~%SUBST(SENTENCE : J : 1) = " "~~false
10:17:19.502 ~~TEST_06.TEST_06~~40~~STMT~~IF %SUBST(SENTENCE : J : 1) = " "~~false
10:17:19.502 ~~TEST_06.TEST_06~~~~DATA~~J = 2~~3
10:17:19.502 ~~TEST_06.TEST_06~~39~~EXPR~~%LEN(SENTENCE)~~128
10:17:19.502 ~~TEST_06.TEST_06~~40~~EXPR~~%SUBST(SENTENCE : J : 1)~~r
10:17:19.503 ~~TEST_06.TEST_06~~40~~EXPR~~%SUBST(SENTENCE : J : 1) = " "~~false
10:17:19.503 ~~TEST_06.TEST_06~~40~~STMT~~IF %SUBST(SENTENCE : J : 1) = " "~~false
10:17:19.503 ~~TEST_06.TEST_06~~~~DATA~~J = 3~~4
10:17:19.503 ~~TEST_06.TEST_06~~39~~EXPR~~%LEN(SENTENCE)~~128
10:17:19.503 ~~TEST_06.TEST_06~~40~~EXPR~~%SUBST(SENTENCE : J : 1)~~e
10:17:19.503 ~~TEST_06.TEST_06~~40~~EXPR~~%SUBST(SENTENCE : J : 1) = " "~~false
10:17:19.503 ~~TEST_06.TEST_06~~40~~STMT~~IF %SUBST(SENTENCE : J : 1) = " "~~false
10:17:19.503 ~~TEST_06.TEST_06~~~~DATA~~J = 4~~5
10:17:19.503 ~~TEST_06.TEST_06~~39~~EXPR~~%LEN(SENTENCE)~~128
10:17:19.503 ~~TEST_06.TEST_06~~40~~EXPR~~%SUBST(SENTENCE : J : 1)~~m
10:17:19.504 ~~TEST_06.TEST_06~~40~~EXPR~~%SUBST(SENTENCE : J : 1) = " "~~false
10:17:19.504 ~~TEST_06.TEST_06~~40~~STMT~~IF %SUBST(SENTENCE : J : 1) = " "~~false
10:17:19.504 ~~TEST_06.TEST_06~~~~DATA~~J = 5~~6
10:17:19.504 ~~TEST_06.TEST_06~~39~~EXPR~~%LEN(SENTENCE)~~128
10:17:19.504 ~~TEST_06.TEST_06~~40~~EXPR~~%SUBST(SENTENCE : J : 1)~~ 
10:17:19.504 ~~TEST_06.TEST_06~~40~~EXPR~~%SUBST(SENTENCE : J : 1) = " "~~true
10:17:19.504 ~~TEST_06.TEST_06~~40~~STMT~~IF %SUBST(SENTENCE : J : 1) = " "~~true
10:17:19.506 ~~TEST_06.TEST_06~~42~~STMT~~LEAVE
10:17:19.507 ~~TEST_06.TEST_06~~44~~LOOP~~ENDFOR J ~~4~~iterations
10:17:19.507 ~~TEST_06.TEST_06~~44~~STMT~~ENDFOR J 
10:17:19.507 ~~TEST_06.TEST_06~~44~~PERF~~ENDFOR J ~~6~~ms
10:17:19.507 ~~TEST_06.TEST_06~~45~~EXPR~~J - I~~5
10:17:19.507 ~~TEST_06.TEST_06~~~~DATA~~WORDINC = 1~~5
10:17:19.507 ~~TEST_06.TEST_06~~45~~STMT~~EVAL WORDINC = J - I~~5
10:17:19.507 ~~TEST_06.TEST_06~~46~~EXPR~~WORDCNT + 1~~1
10:17:19.507 ~~TEST_06.TEST_06~~~~DATA~~WORDCNT = 0~~1
10:17:19.508 ~~TEST_06.TEST_06~~46~~STMT~~EVAL WORDCNT = WORDCNT + 1~~1
10:17:19.508 ~~TEST_06.TEST_06~~50~~EXPR~~WORDINC = 5~~true
10:17:19.508 ~~TEST_06.TEST_06~~50~~STMT~~SELECT WHEN~~WORDINC = 5~~(true)
10:17:19.508 ~~TEST_06.TEST_06~~51~~EXPR~~%SUBST(SENTENCE : I : 5)~~Lorem
10:17:19.509 ~~TEST_06.TEST_06~~51~~STMT~~EVAL WORDS(WORDCNT)) = %SUBST(SENTENCE : I : 5)~~Lorem
10:17:19.509 ~~TEST_06.TEST_06~~~~DATA~~I = 1~~6
10:17:19.509 ~~TEST_06.TEST_06~~31~~EXPR~~%LEN(SENTENCE)~~128
10:17:19.509 ~~TEST_06.TEST_06~~33~~EXPR~~%SUBST(SENTENCE : I : 1)~~ 
10:17:19.509 ~~TEST_06.TEST_06~~33~~EXPR~~%SUBST(SENTENCE : I : 1) = " "~~true
10:17:19.509 ~~TEST_06.TEST_06~~33~~STMT~~IF %SUBST(SENTENCE : I : 1) = " "~~true
10:17:19.509 ~~TEST_06.TEST_06~~~~DATA~~WORDINC = 5~~1
10:17:19.510 ~~TEST_06.TEST_06~~34~~STMT~~EVAL WORDINC = 1~~1
10:17:19.510 ~~TEST_06.TEST_06~~36~~STMT~~ITER
10:17:19.510 ~~TEST_06.TEST_06~~~~DATA~~I = 6~~7
10:17:19.510 ~~TEST_06.TEST_06~~31~~EXPR~~%LEN(SENTENCE)~~128
10:17:19.510 ~~TEST_06.TEST_06~~33~~EXPR~~%SUBST(SENTENCE : I : 1)~~i
10:17:19.510 ~~TEST_06.TEST_06~~33~~EXPR~~%SUBST(SENTENCE : I : 1) = " "~~false
10:17:19.510 ~~TEST_06.TEST_06~~33~~STMT~~IF %SUBST(SENTENCE : I : 1) = " "~~false
10:17:19.510 ~~TEST_06.TEST_06~~~~EXPR~~I + 1~~8
10:17:19.510 ~~TEST_06.TEST_06~~~~DATA~~J = 6~~8
10:17:19.510 ~~TEST_06.TEST_06~~39~~LOOP~~FOR J = I + 1  TO %LEN(SENTENCE) 
10:17:19.511 ~~TEST_06.TEST_06~~39~~STMT~~FOR J = I + 1  TO %LEN(SENTENCE)
10:17:19.511 ~~TEST_06.TEST_06~~39~~EXPR~~%LEN(SENTENCE)~~128
10:17:19.511 ~~TEST_06.TEST_06~~40~~EXPR~~%SUBST(SENTENCE : J : 1)~~p
10:17:19.511 ~~TEST_06.TEST_06~~40~~EXPR~~%SUBST(SENTENCE : J : 1) = " "~~false
10:17:19.511 ~~TEST_06.TEST_06~~40~~STMT~~IF %SUBST(SENTENCE : J : 1) = " "~~false
10:17:19.511 ~~TEST_06.TEST_06~~~~DATA~~J = 8~~9
10:17:19.511 ~~TEST_06.TEST_06~~39~~EXPR~~%LEN(SENTENCE)~~128
10:17:19.511 ~~TEST_06.TEST_06~~40~~EXPR~~%SUBST(SENTENCE : J : 1)~~s
10:17:19.517 ~~TEST_06.TEST_06~~40~~EXPR~~%SUBST(SENTENCE : J : 1) = " "~~false
10:17:19.517 ~~TEST_06.TEST_06~~40~~STMT~~IF %SUBST(SENTENCE : J : 1) = " "~~false
10:17:19.517 ~~TEST_06.TEST_06~~~~DATA~~J = 9~~10
10:17:19.517 ~~TEST_06.TEST_06~~39~~EXPR~~%LEN(SENTENCE)~~128
10:17:19.518 ~~TEST_06.TEST_06~~40~~EXPR~~%SUBST(SENTENCE : J : 1)~~u
10:17:19.518 ~~TEST_06.TEST_06~~40~~EXPR~~%SUBST(SENTENCE : J : 1) = " "~~false
10:17:19.518 ~~TEST_06.TEST_06~~40~~STMT~~IF %SUBST(SENTENCE : J : 1) = " "~~false
10:17:19.518 ~~TEST_06.TEST_06~~~~DATA~~J = 10~~11
10:17:19.518 ~~TEST_06.TEST_06~~39~~EXPR~~%LEN(SENTENCE)~~128
10:17:19.518 ~~TEST_06.TEST_06~~40~~EXPR~~%SUBST(SENTENCE : J : 1)~~m
10:17:19.519 ~~TEST_06.TEST_06~~40~~EXPR~~%SUBST(SENTENCE : J : 1) = " "~~false
10:17:19.519 ~~TEST_06.TEST_06~~40~~STMT~~IF %SUBST(SENTENCE : J : 1) = " "~~false
10:17:19.519 ~~TEST_06.TEST_06~~~~DATA~~J = 11~~12
10:17:19.519 ~~TEST_06.TEST_06~~39~~EXPR~~%LEN(SENTENCE)~~128
10:17:19.519 ~~TEST_06.TEST_06~~40~~EXPR~~%SUBST(SENTENCE : J : 1)~~ 
10:17:19.519 ~~TEST_06.TEST_06~~40~~EXPR~~%SUBST(SENTENCE : J : 1) = " "~~true
10:17:19.519 ~~TEST_06.TEST_06~~40~~STMT~~IF %SUBST(SENTENCE : J : 1) = " "~~true
10:17:19.519 ~~TEST_06.TEST_06~~42~~STMT~~LEAVE
10:17:19.519 ~~TEST_06.TEST_06~~44~~LOOP~~ENDFOR J ~~4~~iterations
10:17:19.519 ~~TEST_06.TEST_06~~44~~STMT~~ENDFOR J 
10:17:19.519 ~~TEST_06.TEST_06~~44~~PERF~~ENDFOR J ~~9~~ms
10:17:19.519 ~~TEST_06.TEST_06~~45~~EXPR~~J - I~~5
10:17:19.519 ~~TEST_06.TEST_06~~~~DATA~~WORDINC = 1~~5
10:17:19.520 ~~TEST_06.TEST_06~~45~~STMT~~EVAL WORDINC = J - I~~5
10:17:19.520 ~~TEST_06.TEST_06~~46~~EXPR~~WORDCNT + 1~~2
10:17:19.520 ~~TEST_06.TEST_06~~~~DATA~~WORDCNT = 1~~2
10:17:19.520 ~~TEST_06.TEST_06~~46~~STMT~~EVAL WORDCNT = WORDCNT + 1~~2
10:17:19.520 ~~TEST_06.TEST_06~~50~~EXPR~~WORDINC = 5~~true
10:17:19.520 ~~TEST_06.TEST_06~~50~~STMT~~SELECT WHEN~~WORDINC = 5~~(true)
10:17:19.520 ~~TEST_06.TEST_06~~51~~EXPR~~%SUBST(SENTENCE : I : 5)~~ipsum
10:17:19.520 ~~TEST_06.TEST_06~~51~~STMT~~EVAL WORDS(WORDCNT)) = %SUBST(SENTENCE : I : 5)~~ipsum
10:17:19.520 ~~TEST_06.TEST_06~~~~DATA~~I = 7~~12
10:17:19.521 ~~TEST_06.TEST_06~~31~~EXPR~~%LEN(SENTENCE)~~128
10:17:19.521 ~~TEST_06.TEST_06~~33~~EXPR~~%SUBST(SENTENCE : I : 1)~~ 
10:17:19.521 ~~TEST_06.TEST_06~~33~~EXPR~~%SUBST(SENTENCE : I : 1) = " "~~true
10:17:19.521 ~~TEST_06.TEST_06~~33~~STMT~~IF %SUBST(SENTENCE : I : 1) = " "~~true
10:17:19.521 ~~TEST_06.TEST_06~~~~DATA~~WORDINC = 5~~1
10:17:19.521 ~~TEST_06.TEST_06~~34~~STMT~~EVAL WORDINC = 1~~1
10:17:19.521 ~~TEST_06.TEST_06~~36~~STMT~~ITER
10:17:19.521 ~~TEST_06.TEST_06~~~~DATA~~I = 12~~13
10:17:19.521 ~~TEST_06.TEST_06~~31~~EXPR~~%LEN(SENTENCE)~~128
10:17:19.521 ~~TEST_06.TEST_06~~33~~EXPR~~%SUBST(SENTENCE : I : 1)~~d
10:17:19.521 ~~TEST_06.TEST_06~~33~~EXPR~~%SUBST(SENTENCE : I : 1) = " "~~false
10:17:19.521 ~~TEST_06.TEST_06~~33~~STMT~~IF %SUBST(SENTENCE : I : 1) = " "~~false
10:17:19.521 ~~TEST_06.TEST_06~~~~EXPR~~I + 1~~14
10:17:19.522 ~~TEST_06.TEST_06~~~~DATA~~J = 12~~14
10:17:19.522 ~~TEST_06.TEST_06~~39~~LOOP~~FOR J = I + 1  TO %LEN(SENTENCE) 
10:17:19.522 ~~TEST_06.TEST_06~~39~~STMT~~FOR J = I + 1  TO %LEN(SENTENCE)
10:17:19.522 ~~TEST_06.TEST_06~~39~~EXPR~~%LEN(SENTENCE)~~128
10:17:19.522 ~~TEST_06.TEST_06~~40~~EXPR~~%SUBST(SENTENCE : J : 1)~~o
10:17:19.522 ~~TEST_06.TEST_06~~40~~EXPR~~%SUBST(SENTENCE : J : 1) = " "~~false
10:17:19.522 ~~TEST_06.TEST_06~~40~~STMT~~IF %SUBST(SENTENCE : J : 1) = " "~~false
10:17:19.522 ~~TEST_06.TEST_06~~~~DATA~~J = 14~~15
10:17:19.522 ~~TEST_06.TEST_06~~39~~EXPR~~%LEN(SENTENCE)~~128
10:17:19.522 ~~TEST_06.TEST_06~~40~~EXPR~~%SUBST(SENTENCE : J : 1)~~l
10:17:19.522 ~~TEST_06.TEST_06~~40~~EXPR~~%SUBST(SENTENCE : J : 1) = " "~~false
10:17:19.522 ~~TEST_06.TEST_06~~40~~STMT~~IF %SUBST(SENTENCE : J : 1) = " "~~false
10:17:19.523 ~~TEST_06.TEST_06~~~~DATA~~J = 15~~16
10:17:19.523 ~~TEST_06.TEST_06~~39~~EXPR~~%LEN(SENTENCE)~~128
10:17:19.523 ~~TEST_06.TEST_06~~40~~EXPR~~%SUBST(SENTENCE : J : 1)~~o
10:17:19.523 ~~TEST_06.TEST_06~~40~~EXPR~~%SUBST(SENTENCE : J : 1) = " "~~false
10:17:19.523 ~~TEST_06.TEST_06~~40~~STMT~~IF %SUBST(SENTENCE : J : 1) = " "~~false
10:17:19.523 ~~TEST_06.TEST_06~~~~DATA~~J = 16~~17
10:17:19.523 ~~TEST_06.TEST_06~~39~~EXPR~~%LEN(SENTENCE)~~128
10:17:19.523 ~~TEST_06.TEST_06~~40~~EXPR~~%SUBST(SENTENCE : J : 1)~~r
10:17:19.523 ~~TEST_06.TEST_06~~40~~EXPR~~%SUBST(SENTENCE : J : 1) = " "~~false
10:17:19.523 ~~TEST_06.TEST_06~~40~~STMT~~IF %SUBST(SENTENCE : J : 1) = " "~~false
10:17:19.523 ~~TEST_06.TEST_06~~~~DATA~~J = 17~~18
10:17:19.524 ~~TEST_06.TEST_06~~39~~EXPR~~%LEN(SENTENCE)~~128
10:17:19.524 ~~TEST_06.TEST_06~~40~~EXPR~~%SUBST(SENTENCE : J : 1)~~ 
10:17:19.524 ~~TEST_06.TEST_06~~40~~EXPR~~%SUBST(SENTENCE : J : 1) = " "~~true
10:17:19.524 ~~TEST_06.TEST_06~~40~~STMT~~IF %SUBST(SENTENCE : J : 1) = " "~~true
10:17:19.524 ~~TEST_06.TEST_06~~42~~STMT~~LEAVE
10:17:19.524 ~~TEST_06.TEST_06~~44~~LOOP~~ENDFOR J ~~4~~iterations
10:17:19.524 ~~TEST_06.TEST_06~~44~~STMT~~ENDFOR J 
10:17:19.524 ~~TEST_06.TEST_06~~44~~PERF~~ENDFOR J ~~3~~ms
10:17:19.524 ~~TEST_06.TEST_06~~45~~EXPR~~J - I~~5
10:17:19.524 ~~TEST_06.TEST_06~~~~DATA~~WORDINC = 1~~5
10:17:19.524 ~~TEST_06.TEST_06~~45~~STMT~~EVAL WORDINC = J - I~~5
10:17:19.524 ~~TEST_06.TEST_06~~46~~EXPR~~WORDCNT + 1~~3
10:17:19.524 ~~TEST_06.TEST_06~~~~DATA~~WORDCNT = 2~~3
10:17:19.524 ~~TEST_06.TEST_06~~46~~STMT~~EVAL WORDCNT = WORDCNT + 1~~3
10:17:19.525 ~~TEST_06.TEST_06~~50~~EXPR~~WORDINC = 5~~true
10:17:19.525 ~~TEST_06.TEST_06~~50~~STMT~~SELECT WHEN~~WORDINC = 5~~(true)
10:17:19.525 ~~TEST_06.TEST_06~~51~~EXPR~~%SUBST(SENTENCE : I : 5)~~dolor
10:17:19.525 ~~TEST_06.TEST_06~~51~~STMT~~EVAL WORDS(WORDCNT)) = %SUBST(SENTENCE : I : 5)~~dolor
10:17:19.525 ~~TEST_06.TEST_06~~~~DATA~~I = 13~~18
10:17:19.525 ~~TEST_06.TEST_06~~31~~EXPR~~%LEN(SENTENCE)~~128
10:17:19.525 ~~TEST_06.TEST_06~~33~~EXPR~~%SUBST(SENTENCE : I : 1)~~ 
10:17:19.525 ~~TEST_06.TEST_06~~33~~EXPR~~%SUBST(SENTENCE : I : 1) = " "~~true
10:17:19.525 ~~TEST_06.TEST_06~~33~~STMT~~IF %SUBST(SENTENCE : I : 1) = " "~~true
10:17:19.525 ~~TEST_06.TEST_06~~~~DATA~~WORDINC = 5~~1
10:17:19.525 ~~TEST_06.TEST_06~~34~~STMT~~EVAL WORDINC = 1~~1
10:17:19.525 ~~TEST_06.TEST_06~~36~~STMT~~ITER
10:17:19.526 ~~TEST_06.TEST_06~~~~DATA~~I = 18~~19
10:17:19.526 ~~TEST_06.TEST_06~~31~~EXPR~~%LEN(SENTENCE)~~128
10:17:19.526 ~~TEST_06.TEST_06~~33~~EXPR~~%SUBST(SENTENCE : I : 1)~~s
10:17:19.526 ~~TEST_06.TEST_06~~33~~EXPR~~%SUBST(SENTENCE : I : 1) = " "~~false
10:17:19.526 ~~TEST_06.TEST_06~~33~~STMT~~IF %SUBST(SENTENCE : I : 1) = " "~~false
10:17:19.526 ~~TEST_06.TEST_06~~~~EXPR~~I + 1~~20
10:17:19.526 ~~TEST_06.TEST_06~~~~DATA~~J = 18~~20
10:17:19.526 ~~TEST_06.TEST_06~~39~~LOOP~~FOR J = I + 1  TO %LEN(SENTENCE) 
10:17:19.526 ~~TEST_06.TEST_06~~39~~STMT~~FOR J = I + 1  TO %LEN(SENTENCE)
10:17:19.526 ~~TEST_06.TEST_06~~39~~EXPR~~%LEN(SENTENCE)~~128
10:17:19.526 ~~TEST_06.TEST_06~~40~~EXPR~~%SUBST(SENTENCE : J : 1)~~i
10:17:19.526 ~~TEST_06.TEST_06~~40~~EXPR~~%SUBST(SENTENCE : J : 1) = " "~~false
10:17:19.526 ~~TEST_06.TEST_06~~40~~STMT~~IF %SUBST(SENTENCE : J : 1) = " "~~false
10:17:19.527 ~~TEST_06.TEST_06~~~~DATA~~J = 20~~21
10:17:19.527 ~~TEST_06.TEST_06~~39~~EXPR~~%LEN(SENTENCE)~~128
10:17:19.527 ~~TEST_06.TEST_06~~40~~EXPR~~%SUBST(SENTENCE : J : 1)~~t
10:17:19.527 ~~TEST_06.TEST_06~~40~~EXPR~~%SUBST(SENTENCE : J : 1) = " "~~false
10:17:19.527 ~~TEST_06.TEST_06~~40~~STMT~~IF %SUBST(SENTENCE : J : 1) = " "~~false
10:17:19.527 ~~TEST_06.TEST_06~~~~DATA~~J = 21~~22
10:17:19.527 ~~TEST_06.TEST_06~~39~~EXPR~~%LEN(SENTENCE)~~128
10:17:19.527 ~~TEST_06.TEST_06~~40~~EXPR~~%SUBST(SENTENCE : J : 1)~~ 
10:17:19.527 ~~TEST_06.TEST_06~~40~~EXPR~~%SUBST(SENTENCE : J : 1) = " "~~true
10:17:19.527 ~~TEST_06.TEST_06~~40~~STMT~~IF %SUBST(SENTENCE : J : 1) = " "~~true
10:17:19.527 ~~TEST_06.TEST_06~~42~~STMT~~LEAVE
10:17:19.527 ~~TEST_06.TEST_06~~44~~LOOP~~ENDFOR J ~~2~~iterations
10:17:19.527 ~~TEST_06.TEST_06~~44~~STMT~~ENDFOR J 
10:17:19.528 ~~TEST_06.TEST_06~~44~~PERF~~ENDFOR J ~~1~~ms
10:17:19.528 ~~TEST_06.TEST_06~~45~~EXPR~~J - I~~3
10:17:19.528 ~~TEST_06.TEST_06~~~~DATA~~WORDINC = 1~~3
10:17:19.528 ~~TEST_06.TEST_06~~45~~STMT~~EVAL WORDINC = J - I~~3
10:17:19.528 ~~TEST_06.TEST_06~~46~~EXPR~~WORDCNT + 1~~4
10:17:19.528 ~~TEST_06.TEST_06~~~~DATA~~WORDCNT = 3~~4
10:17:19.528 ~~TEST_06.TEST_06~~46~~STMT~~EVAL WORDCNT = WORDCNT + 1~~4
10:17:19.528 ~~TEST_06.TEST_06~~50~~EXPR~~WORDINC = 5~~false
10:17:19.528 ~~TEST_06.TEST_06~~50~~STMT~~SELECT WHEN~~WORDINC = 5~~(false)
10:17:19.528 ~~TEST_06.TEST_06~~52~~EXPR~~WORDINC = 4~~false
10:17:19.528 ~~TEST_06.TEST_06~~52~~STMT~~SELECT WHEN~~WORDINC = 4~~(false)
10:17:19.528 ~~TEST_06.TEST_06~~54~~EXPR~~WORDINC = 3~~true
10:17:19.528 ~~TEST_06.TEST_06~~54~~STMT~~SELECT WHEN~~WORDINC = 3~~(true)
10:17:19.528 ~~TEST_06.TEST_06~~55~~EXPR~~%SUBST(SENTENCE : I : 3)~~sit
10:17:19.529 ~~TEST_06.TEST_06~~55~~STMT~~EVAL WORDS(WORDCNT)) = %SUBST(SENTENCE : I : 3)~~sit
10:17:19.529 ~~TEST_06.TEST_06~~~~DATA~~I = 19~~22
10:17:19.529 ~~TEST_06.TEST_06~~31~~EXPR~~%LEN(SENTENCE)~~128
10:17:19.529 ~~TEST_06.TEST_06~~33~~EXPR~~%SUBST(SENTENCE : I : 1)~~ 
10:17:19.529 ~~TEST_06.TEST_06~~33~~EXPR~~%SUBST(SENTENCE : I : 1) = " "~~true
10:17:19.529 ~~TEST_06.TEST_06~~33~~STMT~~IF %SUBST(SENTENCE : I : 1) = " "~~true
10:17:19.529 ~~TEST_06.TEST_06~~~~DATA~~WORDINC = 3~~1
10:17:19.529 ~~TEST_06.TEST_06~~34~~STMT~~EVAL WORDINC = 1~~1
10:17:19.529 ~~TEST_06.TEST_06~~36~~STMT~~ITER
10:17:19.529 ~~TEST_06.TEST_06~~~~DATA~~I = 22~~23
10:17:19.529 ~~TEST_06.TEST_06~~31~~EXPR~~%LEN(SENTENCE)~~128
10:17:19.530 ~~TEST_06.TEST_06~~33~~EXPR~~%SUBST(SENTENCE : I : 1)~~a
10:17:19.530 ~~TEST_06.TEST_06~~33~~EXPR~~%SUBST(SENTENCE : I : 1) = " "~~false
10:17:19.530 ~~TEST_06.TEST_06~~33~~STMT~~IF %SUBST(SENTENCE : I : 1) = " "~~false
10:17:19.530 ~~TEST_06.TEST_06~~~~EXPR~~I + 1~~24
10:17:19.530 ~~TEST_06.TEST_06~~~~DATA~~J = 22~~24
10:17:19.530 ~~TEST_06.TEST_06~~39~~LOOP~~FOR J = I + 1  TO %LEN(SENTENCE) 
10:17:19.530 ~~TEST_06.TEST_06~~39~~STMT~~FOR J = I + 1  TO %LEN(SENTENCE)
10:17:19.530 ~~TEST_06.TEST_06~~39~~EXPR~~%LEN(SENTENCE)~~128
10:17:19.530 ~~TEST_06.TEST_06~~40~~EXPR~~%SUBST(SENTENCE : J : 1)~~m
10:17:19.530 ~~TEST_06.TEST_06~~40~~EXPR~~%SUBST(SENTENCE : J : 1) = " "~~false
10:17:19.530 ~~TEST_06.TEST_06~~40~~STMT~~IF %SUBST(SENTENCE : J : 1) = " "~~false
10:17:19.531 ~~TEST_06.TEST_06~~~~DATA~~J = 24~~25
10:17:19.531 ~~TEST_06.TEST_06~~39~~EXPR~~%LEN(SENTENCE)~~128
10:17:19.531 ~~TEST_06.TEST_06~~40~~EXPR~~%SUBST(SENTENCE : J : 1)~~e
10:17:19.531 ~~TEST_06.TEST_06~~40~~EXPR~~%SUBST(SENTENCE : J : 1) = " "~~false
10:17:19.531 ~~TEST_06.TEST_06~~40~~STMT~~IF %SUBST(SENTENCE : J : 1) = " "~~false
10:17:19.531 ~~TEST_06.TEST_06~~~~DATA~~J = 25~~26
10:17:19.531 ~~TEST_06.TEST_06~~39~~EXPR~~%LEN(SENTENCE)~~128
10:17:19.531 ~~TEST_06.TEST_06~~40~~EXPR~~%SUBST(SENTENCE : J : 1)~~t
10:17:19.531 ~~TEST_06.TEST_06~~40~~EXPR~~%SUBST(SENTENCE : J : 1) = " "~~false
10:17:19.531 ~~TEST_06.TEST_06~~40~~STMT~~IF %SUBST(SENTENCE : J : 1) = " "~~false
10:17:19.531 ~~TEST_06.TEST_06~~~~DATA~~J = 26~~27
10:17:19.531 ~~TEST_06.TEST_06~~39~~EXPR~~%LEN(SENTENCE)~~128
10:17:19.531 ~~TEST_06.TEST_06~~40~~EXPR~~%SUBST(SENTENCE : J : 1)~~ 
10:17:19.532 ~~TEST_06.TEST_06~~40~~EXPR~~%SUBST(SENTENCE : J : 1) = " "~~true
10:17:19.532 ~~TEST_06.TEST_06~~40~~STMT~~IF %SUBST(SENTENCE : J : 1) = " "~~true
10:17:19.532 ~~TEST_06.TEST_06~~42~~STMT~~LEAVE
10:17:19.532 ~~TEST_06.TEST_06~~44~~LOOP~~ENDFOR J ~~3~~iterations
10:17:19.532 ~~TEST_06.TEST_06~~44~~STMT~~ENDFOR J 
10:17:19.532 ~~TEST_06.TEST_06~~44~~PERF~~ENDFOR J ~~2~~ms
10:17:19.532 ~~TEST_06.TEST_06~~45~~EXPR~~J - I~~4
10:17:19.532 ~~TEST_06.TEST_06~~~~DATA~~WORDINC = 1~~4
10:17:19.532 ~~TEST_06.TEST_06~~45~~STMT~~EVAL WORDINC = J - I~~4
10:17:19.532 ~~TEST_06.TEST_06~~46~~EXPR~~WORDCNT + 1~~5
10:17:19.532 ~~TEST_06.TEST_06~~~~DATA~~WORDCNT = 4~~5
10:17:19.532 ~~TEST_06.TEST_06~~46~~STMT~~EVAL WORDCNT = WORDCNT + 1~~5
10:17:19.532 ~~TEST_06.TEST_06~~50~~EXPR~~WORDINC = 5~~false
10:17:19.532 ~~TEST_06.TEST_06~~50~~STMT~~SELECT WHEN~~WORDINC = 5~~(false)
10:17:19.532 ~~TEST_06.TEST_06~~52~~EXPR~~WORDINC = 4~~true
10:17:19.532 ~~TEST_06.TEST_06~~52~~STMT~~SELECT WHEN~~WORDINC = 4~~(true)
10:17:19.532 ~~TEST_06.TEST_06~~53~~EXPR~~%SUBST(SENTENCE : I : 4)~~amet
10:17:19.533 ~~TEST_06.TEST_06~~53~~STMT~~EVAL WORDS(WORDCNT)) = %SUBST(SENTENCE : I : 4)~~amet
10:17:19.533 ~~TEST_06.TEST_06~~~~DATA~~I = 23~~27
10:17:19.533 ~~TEST_06.TEST_06~~31~~EXPR~~%LEN(SENTENCE)~~128
10:17:19.533 ~~TEST_06.TEST_06~~33~~EXPR~~%SUBST(SENTENCE : I : 1)~~ 
10:17:19.533 ~~TEST_06.TEST_06~~33~~EXPR~~%SUBST(SENTENCE : I : 1) = " "~~true
10:17:19.533 ~~TEST_06.TEST_06~~33~~STMT~~IF %SUBST(SENTENCE : I : 1) = " "~~true
10:17:19.533 ~~TEST_06.TEST_06~~~~DATA~~WORDINC = 4~~1
10:17:19.533 ~~TEST_06.TEST_06~~34~~STMT~~EVAL WORDINC = 1~~1
10:17:19.533 ~~TEST_06.TEST_06~~36~~STMT~~ITER
10:17:19.533 ~~TEST_06.TEST_06~~~~DATA~~I = 27~~28
10:17:19.533 ~~TEST_06.TEST_06~~31~~EXPR~~%LEN(SENTENCE)~~128
10:17:19.533 ~~TEST_06.TEST_06~~33~~EXPR~~%SUBST(SENTENCE : I : 1)~~s
10:17:19.534 ~~TEST_06.TEST_06~~33~~EXPR~~%SUBST(SENTENCE : I : 1) = " "~~false
10:17:19.534 ~~TEST_06.TEST_06~~33~~STMT~~IF %SUBST(SENTENCE : I : 1) = " "~~false
10:17:19.534 ~~TEST_06.TEST_06~~~~EXPR~~I + 1~~29
10:17:19.534 ~~TEST_06.TEST_06~~~~DATA~~J = 27~~29
10:17:19.534 ~~TEST_06.TEST_06~~39~~LOOP~~FOR J = I + 1  TO %LEN(SENTENCE) 
10:17:19.534 ~~TEST_06.TEST_06~~39~~STMT~~FOR J = I + 1  TO %LEN(SENTENCE)
10:17:19.534 ~~TEST_06.TEST_06~~39~~EXPR~~%LEN(SENTENCE)~~128
10:17:19.534 ~~TEST_06.TEST_06~~40~~EXPR~~%SUBST(SENTENCE : J : 1)~~e
10:17:19.534 ~~TEST_06.TEST_06~~40~~EXPR~~%SUBST(SENTENCE : J : 1) = " "~~false
10:17:19.534 ~~TEST_06.TEST_06~~40~~STMT~~IF %SUBST(SENTENCE : J : 1) = " "~~false
10:17:19.534 ~~TEST_06.TEST_06~~~~DATA~~J = 29~~30
10:17:19.534 ~~TEST_06.TEST_06~~39~~EXPR~~%LEN(SENTENCE)~~128
10:17:19.534 ~~TEST_06.TEST_06~~40~~EXPR~~%SUBST(SENTENCE : J : 1)~~d
10:17:19.535 ~~TEST_06.TEST_06~~40~~EXPR~~%SUBST(SENTENCE : J : 1) = " "~~false
10:17:19.535 ~~TEST_06.TEST_06~~40~~STMT~~IF %SUBST(SENTENCE : J : 1) = " "~~false
10:17:19.535 ~~TEST_06.TEST_06~~~~DATA~~J = 30~~31
10:17:19.535 ~~TEST_06.TEST_06~~39~~EXPR~~%LEN(SENTENCE)~~128
10:17:19.535 ~~TEST_06.TEST_06~~40~~EXPR~~%SUBST(SENTENCE : J : 1)~~
10:17:19.535 ~~TEST_06.TEST_06~~40~~EXPR~~%SUBST(SENTENCE : J : 1) = " "~~true
10:17:19.535 ~~TEST_06.TEST_06~~40~~STMT~~IF %SUBST(SENTENCE : J : 1) = " "~~true
10:17:19.535 ~~TEST_06.TEST_06~~42~~STMT~~LEAVE
10:17:19.535 ~~TEST_06.TEST_06~~44~~LOOP~~ENDFOR J ~~2~~iterations
10:17:19.535 ~~TEST_06.TEST_06~~44~~STMT~~ENDFOR J 
10:17:19.535 ~~TEST_06.TEST_06~~44~~PERF~~ENDFOR J ~~1~~ms
10:17:19.535 ~~TEST_06.TEST_06~~45~~EXPR~~J - I~~3
10:17:19.535 ~~TEST_06.TEST_06~~~~DATA~~WORDINC = 1~~3
10:17:19.535 ~~TEST_06.TEST_06~~45~~STMT~~EVAL WORDINC = J - I~~3
10:17:19.535 ~~TEST_06.TEST_06~~46~~EXPR~~WORDCNT + 1~~6
10:17:19.536 ~~TEST_06.TEST_06~~~~DATA~~WORDCNT = 5~~6
10:17:19.536 ~~TEST_06.TEST_06~~46~~STMT~~EVAL WORDCNT = WORDCNT + 1~~6
10:17:19.536 ~~TEST_06.TEST_06~~50~~EXPR~~WORDINC = 5~~false
10:17:19.536 ~~TEST_06.TEST_06~~50~~STMT~~SELECT WHEN~~WORDINC = 5~~(false)
10:17:19.536 ~~TEST_06.TEST_06~~52~~EXPR~~WORDINC = 4~~false
10:17:19.536 ~~TEST_06.TEST_06~~52~~STMT~~SELECT WHEN~~WORDINC = 4~~(false)
10:17:19.536 ~~TEST_06.TEST_06~~54~~EXPR~~WORDINC = 3~~true
10:17:19.536 ~~TEST_06.TEST_06~~54~~STMT~~SELECT WHEN~~WORDINC = 3~~(true)
10:17:19.536 ~~TEST_06.TEST_06~~55~~EXPR~~%SUBST(SENTENCE : I : 3)~~sed
10:17:19.536 ~~TEST_06.TEST_06~~55~~STMT~~EVAL WORDS(WORDCNT)) = %SUBST(SENTENCE : I : 3)~~sed
10:17:19.536 ~~TEST_06.TEST_06~~~~DATA~~I = 28~~31
10:17:19.536 ~~TEST_06.TEST_06~~31~~EXPR~~%LEN(SENTENCE)~~128
10:17:19.536 ~~TEST_06.TEST_06~~33~~EXPR~~%SUBST(SENTENCE : I : 1)~~
10:17:19.536 ~~TEST_06.TEST_06~~33~~EXPR~~%SUBST(SENTENCE : I : 1) = " "~~true
10:17:19.537 ~~TEST_06.TEST_06~~33~~STMT~~IF %SUBST(SENTENCE : I : 1) = " "~~true
10:17:19.537 ~~TEST_06.TEST_06~~~~DATA~~WORDINC = 3~~1
10:17:19.537 ~~TEST_06.TEST_06~~34~~STMT~~EVAL WORDINC = 1~~1
10:17:19.537 ~~TEST_06.TEST_06~~36~~STMT~~ITER
10:17:19.537 ~~TEST_06.TEST_06~~~~DATA~~I = 31~~32
10:17:19.537 ~~TEST_06.TEST_06~~31~~EXPR~~%LEN(SENTENCE)~~128
10:17:19.537 ~~TEST_06.TEST_06~~33~~EXPR~~%SUBST(SENTENCE : I : 1)~~
10:17:19.537 ~~TEST_06.TEST_06~~33~~EXPR~~%SUBST(SENTENCE : I : 1) = " "~~true
10:17:19.537 ~~TEST_06.TEST_06~~33~~STMT~~IF %SUBST(SENTENCE : I : 1) = " "~~true
10:17:19.537 ~~TEST_06.TEST_06~~~~DATA~~WORDINC = 1~~1
10:17:19.537 ~~TEST_06.TEST_06~~34~~STMT~~EVAL WORDINC = 1~~1
10:17:19.537 ~~TEST_06.TEST_06~~36~~STMT~~ITER
10:17:19.537 ~~TEST_06.TEST_06~~~~DATA~~I = 32~~33
10:17:19.538 ~~TEST_06.TEST_06~~31~~EXPR~~%LEN(SENTENCE)~~128
10:17:19.538 ~~TEST_06.TEST_06~~33~~EXPR~~%SUBST(SENTENCE : I : 1)~~
10:17:19.538 ~~TEST_06.TEST_06~~33~~EXPR~~%SUBST(SENTENCE : I : 1) = " "~~true
10:17:19.538 ~~TEST_06.TEST_06~~33~~STMT~~IF %SUBST(SENTENCE : I : 1) = " "~~true
10:17:19.538 ~~TEST_06.TEST_06~~~~DATA~~WORDINC = 1~~1
10:17:19.538 ~~TEST_06.TEST_06~~34~~STMT~~EVAL WORDINC = 1~~1
10:17:19.538 ~~TEST_06.TEST_06~~36~~STMT~~ITER
10:17:19.538 ~~TEST_06.TEST_06~~~~DATA~~I = 33~~34
10:17:19.538 ~~TEST_06.TEST_06~~31~~EXPR~~%LEN(SENTENCE)~~128
10:17:19.538 ~~TEST_06.TEST_06~~33~~EXPR~~%SUBST(SENTENCE : I : 1)~~
10:17:19.538 ~~TEST_06.TEST_06~~33~~EXPR~~%SUBST(SENTENCE : I : 1) = " "~~true
10:17:19.538 ~~TEST_06.TEST_06~~33~~STMT~~IF %SUBST(SENTENCE : I : 1) = " "~~true
10:17:19.538 ~~TEST_06.TEST_06~~~~DATA~~WORDINC = 1~~1
10:17:19.538 ~~TEST_06.TEST_06~~34~~STMT~~EVAL WORDINC = 1~~1
10:17:19.538 ~~TEST_06.TEST_06~~36~~STMT~~ITER
10:17:19.539 ~~TEST_06.TEST_06~~~~DATA~~I = 34~~35
10:17:19.539 ~~TEST_06.TEST_06~~31~~EXPR~~%LEN(SENTENCE)~~128
10:17:19.539 ~~TEST_06.TEST_06~~33~~EXPR~~%SUBST(SENTENCE : I : 1)~~
10:17:19.539 ~~TEST_06.TEST_06~~33~~EXPR~~%SUBST(SENTENCE : I : 1) = " "~~true
10:17:19.539 ~~TEST_06.TEST_06~~33~~STMT~~IF %SUBST(SENTENCE : I : 1) = " "~~true
10:17:19.539 ~~TEST_06.TEST_06~~~~DATA~~WORDINC = 1~~1
10:17:19.539 ~~TEST_06.TEST_06~~34~~STMT~~EVAL WORDINC = 1~~1
10:17:19.539 ~~TEST_06.TEST_06~~36~~STMT~~ITER
10:17:19.539 ~~TEST_06.TEST_06~~~~DATA~~I = 35~~36
10:17:19.539 ~~TEST_06.TEST_06~~31~~EXPR~~%LEN(SENTENCE)~~128
10:17:19.539 ~~TEST_06.TEST_06~~33~~EXPR~~%SUBST(SENTENCE : I : 1)~~
10:17:19.539 ~~TEST_06.TEST_06~~33~~EXPR~~%SUBST(SENTENCE : I : 1) = " "~~true
10:17:19.539 ~~TEST_06.TEST_06~~33~~STMT~~IF %SUBST(SENTENCE : I : 1) = " "~~true
10:17:19.539 ~~TEST_06.TEST_06~~~~DATA~~WORDINC = 1~~1
10:17:19.539 ~~TEST_06.TEST_06~~34~~STMT~~EVAL WORDINC = 1~~1
10:17:19.540 ~~TEST_06.TEST_06~~36~~STMT~~ITER
10:17:19.540 ~~TEST_06.TEST_06~~~~DATA~~I = 36~~37
10:17:19.540 ~~TEST_06.TEST_06~~31~~EXPR~~%LEN(SENTENCE)~~128
10:17:19.540 ~~TEST_06.TEST_06~~33~~EXPR~~%SUBST(SENTENCE : I : 1)~~
10:17:19.540 ~~TEST_06.TEST_06~~33~~EXPR~~%SUBST(SENTENCE : I : 1) = " "~~true
10:17:19.540 ~~TEST_06.TEST_06~~33~~STMT~~IF %SUBST(SENTENCE : I : 1) = " "~~true
10:17:19.540 ~~TEST_06.TEST_06~~~~DATA~~WORDINC = 1~~1
10:17:19.540 ~~TEST_06.TEST_06~~34~~STMT~~EVAL WORDINC = 1~~1
10:17:19.540 ~~TEST_06.TEST_06~~36~~STMT~~ITER
10:17:19.540 ~~TEST_06.TEST_06~~~~DATA~~I = 37~~38
10:17:19.540 ~~TEST_06.TEST_06~~31~~EXPR~~%LEN(SENTENCE)~~128
10:17:19.540 ~~TEST_06.TEST_06~~33~~EXPR~~%SUBST(SENTENCE : I : 1)~~
10:17:19.540 ~~TEST_06.TEST_06~~33~~EXPR~~%SUBST(SENTENCE : I : 1) = " "~~true
10:17:19.540 ~~TEST_06.TEST_06~~33~~STMT~~IF %SUBST(SENTENCE : I : 1) = " "~~true
10:17:19.540 ~~TEST_06.TEST_06~~~~DATA~~WORDINC = 1~~1
10:17:19.541 ~~TEST_06.TEST_06~~34~~STMT~~EVAL WORDINC = 1~~1
10:17:19.541 ~~TEST_06.TEST_06~~36~~STMT~~ITER
10:17:19.541 ~~TEST_06.TEST_06~~~~DATA~~I = 38~~39
10:17:19.541 ~~TEST_06.TEST_06~~31~~EXPR~~%LEN(SENTENCE)~~128
10:17:19.541 ~~TEST_06.TEST_06~~33~~EXPR~~%SUBST(SENTENCE : I : 1)~~
10:17:19.541 ~~TEST_06.TEST_06~~33~~EXPR~~%SUBST(SENTENCE : I : 1) = " "~~true
10:17:19.541 ~~TEST_06.TEST_06~~33~~STMT~~IF %SUBST(SENTENCE : I : 1) = " "~~true
10:17:19.541 ~~TEST_06.TEST_06~~~~DATA~~WORDINC = 1~~1
10:17:19.541 ~~TEST_06.TEST_06~~34~~STMT~~EVAL WORDINC = 1~~1
10:17:19.541 ~~TEST_06.TEST_06~~36~~STMT~~ITER
10:17:19.541 ~~TEST_06.TEST_06~~~~DATA~~I = 39~~40
10:17:19.541 ~~TEST_06.TEST_06~~31~~EXPR~~%LEN(SENTENCE)~~128
10:17:19.542 ~~TEST_06.TEST_06~~33~~EXPR~~%SUBST(SENTENCE : I : 1)~~
10:17:19.542 ~~TEST_06.TEST_06~~33~~EXPR~~%SUBST(SENTENCE : I : 1) = " "~~true
10:17:19.542 ~~TEST_06.TEST_06~~33~~STMT~~IF %SUBST(SENTENCE : I : 1) = " "~~true
10:17:19.542 ~~TEST_06.TEST_06~~~~DATA~~WORDINC = 1~~1
10:17:19.542 ~~TEST_06.TEST_06~~34~~STMT~~EVAL WORDINC = 1~~1
10:17:19.542 ~~TEST_06.TEST_06~~36~~STMT~~ITER
10:17:19.542 ~~TEST_06.TEST_06~~~~DATA~~I = 40~~41
10:17:19.542 ~~TEST_06.TEST_06~~31~~EXPR~~%LEN(SENTENCE)~~128
10:17:19.542 ~~TEST_06.TEST_06~~33~~EXPR~~%SUBST(SENTENCE : I : 1)~~
10:17:19.542 ~~TEST_06.TEST_06~~33~~EXPR~~%SUBST(SENTENCE : I : 1) = " "~~true
10:17:19.542 ~~TEST_06.TEST_06~~33~~STMT~~IF %SUBST(SENTENCE : I : 1) = " "~~true
10:17:19.542 ~~TEST_06.TEST_06~~~~DATA~~WORDINC = 1~~1
10:17:19.543 ~~TEST_06.TEST_06~~34~~STMT~~EVAL WORDINC = 1~~1
10:17:19.543 ~~TEST_06.TEST_06~~36~~STMT~~ITER
10:17:19.543 ~~TEST_06.TEST_06~~~~DATA~~I = 41~~42
10:17:19.543 ~~TEST_06.TEST_06~~31~~EXPR~~%LEN(SENTENCE)~~128
10:17:19.543 ~~TEST_06.TEST_06~~33~~EXPR~~%SUBST(SENTENCE : I : 1)~~
10:17:19.543 ~~TEST_06.TEST_06~~33~~EXPR~~%SUBST(SENTENCE : I : 1) = " "~~true
10:17:19.543 ~~TEST_06.TEST_06~~33~~STMT~~IF %SUBST(SENTENCE : I : 1) = " "~~true
10:17:19.543 ~~TEST_06.TEST_06~~~~DATA~~WORDINC = 1~~1
10:17:19.543 ~~TEST_06.TEST_06~~34~~STMT~~EVAL WORDINC = 1~~1
10:17:19.543 ~~TEST_06.TEST_06~~36~~STMT~~ITER
10:17:19.543 ~~TEST_06.TEST_06~~~~DATA~~I = 42~~43
10:17:19.543 ~~TEST_06.TEST_06~~31~~EXPR~~%LEN(SENTENCE)~~128
10:17:19.544 ~~TEST_06.TEST_06~~33~~EXPR~~%SUBST(SENTENCE : I : 1)~~
10:17:19.544 ~~TEST_06.TEST_06~~33~~EXPR~~%SUBST(SENTENCE : I : 1) = " "~~true
10:17:19.544 ~~TEST_06.TEST_06~~33~~STMT~~IF %SUBST(SENTENCE : I : 1) = " "~~true
10:17:19.544 ~~TEST_06.TEST_06~~~~DATA~~WORDINC = 1~~1
10:17:19.544 ~~TEST_06.TEST_06~~34~~STMT~~EVAL WORDINC = 1~~1
10:17:19.544 ~~TEST_06.TEST_06~~36~~STMT~~ITER
10:17:19.544 ~~TEST_06.TEST_06~~~~DATA~~I = 43~~44
10:17:19.544 ~~TEST_06.TEST_06~~31~~EXPR~~%LEN(SENTENCE)~~128
10:17:19.544 ~~TEST_06.TEST_06~~33~~EXPR~~%SUBST(SENTENCE : I : 1)~~
10:17:19.544 ~~TEST_06.TEST_06~~33~~EXPR~~%SUBST(SENTENCE : I : 1) = " "~~true
10:17:19.544 ~~TEST_06.TEST_06~~33~~STMT~~IF %SUBST(SENTENCE : I : 1) = " "~~true
10:17:19.544 ~~TEST_06.TEST_06~~~~DATA~~WORDINC = 1~~1
10:17:19.544 ~~TEST_06.TEST_06~~34~~STMT~~EVAL WORDINC = 1~~1
10:17:19.544 ~~TEST_06.TEST_06~~36~~STMT~~ITER
10:17:19.545 ~~TEST_06.TEST_06~~~~DATA~~I = 44~~45
10:17:19.545 ~~TEST_06.TEST_06~~31~~EXPR~~%LEN(SENTENCE)~~128
10:17:19.545 ~~TEST_06.TEST_06~~33~~EXPR~~%SUBST(SENTENCE : I : 1)~~
10:17:19.545 ~~TEST_06.TEST_06~~33~~EXPR~~%SUBST(SENTENCE : I : 1) = " "~~true
10:17:19.545 ~~TEST_06.TEST_06~~33~~STMT~~IF %SUBST(SENTENCE : I : 1) = " "~~true
10:17:19.545 ~~TEST_06.TEST_06~~~~DATA~~WORDINC = 1~~1
10:17:19.545 ~~TEST_06.TEST_06~~34~~STMT~~EVAL WORDINC = 1~~1
10:17:19.545 ~~TEST_06.TEST_06~~36~~STMT~~ITER
10:17:19.545 ~~TEST_06.TEST_06~~~~DATA~~I = 45~~46
10:17:19.545 ~~TEST_06.TEST_06~~31~~EXPR~~%LEN(SENTENCE)~~128
10:17:19.545 ~~TEST_06.TEST_06~~33~~EXPR~~%SUBST(SENTENCE : I : 1)~~
10:17:19.545 ~~TEST_06.TEST_06~~33~~EXPR~~%SUBST(SENTENCE : I : 1) = " "~~true
10:17:19.546 ~~TEST_06.TEST_06~~33~~STMT~~IF %SUBST(SENTENCE : I : 1) = " "~~true
10:17:19.546 ~~TEST_06.TEST_06~~~~DATA~~WORDINC = 1~~1
10:17:19.546 ~~TEST_06.TEST_06~~34~~STMT~~EVAL WORDINC = 1~~1
10:17:19.546 ~~TEST_06.TEST_06~~36~~STMT~~ITER
10:17:19.546 ~~TEST_06.TEST_06~~~~DATA~~I = 46~~47
10:17:19.546 ~~TEST_06.TEST_06~~31~~EXPR~~%LEN(SENTENCE)~~128
10:17:19.546 ~~TEST_06.TEST_06~~33~~EXPR~~%SUBST(SENTENCE : I : 1)~~
10:17:19.546 ~~TEST_06.TEST_06~~33~~EXPR~~%SUBST(SENTENCE : I : 1) = " "~~true
10:17:19.546 ~~TEST_06.TEST_06~~33~~STMT~~IF %SUBST(SENTENCE : I : 1) = " "~~true
10:17:19.546 ~~TEST_06.TEST_06~~~~DATA~~WORDINC = 1~~1
10:17:19.546 ~~TEST_06.TEST_06~~34~~STMT~~EVAL WORDINC = 1~~1
10:17:19.546 ~~TEST_06.TEST_06~~36~~STMT~~ITER
10:17:19.546 ~~TEST_06.TEST_06~~~~DATA~~I = 47~~48
10:17:19.546 ~~TEST_06.TEST_06~~31~~EXPR~~%LEN(SENTENCE)~~128
10:17:19.547 ~~TEST_06.TEST_06~~33~~EXPR~~%SUBST(SENTENCE : I : 1)~~
10:17:19.547 ~~TEST_06.TEST_06~~33~~EXPR~~%SUBST(SENTENCE : I : 1) = " "~~true
10:17:19.547 ~~TEST_06.TEST_06~~33~~STMT~~IF %SUBST(SENTENCE : I : 1) = " "~~true
10:17:19.547 ~~TEST_06.TEST_06~~~~DATA~~WORDINC = 1~~1
10:17:19.547 ~~TEST_06.TEST_06~~34~~STMT~~EVAL WORDINC = 1~~1
10:17:19.547 ~~TEST_06.TEST_06~~36~~STMT~~ITER
10:17:19.547 ~~TEST_06.TEST_06~~~~DATA~~I = 48~~49
10:17:19.547 ~~TEST_06.TEST_06~~31~~EXPR~~%LEN(SENTENCE)~~128
10:17:19.547 ~~TEST_06.TEST_06~~33~~EXPR~~%SUBST(SENTENCE : I : 1)~~
10:17:19.547 ~~TEST_06.TEST_06~~33~~EXPR~~%SUBST(SENTENCE : I : 1) = " "~~true
10:17:19.547 ~~TEST_06.TEST_06~~33~~STMT~~IF %SUBST(SENTENCE : I : 1) = " "~~true
10:17:19.547 ~~TEST_06.TEST_06~~~~DATA~~WORDINC = 1~~1
10:17:19.547 ~~TEST_06.TEST_06~~34~~STMT~~EVAL WORDINC = 1~~1
10:17:19.547 ~~TEST_06.TEST_06~~36~~STMT~~ITER
10:17:19.547 ~~TEST_06.TEST_06~~~~DATA~~I = 49~~50
10:17:19.547 ~~TEST_06.TEST_06~~31~~EXPR~~%LEN(SENTENCE)~~128
10:17:19.548 ~~TEST_06.TEST_06~~33~~EXPR~~%SUBST(SENTENCE : I : 1)~~
10:17:19.548 ~~TEST_06.TEST_06~~33~~EXPR~~%SUBST(SENTENCE : I : 1) = " "~~true
10:17:19.548 ~~TEST_06.TEST_06~~33~~STMT~~IF %SUBST(SENTENCE : I : 1) = " "~~true
10:17:19.548 ~~TEST_06.TEST_06~~~~DATA~~WORDINC = 1~~1
10:17:19.548 ~~TEST_06.TEST_06~~34~~STMT~~EVAL WORDINC = 1~~1
10:17:19.548 ~~TEST_06.TEST_06~~36~~STMT~~ITER
10:17:19.548 ~~TEST_06.TEST_06~~~~DATA~~I = 50~~51
10:17:19.548 ~~TEST_06.TEST_06~~31~~EXPR~~%LEN(SENTENCE)~~128
10:17:19.548 ~~TEST_06.TEST_06~~33~~EXPR~~%SUBST(SENTENCE : I : 1)~~
10:17:19.548 ~~TEST_06.TEST_06~~33~~EXPR~~%SUBST(SENTENCE : I : 1) = " "~~true
10:17:19.548 ~~TEST_06.TEST_06~~33~~STMT~~IF %SUBST(SENTENCE : I : 1) = " "~~true
10:17:19.548 ~~TEST_06.TEST_06~~~~DATA~~WORDINC = 1~~1
10:17:19.548 ~~TEST_06.TEST_06~~34~~STMT~~EVAL WORDINC = 1~~1
10:17:19.548 ~~TEST_06.TEST_06~~36~~STMT~~ITER
10:17:19.549 ~~TEST_06.TEST_06~~~~DATA~~I = 51~~52
10:17:19.549 ~~TEST_06.TEST_06~~31~~EXPR~~%LEN(SENTENCE)~~128
10:17:19.549 ~~TEST_06.TEST_06~~33~~EXPR~~%SUBST(SENTENCE : I : 1)~~
10:17:19.549 ~~TEST_06.TEST_06~~33~~EXPR~~%SUBST(SENTENCE : I : 1) = " "~~true
10:17:19.549 ~~TEST_06.TEST_06~~33~~STMT~~IF %SUBST(SENTENCE : I : 1) = " "~~true
10:17:19.549 ~~TEST_06.TEST_06~~~~DATA~~WORDINC = 1~~1
10:17:19.549 ~~TEST_06.TEST_06~~34~~STMT~~EVAL WORDINC = 1~~1
10:17:19.549 ~~TEST_06.TEST_06~~36~~STMT~~ITER
10:17:19.549 ~~TEST_06.TEST_06~~~~DATA~~I = 52~~53
10:17:19.550 ~~TEST_06.TEST_06~~31~~EXPR~~%LEN(SENTENCE)~~128
10:17:19.550 ~~TEST_06.TEST_06~~33~~EXPR~~%SUBST(SENTENCE : I : 1)~~
10:17:19.550 ~~TEST_06.TEST_06~~33~~EXPR~~%SUBST(SENTENCE : I : 1) = " "~~true
10:17:19.550 ~~TEST_06.TEST_06~~33~~STMT~~IF %SUBST(SENTENCE : I : 1) = " "~~true
10:17:19.550 ~~TEST_06.TEST_06~~~~DATA~~WORDINC = 1~~1
10:17:19.550 ~~TEST_06.TEST_06~~34~~STMT~~EVAL WORDINC = 1~~1
10:17:19.550 ~~TEST_06.TEST_06~~36~~STMT~~ITER
10:17:19.550 ~~TEST_06.TEST_06~~~~DATA~~I = 53~~54
10:17:19.550 ~~TEST_06.TEST_06~~31~~EXPR~~%LEN(SENTENCE)~~128
10:17:19.550 ~~TEST_06.TEST_06~~33~~EXPR~~%SUBST(SENTENCE : I : 1)~~
10:17:19.550 ~~TEST_06.TEST_06~~33~~EXPR~~%SUBST(SENTENCE : I : 1) = " "~~true
10:17:19.550 ~~TEST_06.TEST_06~~33~~STMT~~IF %SUBST(SENTENCE : I : 1) = " "~~true
10:17:19.550 ~~TEST_06.TEST_06~~~~DATA~~WORDINC = 1~~1
10:17:19.550 ~~TEST_06.TEST_06~~34~~STMT~~EVAL WORDINC = 1~~1
10:17:19.550 ~~TEST_06.TEST_06~~36~~STMT~~ITER
10:17:19.551 ~~TEST_06.TEST_06~~~~DATA~~I = 54~~55
10:17:19.551 ~~TEST_06.TEST_06~~31~~EXPR~~%LEN(SENTENCE)~~128
10:17:19.551 ~~TEST_06.TEST_06~~33~~EXPR~~%SUBST(SENTENCE : I : 1)~~
10:17:19.551 ~~TEST_06.TEST_06~~33~~EXPR~~%SUBST(SENTENCE : I : 1) = " "~~true
10:17:19.551 ~~TEST_06.TEST_06~~33~~STMT~~IF %SUBST(SENTENCE : I : 1) = " "~~true
10:17:19.551 ~~TEST_06.TEST_06~~~~DATA~~WORDINC = 1~~1
10:17:19.551 ~~TEST_06.TEST_06~~34~~STMT~~EVAL WORDINC = 1~~1
10:17:19.551 ~~TEST_06.TEST_06~~36~~STMT~~ITER
10:17:19.551 ~~TEST_06.TEST_06~~~~DATA~~I = 55~~56
10:17:19.551 ~~TEST_06.TEST_06~~31~~EXPR~~%LEN(SENTENCE)~~128
10:17:19.551 ~~TEST_06.TEST_06~~33~~EXPR~~%SUBST(SENTENCE : I : 1)~~
10:17:19.551 ~~TEST_06.TEST_06~~33~~EXPR~~%SUBST(SENTENCE : I : 1) = " "~~true
10:17:19.551 ~~TEST_06.TEST_06~~33~~STMT~~IF %SUBST(SENTENCE : I : 1) = " "~~true
10:17:19.551 ~~TEST_06.TEST_06~~~~DATA~~WORDINC = 1~~1
10:17:19.551 ~~TEST_06.TEST_06~~34~~STMT~~EVAL WORDINC = 1~~1
10:17:19.552 ~~TEST_06.TEST_06~~36~~STMT~~ITER
10:17:19.552 ~~TEST_06.TEST_06~~~~DATA~~I = 56~~57
10:17:19.552 ~~TEST_06.TEST_06~~31~~EXPR~~%LEN(SENTENCE)~~128
10:17:19.552 ~~TEST_06.TEST_06~~33~~EXPR~~%SUBST(SENTENCE : I : 1)~~
10:17:19.552 ~~TEST_06.TEST_06~~33~~EXPR~~%SUBST(SENTENCE : I : 1) = " "~~true
10:17:19.552 ~~TEST_06.TEST_06~~33~~STMT~~IF %SUBST(SENTENCE : I : 1) = " "~~true
10:17:19.552 ~~TEST_06.TEST_06~~~~DATA~~WORDINC = 1~~1
10:17:19.552 ~~TEST_06.TEST_06~~34~~STMT~~EVAL WORDINC = 1~~1
10:17:19.552 ~~TEST_06.TEST_06~~36~~STMT~~ITER
10:17:19.552 ~~TEST_06.TEST_06~~~~DATA~~I = 57~~58
10:17:19.552 ~~TEST_06.TEST_06~~31~~EXPR~~%LEN(SENTENCE)~~128
10:17:19.552 ~~TEST_06.TEST_06~~33~~EXPR~~%SUBST(SENTENCE : I : 1)~~
10:17:19.552 ~~TEST_06.TEST_06~~33~~EXPR~~%SUBST(SENTENCE : I : 1) = " "~~true
10:17:19.552 ~~TEST_06.TEST_06~~33~~STMT~~IF %SUBST(SENTENCE : I : 1) = " "~~true
10:17:19.552 ~~TEST_06.TEST_06~~~~DATA~~WORDINC = 1~~1
10:17:19.552 ~~TEST_06.TEST_06~~34~~STMT~~EVAL WORDINC = 1~~1
10:17:19.553 ~~TEST_06.TEST_06~~36~~STMT~~ITER
10:17:19.553 ~~TEST_06.TEST_06~~~~DATA~~I = 58~~59
10:17:19.553 ~~TEST_06.TEST_06~~31~~EXPR~~%LEN(SENTENCE)~~128
10:17:19.553 ~~TEST_06.TEST_06~~33~~EXPR~~%SUBST(SENTENCE : I : 1)~~
10:17:19.553 ~~TEST_06.TEST_06~~33~~EXPR~~%SUBST(SENTENCE : I : 1) = " "~~true
10:17:19.553 ~~TEST_06.TEST_06~~33~~STMT~~IF %SUBST(SENTENCE : I : 1) = " "~~true
10:17:19.553 ~~TEST_06.TEST_06~~~~DATA~~WORDINC = 1~~1
10:17:19.553 ~~TEST_06.TEST_06~~34~~STMT~~EVAL WORDINC = 1~~1
10:17:19.553 ~~TEST_06.TEST_06~~36~~STMT~~ITER
10:17:19.553 ~~TEST_06.TEST_06~~~~DATA~~I = 59~~60
10:17:19.553 ~~TEST_06.TEST_06~~31~~EXPR~~%LEN(SENTENCE)~~128
10:17:19.553 ~~TEST_06.TEST_06~~33~~EXPR~~%SUBST(SENTENCE : I : 1)~~
10:17:19.553 ~~TEST_06.TEST_06~~33~~EXPR~~%SUBST(SENTENCE : I : 1) = " "~~true
10:17:19.554 ~~TEST_06.TEST_06~~33~~STMT~~IF %SUBST(SENTENCE : I : 1) = " "~~true
10:17:19.554 ~~TEST_06.TEST_06~~~~DATA~~WORDINC = 1~~1
10:17:19.554 ~~TEST_06.TEST_06~~34~~STMT~~EVAL WORDINC = 1~~1
10:17:19.554 ~~TEST_06.TEST_06~~36~~STMT~~ITER
10:17:19.554 ~~TEST_06.TEST_06~~~~DATA~~I = 60~~61
10:17:19.554 ~~TEST_06.TEST_06~~31~~EXPR~~%LEN(SENTENCE)~~128
10:17:19.554 ~~TEST_06.TEST_06~~33~~EXPR~~%SUBST(SENTENCE : I : 1)~~
10:17:19.554 ~~TEST_06.TEST_06~~33~~EXPR~~%SUBST(SENTENCE : I : 1) = " "~~true
10:17:19.554 ~~TEST_06.TEST_06~~33~~STMT~~IF %SUBST(SENTENCE : I : 1) = " "~~true
10:17:19.554 ~~TEST_06.TEST_06~~~~DATA~~WORDINC = 1~~1
10:17:19.554 ~~TEST_06.TEST_06~~34~~STMT~~EVAL WORDINC = 1~~1
10:17:19.554 ~~TEST_06.TEST_06~~36~~STMT~~ITER
10:17:19.554 ~~TEST_06.TEST_06~~~~DATA~~I = 61~~62
10:17:19.554 ~~TEST_06.TEST_06~~31~~EXPR~~%LEN(SENTENCE)~~128
10:17:19.554 ~~TEST_06.TEST_06~~33~~EXPR~~%SUBST(SENTENCE : I : 1)~~
10:17:19.555 ~~TEST_06.TEST_06~~33~~EXPR~~%SUBST(SENTENCE : I : 1) = " "~~true
10:17:19.555 ~~TEST_06.TEST_06~~33~~STMT~~IF %SUBST(SENTENCE : I : 1) = " "~~true
10:17:19.555 ~~TEST_06.TEST_06~~~~DATA~~WORDINC = 1~~1
10:17:19.555 ~~TEST_06.TEST_06~~34~~STMT~~EVAL WORDINC = 1~~1
10:17:19.555 ~~TEST_06.TEST_06~~36~~STMT~~ITER
10:17:19.555 ~~TEST_06.TEST_06~~~~DATA~~I = 62~~63
10:17:19.555 ~~TEST_06.TEST_06~~31~~EXPR~~%LEN(SENTENCE)~~128
10:17:19.555 ~~TEST_06.TEST_06~~33~~EXPR~~%SUBST(SENTENCE : I : 1)~~
10:17:19.555 ~~TEST_06.TEST_06~~33~~EXPR~~%SUBST(SENTENCE : I : 1) = " "~~true
10:17:19.555 ~~TEST_06.TEST_06~~33~~STMT~~IF %SUBST(SENTENCE : I : 1) = " "~~true
10:17:19.555 ~~TEST_06.TEST_06~~~~DATA~~WORDINC = 1~~1
10:17:19.555 ~~TEST_06.TEST_06~~34~~STMT~~EVAL WORDINC = 1~~1
10:17:19.555 ~~TEST_06.TEST_06~~36~~STMT~~ITER
10:17:19.555 ~~TEST_06.TEST_06~~~~DATA~~I = 63~~64
10:17:19.555 ~~TEST_06.TEST_06~~31~~EXPR~~%LEN(SENTENCE)~~128
10:17:19.556 ~~TEST_06.TEST_06~~33~~EXPR~~%SUBST(SENTENCE : I : 1)~~
10:17:19.556 ~~TEST_06.TEST_06~~33~~EXPR~~%SUBST(SENTENCE : I : 1) = " "~~true
10:17:19.556 ~~TEST_06.TEST_06~~33~~STMT~~IF %SUBST(SENTENCE : I : 1) = " "~~true
10:17:19.556 ~~TEST_06.TEST_06~~~~DATA~~WORDINC = 1~~1
10:17:19.556 ~~TEST_06.TEST_06~~34~~STMT~~EVAL WORDINC = 1~~1
10:17:19.556 ~~TEST_06.TEST_06~~36~~STMT~~ITER
10:17:19.556 ~~TEST_06.TEST_06~~~~DATA~~I = 64~~65
10:17:19.556 ~~TEST_06.TEST_06~~31~~EXPR~~%LEN(SENTENCE)~~128
10:17:19.556 ~~TEST_06.TEST_06~~33~~EXPR~~%SUBST(SENTENCE : I : 1)~~
10:17:19.556 ~~TEST_06.TEST_06~~33~~EXPR~~%SUBST(SENTENCE : I : 1) = " "~~true
10:17:19.556 ~~TEST_06.TEST_06~~33~~STMT~~IF %SUBST(SENTENCE : I : 1) = " "~~true
10:17:19.556 ~~TEST_06.TEST_06~~~~DATA~~WORDINC = 1~~1
10:17:19.556 ~~TEST_06.TEST_06~~34~~STMT~~EVAL WORDINC = 1~~1
10:17:19.556 ~~TEST_06.TEST_06~~36~~STMT~~ITER
10:17:19.556 ~~TEST_06.TEST_06~~~~DATA~~I = 65~~66
10:17:19.557 ~~TEST_06.TEST_06~~31~~EXPR~~%LEN(SENTENCE)~~128
10:17:19.557 ~~TEST_06.TEST_06~~33~~EXPR~~%SUBST(SENTENCE : I : 1)~~
10:17:19.557 ~~TEST_06.TEST_06~~33~~EXPR~~%SUBST(SENTENCE : I : 1) = " "~~true
10:17:19.557 ~~TEST_06.TEST_06~~33~~STMT~~IF %SUBST(SENTENCE : I : 1) = " "~~true
10:17:19.557 ~~TEST_06.TEST_06~~~~DATA~~WORDINC = 1~~1
10:17:19.557 ~~TEST_06.TEST_06~~34~~STMT~~EVAL WORDINC = 1~~1
10:17:19.557 ~~TEST_06.TEST_06~~36~~STMT~~ITER
10:17:19.557 ~~TEST_06.TEST_06~~~~DATA~~I = 66~~67
10:17:19.557 ~~TEST_06.TEST_06~~31~~EXPR~~%LEN(SENTENCE)~~128
10:17:19.557 ~~TEST_06.TEST_06~~33~~EXPR~~%SUBST(SENTENCE : I : 1)~~
10:17:19.557 ~~TEST_06.TEST_06~~33~~EXPR~~%SUBST(SENTENCE : I : 1) = " "~~true
10:17:19.557 ~~TEST_06.TEST_06~~33~~STMT~~IF %SUBST(SENTENCE : I : 1) = " "~~true
10:17:19.557 ~~TEST_06.TEST_06~~~~DATA~~WORDINC = 1~~1
10:17:19.558 ~~TEST_06.TEST_06~~34~~STMT~~EVAL WORDINC = 1~~1
10:17:19.558 ~~TEST_06.TEST_06~~36~~STMT~~ITER
10:17:19.558 ~~TEST_06.TEST_06~~~~DATA~~I = 67~~68
10:17:19.558 ~~TEST_06.TEST_06~~31~~EXPR~~%LEN(SENTENCE)~~128
10:17:19.558 ~~TEST_06.TEST_06~~33~~EXPR~~%SUBST(SENTENCE : I : 1)~~
10:17:19.558 ~~TEST_06.TEST_06~~33~~EXPR~~%SUBST(SENTENCE : I : 1) = " "~~true
10:17:19.558 ~~TEST_06.TEST_06~~33~~STMT~~IF %SUBST(SENTENCE : I : 1) = " "~~true
10:17:19.558 ~~TEST_06.TEST_06~~~~DATA~~WORDINC = 1~~1
10:17:19.558 ~~TEST_06.TEST_06~~34~~STMT~~EVAL WORDINC = 1~~1
10:17:19.558 ~~TEST_06.TEST_06~~36~~STMT~~ITER
10:17:19.558 ~~TEST_06.TEST_06~~~~DATA~~I = 68~~69
10:17:19.558 ~~TEST_06.TEST_06~~31~~EXPR~~%LEN(SENTENCE)~~128
10:17:19.558 ~~TEST_06.TEST_06~~33~~EXPR~~%SUBST(SENTENCE : I : 1)~~
10:17:19.558 ~~TEST_06.TEST_06~~33~~EXPR~~%SUBST(SENTENCE : I : 1) = " "~~true
10:17:19.559 ~~TEST_06.TEST_06~~33~~STMT~~IF %SUBST(SENTENCE : I : 1) = " "~~true
10:17:19.559 ~~TEST_06.TEST_06~~~~DATA~~WORDINC = 1~~1
10:17:19.559 ~~TEST_06.TEST_06~~34~~STMT~~EVAL WORDINC = 1~~1
10:17:19.559 ~~TEST_06.TEST_06~~36~~STMT~~ITER
10:17:19.559 ~~TEST_06.TEST_06~~~~DATA~~I = 69~~70
10:17:19.559 ~~TEST_06.TEST_06~~31~~EXPR~~%LEN(SENTENCE)~~128
10:17:19.559 ~~TEST_06.TEST_06~~33~~EXPR~~%SUBST(SENTENCE : I : 1)~~
10:17:19.559 ~~TEST_06.TEST_06~~33~~EXPR~~%SUBST(SENTENCE : I : 1) = " "~~true
10:17:19.559 ~~TEST_06.TEST_06~~33~~STMT~~IF %SUBST(SENTENCE : I : 1) = " "~~true
10:17:19.559 ~~TEST_06.TEST_06~~~~DATA~~WORDINC = 1~~1
10:17:19.559 ~~TEST_06.TEST_06~~34~~STMT~~EVAL WORDINC = 1~~1
10:17:19.559 ~~TEST_06.TEST_06~~36~~STMT~~ITER
10:17:19.559 ~~TEST_06.TEST_06~~~~DATA~~I = 70~~71
10:17:19.559 ~~TEST_06.TEST_06~~31~~EXPR~~%LEN(SENTENCE)~~128
10:17:19.559 ~~TEST_06.TEST_06~~33~~EXPR~~%SUBST(SENTENCE : I : 1)~~
10:17:19.560 ~~TEST_06.TEST_06~~33~~EXPR~~%SUBST(SENTENCE : I : 1) = " "~~true
10:17:19.560 ~~TEST_06.TEST_06~~33~~STMT~~IF %SUBST(SENTENCE : I : 1) = " "~~true
10:17:19.560 ~~TEST_06.TEST_06~~~~DATA~~WORDINC = 1~~1
10:17:19.560 ~~TEST_06.TEST_06~~34~~STMT~~EVAL WORDINC = 1~~1
10:17:19.560 ~~TEST_06.TEST_06~~36~~STMT~~ITER
10:17:19.560 ~~TEST_06.TEST_06~~~~DATA~~I = 71~~72
10:17:19.560 ~~TEST_06.TEST_06~~31~~EXPR~~%LEN(SENTENCE)~~128
10:17:19.560 ~~TEST_06.TEST_06~~33~~EXPR~~%SUBST(SENTENCE : I : 1)~~
10:17:19.560 ~~TEST_06.TEST_06~~33~~EXPR~~%SUBST(SENTENCE : I : 1) = " "~~true
10:17:19.560 ~~TEST_06.TEST_06~~33~~STMT~~IF %SUBST(SENTENCE : I : 1) = " "~~true
10:17:19.560 ~~TEST_06.TEST_06~~~~DATA~~WORDINC = 1~~1
10:17:19.560 ~~TEST_06.TEST_06~~34~~STMT~~EVAL WORDINC = 1~~1
10:17:19.560 ~~TEST_06.TEST_06~~36~~STMT~~ITER
10:17:19.560 ~~TEST_06.TEST_06~~~~DATA~~I = 72~~73
10:17:19.561 ~~TEST_06.TEST_06~~31~~EXPR~~%LEN(SENTENCE)~~128
10:17:19.561 ~~TEST_06.TEST_06~~33~~EXPR~~%SUBST(SENTENCE : I : 1)~~
10:17:19.561 ~~TEST_06.TEST_06~~33~~EXPR~~%SUBST(SENTENCE : I : 1) = " "~~true
10:17:19.561 ~~TEST_06.TEST_06~~33~~STMT~~IF %SUBST(SENTENCE : I : 1) = " "~~true
10:17:19.561 ~~TEST_06.TEST_06~~~~DATA~~WORDINC = 1~~1
10:17:19.561 ~~TEST_06.TEST_06~~34~~STMT~~EVAL WORDINC = 1~~1
10:17:19.561 ~~TEST_06.TEST_06~~36~~STMT~~ITER
10:17:19.561 ~~TEST_06.TEST_06~~~~DATA~~I = 73~~74
10:17:19.561 ~~TEST_06.TEST_06~~31~~EXPR~~%LEN(SENTENCE)~~128
10:17:19.561 ~~TEST_06.TEST_06~~33~~EXPR~~%SUBST(SENTENCE : I : 1)~~
10:17:19.562 ~~TEST_06.TEST_06~~33~~EXPR~~%SUBST(SENTENCE : I : 1) = " "~~true
10:17:19.562 ~~TEST_06.TEST_06~~33~~STMT~~IF %SUBST(SENTENCE : I : 1) = " "~~true
10:17:19.562 ~~TEST_06.TEST_06~~~~DATA~~WORDINC = 1~~1
10:17:19.562 ~~TEST_06.TEST_06~~34~~STMT~~EVAL WORDINC = 1~~1
10:17:19.562 ~~TEST_06.TEST_06~~36~~STMT~~ITER
10:17:19.562 ~~TEST_06.TEST_06~~~~DATA~~I = 74~~75
10:17:19.562 ~~TEST_06.TEST_06~~31~~EXPR~~%LEN(SENTENCE)~~128
10:17:19.562 ~~TEST_06.TEST_06~~33~~EXPR~~%SUBST(SENTENCE : I : 1)~~
10:17:19.562 ~~TEST_06.TEST_06~~33~~EXPR~~%SUBST(SENTENCE : I : 1) = " "~~true
10:17:19.562 ~~TEST_06.TEST_06~~33~~STMT~~IF %SUBST(SENTENCE : I : 1) = " "~~true
10:17:19.562 ~~TEST_06.TEST_06~~~~DATA~~WORDINC = 1~~1
10:17:19.562 ~~TEST_06.TEST_06~~34~~STMT~~EVAL WORDINC = 1~~1
10:17:19.562 ~~TEST_06.TEST_06~~36~~STMT~~ITER
10:17:19.563 ~~TEST_06.TEST_06~~~~DATA~~I = 75~~76
10:17:19.563 ~~TEST_06.TEST_06~~31~~EXPR~~%LEN(SENTENCE)~~128
10:17:19.563 ~~TEST_06.TEST_06~~33~~EXPR~~%SUBST(SENTENCE : I : 1)~~
10:17:19.563 ~~TEST_06.TEST_06~~33~~EXPR~~%SUBST(SENTENCE : I : 1) = " "~~true
10:17:19.563 ~~TEST_06.TEST_06~~33~~STMT~~IF %SUBST(SENTENCE : I : 1) = " "~~true
10:17:19.563 ~~TEST_06.TEST_06~~~~DATA~~WORDINC = 1~~1
10:17:19.563 ~~TEST_06.TEST_06~~34~~STMT~~EVAL WORDINC = 1~~1
10:17:19.563 ~~TEST_06.TEST_06~~36~~STMT~~ITER
10:17:19.563 ~~TEST_06.TEST_06~~~~DATA~~I = 76~~77
10:17:19.563 ~~TEST_06.TEST_06~~31~~EXPR~~%LEN(SENTENCE)~~128
10:17:19.563 ~~TEST_06.TEST_06~~33~~EXPR~~%SUBST(SENTENCE : I : 1)~~
10:17:19.563 ~~TEST_06.TEST_06~~33~~EXPR~~%SUBST(SENTENCE : I : 1) = " "~~true
10:17:19.563 ~~TEST_06.TEST_06~~33~~STMT~~IF %SUBST(SENTENCE : I : 1) = " "~~true
10:17:19.564 ~~TEST_06.TEST_06~~~~DATA~~WORDINC = 1~~1
10:17:19.564 ~~TEST_06.TEST_06~~34~~STMT~~EVAL WORDINC = 1~~1
10:17:19.564 ~~TEST_06.TEST_06~~36~~STMT~~ITER
10:17:19.564 ~~TEST_06.TEST_06~~~~DATA~~I = 77~~78
10:17:19.564 ~~TEST_06.TEST_06~~31~~EXPR~~%LEN(SENTENCE)~~128
10:17:19.564 ~~TEST_06.TEST_06~~33~~EXPR~~%SUBST(SENTENCE : I : 1)~~
10:17:19.564 ~~TEST_06.TEST_06~~33~~EXPR~~%SUBST(SENTENCE : I : 1) = " "~~true
10:17:19.564 ~~TEST_06.TEST_06~~33~~STMT~~IF %SUBST(SENTENCE : I : 1) = " "~~true
10:17:19.564 ~~TEST_06.TEST_06~~~~DATA~~WORDINC = 1~~1
10:17:19.564 ~~TEST_06.TEST_06~~34~~STMT~~EVAL WORDINC = 1~~1
10:17:19.564 ~~TEST_06.TEST_06~~36~~STMT~~ITER
10:17:19.564 ~~TEST_06.TEST_06~~~~DATA~~I = 78~~79
10:17:19.564 ~~TEST_06.TEST_06~~31~~EXPR~~%LEN(SENTENCE)~~128
10:17:19.564 ~~TEST_06.TEST_06~~33~~EXPR~~%SUBST(SENTENCE : I : 1)~~
10:17:19.564 ~~TEST_06.TEST_06~~33~~EXPR~~%SUBST(SENTENCE : I : 1) = " "~~true
10:17:19.565 ~~TEST_06.TEST_06~~33~~STMT~~IF %SUBST(SENTENCE : I : 1) = " "~~true
10:17:19.565 ~~TEST_06.TEST_06~~~~DATA~~WORDINC = 1~~1
10:17:19.565 ~~TEST_06.TEST_06~~34~~STMT~~EVAL WORDINC = 1~~1
10:17:19.565 ~~TEST_06.TEST_06~~36~~STMT~~ITER
10:17:19.565 ~~TEST_06.TEST_06~~~~DATA~~I = 79~~80
10:17:19.565 ~~TEST_06.TEST_06~~31~~EXPR~~%LEN(SENTENCE)~~128
10:17:19.565 ~~TEST_06.TEST_06~~33~~EXPR~~%SUBST(SENTENCE : I : 1)~~
10:17:19.565 ~~TEST_06.TEST_06~~33~~EXPR~~%SUBST(SENTENCE : I : 1) = " "~~true
10:17:19.565 ~~TEST_06.TEST_06~~33~~STMT~~IF %SUBST(SENTENCE : I : 1) = " "~~true
10:17:19.565 ~~TEST_06.TEST_06~~~~DATA~~WORDINC = 1~~1
10:17:19.565 ~~TEST_06.TEST_06~~34~~STMT~~EVAL WORDINC = 1~~1
10:17:19.565 ~~TEST_06.TEST_06~~36~~STMT~~ITER
10:17:19.565 ~~TEST_06.TEST_06~~~~DATA~~I = 80~~81
10:17:19.566 ~~TEST_06.TEST_06~~31~~EXPR~~%LEN(SENTENCE)~~128
10:17:19.566 ~~TEST_06.TEST_06~~33~~EXPR~~%SUBST(SENTENCE : I : 1)~~
10:17:19.566 ~~TEST_06.TEST_06~~33~~EXPR~~%SUBST(SENTENCE : I : 1) = " "~~true
10:17:19.566 ~~TEST_06.TEST_06~~33~~STMT~~IF %SUBST(SENTENCE : I : 1) = " "~~true
10:17:19.566 ~~TEST_06.TEST_06~~~~DATA~~WORDINC = 1~~1
10:17:19.566 ~~TEST_06.TEST_06~~34~~STMT~~EVAL WORDINC = 1~~1
10:17:19.566 ~~TEST_06.TEST_06~~36~~STMT~~ITER
10:17:19.566 ~~TEST_06.TEST_06~~~~DATA~~I = 81~~82
10:17:19.566 ~~TEST_06.TEST_06~~31~~EXPR~~%LEN(SENTENCE)~~128
10:17:19.566 ~~TEST_06.TEST_06~~33~~EXPR~~%SUBST(SENTENCE : I : 1)~~
10:17:19.566 ~~TEST_06.TEST_06~~33~~EXPR~~%SUBST(SENTENCE : I : 1) = " "~~true
10:17:19.566 ~~TEST_06.TEST_06~~33~~STMT~~IF %SUBST(SENTENCE : I : 1) = " "~~true
10:17:19.566 ~~TEST_06.TEST_06~~~~DATA~~WORDINC = 1~~1
10:17:19.566 ~~TEST_06.TEST_06~~34~~STMT~~EVAL WORDINC = 1~~1
10:17:19.566 ~~TEST_06.TEST_06~~36~~STMT~~ITER
10:17:19.567 ~~TEST_06.TEST_06~~~~DATA~~I = 82~~83
10:17:19.567 ~~TEST_06.TEST_06~~31~~EXPR~~%LEN(SENTENCE)~~128
10:17:19.567 ~~TEST_06.TEST_06~~33~~EXPR~~%SUBST(SENTENCE : I : 1)~~
10:17:19.567 ~~TEST_06.TEST_06~~33~~EXPR~~%SUBST(SENTENCE : I : 1) = " "~~true
10:17:19.567 ~~TEST_06.TEST_06~~33~~STMT~~IF %SUBST(SENTENCE : I : 1) = " "~~true
10:17:19.567 ~~TEST_06.TEST_06~~~~DATA~~WORDINC = 1~~1
10:17:19.567 ~~TEST_06.TEST_06~~34~~STMT~~EVAL WORDINC = 1~~1
10:17:19.567 ~~TEST_06.TEST_06~~36~~STMT~~ITER
10:17:19.567 ~~TEST_06.TEST_06~~~~DATA~~I = 83~~84
10:17:19.567 ~~TEST_06.TEST_06~~31~~EXPR~~%LEN(SENTENCE)~~128
10:17:19.567 ~~TEST_06.TEST_06~~33~~EXPR~~%SUBST(SENTENCE : I : 1)~~
10:17:19.567 ~~TEST_06.TEST_06~~33~~EXPR~~%SUBST(SENTENCE : I : 1) = " "~~true
10:17:19.567 ~~TEST_06.TEST_06~~33~~STMT~~IF %SUBST(SENTENCE : I : 1) = " "~~true
10:17:19.567 ~~TEST_06.TEST_06~~~~DATA~~WORDINC = 1~~1
10:17:19.567 ~~TEST_06.TEST_06~~34~~STMT~~EVAL WORDINC = 1~~1
10:17:19.568 ~~TEST_06.TEST_06~~36~~STMT~~ITER
10:17:19.568 ~~TEST_06.TEST_06~~~~DATA~~I = 84~~85
10:17:19.568 ~~TEST_06.TEST_06~~31~~EXPR~~%LEN(SENTENCE)~~128
10:17:19.568 ~~TEST_06.TEST_06~~33~~EXPR~~%SUBST(SENTENCE : I : 1)~~
10:17:19.568 ~~TEST_06.TEST_06~~33~~EXPR~~%SUBST(SENTENCE : I : 1) = " "~~true
10:17:19.568 ~~TEST_06.TEST_06~~33~~STMT~~IF %SUBST(SENTENCE : I : 1) = " "~~true
10:17:19.568 ~~TEST_06.TEST_06~~~~DATA~~WORDINC = 1~~1
10:17:19.568 ~~TEST_06.TEST_06~~34~~STMT~~EVAL WORDINC = 1~~1
10:17:19.568 ~~TEST_06.TEST_06~~36~~STMT~~ITER
10:17:19.568 ~~TEST_06.TEST_06~~~~DATA~~I = 85~~86
10:17:19.568 ~~TEST_06.TEST_06~~31~~EXPR~~%LEN(SENTENCE)~~128
10:17:19.568 ~~TEST_06.TEST_06~~33~~EXPR~~%SUBST(SENTENCE : I : 1)~~
10:17:19.568 ~~TEST_06.TEST_06~~33~~EXPR~~%SUBST(SENTENCE : I : 1) = " "~~true
10:17:19.568 ~~TEST_06.TEST_06~~33~~STMT~~IF %SUBST(SENTENCE : I : 1) = " "~~true
10:17:19.569 ~~TEST_06.TEST_06~~~~DATA~~WORDINC = 1~~1
10:17:19.569 ~~TEST_06.TEST_06~~34~~STMT~~EVAL WORDINC = 1~~1
10:17:19.569 ~~TEST_06.TEST_06~~36~~STMT~~ITER
10:17:19.569 ~~TEST_06.TEST_06~~~~DATA~~I = 86~~87
10:17:19.569 ~~TEST_06.TEST_06~~31~~EXPR~~%LEN(SENTENCE)~~128
10:17:19.569 ~~TEST_06.TEST_06~~33~~EXPR~~%SUBST(SENTENCE : I : 1)~~
10:17:19.569 ~~TEST_06.TEST_06~~33~~EXPR~~%SUBST(SENTENCE : I : 1) = " "~~true
10:17:19.569 ~~TEST_06.TEST_06~~33~~STMT~~IF %SUBST(SENTENCE : I : 1) = " "~~true
10:17:19.569 ~~TEST_06.TEST_06~~~~DATA~~WORDINC = 1~~1
10:17:19.569 ~~TEST_06.TEST_06~~34~~STMT~~EVAL WORDINC = 1~~1
10:17:19.569 ~~TEST_06.TEST_06~~36~~STMT~~ITER
10:17:19.569 ~~TEST_06.TEST_06~~~~DATA~~I = 87~~88
10:17:19.569 ~~TEST_06.TEST_06~~31~~EXPR~~%LEN(SENTENCE)~~128
10:17:19.569 ~~TEST_06.TEST_06~~33~~EXPR~~%SUBST(SENTENCE : I : 1)~~
10:17:19.570 ~~TEST_06.TEST_06~~33~~EXPR~~%SUBST(SENTENCE : I : 1) = " "~~true
10:17:19.570 ~~TEST_06.TEST_06~~33~~STMT~~IF %SUBST(SENTENCE : I : 1) = " "~~true
10:17:19.570 ~~TEST_06.TEST_06~~~~DATA~~WORDINC = 1~~1
10:17:19.570 ~~TEST_06.TEST_06~~34~~STMT~~EVAL WORDINC = 1~~1
10:17:19.570 ~~TEST_06.TEST_06~~36~~STMT~~ITER
10:17:19.570 ~~TEST_06.TEST_06~~~~DATA~~I = 88~~89
10:17:19.570 ~~TEST_06.TEST_06~~31~~EXPR~~%LEN(SENTENCE)~~128
10:17:19.570 ~~TEST_06.TEST_06~~33~~EXPR~~%SUBST(SENTENCE : I : 1)~~
10:17:19.570 ~~TEST_06.TEST_06~~33~~EXPR~~%SUBST(SENTENCE : I : 1) = " "~~true
10:17:19.570 ~~TEST_06.TEST_06~~33~~STMT~~IF %SUBST(SENTENCE : I : 1) = " "~~true
10:17:19.570 ~~TEST_06.TEST_06~~~~DATA~~WORDINC = 1~~1
10:17:19.571 ~~TEST_06.TEST_06~~34~~STMT~~EVAL WORDINC = 1~~1
10:17:19.571 ~~TEST_06.TEST_06~~36~~STMT~~ITER
10:17:19.571 ~~TEST_06.TEST_06~~~~DATA~~I = 89~~90
10:17:19.571 ~~TEST_06.TEST_06~~31~~EXPR~~%LEN(SENTENCE)~~128
10:17:19.571 ~~TEST_06.TEST_06~~33~~EXPR~~%SUBST(SENTENCE : I : 1)~~
10:17:19.571 ~~TEST_06.TEST_06~~33~~EXPR~~%SUBST(SENTENCE : I : 1) = " "~~true
10:17:19.571 ~~TEST_06.TEST_06~~33~~STMT~~IF %SUBST(SENTENCE : I : 1) = " "~~true
10:17:19.571 ~~TEST_06.TEST_06~~~~DATA~~WORDINC = 1~~1
10:17:19.571 ~~TEST_06.TEST_06~~34~~STMT~~EVAL WORDINC = 1~~1
10:17:19.571 ~~TEST_06.TEST_06~~36~~STMT~~ITER
10:17:19.571 ~~TEST_06.TEST_06~~~~DATA~~I = 90~~91
10:17:19.571 ~~TEST_06.TEST_06~~31~~EXPR~~%LEN(SENTENCE)~~128
10:17:19.571 ~~TEST_06.TEST_06~~33~~EXPR~~%SUBST(SENTENCE : I : 1)~~
10:17:19.571 ~~TEST_06.TEST_06~~33~~EXPR~~%SUBST(SENTENCE : I : 1) = " "~~true
10:17:19.571 ~~TEST_06.TEST_06~~33~~STMT~~IF %SUBST(SENTENCE : I : 1) = " "~~true
10:17:19.572 ~~TEST_06.TEST_06~~~~DATA~~WORDINC = 1~~1
10:17:19.572 ~~TEST_06.TEST_06~~34~~STMT~~EVAL WORDINC = 1~~1
10:17:19.572 ~~TEST_06.TEST_06~~36~~STMT~~ITER
10:17:19.572 ~~TEST_06.TEST_06~~~~DATA~~I = 91~~92
10:17:19.572 ~~TEST_06.TEST_06~~31~~EXPR~~%LEN(SENTENCE)~~128
10:17:19.572 ~~TEST_06.TEST_06~~33~~EXPR~~%SUBST(SENTENCE : I : 1)~~
10:17:19.572 ~~TEST_06.TEST_06~~33~~EXPR~~%SUBST(SENTENCE : I : 1) = " "~~true
10:17:19.572 ~~TEST_06.TEST_06~~33~~STMT~~IF %SUBST(SENTENCE : I : 1) = " "~~true
10:17:19.572 ~~TEST_06.TEST_06~~~~DATA~~WORDINC = 1~~1
10:17:19.572 ~~TEST_06.TEST_06~~34~~STMT~~EVAL WORDINC = 1~~1
10:17:19.572 ~~TEST_06.TEST_06~~36~~STMT~~ITER
10:17:19.572 ~~TEST_06.TEST_06~~~~DATA~~I = 92~~93
10:17:19.572 ~~TEST_06.TEST_06~~31~~EXPR~~%LEN(SENTENCE)~~128
10:17:19.573 ~~TEST_06.TEST_06~~33~~EXPR~~%SUBST(SENTENCE : I : 1)~~
10:17:19.573 ~~TEST_06.TEST_06~~33~~EXPR~~%SUBST(SENTENCE : I : 1) = " "~~true
10:17:19.573 ~~TEST_06.TEST_06~~33~~STMT~~IF %SUBST(SENTENCE : I : 1) = " "~~true
10:17:19.573 ~~TEST_06.TEST_06~~~~DATA~~WORDINC = 1~~1
10:17:19.573 ~~TEST_06.TEST_06~~34~~STMT~~EVAL WORDINC = 1~~1
10:17:19.573 ~~TEST_06.TEST_06~~36~~STMT~~ITER
10:17:19.573 ~~TEST_06.TEST_06~~~~DATA~~I = 93~~94
10:17:19.573 ~~TEST_06.TEST_06~~31~~EXPR~~%LEN(SENTENCE)~~128
10:17:19.573 ~~TEST_06.TEST_06~~33~~EXPR~~%SUBST(SENTENCE : I : 1)~~
10:17:19.574 ~~TEST_06.TEST_06~~33~~EXPR~~%SUBST(SENTENCE : I : 1) = " "~~true
10:17:19.574 ~~TEST_06.TEST_06~~33~~STMT~~IF %SUBST(SENTENCE : I : 1) = " "~~true
10:17:19.574 ~~TEST_06.TEST_06~~~~DATA~~WORDINC = 1~~1
10:17:19.574 ~~TEST_06.TEST_06~~34~~STMT~~EVAL WORDINC = 1~~1
10:17:19.574 ~~TEST_06.TEST_06~~36~~STMT~~ITER
10:17:19.574 ~~TEST_06.TEST_06~~~~DATA~~I = 94~~95
10:17:19.574 ~~TEST_06.TEST_06~~31~~EXPR~~%LEN(SENTENCE)~~128
10:17:19.574 ~~TEST_06.TEST_06~~33~~EXPR~~%SUBST(SENTENCE : I : 1)~~
10:17:19.574 ~~TEST_06.TEST_06~~33~~EXPR~~%SUBST(SENTENCE : I : 1) = " "~~true
10:17:19.575 ~~TEST_06.TEST_06~~33~~STMT~~IF %SUBST(SENTENCE : I : 1) = " "~~true
10:17:19.575 ~~TEST_06.TEST_06~~~~DATA~~WORDINC = 1~~1
10:17:19.575 ~~TEST_06.TEST_06~~34~~STMT~~EVAL WORDINC = 1~~1
10:17:19.575 ~~TEST_06.TEST_06~~36~~STMT~~ITER
10:17:19.575 ~~TEST_06.TEST_06~~~~DATA~~I = 95~~96
10:17:19.575 ~~TEST_06.TEST_06~~31~~EXPR~~%LEN(SENTENCE)~~128
10:17:19.575 ~~TEST_06.TEST_06~~33~~EXPR~~%SUBST(SENTENCE : I : 1)~~
10:17:19.575 ~~TEST_06.TEST_06~~33~~EXPR~~%SUBST(SENTENCE : I : 1) = " "~~true
10:17:19.575 ~~TEST_06.TEST_06~~33~~STMT~~IF %SUBST(SENTENCE : I : 1) = " "~~true
10:17:19.576 ~~TEST_06.TEST_06~~~~DATA~~WORDINC = 1~~1
10:17:19.576 ~~TEST_06.TEST_06~~34~~STMT~~EVAL WORDINC = 1~~1
10:17:19.576 ~~TEST_06.TEST_06~~36~~STMT~~ITER
10:17:19.576 ~~TEST_06.TEST_06~~~~DATA~~I = 96~~97
10:17:19.576 ~~TEST_06.TEST_06~~31~~EXPR~~%LEN(SENTENCE)~~128
10:17:19.576 ~~TEST_06.TEST_06~~33~~EXPR~~%SUBST(SENTENCE : I : 1)~~
10:17:19.576 ~~TEST_06.TEST_06~~33~~EXPR~~%SUBST(SENTENCE : I : 1) = " "~~true
10:17:19.576 ~~TEST_06.TEST_06~~33~~STMT~~IF %SUBST(SENTENCE : I : 1) = " "~~true
10:17:19.576 ~~TEST_06.TEST_06~~~~DATA~~WORDINC = 1~~1
10:17:19.576 ~~TEST_06.TEST_06~~34~~STMT~~EVAL WORDINC = 1~~1
10:17:19.576 ~~TEST_06.TEST_06~~36~~STMT~~ITER
10:17:19.577 ~~TEST_06.TEST_06~~~~DATA~~I = 97~~98
10:17:19.577 ~~TEST_06.TEST_06~~31~~EXPR~~%LEN(SENTENCE)~~128
10:17:19.577 ~~TEST_06.TEST_06~~33~~EXPR~~%SUBST(SENTENCE : I : 1)~~
10:17:19.577 ~~TEST_06.TEST_06~~33~~EXPR~~%SUBST(SENTENCE : I : 1) = " "~~true
10:17:19.577 ~~TEST_06.TEST_06~~33~~STMT~~IF %SUBST(SENTENCE : I : 1) = " "~~true
10:17:19.577 ~~TEST_06.TEST_06~~~~DATA~~WORDINC = 1~~1
10:17:19.577 ~~TEST_06.TEST_06~~34~~STMT~~EVAL WORDINC = 1~~1
10:17:19.577 ~~TEST_06.TEST_06~~36~~STMT~~ITER
10:17:19.577 ~~TEST_06.TEST_06~~~~DATA~~I = 98~~99
10:17:19.577 ~~TEST_06.TEST_06~~31~~EXPR~~%LEN(SENTENCE)~~128
10:17:19.578 ~~TEST_06.TEST_06~~33~~EXPR~~%SUBST(SENTENCE : I : 1)~~
10:17:19.578 ~~TEST_06.TEST_06~~33~~EXPR~~%SUBST(SENTENCE : I : 1) = " "~~true
10:17:19.578 ~~TEST_06.TEST_06~~33~~STMT~~IF %SUBST(SENTENCE : I : 1) = " "~~true
10:17:19.578 ~~TEST_06.TEST_06~~~~DATA~~WORDINC = 1~~1
10:17:19.578 ~~TEST_06.TEST_06~~34~~STMT~~EVAL WORDINC = 1~~1
10:17:19.578 ~~TEST_06.TEST_06~~36~~STMT~~ITER
10:17:19.578 ~~TEST_06.TEST_06~~~~DATA~~I = 99~~100
10:17:19.578 ~~TEST_06.TEST_06~~31~~EXPR~~%LEN(SENTENCE)~~128
10:17:19.578 ~~TEST_06.TEST_06~~33~~EXPR~~%SUBST(SENTENCE : I : 1)~~
10:17:19.578 ~~TEST_06.TEST_06~~33~~EXPR~~%SUBST(SENTENCE : I : 1) = " "~~true
10:17:19.579 ~~TEST_06.TEST_06~~33~~STMT~~IF %SUBST(SENTENCE : I : 1) = " "~~true
10:17:19.579 ~~TEST_06.TEST_06~~~~DATA~~WORDINC = 1~~1
10:17:19.579 ~~TEST_06.TEST_06~~34~~STMT~~EVAL WORDINC = 1~~1
10:17:19.579 ~~TEST_06.TEST_06~~36~~STMT~~ITER
10:17:19.579 ~~TEST_06.TEST_06~~~~DATA~~I = 100~~101
10:17:19.579 ~~TEST_06.TEST_06~~31~~EXPR~~%LEN(SENTENCE)~~128
10:17:19.579 ~~TEST_06.TEST_06~~33~~EXPR~~%SUBST(SENTENCE : I : 1)~~
10:17:19.579 ~~TEST_06.TEST_06~~33~~EXPR~~%SUBST(SENTENCE : I : 1) = " "~~true
10:17:19.579 ~~TEST_06.TEST_06~~33~~STMT~~IF %SUBST(SENTENCE : I : 1) = " "~~true
10:17:19.579 ~~TEST_06.TEST_06~~~~DATA~~WORDINC = 1~~1
10:17:19.579 ~~TEST_06.TEST_06~~34~~STMT~~EVAL WORDINC = 1~~1
10:17:19.580 ~~TEST_06.TEST_06~~36~~STMT~~ITER
10:17:19.580 ~~TEST_06.TEST_06~~~~DATA~~I = 101~~102
10:17:19.580 ~~TEST_06.TEST_06~~31~~EXPR~~%LEN(SENTENCE)~~128
10:17:19.580 ~~TEST_06.TEST_06~~33~~EXPR~~%SUBST(SENTENCE : I : 1)~~
10:17:19.580 ~~TEST_06.TEST_06~~33~~EXPR~~%SUBST(SENTENCE : I : 1) = " "~~true
10:17:19.580 ~~TEST_06.TEST_06~~33~~STMT~~IF %SUBST(SENTENCE : I : 1) = " "~~true
10:17:19.580 ~~TEST_06.TEST_06~~~~DATA~~WORDINC = 1~~1
10:17:19.580 ~~TEST_06.TEST_06~~34~~STMT~~EVAL WORDINC = 1~~1
10:17:19.580 ~~TEST_06.TEST_06~~36~~STMT~~ITER
10:17:19.580 ~~TEST_06.TEST_06~~~~DATA~~I = 102~~103
10:17:19.581 ~~TEST_06.TEST_06~~31~~EXPR~~%LEN(SENTENCE)~~128
10:17:19.581 ~~TEST_06.TEST_06~~33~~EXPR~~%SUBST(SENTENCE : I : 1)~~
10:17:19.581 ~~TEST_06.TEST_06~~33~~EXPR~~%SUBST(SENTENCE : I : 1) = " "~~true
10:17:19.581 ~~TEST_06.TEST_06~~33~~STMT~~IF %SUBST(SENTENCE : I : 1) = " "~~true
10:17:19.581 ~~TEST_06.TEST_06~~~~DATA~~WORDINC = 1~~1
10:17:19.581 ~~TEST_06.TEST_06~~34~~STMT~~EVAL WORDINC = 1~~1
10:17:19.581 ~~TEST_06.TEST_06~~36~~STMT~~ITER
10:17:19.581 ~~TEST_06.TEST_06~~~~DATA~~I = 103~~104
10:17:19.581 ~~TEST_06.TEST_06~~31~~EXPR~~%LEN(SENTENCE)~~128
10:17:19.581 ~~TEST_06.TEST_06~~33~~EXPR~~%SUBST(SENTENCE : I : 1)~~
10:17:19.582 ~~TEST_06.TEST_06~~33~~EXPR~~%SUBST(SENTENCE : I : 1) = " "~~true
10:17:19.582 ~~TEST_06.TEST_06~~33~~STMT~~IF %SUBST(SENTENCE : I : 1) = " "~~true
10:17:19.582 ~~TEST_06.TEST_06~~~~DATA~~WORDINC = 1~~1
10:17:19.582 ~~TEST_06.TEST_06~~34~~STMT~~EVAL WORDINC = 1~~1
10:17:19.582 ~~TEST_06.TEST_06~~36~~STMT~~ITER
10:17:19.582 ~~TEST_06.TEST_06~~~~DATA~~I = 104~~105
10:17:19.582 ~~TEST_06.TEST_06~~31~~EXPR~~%LEN(SENTENCE)~~128
10:17:19.582 ~~TEST_06.TEST_06~~33~~EXPR~~%SUBST(SENTENCE : I : 1)~~
10:17:19.582 ~~TEST_06.TEST_06~~33~~EXPR~~%SUBST(SENTENCE : I : 1) = " "~~true
10:17:19.582 ~~TEST_06.TEST_06~~33~~STMT~~IF %SUBST(SENTENCE : I : 1) = " "~~true
10:17:19.582 ~~TEST_06.TEST_06~~~~DATA~~WORDINC = 1~~1
10:17:19.583 ~~TEST_06.TEST_06~~34~~STMT~~EVAL WORDINC = 1~~1
10:17:19.583 ~~TEST_06.TEST_06~~36~~STMT~~ITER
10:17:19.583 ~~TEST_06.TEST_06~~~~DATA~~I = 105~~106
10:17:19.583 ~~TEST_06.TEST_06~~31~~EXPR~~%LEN(SENTENCE)~~128
10:17:19.583 ~~TEST_06.TEST_06~~33~~EXPR~~%SUBST(SENTENCE : I : 1)~~
10:17:19.583 ~~TEST_06.TEST_06~~33~~EXPR~~%SUBST(SENTENCE : I : 1) = " "~~true
10:17:19.583 ~~TEST_06.TEST_06~~33~~STMT~~IF %SUBST(SENTENCE : I : 1) = " "~~true
10:17:19.583 ~~TEST_06.TEST_06~~~~DATA~~WORDINC = 1~~1
10:17:19.583 ~~TEST_06.TEST_06~~34~~STMT~~EVAL WORDINC = 1~~1
10:17:19.583 ~~TEST_06.TEST_06~~36~~STMT~~ITER
10:17:19.583 ~~TEST_06.TEST_06~~~~DATA~~I = 106~~107
10:17:19.583 ~~TEST_06.TEST_06~~31~~EXPR~~%LEN(SENTENCE)~~128
10:17:19.584 ~~TEST_06.TEST_06~~33~~EXPR~~%SUBST(SENTENCE : I : 1)~~
10:17:19.584 ~~TEST_06.TEST_06~~33~~EXPR~~%SUBST(SENTENCE : I : 1) = " "~~true
10:17:19.584 ~~TEST_06.TEST_06~~33~~STMT~~IF %SUBST(SENTENCE : I : 1) = " "~~true
10:17:19.584 ~~TEST_06.TEST_06~~~~DATA~~WORDINC = 1~~1
10:17:19.584 ~~TEST_06.TEST_06~~34~~STMT~~EVAL WORDINC = 1~~1
10:17:19.584 ~~TEST_06.TEST_06~~36~~STMT~~ITER
10:17:19.584 ~~TEST_06.TEST_06~~~~DATA~~I = 107~~108
10:17:19.584 ~~TEST_06.TEST_06~~31~~EXPR~~%LEN(SENTENCE)~~128
10:17:19.584 ~~TEST_06.TEST_06~~33~~EXPR~~%SUBST(SENTENCE : I : 1)~~
10:17:19.584 ~~TEST_06.TEST_06~~33~~EXPR~~%SUBST(SENTENCE : I : 1) = " "~~true
10:17:19.585 ~~TEST_06.TEST_06~~33~~STMT~~IF %SUBST(SENTENCE : I : 1) = " "~~true
10:17:19.585 ~~TEST_06.TEST_06~~~~DATA~~WORDINC = 1~~1
10:17:19.585 ~~TEST_06.TEST_06~~34~~STMT~~EVAL WORDINC = 1~~1
10:17:19.585 ~~TEST_06.TEST_06~~36~~STMT~~ITER
10:17:19.585 ~~TEST_06.TEST_06~~~~DATA~~I = 108~~109
10:17:19.585 ~~TEST_06.TEST_06~~31~~EXPR~~%LEN(SENTENCE)~~128
10:17:19.585 ~~TEST_06.TEST_06~~33~~EXPR~~%SUBST(SENTENCE : I : 1)~~
10:17:19.585 ~~TEST_06.TEST_06~~33~~EXPR~~%SUBST(SENTENCE : I : 1) = " "~~true
10:17:19.585 ~~TEST_06.TEST_06~~33~~STMT~~IF %SUBST(SENTENCE : I : 1) = " "~~true
10:17:19.585 ~~TEST_06.TEST_06~~~~DATA~~WORDINC = 1~~1
10:17:19.585 ~~TEST_06.TEST_06~~34~~STMT~~EVAL WORDINC = 1~~1
10:17:19.586 ~~TEST_06.TEST_06~~36~~STMT~~ITER
10:17:19.586 ~~TEST_06.TEST_06~~~~DATA~~I = 109~~110
10:17:19.586 ~~TEST_06.TEST_06~~31~~EXPR~~%LEN(SENTENCE)~~128
10:17:19.586 ~~TEST_06.TEST_06~~33~~EXPR~~%SUBST(SENTENCE : I : 1)~~
10:17:19.586 ~~TEST_06.TEST_06~~33~~EXPR~~%SUBST(SENTENCE : I : 1) = " "~~true
10:17:19.586 ~~TEST_06.TEST_06~~33~~STMT~~IF %SUBST(SENTENCE : I : 1) = " "~~true
10:17:19.586 ~~TEST_06.TEST_06~~~~DATA~~WORDINC = 1~~1
10:17:19.586 ~~TEST_06.TEST_06~~34~~STMT~~EVAL WORDINC = 1~~1
10:17:19.586 ~~TEST_06.TEST_06~~36~~STMT~~ITER
10:17:19.586 ~~TEST_06.TEST_06~~~~DATA~~I = 110~~111
10:17:19.586 ~~TEST_06.TEST_06~~31~~EXPR~~%LEN(SENTENCE)~~128
10:17:19.587 ~~TEST_06.TEST_06~~33~~EXPR~~%SUBST(SENTENCE : I : 1)~~
10:17:19.587 ~~TEST_06.TEST_06~~33~~EXPR~~%SUBST(SENTENCE : I : 1) = " "~~true
10:17:19.587 ~~TEST_06.TEST_06~~33~~STMT~~IF %SUBST(SENTENCE : I : 1) = " "~~true
10:17:19.587 ~~TEST_06.TEST_06~~~~DATA~~WORDINC = 1~~1
10:17:19.587 ~~TEST_06.TEST_06~~34~~STMT~~EVAL WORDINC = 1~~1
10:17:19.587 ~~TEST_06.TEST_06~~36~~STMT~~ITER
10:17:19.587 ~~TEST_06.TEST_06~~~~DATA~~I = 111~~112
10:17:19.587 ~~TEST_06.TEST_06~~31~~EXPR~~%LEN(SENTENCE)~~128
10:17:19.587 ~~TEST_06.TEST_06~~33~~EXPR~~%SUBST(SENTENCE : I : 1)~~
10:17:19.587 ~~TEST_06.TEST_06~~33~~EXPR~~%SUBST(SENTENCE : I : 1) = " "~~true
10:17:19.587 ~~TEST_06.TEST_06~~33~~STMT~~IF %SUBST(SENTENCE : I : 1) = " "~~true
10:17:19.588 ~~TEST_06.TEST_06~~~~DATA~~WORDINC = 1~~1
10:17:19.588 ~~TEST_06.TEST_06~~34~~STMT~~EVAL WORDINC = 1~~1
10:17:19.588 ~~TEST_06.TEST_06~~36~~STMT~~ITER
10:17:19.588 ~~TEST_06.TEST_06~~~~DATA~~I = 112~~113
10:17:19.588 ~~TEST_06.TEST_06~~31~~EXPR~~%LEN(SENTENCE)~~128
10:17:19.588 ~~TEST_06.TEST_06~~33~~EXPR~~%SUBST(SENTENCE : I : 1)~~
10:17:19.588 ~~TEST_06.TEST_06~~33~~EXPR~~%SUBST(SENTENCE : I : 1) = " "~~true
10:17:19.588 ~~TEST_06.TEST_06~~33~~STMT~~IF %SUBST(SENTENCE : I : 1) = " "~~true
10:17:19.588 ~~TEST_06.TEST_06~~~~DATA~~WORDINC = 1~~1
10:17:19.588 ~~TEST_06.TEST_06~~34~~STMT~~EVAL WORDINC = 1~~1
10:17:19.588 ~~TEST_06.TEST_06~~36~~STMT~~ITER
10:17:19.588 ~~TEST_06.TEST_06~~~~DATA~~I = 113~~114
10:17:19.588 ~~TEST_06.TEST_06~~31~~EXPR~~%LEN(SENTENCE)~~128
10:17:19.588 ~~TEST_06.TEST_06~~33~~EXPR~~%SUBST(SENTENCE : I : 1)~~
10:17:19.589 ~~TEST_06.TEST_06~~33~~EXPR~~%SUBST(SENTENCE : I : 1) = " "~~true
10:17:19.589 ~~TEST_06.TEST_06~~33~~STMT~~IF %SUBST(SENTENCE : I : 1) = " "~~true
10:17:19.589 ~~TEST_06.TEST_06~~~~DATA~~WORDINC = 1~~1
10:17:19.589 ~~TEST_06.TEST_06~~34~~STMT~~EVAL WORDINC = 1~~1
10:17:19.589 ~~TEST_06.TEST_06~~36~~STMT~~ITER
10:17:19.589 ~~TEST_06.TEST_06~~~~DATA~~I = 114~~115
10:17:19.589 ~~TEST_06.TEST_06~~31~~EXPR~~%LEN(SENTENCE)~~128
10:17:19.589 ~~TEST_06.TEST_06~~33~~EXPR~~%SUBST(SENTENCE : I : 1)~~
10:17:19.589 ~~TEST_06.TEST_06~~33~~EXPR~~%SUBST(SENTENCE : I : 1) = " "~~true
10:17:19.589 ~~TEST_06.TEST_06~~33~~STMT~~IF %SUBST(SENTENCE : I : 1) = " "~~true
10:17:19.589 ~~TEST_06.TEST_06~~~~DATA~~WORDINC = 1~~1
10:17:19.589 ~~TEST_06.TEST_06~~34~~STMT~~EVAL WORDINC = 1~~1
10:17:19.589 ~~TEST_06.TEST_06~~36~~STMT~~ITER
10:17:19.589 ~~TEST_06.TEST_06~~~~DATA~~I = 115~~116
10:17:19.589 ~~TEST_06.TEST_06~~31~~EXPR~~%LEN(SENTENCE)~~128
10:17:19.589 ~~TEST_06.TEST_06~~33~~EXPR~~%SUBST(SENTENCE : I : 1)~~
10:17:19.589 ~~TEST_06.TEST_06~~33~~EXPR~~%SUBST(SENTENCE : I : 1) = " "~~true
10:17:19.589 ~~TEST_06.TEST_06~~33~~STMT~~IF %SUBST(SENTENCE : I : 1) = " "~~true
10:17:19.590 ~~TEST_06.TEST_06~~~~DATA~~WORDINC = 1~~1
10:17:19.590 ~~TEST_06.TEST_06~~34~~STMT~~EVAL WORDINC = 1~~1
10:17:19.590 ~~TEST_06.TEST_06~~36~~STMT~~ITER
10:17:19.590 ~~TEST_06.TEST_06~~~~DATA~~I = 116~~117
10:17:19.590 ~~TEST_06.TEST_06~~31~~EXPR~~%LEN(SENTENCE)~~128
10:17:19.590 ~~TEST_06.TEST_06~~33~~EXPR~~%SUBST(SENTENCE : I : 1)~~
10:17:19.590 ~~TEST_06.TEST_06~~33~~EXPR~~%SUBST(SENTENCE : I : 1) = " "~~true
10:17:19.590 ~~TEST_06.TEST_06~~33~~STMT~~IF %SUBST(SENTENCE : I : 1) = " "~~true
10:17:19.590 ~~TEST_06.TEST_06~~~~DATA~~WORDINC = 1~~1
10:17:19.590 ~~TEST_06.TEST_06~~34~~STMT~~EVAL WORDINC = 1~~1
10:17:19.590 ~~TEST_06.TEST_06~~36~~STMT~~ITER
10:17:19.591 ~~TEST_06.TEST_06~~~~DATA~~I = 117~~118
10:17:19.591 ~~TEST_06.TEST_06~~31~~EXPR~~%LEN(SENTENCE)~~128
10:17:19.591 ~~TEST_06.TEST_06~~33~~EXPR~~%SUBST(SENTENCE : I : 1)~~
10:17:19.591 ~~TEST_06.TEST_06~~33~~EXPR~~%SUBST(SENTENCE : I : 1) = " "~~true
10:17:19.591 ~~TEST_06.TEST_06~~33~~STMT~~IF %SUBST(SENTENCE : I : 1) = " "~~true
10:17:19.591 ~~TEST_06.TEST_06~~~~DATA~~WORDINC = 1~~1
10:17:19.591 ~~TEST_06.TEST_06~~34~~STMT~~EVAL WORDINC = 1~~1
10:17:19.591 ~~TEST_06.TEST_06~~36~~STMT~~ITER
10:17:19.591 ~~TEST_06.TEST_06~~~~DATA~~I = 118~~119
10:17:19.591 ~~TEST_06.TEST_06~~31~~EXPR~~%LEN(SENTENCE)~~128
10:17:19.591 ~~TEST_06.TEST_06~~33~~EXPR~~%SUBST(SENTENCE : I : 1)~~
10:17:19.591 ~~TEST_06.TEST_06~~33~~EXPR~~%SUBST(SENTENCE : I : 1) = " "~~true
10:17:19.591 ~~TEST_06.TEST_06~~33~~STMT~~IF %SUBST(SENTENCE : I : 1) = " "~~true
10:17:19.591 ~~TEST_06.TEST_06~~~~DATA~~WORDINC = 1~~1
10:17:19.591 ~~TEST_06.TEST_06~~34~~STMT~~EVAL WORDINC = 1~~1
10:17:19.591 ~~TEST_06.TEST_06~~36~~STMT~~ITER
10:17:19.591 ~~TEST_06.TEST_06~~~~DATA~~I = 119~~120
10:17:19.592 ~~TEST_06.TEST_06~~31~~EXPR~~%LEN(SENTENCE)~~128
10:17:19.592 ~~TEST_06.TEST_06~~33~~EXPR~~%SUBST(SENTENCE : I : 1)~~
10:17:19.592 ~~TEST_06.TEST_06~~33~~EXPR~~%SUBST(SENTENCE : I : 1) = " "~~true
10:17:19.592 ~~TEST_06.TEST_06~~33~~STMT~~IF %SUBST(SENTENCE : I : 1) = " "~~true
10:17:19.592 ~~TEST_06.TEST_06~~~~DATA~~WORDINC = 1~~1
10:17:19.592 ~~TEST_06.TEST_06~~34~~STMT~~EVAL WORDINC = 1~~1
10:17:19.592 ~~TEST_06.TEST_06~~36~~STMT~~ITER
10:17:19.592 ~~TEST_06.TEST_06~~~~DATA~~I = 120~~121
10:17:19.592 ~~TEST_06.TEST_06~~31~~EXPR~~%LEN(SENTENCE)~~128
10:17:19.592 ~~TEST_06.TEST_06~~33~~EXPR~~%SUBST(SENTENCE : I : 1)~~
10:17:19.592 ~~TEST_06.TEST_06~~33~~EXPR~~%SUBST(SENTENCE : I : 1) = " "~~true
10:17:19.592 ~~TEST_06.TEST_06~~33~~STMT~~IF %SUBST(SENTENCE : I : 1) = " "~~true
10:17:19.592 ~~TEST_06.TEST_06~~~~DATA~~WORDINC = 1~~1
10:17:19.592 ~~TEST_06.TEST_06~~34~~STMT~~EVAL WORDINC = 1~~1
10:17:19.592 ~~TEST_06.TEST_06~~36~~STMT~~ITER
10:17:19.592 ~~TEST_06.TEST_06~~~~DATA~~I = 121~~122
10:17:19.592 ~~TEST_06.TEST_06~~31~~EXPR~~%LEN(SENTENCE)~~128
10:17:19.593 ~~TEST_06.TEST_06~~33~~EXPR~~%SUBST(SENTENCE : I : 1)~~
10:17:19.593 ~~TEST_06.TEST_06~~33~~EXPR~~%SUBST(SENTENCE : I : 1) = " "~~true
10:17:19.593 ~~TEST_06.TEST_06~~33~~STMT~~IF %SUBST(SENTENCE : I : 1) = " "~~true
10:17:19.593 ~~TEST_06.TEST_06~~~~DATA~~WORDINC = 1~~1
10:17:19.593 ~~TEST_06.TEST_06~~34~~STMT~~EVAL WORDINC = 1~~1
10:17:19.593 ~~TEST_06.TEST_06~~36~~STMT~~ITER
10:17:19.593 ~~TEST_06.TEST_06~~~~DATA~~I = 122~~123
10:17:19.593 ~~TEST_06.TEST_06~~31~~EXPR~~%LEN(SENTENCE)~~128
10:17:19.593 ~~TEST_06.TEST_06~~33~~EXPR~~%SUBST(SENTENCE : I : 1)~~
10:17:19.593 ~~TEST_06.TEST_06~~33~~EXPR~~%SUBST(SENTENCE : I : 1) = " "~~true
10:17:19.593 ~~TEST_06.TEST_06~~33~~STMT~~IF %SUBST(SENTENCE : I : 1) = " "~~true
10:17:19.593 ~~TEST_06.TEST_06~~~~DATA~~WORDINC = 1~~1
10:17:19.593 ~~TEST_06.TEST_06~~34~~STMT~~EVAL WORDINC = 1~~1
10:17:19.593 ~~TEST_06.TEST_06~~36~~STMT~~ITER
10:17:19.593 ~~TEST_06.TEST_06~~~~DATA~~I = 123~~124
10:17:19.593 ~~TEST_06.TEST_06~~31~~EXPR~~%LEN(SENTENCE)~~128
10:17:19.594 ~~TEST_06.TEST_06~~33~~EXPR~~%SUBST(SENTENCE : I : 1)~~
10:17:19.594 ~~TEST_06.TEST_06~~33~~EXPR~~%SUBST(SENTENCE : I : 1) = " "~~true
10:17:19.594 ~~TEST_06.TEST_06~~33~~STMT~~IF %SUBST(SENTENCE : I : 1) = " "~~true
10:17:19.594 ~~TEST_06.TEST_06~~~~DATA~~WORDINC = 1~~1
10:17:19.594 ~~TEST_06.TEST_06~~34~~STMT~~EVAL WORDINC = 1~~1
10:17:19.594 ~~TEST_06.TEST_06~~36~~STMT~~ITER
10:17:19.594 ~~TEST_06.TEST_06~~~~DATA~~I = 124~~125
10:17:19.594 ~~TEST_06.TEST_06~~31~~EXPR~~%LEN(SENTENCE)~~128
10:17:19.594 ~~TEST_06.TEST_06~~33~~EXPR~~%SUBST(SENTENCE : I : 1)~~
10:17:19.594 ~~TEST_06.TEST_06~~33~~EXPR~~%SUBST(SENTENCE : I : 1) = " "~~true
10:17:19.594 ~~TEST_06.TEST_06~~33~~STMT~~IF %SUBST(SENTENCE : I : 1) = " "~~true
10:17:19.594 ~~TEST_06.TEST_06~~~~DATA~~WORDINC = 1~~1
10:17:19.594 ~~TEST_06.TEST_06~~34~~STMT~~EVAL WORDINC = 1~~1
10:17:19.594 ~~TEST_06.TEST_06~~36~~STMT~~ITER
10:17:19.594 ~~TEST_06.TEST_06~~~~DATA~~I = 125~~126
10:17:19.594 ~~TEST_06.TEST_06~~31~~EXPR~~%LEN(SENTENCE)~~128
10:17:19.595 ~~TEST_06.TEST_06~~33~~EXPR~~%SUBST(SENTENCE : I : 1)~~
10:17:19.595 ~~TEST_06.TEST_06~~33~~EXPR~~%SUBST(SENTENCE : I : 1) = " "~~true
10:17:19.595 ~~TEST_06.TEST_06~~33~~STMT~~IF %SUBST(SENTENCE : I : 1) = " "~~true
10:17:19.595 ~~TEST_06.TEST_06~~~~DATA~~WORDINC = 1~~1
10:17:19.595 ~~TEST_06.TEST_06~~34~~STMT~~EVAL WORDINC = 1~~1
10:17:19.595 ~~TEST_06.TEST_06~~36~~STMT~~ITER
10:17:19.595 ~~TEST_06.TEST_06~~~~DATA~~I = 126~~127
10:17:19.595 ~~TEST_06.TEST_06~~31~~EXPR~~%LEN(SENTENCE)~~128
10:17:19.595 ~~TEST_06.TEST_06~~33~~EXPR~~%SUBST(SENTENCE : I : 1)~~
10:17:19.595 ~~TEST_06.TEST_06~~33~~EXPR~~%SUBST(SENTENCE : I : 1) = " "~~true
10:17:19.595 ~~TEST_06.TEST_06~~33~~STMT~~IF %SUBST(SENTENCE : I : 1) = " "~~true
10:17:19.595 ~~TEST_06.TEST_06~~~~DATA~~WORDINC = 1~~1
10:17:19.595 ~~TEST_06.TEST_06~~34~~STMT~~EVAL WORDINC = 1~~1
10:17:19.595 ~~TEST_06.TEST_06~~36~~STMT~~ITER
10:17:19.595 ~~TEST_06.TEST_06~~~~DATA~~I = 127~~128
10:17:19.595 ~~TEST_06.TEST_06~~31~~EXPR~~%LEN(SENTENCE)~~128
10:17:19.596 ~~TEST_06.TEST_06~~33~~EXPR~~%SUBST(SENTENCE : I : 1)~~
10:17:19.596 ~~TEST_06.TEST_06~~33~~EXPR~~%SUBST(SENTENCE : I : 1) = " "~~true
10:17:19.596 ~~TEST_06.TEST_06~~33~~STMT~~IF %SUBST(SENTENCE : I : 1) = " "~~true
10:17:19.596 ~~TEST_06.TEST_06~~~~DATA~~WORDINC = 1~~1
10:17:19.596 ~~TEST_06.TEST_06~~34~~STMT~~EVAL WORDINC = 1~~1
10:17:19.596 ~~TEST_06.TEST_06~~36~~STMT~~ITER
10:17:19.596 ~~TEST_06.TEST_06~~~~DATA~~I = 128~~129
10:17:19.596 ~~TEST_06.TEST_06~~31~~EXPR~~%LEN(SENTENCE)~~128
10:17:19.596 ~~TEST_06.TEST_06~~61~~LOOP~~ENDFOR I ~~109~~iterations
10:17:19.596 ~~TEST_06.TEST_06~~61~~STMT~~ENDFOR I 
10:17:19.596 ~~TEST_06.TEST_06~~61~~PERF~~ENDFOR I ~~102~~ms
10:17:19.596 ~~TEST_06.TEST_06~~~~DATA~~TMP = A~~#
10:17:19.596 ~~TEST_06.TEST_06~~64~~STMT~~MOVE~~EOF TO TMP~~#
10:17:19.597 ~~TEST_06.TEST_06~~66~~EXPR~~WORDCNT + 1~~7
10:17:19.597 ~~TEST_06.TEST_06~~66~~STMT~~EVAL WORDS(WORDCNT + 1)) = TMP~~#
10:17:19.597 ~~TEST_06.TEST_06~~72~~STMT~~SUBROUTINE ~~PRINT
10:17:19.597 ~~TEST_06.TEST_06~~72~~RESL~~SUBROUTINE START~~PRINT
10:17:19.597 ~~TEST_06.TEST_06~~~~DATA~~I = 129~~1
10:17:19.597 ~~TEST_06.TEST_06~~73~~LOOP~~FOR I = 1  TO %ELEM(WORDS) 
10:17:19.597 ~~TEST_06.TEST_06~~73~~STMT~~FOR I = 1  TO %ELEM(WORDS)
10:17:19.597 ~~TEST_06.TEST_06~~73~~EXPR~~%ELEM(WORDS)~~128
10:17:19.601 ~~TEST_06.TEST_06~~74~~EXPR~~WORDS(I))~~Lorem
10:17:19.602 ~~TEST_06.TEST_06~~74~~EXPR~~%TRIM(WORDS(I)) : 1)~~Lorem
10:17:19.602 ~~TEST_06.TEST_06~~74~~EXPR~~%TRIM(WORDS(I)) : 1) = EOF~~false
10:17:19.602 ~~TEST_06.TEST_06~~74~~STMT~~IF %TRIM(WORDS(I)) : 1) = EOF~~false
10:17:19.602 ~~TEST_06.TEST_06~~77~~EXPR~~%CHAR(I)~~1
10:17:19.602 ~~TEST_06.TEST_06~~~~EXPR~~%CHAR(I) + " - "~~1 - 
10:17:19.602 ~~TEST_06.TEST_06~~77~~EXPR~~WORDS(I))~~Lorem
10:17:19.602 ~~TEST_06.TEST_06~~77~~EXPR~~%CHAR(I) + " - " + WORDS(I))~~1 - Lorem
10:17:19.602 ~~TEST_06.TEST_06~~~~DATA~~DSP = ~~1 - Lorem
10:17:19.602 ~~TEST_06.TEST_06~~77~~STMT~~EVAL DSP = %CHAR(I) + " - " + WORDS(I))~~1 - Lorem
10:17:19.603 ~~TEST_06.TEST_06~~~~DATA~~I = 1~~2
10:17:19.603 ~~TEST_06.TEST_06~~73~~EXPR~~%ELEM(WORDS)~~128
10:17:19.603 ~~TEST_06.TEST_06~~74~~EXPR~~WORDS(I))~~ipsum
10:17:19.603 ~~TEST_06.TEST_06~~74~~EXPR~~%TRIM(WORDS(I)) : 1)~~ipsum
10:17:19.603 ~~TEST_06.TEST_06~~74~~EXPR~~%TRIM(WORDS(I)) : 1) = EOF~~false
10:17:19.603 ~~TEST_06.TEST_06~~74~~STMT~~IF %TRIM(WORDS(I)) : 1) = EOF~~false
10:17:19.603 ~~TEST_06.TEST_06~~77~~EXPR~~%CHAR(I)~~2
10:17:19.603 ~~TEST_06.TEST_06~~~~EXPR~~%CHAR(I) + " - "~~2 - 
10:17:19.603 ~~TEST_06.TEST_06~~77~~EXPR~~WORDS(I))~~ipsum
10:17:19.603 ~~TEST_06.TEST_06~~77~~EXPR~~%CHAR(I) + " - " + WORDS(I))~~2 - ipsum
10:17:19.603 ~~TEST_06.TEST_06~~~~DATA~~DSP = 1 - Lorem~~2 - ipsum
10:17:19.603 ~~TEST_06.TEST_06~~77~~STMT~~EVAL DSP = %CHAR(I) + " - " + WORDS(I))~~2 - ipsum
10:17:19.604 ~~TEST_06.TEST_06~~~~DATA~~I = 2~~3
10:17:19.604 ~~TEST_06.TEST_06~~73~~EXPR~~%ELEM(WORDS)~~128
10:17:19.604 ~~TEST_06.TEST_06~~74~~EXPR~~WORDS(I))~~dolor
10:17:19.604 ~~TEST_06.TEST_06~~74~~EXPR~~%TRIM(WORDS(I)) : 1)~~dolor
10:17:19.604 ~~TEST_06.TEST_06~~74~~EXPR~~%TRIM(WORDS(I)) : 1) = EOF~~false
10:17:19.604 ~~TEST_06.TEST_06~~74~~STMT~~IF %TRIM(WORDS(I)) : 1) = EOF~~false
10:17:19.604 ~~TEST_06.TEST_06~~77~~EXPR~~%CHAR(I)~~3
10:17:19.604 ~~TEST_06.TEST_06~~~~EXPR~~%CHAR(I) + " - "~~3 - 
10:17:19.604 ~~TEST_06.TEST_06~~77~~EXPR~~WORDS(I))~~dolor
10:17:19.604 ~~TEST_06.TEST_06~~77~~EXPR~~%CHAR(I) + " - " + WORDS(I))~~3 - dolor
10:17:19.604 ~~TEST_06.TEST_06~~~~DATA~~DSP = 2 - ipsum~~3 - dolor
10:17:19.605 ~~TEST_06.TEST_06~~77~~STMT~~EVAL DSP = %CHAR(I) + " - " + WORDS(I))~~3 - dolor
10:17:19.605 ~~TEST_06.TEST_06~~~~DATA~~I = 3~~4
10:17:19.605 ~~TEST_06.TEST_06~~73~~EXPR~~%ELEM(WORDS)~~128
10:17:19.605 ~~TEST_06.TEST_06~~74~~EXPR~~WORDS(I))~~sit
10:17:19.605 ~~TEST_06.TEST_06~~74~~EXPR~~%TRIM(WORDS(I)) : 1)~~sit
10:17:19.605 ~~TEST_06.TEST_06~~74~~EXPR~~%TRIM(WORDS(I)) : 1) = EOF~~false
10:17:19.605 ~~TEST_06.TEST_06~~74~~STMT~~IF %TRIM(WORDS(I)) : 1) = EOF~~false
10:17:19.605 ~~TEST_06.TEST_06~~77~~EXPR~~%CHAR(I)~~4
10:17:19.605 ~~TEST_06.TEST_06~~~~EXPR~~%CHAR(I) + " - "~~4 - 
10:17:19.605 ~~TEST_06.TEST_06~~77~~EXPR~~WORDS(I))~~sit
10:17:19.605 ~~TEST_06.TEST_06~~77~~EXPR~~%CHAR(I) + " - " + WORDS(I))~~4 - sit
10:17:19.605 ~~TEST_06.TEST_06~~~~DATA~~DSP = 3 - dolor~~4 - sit
10:17:19.605 ~~TEST_06.TEST_06~~77~~STMT~~EVAL DSP = %CHAR(I) + " - " + WORDS(I))~~4 - sit
10:17:19.606 ~~TEST_06.TEST_06~~~~DATA~~I = 4~~5
10:17:19.606 ~~TEST_06.TEST_06~~73~~EXPR~~%ELEM(WORDS)~~128
10:17:19.606 ~~TEST_06.TEST_06~~74~~EXPR~~WORDS(I))~~amet
10:17:19.606 ~~TEST_06.TEST_06~~74~~EXPR~~%TRIM(WORDS(I)) : 1)~~amet
10:17:19.606 ~~TEST_06.TEST_06~~74~~EXPR~~%TRIM(WORDS(I)) : 1) = EOF~~false
10:17:19.606 ~~TEST_06.TEST_06~~74~~STMT~~IF %TRIM(WORDS(I)) : 1) = EOF~~false
10:17:19.606 ~~TEST_06.TEST_06~~77~~EXPR~~%CHAR(I)~~5
10:17:19.606 ~~TEST_06.TEST_06~~~~EXPR~~%CHAR(I) + " - "~~5 - 
10:17:19.606 ~~TEST_06.TEST_06~~77~~EXPR~~WORDS(I))~~amet
10:17:19.606 ~~TEST_06.TEST_06~~77~~EXPR~~%CHAR(I) + " - " + WORDS(I))~~5 - amet
10:17:19.607 ~~TEST_06.TEST_06~~~~DATA~~DSP = 4 - sit~~5 - amet
10:17:19.607 ~~TEST_06.TEST_06~~77~~STMT~~EVAL DSP = %CHAR(I) + " - " + WORDS(I))~~5 - amet
10:17:19.607 ~~TEST_06.TEST_06~~~~DATA~~I = 5~~6
10:17:19.607 ~~TEST_06.TEST_06~~73~~EXPR~~%ELEM(WORDS)~~128
10:17:19.607 ~~TEST_06.TEST_06~~74~~EXPR~~WORDS(I))~~sed
10:17:19.607 ~~TEST_06.TEST_06~~74~~EXPR~~%TRIM(WORDS(I)) : 1)~~sed
10:17:19.607 ~~TEST_06.TEST_06~~74~~EXPR~~%TRIM(WORDS(I)) : 1) = EOF~~false
10:17:19.607 ~~TEST_06.TEST_06~~74~~STMT~~IF %TRIM(WORDS(I)) : 1) = EOF~~false
10:17:19.607 ~~TEST_06.TEST_06~~77~~EXPR~~%CHAR(I)~~6
10:17:19.607 ~~TEST_06.TEST_06~~~~EXPR~~%CHAR(I) + " - "~~6 - 
10:17:19.607 ~~TEST_06.TEST_06~~77~~EXPR~~WORDS(I))~~sed
10:17:19.607 ~~TEST_06.TEST_06~~77~~EXPR~~%CHAR(I) + " - " + WORDS(I))~~6 - sed
10:17:19.607 ~~TEST_06.TEST_06~~~~DATA~~DSP = 5 - amet~~6 - sed
10:17:19.607 ~~TEST_06.TEST_06~~77~~STMT~~EVAL DSP = %CHAR(I) + " - " + WORDS(I))~~6 - sed
10:17:19.608 ~~TEST_06.TEST_06~~~~DATA~~I = 6~~7
10:17:19.608 ~~TEST_06.TEST_06~~73~~EXPR~~%ELEM(WORDS)~~128
10:17:19.608 ~~TEST_06.TEST_06~~74~~EXPR~~WORDS(I))~~#
10:17:19.608 ~~TEST_06.TEST_06~~74~~EXPR~~%TRIM(WORDS(I)) : 1)~~#
10:17:19.608 ~~TEST_06.TEST_06~~74~~EXPR~~%TRIM(WORDS(I)) : 1) = EOF~~true
10:17:19.608 ~~TEST_06.TEST_06~~74~~STMT~~IF %TRIM(WORDS(I)) : 1) = EOF~~true
10:17:19.608 ~~TEST_06.TEST_06~~75~~STMT~~LEAVE
10:17:19.608 ~~TEST_06.TEST_06~~79~~LOOP~~ENDFOR I ~~6~~iterations
10:17:19.608 ~~TEST_06.TEST_06~~79~~STMT~~ENDFOR I 
10:17:19.608 ~~TEST_06.TEST_06~~79~~PERF~~ENDFOR I ~~11~~ms
10:17:19.608 ~~TEST_06.TEST_06~~80~~STMT~~SUBROUTINE END~~PRINT
10:17:19.608 ~~TEST_06.TEST_06~~80~~PERF~~SUBROUTINE END~~PRINT~~11~~ms
10:17:19.609 ~~TEST_06.TEST_06~~~~STMT~~PROGRAM END~~TEST_06.TEST_06
10:17:19.609 ~~TEST_06.TEST_06~~~~PERF~~END TEST_06.TEST_06~~206~~ms
